MemTotal:       12114512 kB
MemFree:         2559624 kB
MemAvailable:    8001268 kB
Buffers:            6340 kB
Cached:          4148528 kB
SwapCached:            0 kB
Active:          2705220 kB
Inactive:        3453256 kB
Active(anon):    2008008 kB
Inactive(anon):    14264 kB
Active(file):     697212 kB
Inactive(file):  3438992 kB
Unevictable:        4164 kB
Mlocked:            4164 kB
SwapTotal:       1048572 kB
SwapFree:        1048572 kB
Dirty:               140 kB
Writeback:             0 kB
AnonPages:       2007852 kB
Mapped:           882580 kB
Shmem:             15320 kB
Slab:             197044 kB
SReclaimable:      56116 kB
SUnreclaim:       140928 kB
KernelStack:       38048 kB
PageTables:        50552 kB
NFS_Unstable:          0 kB
Bounce:                0 kB
WritebackTmp:          0 kB
CommitLimit:     7105828 kB
Committed_AS:   54157512 kB
VmallocTotal:   263061440 kB
VmallocUsed:       62844 kB
VmallocChunk:          0 kB
Percpu:             2336 kB
CmaTotal:         294912 kB
CmaFree:               0 kB
MemTotal:       12114512 kB
MemFree:         2559420 kB
MemAvailable:    8001108 kB
Buffers:            6340 kB
Cached:          4148528 kB
SwapCached:            0 kB
Active:          2705324 kB
Inactive:        3453296 kB
Active(anon):    2008108 kB
Inactive(anon):    14264 kB
Active(file):     697216 kB
Inactive(file):  3439032 kB
Unevictable:        4164 kB
Mlocked:            4164 kB
SwapTotal:       1048572 kB
SwapFree:        1048572 kB
Dirty:               140 kB
Writeback:             0 kB
AnonPages:       2007928 kB
Mapped:           882652 kB
Shmem:             15320 kB
Slab:             196812 kB
SReclaimable:      56116 kB
SUnreclaim:       140696 kB
KernelStack:       38100 kB
PageTables:        50552 kB
NFS_Unstable:          0 kB
Bounce:                0 kB
WritebackTmp:          0 kB
CommitLimit:     7105828 kB
Committed_AS:   54153188 kB
VmallocTotal:   263061440 kB
VmallocUsed:       62892 kB
VmallocChunk:          0 kB
Percpu:             2336 kB
CmaTotal:         294912 kB
CmaFree:              72 kB
MemTotal:       12114512 kB
MemFree:         2558584 kB
MemAvailable:    8000272 kB
Buffers:            6340 kB
Cached:          4148528 kB
SwapCached:            0 kB
Active:          2705340 kB
Inactive:        3453296 kB
Active(anon):    2008124 kB
Inactive(anon):    14264 kB
Active(file):     697216 kB
Inactive(file):  3439032 kB
Unevictable:        4164 kB
Mlocked:            4164 kB
SwapTotal:       1048572 kB
SwapFree:        1048572 kB
Dirty:               140 kB
Writeback:             0 kB
AnonPages:       2007952 kB
Mapped:           882648 kB
Shmem:             15320 kB
Slab:             197100 kB
SReclaimable:      56116 kB
SUnreclaim:       140984 kB
KernelStack:       38116 kB
PageTables:        50552 kB
NFS_Unstable:          0 kB
Bounce:                0 kB
WritebackTmp:          0 kB
CommitLimit:     7105828 kB
Committed_AS:   54153432 kB
VmallocTotal:   263061440 kB
VmallocUsed:       62908 kB
VmallocChunk:          0 kB
Percpu:             2336 kB
CmaTotal:         294912 kB
CmaFree:               0 kB
MemTotal:       12114512 kB
MemFree:         2557688 kB
MemAvailable:    7999376 kB
Buffers:            6340 kB
Cached:          4148528 kB
SwapCached:            0 kB
Active:          2705484 kB
Inactive:        3453296 kB
Active(anon):    2008268 kB
Inactive(anon):    14264 kB
Active(file):     697216 kB
Inactive(file):  3439032 kB
Unevictable:        4164 kB
Mlocked:            4164 kB
SwapTotal:       1048572 kB
SwapFree:        1048572 kB
Dirty:                76 kB
Writeback:             0 kB
AnonPages:       2007848 kB
Mapped:           882460 kB
Shmem:             15320 kB
Slab:             196772 kB
SReclaimable:      56116 kB
SUnreclaim:       140656 kB
KernelStack:       38096 kB
PageTables:        50664 kB
NFS_Unstable:          0 kB
Bounce:                0 kB
WritebackTmp:          0 kB
CommitLimit:     7105828 kB
Committed_AS:   54153256 kB
VmallocTotal:   263061440 kB
VmallocUsed:       62924 kB
VmallocChunk:          0 kB
Percpu:             2336 kB
CmaTotal:         294912 kB
CmaFree:               0 kB
MemTotal:       12114512 kB
MemFree:         2557496 kB
MemAvailable:    7999184 kB
Buffers:            6340 kB
Cached:          4148528 kB
SwapCached:            0 kB
Active:          2705356 kB
Inactive:        3453296 kB
Active(anon):    2008140 kB
Inactive(anon):    14264 kB
Active(file):     697216 kB
Inactive(file):  3439032 kB
Unevictable:        4164 kB
Mlocked:            4164 kB
SwapTotal:       1048572 kB
SwapFree:        1048572 kB
Dirty:                76 kB
Writeback:             0 kB
AnonPages:       2007980 kB
Mapped:           882424 kB
Shmem:             15320 kB
Slab:             196820 kB
SReclaimable:      56116 kB
SUnreclaim:       140704 kB
KernelStack:       38096 kB
PageTables:        50608 kB
NFS_Unstable:          0 kB
Bounce:                0 kB
WritebackTmp:          0 kB
CommitLimit:     7105828 kB
Committed_AS:   54153080 kB
VmallocTotal:   263061440 kB
VmallocUsed:       62940 kB
VmallocChunk:          0 kB
Percpu:             2336 kB
CmaTotal:         294912 kB
CmaFree:               0 kB
MemTotal:       12114512 kB
MemFree:         2557132 kB
MemAvailable:    7998820 kB
Buffers:            6340 kB
Cached:          4148528 kB
SwapCached:            0 kB
Active:          2705436 kB
Inactive:        3453296 kB
Active(anon):    2008220 kB
Inactive(anon):    14264 kB
Active(file):     697216 kB
Inactive(file):  3439032 kB
Unevictable:        4164 kB
Mlocked:            4164 kB
SwapTotal:       1048572 kB
SwapFree:        1048572 kB
Dirty:                76 kB
Writeback:             0 kB
AnonPages:       2008096 kB
Mapped:           882424 kB
Shmem:             15320 kB
Slab:             196852 kB
SReclaimable:      56116 kB
SUnreclaim:       140736 kB
KernelStack:       38096 kB
PageTables:        50724 kB
NFS_Unstable:          0 kB
Bounce:                0 kB
WritebackTmp:          0 kB
CommitLimit:     7105828 kB
Committed_AS:   54152904 kB
VmallocTotal:   263061440 kB
VmallocUsed:       62940 kB
VmallocChunk:          0 kB
Percpu:             2336 kB
CmaTotal:         294912 kB
CmaFree:               0 kB
MemTotal:       12114512 kB
MemFree:         2556856 kB
MemAvailable:    7998544 kB
Buffers:            6340 kB
Cached:          4148528 kB
SwapCached:            0 kB
Active:          2705496 kB
Inactive:        3453296 kB
Active(anon):    2008280 kB
Inactive(anon):    14264 kB
Active(file):     697216 kB
Inactive(file):  3439032 kB
Unevictable:        4164 kB
Mlocked:            4164 kB
SwapTotal:       1048572 kB
SwapFree:        1048572 kB
Dirty:                76 kB
Writeback:             0 kB
AnonPages:       2008088 kB
Mapped:           882420 kB
Shmem:             15320 kB
Slab:             196828 kB
SReclaimable:      56116 kB
SUnreclaim:       140712 kB
KernelStack:       38112 kB
PageTables:        50608 kB
NFS_Unstable:          0 kB
Bounce:                0 kB
WritebackTmp:          0 kB
CommitLimit:     7105828 kB
Committed_AS:   54152212 kB
VmallocTotal:   263061440 kB
VmallocUsed:       62940 kB
VmallocChunk:          0 kB
Percpu:             2336 kB
CmaTotal:         294912 kB
CmaFree:             180 kB
MemTotal:       12114512 kB
MemFree:         2555016 kB
MemAvailable:    7910228 kB
Buffers:            6340 kB
Cached:          4148512 kB
SwapCached:            0 kB
Active:          2710844 kB
Inactive:        3453280 kB
Active(anon):    2013628 kB
Inactive(anon):    14248 kB
Active(file):     697216 kB
Inactive(file):  3439032 kB
Unevictable:        4164 kB
Mlocked:            4164 kB
SwapTotal:       1048572 kB
SwapFree:        1048572 kB
Dirty:               116 kB
Writeback:             0 kB
AnonPages:       2013468 kB
Mapped:           882436 kB
Shmem:             15304 kB
Slab:             196820 kB
SReclaimable:      56116 kB
SUnreclaim:       140704 kB
KernelStack:       39152 kB
PageTables:        50812 kB
NFS_Unstable:          0 kB
Bounce:                0 kB
WritebackTmp:          0 kB
CommitLimit:     7105828 kB
Committed_AS:   54155412 kB
VmallocTotal:   263061440 kB
VmallocUsed:       63872 kB
VmallocChunk:          0 kB
Percpu:             2336 kB
CmaTotal:         294912 kB
CmaFree:               0 kB
MemTotal:       12114512 kB
MemFree:         2442008 kB
MemAvailable:    7601192 kB
Buffers:            6340 kB
Cached:          4148612 kB
SwapCached:            0 kB
Active:          2807884 kB
Inactive:        3453360 kB
Active(anon):    2110664 kB
Inactive(anon):    14312 kB
Active(file):     697220 kB
Inactive(file):  3439048 kB
Unevictable:        4164 kB
Mlocked:            4164 kB
SwapTotal:       1048572 kB
SwapFree:        1048572 kB
Dirty:               204 kB
Writeback:           120 kB
AnonPages:       2109992 kB
Mapped:           883344 kB
Shmem:             15384 kB
Slab:             196876 kB
SReclaimable:      56116 kB
SUnreclaim:       140760 kB
KernelStack:       39996 kB
PageTables:        51132 kB
NFS_Unstable:          0 kB
Bounce:                0 kB
WritebackTmp:          0 kB
CommitLimit:     7105828 kB
Committed_AS:   54174124 kB
VmallocTotal:   263061440 kB
VmallocUsed:       64984 kB
VmallocChunk:          0 kB
Percpu:             2336 kB
CmaTotal:         294912 kB
CmaFree:              80 kB
MemTotal:       12114512 kB
MemFree:         2481660 kB
MemAvailable:    7598304 kB
Buffers:            6340 kB
Cached:          4148500 kB
SwapCached:            0 kB
Active:          2768216 kB
Inactive:        3453256 kB
Active(anon):    2071004 kB
Inactive(anon):    14224 kB
Active(file):     697212 kB
Inactive(file):  3439032 kB
Unevictable:        4164 kB
Mlocked:            4164 kB
SwapTotal:       1048572 kB
SwapFree:        1048572 kB
Dirty:               228 kB
Writeback:             0 kB
AnonPages:       2070832 kB
Mapped:           885724 kB
Shmem:             15296 kB
Slab:             196956 kB
SReclaimable:      56116 kB
SUnreclaim:       140840 kB
KernelStack:       40064 kB
PageTables:        51532 kB
NFS_Unstable:          0 kB
Bounce:                0 kB
WritebackTmp:          0 kB
CommitLimit:     7105828 kB
Committed_AS:   54179296 kB
VmallocTotal:   263061440 kB
VmallocUsed:       65064 kB
VmallocChunk:          0 kB
Percpu:             2336 kB
CmaTotal:         294912 kB
CmaFree:               0 kB
MemTotal:       12114512 kB
MemFree:         2501988 kB
MemAvailable:    7620768 kB
Buffers:            6340 kB
Cached:          4148516 kB
SwapCached:            0 kB
Active:          2744520 kB
Inactive:        3453272 kB
Active(anon):    2047308 kB
Inactive(anon):    14240 kB
Active(file):     697212 kB
Inactive(file):  3439032 kB
Unevictable:        4164 kB
Mlocked:            4164 kB
SwapTotal:       1048572 kB
SwapFree:        1048572 kB
Dirty:               264 kB
Writeback:             0 kB
AnonPages:       2047020 kB
Mapped:           885636 kB
Shmem:             15312 kB
Slab:             196964 kB
SReclaimable:      56116 kB
SUnreclaim:       140848 kB
KernelStack:       40192 kB
PageTables:        51432 kB
NFS_Unstable:          0 kB
Bounce:                0 kB
WritebackTmp:          0 kB
CommitLimit:     7105828 kB
Committed_AS:   54178916 kB
VmallocTotal:   263061440 kB
VmallocUsed:       65144 kB
VmallocChunk:          0 kB
Percpu:             2336 kB
CmaTotal:         294912 kB
CmaFree:             112 kB
MemTotal:       12114512 kB
MemFree:         2486708 kB
MemAvailable:    7604340 kB
Buffers:            6340 kB
Cached:          4148512 kB
SwapCached:            0 kB
Active:          2760264 kB
Inactive:        3453264 kB
Active(anon):    2063048 kB
Inactive(anon):    14232 kB
Active(file):     697216 kB
Inactive(file):  3439032 kB
Unevictable:        4164 kB
Mlocked:            4164 kB
SwapTotal:       1048572 kB
SwapFree:        1048572 kB
Dirty:               280 kB
Writeback:             0 kB
AnonPages:       2062580 kB
Mapped:           886260 kB
Shmem:             15304 kB
Slab:             196988 kB
SReclaimable:      56116 kB
SUnreclaim:       140872 kB
KernelStack:       40240 kB
PageTables:        51704 kB
NFS_Unstable:          0 kB
Bounce:                0 kB
WritebackTmp:          0 kB
CommitLimit:     7105828 kB
Committed_AS:   54203744 kB
VmallocTotal:   263061440 kB
VmallocUsed:       65176 kB
VmallocChunk:          0 kB
Percpu:             2336 kB
CmaTotal:         294912 kB
CmaFree:               0 kB
MemTotal:       12114512 kB
MemFree:         2489396 kB
MemAvailable:    7607032 kB
Buffers:            6340 kB
Cached:          4148524 kB
SwapCached:            0 kB
Active:          2757900 kB
Inactive:        3453276 kB
Active(anon):    2060684 kB
Inactive(anon):    14240 kB
Active(file):     697216 kB
Inactive(file):  3439036 kB
Unevictable:        4164 kB
Mlocked:            4164 kB
SwapTotal:       1048572 kB
SwapFree:        1048572 kB
Dirty:               108 kB
Writeback:             0 kB
AnonPages:       2060076 kB
Mapped:           886088 kB
Shmem:             15312 kB
Slab:             196992 kB
SReclaimable:      56116 kB
SUnreclaim:       140876 kB
KernelStack:       40276 kB
PageTables:        51344 kB
NFS_Unstable:          0 kB
Bounce:                0 kB
WritebackTmp:          0 kB
CommitLimit:     7105828 kB
Committed_AS:   54198524 kB
VmallocTotal:   263061440 kB
VmallocUsed:       65256 kB
VmallocChunk:          0 kB
Percpu:             2336 kB
CmaTotal:         294912 kB
CmaFree:               0 kB
MemTotal:       12114512 kB
MemFree:         2487692 kB
MemAvailable:    7605328 kB
Buffers:            6340 kB
Cached:          4148524 kB
SwapCached:            0 kB
Active:          2760640 kB
Inactive:        3453276 kB
Active(anon):    2063424 kB
Inactive(anon):    14240 kB
Active(file):     697216 kB
Inactive(file):  3439036 kB
Unevictable:        4164 kB
Mlocked:            4164 kB
SwapTotal:       1048572 kB
SwapFree:        1048572 kB
Dirty:               128 kB
Writeback:             0 kB
AnonPages:       2062948 kB
Mapped:           885952 kB
Shmem:             15312 kB
Slab:             196992 kB
SReclaimable:      56116 kB
SUnreclaim:       140876 kB
KernelStack:       40224 kB
PageTables:        51516 kB
NFS_Unstable:          0 kB
Bounce:                0 kB
WritebackTmp:          0 kB
CommitLimit:     7105828 kB
Committed_AS:   54196704 kB
VmallocTotal:   263061440 kB
VmallocUsed:       65224 kB
VmallocChunk:          0 kB
Percpu:             2336 kB
CmaTotal:         294912 kB
CmaFree:               0 kB
MemTotal:       12114512 kB
MemFree:         2476168 kB
MemAvailable:    7593804 kB
Buffers:            6340 kB
Cached:          4153008 kB
SwapCached:            0 kB
Active:          2766320 kB
Inactive:        3457760 kB
Active(anon):    2069104 kB
Inactive(anon):    18724 kB
Active(file):     697216 kB
Inactive(file):  3439036 kB
Unevictable:        4164 kB
Mlocked:            4164 kB
SwapTotal:       1048572 kB
SwapFree:        1048572 kB
Dirty:               128 kB
Writeback:             0 kB
AnonPages:       2068748 kB
Mapped:           890704 kB
Shmem:             19796 kB
Slab:             196992 kB
SReclaimable:      56116 kB
SUnreclaim:       140876 kB
KernelStack:       40324 kB
PageTables:        51864 kB
NFS_Unstable:          0 kB
Bounce:                0 kB
WritebackTmp:          0 kB
CommitLimit:     7105828 kB
Committed_AS:   54200528 kB
VmallocTotal:   263061440 kB
VmallocUsed:       65288 kB
VmallocChunk:          0 kB
Percpu:             2336 kB
CmaTotal:         294912 kB
CmaFree:              12 kB
MemTotal:       12114512 kB
MemFree:         2478036 kB
MemAvailable:    7596184 kB
Buffers:            6340 kB
Cached:          4148524 kB
SwapCached:            0 kB
Active:          2766836 kB
Inactive:        3453276 kB
Active(anon):    2069620 kB
Inactive(anon):    14240 kB
Active(file):     697216 kB
Inactive(file):  3439036 kB
Unevictable:        4164 kB
Mlocked:            4164 kB
SwapTotal:       1048572 kB
SwapFree:        1048572 kB
Dirty:               132 kB
Writeback:             0 kB
AnonPages:       2069436 kB
Mapped:           885644 kB
Shmem:             15312 kB
Slab:             196992 kB
SReclaimable:      56116 kB
SUnreclaim:       140876 kB
KernelStack:       40356 kB
PageTables:        51448 kB
NFS_Unstable:          0 kB
Bounce:                0 kB
WritebackTmp:          0 kB
CommitLimit:     7105828 kB
Committed_AS:   54191472 kB
VmallocTotal:   263061440 kB
VmallocUsed:       65352 kB
VmallocChunk:          0 kB
Percpu:             2336 kB
CmaTotal:         294912 kB
CmaFree:               0 kB
MemTotal:       12114512 kB
MemFree:         2491208 kB
MemAvailable:    7670684 kB
Buffers:            6340 kB
Cached:          4148524 kB
SwapCached:            0 kB
Active:          2754352 kB
Inactive:        3453276 kB
Active(anon):    2057136 kB
Inactive(anon):    14240 kB
Active(file):     697216 kB
Inactive(file):  3439036 kB
Unevictable:        4164 kB
Mlocked:            4164 kB
SwapTotal:       1048572 kB
SwapFree:        1048572 kB
Dirty:               148 kB
Writeback:             0 kB
AnonPages:       2057052 kB
Mapped:           885524 kB
Shmem:             15312 kB
Slab:             196896 kB
SReclaimable:      56116 kB
SUnreclaim:       140780 kB
KernelStack:       40208 kB
PageTables:        51412 kB
NFS_Unstable:          0 kB
Bounce:                0 kB
WritebackTmp:          0 kB
CommitLimit:     7105828 kB
Committed_AS:   54191216 kB
VmallocTotal:   263061440 kB
VmallocUsed:       65080 kB
VmallocChunk:          0 kB
Percpu:             2336 kB
CmaTotal:         294912 kB
CmaFree:              44 kB
MemTotal:       12114512 kB
MemFree:         2485220 kB
MemAvailable:    7678304 kB
Buffers:            6340 kB
Cached:          4148348 kB
SwapCached:            0 kB
Active:          2761412 kB
Inactive:        3453100 kB
Active(anon):    2064196 kB
Inactive(anon):    14048 kB
Active(file):     697216 kB
Inactive(file):  3439052 kB
Unevictable:        4164 kB
Mlocked:            4164 kB
SwapTotal:       1048572 kB
SwapFree:        1048572 kB
Dirty:               180 kB
Writeback:             0 kB
AnonPages:       2064084 kB
Mapped:           884804 kB
Shmem:             15120 kB
Slab:             196884 kB
SReclaimable:      56116 kB
SUnreclaim:       140768 kB
KernelStack:       40016 kB
PageTables:        51344 kB
NFS_Unstable:          0 kB
Bounce:                0 kB
WritebackTmp:          0 kB
CommitLimit:     7105828 kB
Committed_AS:   54180236 kB
VmallocTotal:   263061440 kB
VmallocUsed:       64856 kB
VmallocChunk:          0 kB
Percpu:             2336 kB
CmaTotal:         294912 kB
CmaFree:               0 kB
MemTotal:       12114512 kB
MemFree:         2486420 kB
MemAvailable:    7679508 kB
Buffers:            6340 kB
Cached:          4148352 kB
SwapCached:            0 kB
Active:          2761396 kB
Inactive:        3453104 kB
Active(anon):    2064180 kB
Inactive(anon):    14048 kB
Active(file):     697216 kB
Inactive(file):  3439056 kB
Unevictable:        4164 kB
Mlocked:            4164 kB
SwapTotal:       1048572 kB
SwapFree:        1048572 kB
Dirty:               216 kB
Writeback:             0 kB
AnonPages:       2064060 kB
Mapped:           884804 kB
Shmem:             15120 kB
Slab:             196884 kB
SReclaimable:      56116 kB
SUnreclaim:       140768 kB
KernelStack:       40032 kB
PageTables:        51344 kB
NFS_Unstable:          0 kB
Bounce:                0 kB
WritebackTmp:          0 kB
CommitLimit:     7105828 kB
Committed_AS:   54178884 kB
VmallocTotal:   263061440 kB
VmallocUsed:       64856 kB
VmallocChunk:          0 kB
Percpu:             2336 kB
CmaTotal:         294912 kB
CmaFree:               0 kB
MemTotal:       12114512 kB
MemFree:         2479040 kB
MemAvailable:    7668760 kB
Buffers:            6340 kB
Cached:          4148548 kB
SwapCached:            0 kB
Active:          2770612 kB
Inactive:        3453268 kB
Active(anon):    2073388 kB
Inactive(anon):    14212 kB
Active(file):     697224 kB
Inactive(file):  3439056 kB
Unevictable:        4164 kB
Mlocked:            4164 kB
SwapTotal:       1048572 kB
SwapFree:        1048572 kB
Dirty:               208 kB
Writeback:             0 kB
AnonPages:       2073056 kB
Mapped:           885328 kB
Shmem:             15308 kB
Slab:             196884 kB
SReclaimable:      56116 kB
SUnreclaim:       140768 kB
KernelStack:       40372 kB
PageTables:        51320 kB
NFS_Unstable:          0 kB
Bounce:                0 kB
WritebackTmp:          0 kB
CommitLimit:     7105828 kB
Committed_AS:   54185680 kB
VmallocTotal:   263061440 kB
VmallocUsed:       65112 kB
VmallocChunk:          0 kB
Percpu:             2336 kB
CmaTotal:         294912 kB
CmaFree:               0 kB
MemTotal:       12114512 kB
MemFree:         2486336 kB
MemAvailable:    7660360 kB
Buffers:            6340 kB
Cached:          4148504 kB
SwapCached:            0 kB
Active:          2761888 kB
Inactive:        3453188 kB
Active(anon):    2064668 kB
Inactive(anon):    14136 kB
Active(file):     697220 kB
Inactive(file):  3439052 kB
Unevictable:        4164 kB
Mlocked:            4164 kB
SwapTotal:       1048572 kB
SwapFree:        1048572 kB
Dirty:               220 kB
Writeback:             0 kB
AnonPages:       2064292 kB
Mapped:           885548 kB
Shmem:             15272 kB
Slab:             196888 kB
SReclaimable:      56116 kB
SUnreclaim:       140772 kB
KernelStack:       40364 kB
PageTables:        51416 kB
NFS_Unstable:          0 kB
Bounce:                0 kB
WritebackTmp:          0 kB
CommitLimit:     7105828 kB
Committed_AS:   54186276 kB
VmallocTotal:   263061440 kB
VmallocUsed:       65112 kB
VmallocChunk:          0 kB
Percpu:             2336 kB
CmaTotal:         294912 kB
CmaFree:             140 kB
MemTotal:       12114512 kB
MemFree:         2474276 kB
MemAvailable:    7664116 kB
Buffers:            6340 kB
Cached:          4148340 kB
SwapCached:            0 kB
Active:          2776360 kB
Inactive:        3453008 kB
Active(anon):    2079120 kB
Inactive(anon):    13936 kB
Active(file):     697240 kB
Inactive(file):  3439072 kB
Unevictable:        4164 kB
Mlocked:            4164 kB
SwapTotal:       1048572 kB
SwapFree:        1048572 kB
Dirty:               140 kB
Writeback:             0 kB
AnonPages:       2079124 kB
Mapped:           884468 kB
Shmem:             15068 kB
Slab:             196844 kB
SReclaimable:      56116 kB
SUnreclaim:       140728 kB
KernelStack:       40320 kB
PageTables:        51388 kB
NFS_Unstable:          0 kB
Bounce:                0 kB
WritebackTmp:          0 kB
CommitLimit:     7105828 kB
Committed_AS:   54187596 kB
VmallocTotal:   263061440 kB
VmallocUsed:       65112 kB
VmallocChunk:          0 kB
Percpu:             2336 kB
CmaTotal:         294912 kB
CmaFree:               0 kB
MemTotal:       12114512 kB
MemFree:         2907788 kB
MemAvailable:    8054336 kB
Buffers:            6340 kB
Cached:          4150104 kB
SwapCached:            0 kB
Active:          2339488 kB
Inactive:        3453596 kB
Active(anon):    1641032 kB
Inactive(anon):    14160 kB
Active(file):     698456 kB
Inactive(file):  3439436 kB
Unevictable:        4164 kB
Mlocked:            4164 kB
SwapTotal:       1048572 kB
SwapFree:        1048572 kB
Dirty:              3368 kB
Writeback:             0 kB
AnonPages:       1628084 kB
Mapped:           879396 kB
Shmem:             15252 kB
Slab:             196836 kB
SReclaimable:      56116 kB
SUnreclaim:       140720 kB
KernelStack:       39076 kB
PageTables:        51432 kB
NFS_Unstable:          0 kB
Bounce:                0 kB
WritebackTmp:          0 kB
CommitLimit:     7105828 kB
Committed_AS:   54201676 kB
VmallocTotal:   263061440 kB
VmallocUsed:       63848 kB
VmallocChunk:          0 kB
Percpu:             2336 kB
CmaTotal:         294912 kB
CmaFree:             196 kB
MemTotal:       12114512 kB
MemFree:         3370428 kB
MemAvailable:    8845716 kB
Buffers:            6340 kB
Cached:          4149632 kB
SwapCached:            0 kB
Active:          1888532 kB
Inactive:        3450904 kB
Active(anon):    1187892 kB
Inactive(anon):    13660 kB
Active(file):     700640 kB
Inactive(file):  3437244 kB
Unevictable:        4164 kB
Mlocked:            4164 kB
SwapTotal:       1048572 kB
SwapFree:        1048572 kB
Dirty:              3380 kB
Writeback:           200 kB
AnonPages:       1187532 kB
Mapped:           797516 kB
Shmem:             14788 kB
Slab:             196368 kB
SReclaimable:      56116 kB
SUnreclaim:       140252 kB
KernelStack:       38880 kB
PageTables:        47068 kB
NFS_Unstable:          0 kB
Bounce:                0 kB
WritebackTmp:          0 kB
CommitLimit:     7105828 kB
Committed_AS:   51500452 kB
VmallocTotal:   263061440 kB
VmallocUsed:       63684 kB
VmallocChunk:          0 kB
Percpu:             2336 kB
CmaTotal:         294912 kB
CmaFree:              84 kB
MemTotal:       12114512 kB
MemFree:         3370244 kB
MemAvailable:    8845512 kB
Buffers:            6340 kB
Cached:          4149604 kB
SwapCached:            0 kB
Active:          1888480 kB
Inactive:        3450876 kB
Active(anon):    1187844 kB
Inactive(anon):    13648 kB
Active(file):     700636 kB
Inactive(file):  3437228 kB
Unevictable:        4164 kB
Mlocked:            4164 kB
SwapTotal:       1048572 kB
SwapFree:        1048572 kB
Dirty:              3396 kB
Writeback:             0 kB
AnonPages:       1187656 kB
Mapped:           797508 kB
Shmem:             14780 kB
Slab:             196360 kB
SReclaimable:      56116 kB
SUnreclaim:       140244 kB
KernelStack:       38880 kB
PageTables:        47184 kB
NFS_Unstable:          0 kB
Bounce:                0 kB
WritebackTmp:          0 kB
CommitLimit:     7105828 kB
Committed_AS:   51499288 kB
VmallocTotal:   263061440 kB
VmallocUsed:       63700 kB
VmallocChunk:          0 kB
Percpu:             2336 kB
CmaTotal:         294912 kB
CmaFree:              88 kB
MemTotal:       12114512 kB
MemFree:         3368920 kB
MemAvailable:    8844188 kB
Buffers:            6340 kB
Cached:          4149632 kB
SwapCached:            0 kB
Active:          1888508 kB
Inactive:        3450904 kB
Active(anon):    1187872 kB
Inactive(anon):    13676 kB
Active(file):     700636 kB
Inactive(file):  3437228 kB
Unevictable:        4164 kB
Mlocked:            4164 kB
SwapTotal:       1048572 kB
SwapFree:        1048572 kB
Dirty:              3400 kB
Writeback:             0 kB
AnonPages:       1187372 kB
Mapped:           797536 kB
Shmem:             14808 kB
Slab:             196360 kB
SReclaimable:      56116 kB
SUnreclaim:       140244 kB
KernelStack:       38816 kB
PageTables:        46836 kB
NFS_Unstable:          0 kB
Bounce:                0 kB
WritebackTmp:          0 kB
CommitLimit:     7105828 kB
Committed_AS:   51502068 kB
VmallocTotal:   263061440 kB
VmallocUsed:       63700 kB
VmallocChunk:          0 kB
Percpu:             2336 kB
CmaTotal:         294912 kB
CmaFree:               0 kB
MemTotal:       12114512 kB
MemFree:         3368908 kB
MemAvailable:    8844180 kB
Buffers:            6340 kB
Cached:          4149664 kB
SwapCached:            0 kB
Active:          1888656 kB
Inactive:        3450936 kB
Active(anon):    1188020 kB
Inactive(anon):    13704 kB
Active(file):     700636 kB
Inactive(file):  3437232 kB
Unevictable:        4164 kB
Mlocked:            4164 kB
SwapTotal:       1048572 kB
SwapFree:        1048572 kB
Dirty:                88 kB
Writeback:             0 kB
AnonPages:       1187476 kB
Mapped:           797900 kB
Shmem:             14836 kB
Slab:             196360 kB
SReclaimable:      56116 kB
SUnreclaim:       140244 kB
KernelStack:       38916 kB
PageTables:        47152 kB
NFS_Unstable:          0 kB
Bounce:                0 kB
WritebackTmp:          0 kB
CommitLimit:     7105828 kB
Committed_AS:   51502768 kB
VmallocTotal:   263061440 kB
VmallocUsed:       63748 kB
VmallocChunk:          0 kB
Percpu:             2336 kB
CmaTotal:         294912 kB
CmaFree:               0 kB
MemTotal:       12114512 kB
MemFree:         3369040 kB
MemAvailable:    8844312 kB
Buffers:            6340 kB
Cached:          4149680 kB
SwapCached:            0 kB
Active:          1889544 kB
Inactive:        3450952 kB
Active(anon):    1188908 kB
Inactive(anon):    13720 kB
Active(file):     700636 kB
Inactive(file):  3437232 kB
Unevictable:        4164 kB
Mlocked:            4164 kB
SwapTotal:       1048572 kB
SwapFree:        1048572 kB
Dirty:                88 kB
Writeback:             0 kB
AnonPages:       1188744 kB
Mapped:           797732 kB
Shmem:             14852 kB
Slab:             196360 kB
SReclaimable:      56116 kB
SUnreclaim:       140244 kB
KernelStack:       38848 kB
PageTables:        46920 kB
NFS_Unstable:          0 kB
Bounce:                0 kB
WritebackTmp:          0 kB
CommitLimit:     7105828 kB
Committed_AS:   51505880 kB
VmallocTotal:   263061440 kB
VmallocUsed:       63748 kB
VmallocChunk:          0 kB
Percpu:             2336 kB
CmaTotal:         294912 kB
CmaFree:               0 kB
MemTotal:       12114512 kB
MemFree:         3370780 kB
MemAvailable:    8849360 kB
Buffers:            6340 kB
Cached:          4149656 kB
SwapCached:            0 kB
Active:          1887612 kB
Inactive:        3450920 kB
Active(anon):    1186976 kB
Inactive(anon):    13688 kB
Active(file):     700636 kB
Inactive(file):  3437232 kB
Unevictable:        4164 kB
Mlocked:            4164 kB
SwapTotal:       1048572 kB
SwapFree:        1048572 kB
Dirty:               100 kB
Writeback:             0 kB
AnonPages:       1186572 kB
Mapped:           797120 kB
Shmem:             14828 kB
Slab:             196360 kB
SReclaimable:      56116 kB
SUnreclaim:       140244 kB
KernelStack:       38912 kB
PageTables:        46948 kB
NFS_Unstable:          0 kB
Bounce:                0 kB
WritebackTmp:          0 kB
CommitLimit:     7105828 kB
Committed_AS:   51505572 kB
VmallocTotal:   263061440 kB
VmallocUsed:       63716 kB
VmallocChunk:          0 kB
Percpu:             2336 kB
CmaTotal:         294912 kB
CmaFree:              52 kB
MemTotal:       12114512 kB
MemFree:         3373620 kB
MemAvailable:    8852200 kB
Buffers:            6340 kB
Cached:          4149616 kB
SwapCached:            0 kB
Active:          1884612 kB
Inactive:        3450892 kB
Active(anon):    1183976 kB
Inactive(anon):    13660 kB
Active(file):     700636 kB
Inactive(file):  3437232 kB
Unevictable:        4164 kB
Mlocked:            4164 kB
SwapTotal:       1048572 kB
SwapFree:        1048572 kB
Dirty:               120 kB
Writeback:             0 kB
AnonPages:       1183644 kB
Mapped:           797100 kB
Shmem:             14788 kB
Slab:             196360 kB
SReclaimable:      56116 kB
SUnreclaim:       140244 kB
KernelStack:       38880 kB
PageTables:        46944 kB
NFS_Unstable:          0 kB
Bounce:                0 kB
WritebackTmp:          0 kB
CommitLimit:     7105828 kB
Committed_AS:   51505264 kB
VmallocTotal:   263061440 kB
VmallocUsed:       63716 kB
VmallocChunk:          0 kB
Percpu:             2336 kB
CmaTotal:         294912 kB
CmaFree:             104 kB
MemTotal:       12114512 kB
MemFree:         3373080 kB
MemAvailable:    8851660 kB
Buffers:            6340 kB
Cached:          4149636 kB
SwapCached:            0 kB
Active:          1884620 kB
Inactive:        3450912 kB
Active(anon):    1183984 kB
Inactive(anon):    13680 kB
Active(file):     700636 kB
Inactive(file):  3437232 kB
Unevictable:        4164 kB
Mlocked:            4164 kB
SwapTotal:       1048572 kB
SwapFree:        1048572 kB
Dirty:               248 kB
Writeback:             0 kB
AnonPages:       1183656 kB
Mapped:           797100 kB
Shmem:             14808 kB
Slab:             196360 kB
SReclaimable:      56116 kB
SUnreclaim:       140244 kB
KernelStack:       38864 kB
PageTables:        46940 kB
NFS_Unstable:          0 kB
Bounce:                0 kB
WritebackTmp:          0 kB
CommitLimit:     7105828 kB
Committed_AS:   51504912 kB
VmallocTotal:   263061440 kB
VmallocUsed:       63700 kB
VmallocChunk:          0 kB
Percpu:             2336 kB
CmaTotal:         294912 kB
CmaFree:               0 kB
MemTotal:       12114512 kB
MemFree:         3373248 kB
MemAvailable:    8851852 kB
Buffers:            6340 kB
Cached:          4149348 kB
SwapCached:            0 kB
Active:          1885504 kB
Inactive:        3450624 kB
Active(anon):    1184864 kB
Inactive(anon):    13372 kB
Active(file):     700640 kB
Inactive(file):  3437252 kB
Unevictable:        4164 kB
Mlocked:            4164 kB
SwapTotal:       1048572 kB
SwapFree:        1048572 kB
Dirty:               276 kB
Writeback:            20 kB
AnonPages:       1184380 kB
Mapped:           796788 kB
Shmem:             14496 kB
Slab:             196360 kB
SReclaimable:      56116 kB
SUnreclaim:       140244 kB
KernelStack:       38880 kB
PageTables:        46940 kB
NFS_Unstable:          0 kB
Bounce:                0 kB
WritebackTmp:          0 kB
CommitLimit:     7105828 kB
Committed_AS:   51502872 kB
VmallocTotal:   263061440 kB
VmallocUsed:       63716 kB
VmallocChunk:          0 kB
Percpu:             2336 kB
CmaTotal:         294912 kB
CmaFree:              68 kB
MemTotal:       12114512 kB
MemFree:         3372632 kB
MemAvailable:    8851212 kB
Buffers:            6340 kB
Cached:          4149688 kB
SwapCached:            0 kB
Active:          1885620 kB
Inactive:        3450964 kB
Active(anon):    1184984 kB
Inactive(anon):    13732 kB
Active(file):     700636 kB
Inactive(file):  3437232 kB
Unevictable:        4164 kB
Mlocked:            4164 kB
SwapTotal:       1048572 kB
SwapFree:        1048572 kB
Dirty:                96 kB
Writeback:             0 kB
AnonPages:       1184736 kB
Mapped:           797376 kB
Shmem:             14860 kB
Slab:             196392 kB
SReclaimable:      56116 kB
SUnreclaim:       140276 kB
KernelStack:       38880 kB
PageTables:        46904 kB
NFS_Unstable:          0 kB
Bounce:                0 kB
WritebackTmp:          0 kB
CommitLimit:     7105828 kB
Committed_AS:   51502652 kB
VmallocTotal:   263061440 kB
VmallocUsed:       63732 kB
VmallocChunk:          0 kB
Percpu:             2336 kB
CmaTotal:         294912 kB
CmaFree:               0 kB
MemTotal:       12114512 kB
MemFree:         3373296 kB
MemAvailable:    8851876 kB
Buffers:            6340 kB
Cached:          4149696 kB
SwapCached:            0 kB
Active:          1886100 kB
Inactive:        3450972 kB
Active(anon):    1185464 kB
Inactive(anon):    13740 kB
Active(file):     700636 kB
Inactive(file):  3437232 kB
Unevictable:        4164 kB
Mlocked:            4164 kB
SwapTotal:       1048572 kB
SwapFree:        1048572 kB
Dirty:               128 kB
Writeback:             0 kB
AnonPages:       1185152 kB
Mapped:           797384 kB
Shmem:             14868 kB
Slab:             196392 kB
SReclaimable:      56116 kB
SUnreclaim:       140276 kB
KernelStack:       38900 kB
PageTables:        46884 kB
NFS_Unstable:          0 kB
Bounce:                0 kB
WritebackTmp:          0 kB
CommitLimit:     7105828 kB
Committed_AS:   51551768 kB
VmallocTotal:   263061440 kB
VmallocUsed:       63764 kB
VmallocChunk:          0 kB
Percpu:             2336 kB
CmaTotal:         294912 kB
CmaFree:             128 kB
MemTotal:       12114512 kB
MemFree:         3372560 kB
MemAvailable:    8851140 kB
Buffers:            6340 kB
Cached:          4149732 kB
SwapCached:            0 kB
Active:          1885304 kB
Inactive:        3451004 kB
Active(anon):    1184668 kB
Inactive(anon):    13772 kB
Active(file):     700636 kB
Inactive(file):  3437232 kB
Unevictable:        4164 kB
Mlocked:            4164 kB
SwapTotal:       1048572 kB
SwapFree:        1048572 kB
Dirty:               136 kB
Writeback:             0 kB
AnonPages:       1184640 kB
Mapped:           797268 kB
Shmem:             14904 kB
Slab:             196400 kB
SReclaimable:      56116 kB
SUnreclaim:       140284 kB
KernelStack:       38896 kB
PageTables:        46980 kB
NFS_Unstable:          0 kB
Bounce:                0 kB
WritebackTmp:          0 kB
CommitLimit:     7105828 kB
Committed_AS:   51551504 kB
VmallocTotal:   263061440 kB
VmallocUsed:       63732 kB
VmallocChunk:          0 kB
Percpu:             2336 kB
CmaTotal:         294912 kB
CmaFree:             200 kB
MemTotal:       12114512 kB
MemFree:         3368068 kB
MemAvailable:    8846328 kB
Buffers:            6340 kB
Cached:          4149768 kB
SwapCached:            0 kB
Active:          1891708 kB
Inactive:        3451028 kB
Active(anon):    1191068 kB
Inactive(anon):    13792 kB
Active(file):     700640 kB
Inactive(file):  3437236 kB
Unevictable:        4164 kB
Mlocked:            4164 kB
SwapTotal:       1048572 kB
SwapFree:        1048572 kB
Dirty:               180 kB
Writeback:             0 kB
AnonPages:       1190840 kB
Mapped:           797524 kB
Shmem:             14932 kB
Slab:             196392 kB
SReclaimable:      56116 kB
SUnreclaim:       140276 kB
KernelStack:       38880 kB
PageTables:        46948 kB
NFS_Unstable:          0 kB
Bounce:                0 kB
WritebackTmp:          0 kB
CommitLimit:     7105828 kB
Committed_AS:   51551468 kB
VmallocTotal:   263061440 kB
VmallocUsed:       63732 kB
VmallocChunk:          0 kB
Percpu:             2336 kB
CmaTotal:         294912 kB
CmaFree:               0 kB
MemTotal:       12114512 kB
MemFree:         3363632 kB
MemAvailable:    8808576 kB
Buffers:            6340 kB
Cached:          4150032 kB
SwapCached:            0 kB
Active:          1897368 kB
Inactive:        3451252 kB
Active(anon):    1196732 kB
Inactive(anon):    14020 kB
Active(file):     700636 kB
Inactive(file):  3437232 kB
Unevictable:        4164 kB
Mlocked:            4164 kB
SwapTotal:       1048572 kB
SwapFree:        1048572 kB
Dirty:               108 kB
Writeback:             0 kB
AnonPages:       1196268 kB
Mapped:           797984 kB
Shmem:             15204 kB
Slab:             196392 kB
SReclaimable:      56116 kB
SUnreclaim:       140276 kB
KernelStack:       38960 kB
PageTables:        47036 kB
NFS_Unstable:          0 kB
Bounce:                0 kB
WritebackTmp:          0 kB
CommitLimit:     7105828 kB
Committed_AS:   51557600 kB
VmallocTotal:   263061440 kB
VmallocUsed:       63764 kB
VmallocChunk:          0 kB
Percpu:             2336 kB
CmaTotal:         294912 kB
CmaFree:               0 kB
MemTotal:       12114512 kB
MemFree:         3357632 kB
MemAvailable:    8792120 kB
Buffers:            6340 kB
Cached:          4150200 kB
SwapCached:            0 kB
Active:          1898280 kB
Inactive:        3451392 kB
Active(anon):    1197644 kB
Inactive(anon):    14160 kB
Active(file):     700636 kB
Inactive(file):  3437232 kB
Unevictable:        4164 kB
Mlocked:            4164 kB
SwapTotal:       1048572 kB
SwapFree:        1048572 kB
Dirty:               152 kB
Writeback:             0 kB
AnonPages:       1196884 kB
Mapped:           798288 kB
Shmem:             15372 kB
Slab:             196392 kB
SReclaimable:      56116 kB
SUnreclaim:       140276 kB
KernelStack:       38976 kB
PageTables:        46852 kB
NFS_Unstable:          0 kB
Bounce:                0 kB
WritebackTmp:          0 kB
CommitLimit:     7105828 kB
Committed_AS:   51553400 kB
VmallocTotal:   263061440 kB
VmallocUsed:       63780 kB
VmallocChunk:          0 kB
Percpu:             2336 kB
CmaTotal:         294912 kB
CmaFree:               8 kB
MemTotal:       12114512 kB
MemFree:         3358920 kB
MemAvailable:    8793408 kB
Buffers:            6340 kB
Cached:          4150216 kB
SwapCached:            0 kB
Active:          1898168 kB
Inactive:        3451408 kB
Active(anon):    1197532 kB
Inactive(anon):    14176 kB
Active(file):     700636 kB
Inactive(file):  3437232 kB
Unevictable:        4164 kB
Mlocked:            4164 kB
SwapTotal:       1048572 kB
SwapFree:        1048572 kB
Dirty:               156 kB
Writeback:             0 kB
AnonPages:       1197180 kB
Mapped:           798556 kB
Shmem:             15388 kB
Slab:             196392 kB
SReclaimable:      56116 kB
SUnreclaim:       140276 kB
KernelStack:       38944 kB
PageTables:        46856 kB
NFS_Unstable:          0 kB
Bounce:                0 kB
WritebackTmp:          0 kB
CommitLimit:     7105828 kB
Committed_AS:   51553276 kB
VmallocTotal:   263061440 kB
VmallocUsed:       63828 kB
VmallocChunk:          0 kB
Percpu:             2336 kB
CmaTotal:         294912 kB
CmaFree:               0 kB
MemTotal:       12114512 kB
MemFree:         3352488 kB
MemAvailable:    8785624 kB
Buffers:            6340 kB
Cached:          4150296 kB
SwapCached:            0 kB
Active:          1905628 kB
Inactive:        3451488 kB
Active(anon):    1204992 kB
Inactive(anon):    14256 kB
Active(file):     700636 kB
Inactive(file):  3437232 kB
Unevictable:        4164 kB
Mlocked:            4164 kB
SwapTotal:       1048572 kB
SwapFree:        1048572 kB
Dirty:               136 kB
Writeback:             0 kB
AnonPages:       1204472 kB
Mapped:           799456 kB
Shmem:             15468 kB
Slab:             196372 kB
SReclaimable:      56116 kB
SUnreclaim:       140256 kB
KernelStack:       38944 kB
PageTables:        47060 kB
NFS_Unstable:          0 kB
Bounce:                0 kB
WritebackTmp:          0 kB
CommitLimit:     7105828 kB
Committed_AS:   51558576 kB
VmallocTotal:   263061440 kB
VmallocUsed:       63796 kB
VmallocChunk:          0 kB
Percpu:             2336 kB
CmaTotal:         294912 kB
CmaFree:               0 kB
MemTotal:       12114512 kB
MemFree:         3351892 kB
MemAvailable:    8785028 kB
Buffers:            6340 kB
Cached:          4150316 kB
SwapCached:            0 kB
Active:          1906216 kB
Inactive:        3451508 kB
Active(anon):    1205580 kB
Inactive(anon):    14276 kB
Active(file):     700636 kB
Inactive(file):  3437232 kB
Unevictable:        4164 kB
Mlocked:            4164 kB
SwapTotal:       1048572 kB
SwapFree:        1048572 kB
Dirty:               172 kB
Writeback:             0 kB
AnonPages:       1205280 kB
Mapped:           799580 kB
Shmem:             15488 kB
Slab:             196388 kB
SReclaimable:      56116 kB
SUnreclaim:       140272 kB
KernelStack:       38976 kB
PageTables:        47084 kB
NFS_Unstable:          0 kB
Bounce:                0 kB
WritebackTmp:          0 kB
CommitLimit:     7105828 kB
Committed_AS:   51558232 kB
VmallocTotal:   263061440 kB
VmallocUsed:       63796 kB
VmallocChunk:          0 kB
Percpu:             2336 kB
CmaTotal:         294912 kB
CmaFree:               0 kB
MemTotal:       12114512 kB
MemFree:         3350700 kB
MemAvailable:    8783836 kB
Buffers:            6340 kB
Cached:          4150340 kB
SwapCached:            0 kB
Active:          1906448 kB
Inactive:        3451532 kB
Active(anon):    1205812 kB
Inactive(anon):    14300 kB
Active(file):     700636 kB
Inactive(file):  3437232 kB
Unevictable:        4164 kB
Mlocked:            4164 kB
SwapTotal:       1048572 kB
SwapFree:        1048572 kB
Dirty:               172 kB
Writeback:             0 kB
AnonPages:       1205684 kB
Mapped:           799764 kB
Shmem:             15512 kB
Slab:             196388 kB
SReclaimable:      56116 kB
SUnreclaim:       140272 kB
KernelStack:       38944 kB
PageTables:        47100 kB
NFS_Unstable:          0 kB
Bounce:                0 kB
WritebackTmp:          0 kB
CommitLimit:     7105828 kB
Committed_AS:   51560056 kB
VmallocTotal:   263061440 kB
VmallocUsed:       63828 kB
VmallocChunk:          0 kB
Percpu:             2336 kB
CmaTotal:         294912 kB
CmaFree:              28 kB
MemTotal:       12114512 kB
MemFree:         3351000 kB
MemAvailable:    8784136 kB
Buffers:            6340 kB
Cached:          4150360 kB
SwapCached:            0 kB
Active:          1906588 kB
Inactive:        3451552 kB
Active(anon):    1205952 kB
Inactive(anon):    14320 kB
Active(file):     700636 kB
Inactive(file):  3437232 kB
Unevictable:        4164 kB
Mlocked:            4164 kB
SwapTotal:       1048572 kB
SwapFree:        1048572 kB
Dirty:               176 kB
Writeback:             0 kB
AnonPages:       1205452 kB
Mapped:           799880 kB
Shmem:             15532 kB
Slab:             196380 kB
SReclaimable:      56116 kB
SUnreclaim:       140264 kB
KernelStack:       38980 kB
PageTables:        47016 kB
NFS_Unstable:          0 kB
Bounce:                0 kB
WritebackTmp:          0 kB
CommitLimit:     7105828 kB
Committed_AS:   51554104 kB
VmallocTotal:   263061440 kB
VmallocUsed:       63844 kB
VmallocChunk:          0 kB
Percpu:             2336 kB
CmaTotal:         294912 kB
CmaFree:               0 kB
MemTotal:       12114512 kB
MemFree:         3351436 kB
MemAvailable:    8784572 kB
Buffers:            6340 kB
Cached:          4150380 kB
SwapCached:            0 kB
Active:          1906804 kB
Inactive:        3451572 kB
Active(anon):    1206168 kB
Inactive(anon):    14340 kB
Active(file):     700636 kB
Inactive(file):  3437232 kB
Unevictable:        4164 kB
Mlocked:            4164 kB
SwapTotal:       1048572 kB
SwapFree:        1048572 kB
Dirty:               176 kB
Writeback:             0 kB
AnonPages:       1205804 kB
Mapped:           799900 kB
Shmem:             15552 kB
Slab:             196380 kB
SReclaimable:      56116 kB
SUnreclaim:       140264 kB
KernelStack:       38996 kB
PageTables:        47016 kB
NFS_Unstable:          0 kB
Bounce:                0 kB
WritebackTmp:          0 kB
CommitLimit:     7105828 kB
Committed_AS:   51553896 kB
VmallocTotal:   263061440 kB
VmallocUsed:       63876 kB
VmallocChunk:          0 kB
Percpu:             2336 kB
CmaTotal:         294912 kB
CmaFree:               0 kB
MemTotal:       12114512 kB
MemFree:         3333888 kB
MemAvailable:    8809060 kB
Buffers:            6340 kB
Cached:          4150508 kB
SwapCached:            0 kB
Active:          1922204 kB
Inactive:        3451732 kB
Active(anon):    1221568 kB
Inactive(anon):    14500 kB
Active(file):     700636 kB
Inactive(file):  3437232 kB
Unevictable:        4164 kB
Mlocked:            4164 kB
SwapTotal:       1048572 kB
SwapFree:        1048572 kB
Dirty:               164 kB
Writeback:             0 kB
AnonPages:       1221292 kB
Mapped:           803124 kB
Shmem:             15680 kB
Slab:             196388 kB
SReclaimable:      56116 kB
SUnreclaim:       140272 kB
KernelStack:       39364 kB
PageTables:        47736 kB
NFS_Unstable:          0 kB
Bounce:                0 kB
WritebackTmp:          0 kB
CommitLimit:     7105828 kB
Committed_AS:   52937716 kB
VmallocTotal:   263061440 kB
VmallocUsed:       64184 kB
VmallocChunk:          0 kB
Percpu:             2336 kB
CmaTotal:         294912 kB
CmaFree:               0 kB
MemTotal:       12114512 kB
MemFree:         3334308 kB
MemAvailable:    8812016 kB
Buffers:            6340 kB
Cached:          4150732 kB
SwapCached:            0 kB
Active:          1921388 kB
Inactive:        3451960 kB
Active(anon):    1220748 kB
Inactive(anon):    14732 kB
Active(file):     700640 kB
Inactive(file):  3437228 kB
Unevictable:        4164 kB
Mlocked:            4164 kB
SwapTotal:       1048572 kB
SwapFree:        1048572 kB
Dirty:               292 kB
Writeback:             0 kB
AnonPages:       1220684 kB
Mapped:           805016 kB
Shmem:             15904 kB
Slab:             196380 kB
SReclaimable:      56116 kB
SUnreclaim:       140264 kB
KernelStack:       39616 kB
PageTables:        48200 kB
NFS_Unstable:          0 kB
Bounce:                0 kB
WritebackTmp:          0 kB
CommitLimit:     7105828 kB
Committed_AS:   52931068 kB
VmallocTotal:   263061440 kB
VmallocUsed:       64360 kB
VmallocChunk:          0 kB
Percpu:             2336 kB
CmaTotal:         294912 kB
CmaFree:               0 kB
MemTotal:       12114512 kB
MemFree:         3304232 kB
MemAvailable:    8392376 kB
Buffers:            6340 kB
Cached:          4150808 kB
SwapCached:            0 kB
Active:          1948584 kB
Inactive:        3451800 kB
Active(anon):    1247652 kB
Inactive(anon):    14864 kB
Active(file):     700932 kB
Inactive(file):  3436936 kB
Unevictable:        4164 kB
Mlocked:            4164 kB
SwapTotal:       1048572 kB
SwapFree:        1048572 kB
Dirty:               288 kB
Writeback:             0 kB
AnonPages:       1247296 kB
Mapped:           806368 kB
Shmem:             15980 kB
Slab:             196648 kB
SReclaimable:      56160 kB
SUnreclaim:       140488 kB
KernelStack:       40436 kB
PageTables:        49468 kB
NFS_Unstable:          0 kB
Bounce:                0 kB
WritebackTmp:          0 kB
CommitLimit:     7105828 kB
Committed_AS:   53173072 kB
VmallocTotal:   263061440 kB
VmallocUsed:       65200 kB
VmallocChunk:          0 kB
Percpu:             2336 kB
CmaTotal:         294912 kB
CmaFree:             148 kB
MemTotal:       12114512 kB
MemFree:         3308864 kB
MemAvailable:    8357052 kB
Buffers:            6340 kB
Cached:          4148904 kB
SwapCached:            0 kB
Active:          1945372 kB
Inactive:        3451460 kB
Active(anon):    1246036 kB
Inactive(anon):    14580 kB
Active(file):     699336 kB
Inactive(file):  3436880 kB
Unevictable:        4164 kB
Mlocked:            4164 kB
SwapTotal:       1048572 kB
SwapFree:        1048572 kB
Dirty:               320 kB
Writeback:             0 kB
AnonPages:       1245728 kB
Mapped:           806564 kB
Shmem:             15728 kB
Slab:             197004 kB
SReclaimable:      56244 kB
SUnreclaim:       140760 kB
KernelStack:       40560 kB
PageTables:        48972 kB
NFS_Unstable:          0 kB
Bounce:                0 kB
WritebackTmp:          0 kB
CommitLimit:     7105828 kB
Committed_AS:   53191960 kB
VmallocTotal:   263061440 kB
VmallocUsed:       65544 kB
VmallocChunk:          0 kB
Percpu:             2336 kB
CmaTotal:         294912 kB
CmaFree:               0 kB
MemTotal:       12114512 kB
MemFree:         3316040 kB
MemAvailable:    8364228 kB
Buffers:            6340 kB
Cached:          4148904 kB
SwapCached:            0 kB
Active:          1935328 kB
Inactive:        3451460 kB
Active(anon):    1235992 kB
Inactive(anon):    14580 kB
Active(file):     699336 kB
Inactive(file):  3436880 kB
Unevictable:        4164 kB
Mlocked:            4164 kB
SwapTotal:       1048572 kB
SwapFree:        1048572 kB
Dirty:               320 kB
Writeback:             0 kB
AnonPages:       1235380 kB
Mapped:           806472 kB
Shmem:             15728 kB
Slab:             197004 kB
SReclaimable:      56244 kB
SUnreclaim:       140760 kB
KernelStack:       40592 kB
PageTables:        49088 kB
NFS_Unstable:          0 kB
Bounce:                0 kB
WritebackTmp:          0 kB
CommitLimit:     7105828 kB
Committed_AS:   53184384 kB
VmallocTotal:   263061440 kB
VmallocUsed:       65592 kB
VmallocChunk:          0 kB
Percpu:             2336 kB
CmaTotal:         294912 kB
CmaFree:             688 kB
MemTotal:       12114512 kB
MemFree:         3316316 kB
MemAvailable:    8408068 kB
Buffers:            6340 kB
Cached:          4148884 kB
SwapCached:            0 kB
Active:          1935648 kB
Inactive:        3451444 kB
Active(anon):    1236316 kB
Inactive(anon):    14564 kB
Active(file):     699332 kB
Inactive(file):  3436880 kB
Unevictable:        4164 kB
Mlocked:            4164 kB
SwapTotal:       1048572 kB
SwapFree:        1048572 kB
Dirty:                92 kB
Writeback:             0 kB
AnonPages:       1236136 kB
Mapped:           806448 kB
Shmem:             15712 kB
Slab:             197036 kB
SReclaimable:      56244 kB
SUnreclaim:       140792 kB
KernelStack:       40544 kB
PageTables:        49148 kB
NFS_Unstable:          0 kB
Bounce:                0 kB
WritebackTmp:          0 kB
CommitLimit:     7105828 kB
Committed_AS:   53184080 kB
VmallocTotal:   263061440 kB
VmallocUsed:       65512 kB
VmallocChunk:          0 kB
Percpu:             2336 kB
CmaTotal:         294912 kB
CmaFree:               0 kB
MemTotal:       12114512 kB
MemFree:         3316396 kB
MemAvailable:    8408148 kB
Buffers:            6340 kB
Cached:          4148884 kB
SwapCached:            0 kB
Active:          1934912 kB
Inactive:        3451444 kB
Active(anon):    1235580 kB
Inactive(anon):    14564 kB
Active(file):     699332 kB
Inactive(file):  3436880 kB
Unevictable:        4164 kB
Mlocked:            4164 kB
SwapTotal:       1048572 kB
SwapFree:        1048572 kB
Dirty:                92 kB
Writeback:             0 kB
AnonPages:       1235212 kB
Mapped:           806608 kB
Shmem:             15712 kB
Slab:             197036 kB
SReclaimable:      56244 kB
SUnreclaim:       140792 kB
KernelStack:       40512 kB
PageTables:        49072 kB
NFS_Unstable:          0 kB
Bounce:                0 kB
WritebackTmp:          0 kB
CommitLimit:     7105828 kB
Committed_AS:   53188944 kB
VmallocTotal:   263061440 kB
VmallocUsed:       65496 kB
VmallocChunk:          0 kB
Percpu:             2336 kB
CmaTotal:         294912 kB
CmaFree:               0 kB
MemTotal:       12114512 kB
MemFree:         3317428 kB
MemAvailable:    8409180 kB
Buffers:            6340 kB
Cached:          4148884 kB
SwapCached:            0 kB
Active:          1935448 kB
Inactive:        3451444 kB
Active(anon):    1236116 kB
Inactive(anon):    14564 kB
Active(file):     699332 kB
Inactive(file):  3436880 kB
Unevictable:        4164 kB
Mlocked:            4164 kB
SwapTotal:       1048572 kB
SwapFree:        1048572 kB
Dirty:                92 kB
Writeback:             0 kB
AnonPages:       1235404 kB
Mapped:           806688 kB
Shmem:             15712 kB
Slab:             197036 kB
SReclaimable:      56244 kB
SUnreclaim:       140792 kB
KernelStack:       40512 kB
PageTables:        48956 kB
NFS_Unstable:          0 kB
Bounce:                0 kB
WritebackTmp:          0 kB
CommitLimit:     7105828 kB
Committed_AS:   53183228 kB
VmallocTotal:   263061440 kB
VmallocUsed:       65528 kB
VmallocChunk:          0 kB
Percpu:             2336 kB
CmaTotal:         294912 kB
CmaFree:               0 kB
MemTotal:       12114512 kB
MemFree:         3317948 kB
MemAvailable:    8410760 kB
Buffers:            6340 kB
Cached:          4148804 kB
SwapCached:            0 kB
Active:          1934772 kB
Inactive:        3451412 kB
Active(anon):    1235440 kB
Inactive(anon):    14532 kB
Active(file):     699332 kB
Inactive(file):  3436880 kB
Unevictable:        4164 kB
Mlocked:            4164 kB
SwapTotal:       1048572 kB
SwapFree:        1048572 kB
Dirty:                92 kB
Writeback:             0 kB
AnonPages:       1235180 kB
Mapped:           806204 kB
Shmem:             15632 kB
Slab:             197036 kB
SReclaimable:      56244 kB
SUnreclaim:       140792 kB
KernelStack:       40512 kB
PageTables:        49012 kB
NFS_Unstable:          0 kB
Bounce:                0 kB
WritebackTmp:          0 kB
CommitLimit:     7105828 kB
Committed_AS:   53182984 kB
VmallocTotal:   263061440 kB
VmallocUsed:       65560 kB
VmallocChunk:          0 kB
Percpu:             2336 kB
CmaTotal:         294912 kB
CmaFree:              16 kB
MemTotal:       12114512 kB
MemFree:         3321344 kB
MemAvailable:    8414164 kB
Buffers:            6340 kB
Cached:          4148804 kB
SwapCached:            0 kB
Active:          1932200 kB
Inactive:        3451412 kB
Active(anon):    1232868 kB
Inactive(anon):    14532 kB
Active(file):     699332 kB
Inactive(file):  3436880 kB
Unevictable:        4164 kB
Mlocked:            4164 kB
SwapTotal:       1048572 kB
SwapFree:        1048572 kB
Dirty:                92 kB
Writeback:             0 kB
AnonPages:       1232832 kB
Mapped:           806352 kB
Shmem:             15632 kB
Slab:             197052 kB
SReclaimable:      56260 kB
SUnreclaim:       140792 kB
KernelStack:       40512 kB
PageTables:        49028 kB
NFS_Unstable:          0 kB
Bounce:                0 kB
WritebackTmp:          0 kB
CommitLimit:     7105828 kB
Committed_AS:   53188020 kB
VmallocTotal:   263061440 kB
VmallocUsed:       65560 kB
VmallocChunk:          0 kB
Percpu:             2336 kB
CmaTotal:         294912 kB
CmaFree:               0 kB
MemTotal:       12114512 kB
MemFree:         3321376 kB
MemAvailable:    8414196 kB
Buffers:            6340 kB
Cached:          4148804 kB
SwapCached:            0 kB
Active:          1933132 kB
Inactive:        3451412 kB
Active(anon):    1233800 kB
Inactive(anon):    14532 kB
Active(file):     699332 kB
Inactive(file):  3436880 kB
Unevictable:        4164 kB
Mlocked:            4164 kB
SwapTotal:       1048572 kB
SwapFree:        1048572 kB
Dirty:                92 kB
Writeback:             0 kB
AnonPages:       1233488 kB
Mapped:           806580 kB
Shmem:             15632 kB
Slab:             197052 kB
SReclaimable:      56260 kB
SUnreclaim:       140792 kB
KernelStack:       40532 kB
PageTables:        48956 kB
NFS_Unstable:          0 kB
Bounce:                0 kB
WritebackTmp:          0 kB
CommitLimit:     7105828 kB
Committed_AS:   53179872 kB
VmallocTotal:   263061440 kB
VmallocUsed:       65576 kB
VmallocChunk:          0 kB
Percpu:             2336 kB
CmaTotal:         294912 kB
CmaFree:               0 kB
MemTotal:       12114512 kB
MemFree:         3320440 kB
MemAvailable:    8413260 kB
Buffers:            6340 kB
Cached:          4148804 kB
SwapCached:            0 kB
Active:          1934068 kB
Inactive:        3451412 kB
Active(anon):    1234736 kB
Inactive(anon):    14532 kB
Active(file):     699332 kB
Inactive(file):  3436880 kB
Unevictable:        4164 kB
Mlocked:            4164 kB
SwapTotal:       1048572 kB
SwapFree:        1048572 kB
Dirty:                96 kB
Writeback:             0 kB
AnonPages:       1234128 kB
Mapped:           806436 kB
Shmem:             15632 kB
Slab:             197052 kB
SReclaimable:      56260 kB
SUnreclaim:       140792 kB
KernelStack:       40544 kB
PageTables:        49036 kB
NFS_Unstable:          0 kB
Bounce:                0 kB
WritebackTmp:          0 kB
CommitLimit:     7105828 kB
Committed_AS:   53179564 kB
VmallocTotal:   263061440 kB
VmallocUsed:       65512 kB
VmallocChunk:          0 kB
Percpu:             2336 kB
CmaTotal:         294912 kB
CmaFree:               0 kB
MemTotal:       12114512 kB
MemFree:         3319964 kB
MemAvailable:    8412784 kB
Buffers:            6340 kB
Cached:          4148804 kB
SwapCached:            0 kB
Active:          1934336 kB
Inactive:        3451412 kB
Active(anon):    1235004 kB
Inactive(anon):    14532 kB
Active(file):     699332 kB
Inactive(file):  3436880 kB
Unevictable:        4164 kB
Mlocked:            4164 kB
SwapTotal:       1048572 kB
SwapFree:        1048572 kB
Dirty:               164 kB
Writeback:             0 kB
AnonPages:       1234688 kB
Mapped:           806572 kB
Shmem:             15632 kB
Slab:             197052 kB
SReclaimable:      56260 kB
SUnreclaim:       140792 kB
KernelStack:       40464 kB
PageTables:        48996 kB
NFS_Unstable:          0 kB
Bounce:                0 kB
WritebackTmp:          0 kB
CommitLimit:     7105828 kB
Committed_AS:   53185784 kB
VmallocTotal:   263061440 kB
VmallocUsed:       65528 kB
VmallocChunk:          0 kB
Percpu:             2336 kB
CmaTotal:         294912 kB
CmaFree:               0 kB
MemTotal:       12114512 kB
MemFree:         3319560 kB
MemAvailable:    8412380 kB
Buffers:            6340 kB
Cached:          4148804 kB
SwapCached:            0 kB
Active:          1934720 kB
Inactive:        3451412 kB
Active(anon):    1235388 kB
Inactive(anon):    14532 kB
Active(file):     699332 kB
Inactive(file):  3436880 kB
Unevictable:        4164 kB
Mlocked:            4164 kB
SwapTotal:       1048572 kB
SwapFree:        1048572 kB
Dirty:               172 kB
Writeback:             0 kB
AnonPages:       1235100 kB
Mapped:           806356 kB
Shmem:             15632 kB
Slab:             197052 kB
SReclaimable:      56260 kB
SUnreclaim:       140792 kB
KernelStack:       40496 kB
PageTables:        49012 kB
NFS_Unstable:          0 kB
Bounce:                0 kB
WritebackTmp:          0 kB
CommitLimit:     7105828 kB
Committed_AS:   53186088 kB
VmallocTotal:   263061440 kB
VmallocUsed:       65544 kB
VmallocChunk:          0 kB
Percpu:             2336 kB
CmaTotal:         294912 kB
CmaFree:               0 kB
MemTotal:       12114512 kB
MemFree:         3320732 kB
MemAvailable:    8413552 kB
Buffers:            6340 kB
Cached:          4148804 kB
SwapCached:            0 kB
Active:          1934880 kB
Inactive:        3451412 kB
Active(anon):    1235548 kB
Inactive(anon):    14532 kB
Active(file):     699332 kB
Inactive(file):  3436880 kB
Unevictable:        4164 kB
Mlocked:            4164 kB
SwapTotal:       1048572 kB
SwapFree:        1048572 kB
Dirty:               176 kB
Writeback:             0 kB
AnonPages:       1235532 kB
Mapped:           806632 kB
Shmem:             15632 kB
Slab:             197052 kB
SReclaimable:      56260 kB
SUnreclaim:       140792 kB
KernelStack:       40496 kB
PageTables:        48952 kB
NFS_Unstable:          0 kB
Bounce:                0 kB
WritebackTmp:          0 kB
CommitLimit:     7105828 kB
Committed_AS:   53186380 kB
VmallocTotal:   263061440 kB
VmallocUsed:       65544 kB
VmallocChunk:          0 kB
Percpu:             2336 kB
CmaTotal:         294912 kB
CmaFree:               0 kB
MemTotal:       12114512 kB
MemFree:         3319640 kB
MemAvailable:    8412460 kB
Buffers:            6340 kB
Cached:          4148804 kB
SwapCached:            0 kB
Active:          1935408 kB
Inactive:        3451412 kB
Active(anon):    1236076 kB
Inactive(anon):    14532 kB
Active(file):     699332 kB
Inactive(file):  3436880 kB
Unevictable:        4164 kB
Mlocked:            4164 kB
SwapTotal:       1048572 kB
SwapFree:        1048572 kB
Dirty:               176 kB
Writeback:             0 kB
AnonPages:       1235920 kB
Mapped:           806388 kB
Shmem:             15632 kB
Slab:             197052 kB
SReclaimable:      56260 kB
SUnreclaim:       140792 kB
KernelStack:       40512 kB
PageTables:        49024 kB
NFS_Unstable:          0 kB
Bounce:                0 kB
WritebackTmp:          0 kB
CommitLimit:     7105828 kB
Committed_AS:   53185956 kB
VmallocTotal:   263061440 kB
VmallocUsed:       65544 kB
VmallocChunk:          0 kB
Percpu:             2336 kB
CmaTotal:         294912 kB
CmaFree:               0 kB
MemTotal:       12114512 kB
MemFree:         3318096 kB
MemAvailable:    8410916 kB
Buffers:            6340 kB
Cached:          4148804 kB
SwapCached:            0 kB
Active:          1936076 kB
Inactive:        3451412 kB
Active(anon):    1236744 kB
Inactive(anon):    14532 kB
Active(file):     699332 kB
Inactive(file):  3436880 kB
Unevictable:        4164 kB
Mlocked:            4164 kB
SwapTotal:       1048572 kB
SwapFree:        1048572 kB
Dirty:                92 kB
Writeback:             0 kB
AnonPages:       1236468 kB
Mapped:           806388 kB
Shmem:             15632 kB
Slab:             197020 kB
SReclaimable:      56260 kB
SUnreclaim:       140760 kB
KernelStack:       40512 kB
PageTables:        49024 kB
NFS_Unstable:          0 kB
Bounce:                0 kB
WritebackTmp:          0 kB
CommitLimit:     7105828 kB
Committed_AS:   53185692 kB
VmallocTotal:   263061440 kB
VmallocUsed:       65560 kB
VmallocChunk:          0 kB
Percpu:             2336 kB
CmaTotal:         294912 kB
CmaFree:               0 kB
MemTotal:       12114512 kB
MemFree:         3321640 kB
MemAvailable:    8414460 kB
Buffers:            6340 kB
Cached:          4148804 kB
SwapCached:            0 kB
Active:          1931616 kB
Inactive:        3451408 kB
Active(anon):    1232280 kB
Inactive(anon):    14532 kB
Active(file):     699336 kB
Inactive(file):  3436876 kB
Unevictable:        4164 kB
Mlocked:            4164 kB
SwapTotal:       1048572 kB
SwapFree:        1048572 kB
Dirty:                92 kB
Writeback:             0 kB
AnonPages:       1232224 kB
Mapped:           806456 kB
Shmem:             15632 kB
Slab:             197020 kB
SReclaimable:      56260 kB
SUnreclaim:       140760 kB
KernelStack:       40580 kB
PageTables:        49064 kB
NFS_Unstable:          0 kB
Bounce:                0 kB
WritebackTmp:          0 kB
CommitLimit:     7105828 kB
Committed_AS:   53185592 kB
VmallocTotal:   263061440 kB
VmallocUsed:       65576 kB
VmallocChunk:          0 kB
Percpu:             2336 kB
CmaTotal:         294912 kB
CmaFree:               0 kB
MemTotal:       12114512 kB
MemFree:         3338976 kB
MemAvailable:    8431796 kB
Buffers:            6340 kB
Cached:          4148804 kB
SwapCached:            0 kB
Active:          1914076 kB
Inactive:        3451408 kB
Active(anon):    1214740 kB
Inactive(anon):    14532 kB
Active(file):     699336 kB
Inactive(file):  3436876 kB
Unevictable:        4164 kB
Mlocked:            4164 kB
SwapTotal:       1048572 kB
SwapFree:        1048572 kB
Dirty:               124 kB
Writeback:             0 kB
AnonPages:       1214568 kB
Mapped:           806396 kB
Shmem:             15632 kB
Slab:             197020 kB
SReclaimable:      56260 kB
SUnreclaim:       140760 kB
KernelStack:       40464 kB
PageTables:        48992 kB
NFS_Unstable:          0 kB
Bounce:                0 kB
WritebackTmp:          0 kB
CommitLimit:     7105828 kB
Committed_AS:   53186556 kB
VmallocTotal:   263061440 kB
VmallocUsed:       65544 kB
VmallocChunk:          0 kB
Percpu:             2336 kB
CmaTotal:         294912 kB
CmaFree:              28 kB
MemTotal:       12114512 kB
MemFree:         3338684 kB
MemAvailable:    8431504 kB
Buffers:            6340 kB
Cached:          4148804 kB
SwapCached:            0 kB
Active:          1914504 kB
Inactive:        3451408 kB
Active(anon):    1215168 kB
Inactive(anon):    14532 kB
Active(file):     699336 kB
Inactive(file):  3436876 kB
Unevictable:        4164 kB
Mlocked:            4164 kB
SwapTotal:       1048572 kB
SwapFree:        1048572 kB
Dirty:               124 kB
Writeback:             0 kB
AnonPages:       1214772 kB
Mapped:           806388 kB
Shmem:             15632 kB
Slab:             197020 kB
SReclaimable:      56260 kB
SUnreclaim:       140760 kB
KernelStack:       40496 kB
PageTables:        49024 kB
NFS_Unstable:          0 kB
Bounce:                0 kB
WritebackTmp:          0 kB
CommitLimit:     7105828 kB
Committed_AS:   53186340 kB
VmallocTotal:   263061440 kB
VmallocUsed:       65560 kB
VmallocChunk:          0 kB
Percpu:             2336 kB
CmaTotal:         294912 kB
CmaFree:               0 kB
MemTotal:       12114512 kB
MemFree:         3339200 kB
MemAvailable:    8432020 kB
Buffers:            6340 kB
Cached:          4148804 kB
SwapCached:            0 kB
Active:          1914564 kB
Inactive:        3451408 kB
Active(anon):    1215228 kB
Inactive(anon):    14532 kB
Active(file):     699336 kB
Inactive(file):  3436876 kB
Unevictable:        4164 kB
Mlocked:            4164 kB
SwapTotal:       1048572 kB
SwapFree:        1048572 kB
Dirty:               124 kB
Writeback:             0 kB
AnonPages:       1215288 kB
Mapped:           806388 kB
Shmem:             15632 kB
Slab:             197020 kB
SReclaimable:      56260 kB
SUnreclaim:       140760 kB
KernelStack:       40496 kB
PageTables:        49024 kB
NFS_Unstable:          0 kB
Bounce:                0 kB
WritebackTmp:          0 kB
CommitLimit:     7105828 kB
Committed_AS:   53186076 kB
VmallocTotal:   263061440 kB
VmallocUsed:       65576 kB
VmallocChunk:          0 kB
Percpu:             2336 kB
CmaTotal:         294912 kB
CmaFree:               0 kB
MemTotal:       12114512 kB
MemFree:         3339700 kB
MemAvailable:    8432520 kB
Buffers:            6340 kB
Cached:          4148804 kB
SwapCached:            0 kB
Active:          1914580 kB
Inactive:        3451408 kB
Active(anon):    1215244 kB
Inactive(anon):    14532 kB
Active(file):     699336 kB
Inactive(file):  3436876 kB
Unevictable:        4164 kB
Mlocked:            4164 kB
SwapTotal:       1048572 kB
SwapFree:        1048572 kB
Dirty:               124 kB
Writeback:             0 kB
AnonPages:       1215072 kB
Mapped:           806420 kB
Shmem:             15632 kB
Slab:             197020 kB
SReclaimable:      56260 kB
SUnreclaim:       140760 kB
KernelStack:       40464 kB
PageTables:        48992 kB
NFS_Unstable:          0 kB
Bounce:                0 kB
WritebackTmp:          0 kB
CommitLimit:     7105828 kB
Committed_AS:   53186020 kB
VmallocTotal:   263061440 kB
VmallocUsed:       65544 kB
VmallocChunk:          0 kB
Percpu:             2336 kB
CmaTotal:         294912 kB
CmaFree:               0 kB
MemTotal:       12114512 kB
MemFree:         3339012 kB
MemAvailable:    8431832 kB
Buffers:            6340 kB
Cached:          4148804 kB
SwapCached:            0 kB
Active:          1915100 kB
Inactive:        3451408 kB
Active(anon):    1215764 kB
Inactive(anon):    14532 kB
Active(file):     699336 kB
Inactive(file):  3436876 kB
Unevictable:        4164 kB
Mlocked:            4164 kB
SwapTotal:       1048572 kB
SwapFree:        1048572 kB
Dirty:               168 kB
Writeback:             0 kB
AnonPages:       1215500 kB
Mapped:           806392 kB
Shmem:             15632 kB
Slab:             197020 kB
SReclaimable:      56260 kB
SUnreclaim:       140760 kB
KernelStack:       40464 kB
PageTables:        49020 kB
NFS_Unstable:          0 kB
Bounce:                0 kB
WritebackTmp:          0 kB
CommitLimit:     7105828 kB
Committed_AS:   53185756 kB
VmallocTotal:   263061440 kB
VmallocUsed:       65544 kB
VmallocChunk:          0 kB
Percpu:             2336 kB
CmaTotal:         294912 kB
CmaFree:               0 kB
MemTotal:       12114512 kB
MemFree:         3338232 kB
MemAvailable:    8431052 kB
Buffers:            6340 kB
Cached:          4148804 kB
SwapCached:            0 kB
Active:          1914980 kB
Inactive:        3451408 kB
Active(anon):    1215644 kB
Inactive(anon):    14532 kB
Active(file):     699336 kB
Inactive(file):  3436876 kB
Unevictable:        4164 kB
Mlocked:            4164 kB
SwapTotal:       1048572 kB
SwapFree:        1048572 kB
Dirty:               192 kB
Writeback:             0 kB
AnonPages:       1215436 kB
Mapped:           806352 kB
Shmem:             15632 kB
Slab:             197020 kB
SReclaimable:      56260 kB
SUnreclaim:       140760 kB
KernelStack:       40480 kB
PageTables:        49020 kB
NFS_Unstable:          0 kB
Bounce:                0 kB
WritebackTmp:          0 kB
CommitLimit:     7105828 kB
Committed_AS:   53187548 kB
VmallocTotal:   263061440 kB
VmallocUsed:       65560 kB
VmallocChunk:          0 kB
Percpu:             2336 kB
CmaTotal:         294912 kB
CmaFree:               0 kB
MemTotal:       12114512 kB
MemFree:         3338156 kB
MemAvailable:    8430976 kB
Buffers:            6340 kB
Cached:          4148804 kB
SwapCached:            0 kB
Active:          1915296 kB
Inactive:        3451408 kB
Active(anon):    1215960 kB
Inactive(anon):    14532 kB
Active(file):     699336 kB
Inactive(file):  3436876 kB
Unevictable:        4164 kB
Mlocked:            4164 kB
SwapTotal:       1048572 kB
SwapFree:        1048572 kB
Dirty:               192 kB
Writeback:             0 kB
AnonPages:       1215640 kB
Mapped:           806652 kB
Shmem:             15632 kB
Slab:             197020 kB
SReclaimable:      56260 kB
SUnreclaim:       140760 kB
KernelStack:       40496 kB
PageTables:        49020 kB
NFS_Unstable:          0 kB
Bounce:                0 kB
WritebackTmp:          0 kB
CommitLimit:     7105828 kB
Committed_AS:   53187500 kB
VmallocTotal:   263061440 kB
VmallocUsed:       65544 kB
VmallocChunk:          0 kB
Percpu:             2336 kB
CmaTotal:         294912 kB
CmaFree:               0 kB
MemTotal:       12114512 kB
MemFree:         3338120 kB
MemAvailable:    8430940 kB
Buffers:            6340 kB
Cached:          4148804 kB
SwapCached:            0 kB
Active:          1915224 kB
Inactive:        3451408 kB
Active(anon):    1215888 kB
Inactive(anon):    14532 kB
Active(file):     699336 kB
Inactive(file):  3436876 kB
Unevictable:        4164 kB
Mlocked:            4164 kB
SwapTotal:       1048572 kB
SwapFree:        1048572 kB
Dirty:               204 kB
Writeback:             0 kB
AnonPages:       1215584 kB
Mapped:           806556 kB
Shmem:             15632 kB
Slab:             197020 kB
SReclaimable:      56260 kB
SUnreclaim:       140760 kB
KernelStack:       40496 kB
PageTables:        49068 kB
NFS_Unstable:          0 kB
Bounce:                0 kB
WritebackTmp:          0 kB
CommitLimit:     7105828 kB
Committed_AS:   53186328 kB
VmallocTotal:   263061440 kB
VmallocUsed:       65544 kB
VmallocChunk:          0 kB
Percpu:             2336 kB
CmaTotal:         294912 kB
CmaFree:               0 kB
MemTotal:       12114512 kB
MemFree:         3338064 kB
MemAvailable:    8430884 kB
Buffers:            6340 kB
Cached:          4148804 kB
SwapCached:            0 kB
Active:          1915244 kB
Inactive:        3451408 kB
Active(anon):    1215908 kB
Inactive(anon):    14532 kB
Active(file):     699336 kB
Inactive(file):  3436876 kB
Unevictable:        4164 kB
Mlocked:            4164 kB
SwapTotal:       1048572 kB
SwapFree:        1048572 kB
Dirty:                96 kB
Writeback:             0 kB
AnonPages:       1215960 kB
Mapped:           806392 kB
Shmem:             15632 kB
Slab:             197020 kB
SReclaimable:      56260 kB
SUnreclaim:       140760 kB
KernelStack:       40464 kB
PageTables:        49020 kB
NFS_Unstable:          0 kB
Bounce:                0 kB
WritebackTmp:          0 kB
CommitLimit:     7105828 kB
Committed_AS:   53187280 kB
VmallocTotal:   263061440 kB
VmallocUsed:       65512 kB
VmallocChunk:          0 kB
Percpu:             2336 kB
CmaTotal:         294912 kB
CmaFree:               0 kB
MemTotal:       12114512 kB
MemFree:         3328532 kB
MemAvailable:    8421352 kB
Buffers:            6340 kB
Cached:          4148572 kB
SwapCached:            0 kB
Active:          1924924 kB
Inactive:        3451176 kB
Active(anon):    1225588 kB
Inactive(anon):    14300 kB
Active(file):     699336 kB
Inactive(file):  3436876 kB
Unevictable:        4164 kB
Mlocked:            4164 kB
SwapTotal:       1048572 kB
SwapFree:        1048572 kB
Dirty:               120 kB
Writeback:             0 kB
AnonPages:       1225504 kB
Mapped:           806256 kB
Shmem:             15400 kB
Slab:             197020 kB
SReclaimable:      56260 kB
SUnreclaim:       140760 kB
KernelStack:       40516 kB
PageTables:        48968 kB
NFS_Unstable:          0 kB
Bounce:                0 kB
WritebackTmp:          0 kB
CommitLimit:     7105828 kB
Committed_AS:   53193392 kB
VmallocTotal:   263061440 kB
VmallocUsed:       65512 kB
VmallocChunk:          0 kB
Percpu:             2336 kB
CmaTotal:         294912 kB
CmaFree:               0 kB
MemTotal:       12114512 kB
MemFree:         3328940 kB
MemAvailable:    8421760 kB
Buffers:            6340 kB
Cached:          4148804 kB
SwapCached:            0 kB
Active:          1925116 kB
Inactive:        3451408 kB
Active(anon):    1225780 kB
Inactive(anon):    14532 kB
Active(file):     699336 kB
Inactive(file):  3436876 kB
Unevictable:        4164 kB
Mlocked:            4164 kB
SwapTotal:       1048572 kB
SwapFree:        1048572 kB
Dirty:               148 kB
Writeback:             0 kB
AnonPages:       1225408 kB
Mapped:           806484 kB
Shmem:             15632 kB
Slab:             197020 kB
SReclaimable:      56260 kB
SUnreclaim:       140760 kB
KernelStack:       40416 kB
PageTables:        48972 kB
NFS_Unstable:          0 kB
Bounce:                0 kB
WritebackTmp:          0 kB
CommitLimit:     7105828 kB
Committed_AS:   53193216 kB
VmallocTotal:   263061440 kB
VmallocUsed:       65464 kB
VmallocChunk:          0 kB
Percpu:             2336 kB
CmaTotal:         294912 kB
CmaFree:               0 kB
MemTotal:       12114512 kB
MemFree:         3327460 kB
MemAvailable:    8420280 kB
Buffers:            6340 kB
Cached:          4148804 kB
SwapCached:            0 kB
Active:          1924916 kB
Inactive:        3451408 kB
Active(anon):    1225580 kB
Inactive(anon):    14532 kB
Active(file):     699336 kB
Inactive(file):  3436876 kB
Unevictable:        4164 kB
Mlocked:            4164 kB
SwapTotal:       1048572 kB
SwapFree:        1048572 kB
Dirty:               164 kB
Writeback:             0 kB
AnonPages:       1225652 kB
Mapped:           806616 kB
Shmem:             15632 kB
Slab:             197020 kB
SReclaimable:      56260 kB
SUnreclaim:       140760 kB
KernelStack:       40432 kB
PageTables:        48940 kB
NFS_Unstable:          0 kB
Bounce:                0 kB
WritebackTmp:          0 kB
CommitLimit:     7105828 kB
Committed_AS:   53190780 kB
VmallocTotal:   263061440 kB
VmallocUsed:       65496 kB
VmallocChunk:          0 kB
Percpu:             2336 kB
CmaTotal:         294912 kB
CmaFree:               0 kB
MemTotal:       12114512 kB
MemFree:         3323216 kB
MemAvailable:    8416036 kB
Buffers:            6340 kB
Cached:          4149004 kB
SwapCached:            0 kB
Active:          1929404 kB
Inactive:        3451208 kB
Active(anon):    1230068 kB
Inactive(anon):    14332 kB
Active(file):     699336 kB
Inactive(file):  3436876 kB
Unevictable:        4164 kB
Mlocked:            4164 kB
SwapTotal:       1048572 kB
SwapFree:        1048572 kB
Dirty:               164 kB
Writeback:             0 kB
AnonPages:       1229776 kB
Mapped:           806388 kB
Shmem:             15832 kB
Slab:             197020 kB
SReclaimable:      56260 kB
SUnreclaim:       140760 kB
KernelStack:       40484 kB
PageTables:        48968 kB
NFS_Unstable:          0 kB
Bounce:                0 kB
WritebackTmp:          0 kB
CommitLimit:     7105828 kB
Committed_AS:   53191364 kB
VmallocTotal:   263061440 kB
VmallocUsed:       65512 kB
VmallocChunk:          0 kB
Percpu:             2336 kB
CmaTotal:         294912 kB
CmaFree:               0 kB
MemTotal:       12114512 kB
MemFree:         3323576 kB
MemAvailable:    8416396 kB
Buffers:            6340 kB
Cached:          4148808 kB
SwapCached:            0 kB
Active:          1929332 kB
Inactive:        3451412 kB
Active(anon):    1229996 kB
Inactive(anon):    14536 kB
Active(file):     699336 kB
Inactive(file):  3436876 kB
Unevictable:        4164 kB
Mlocked:            4164 kB
SwapTotal:       1048572 kB
SwapFree:        1048572 kB
Dirty:                96 kB
Writeback:             0 kB
AnonPages:       1229860 kB
Mapped:           806488 kB
Shmem:             15636 kB
Slab:             197012 kB
SReclaimable:      56260 kB
SUnreclaim:       140752 kB
KernelStack:       40484 kB
PageTables:        49248 kB
NFS_Unstable:          0 kB
Bounce:                0 kB
WritebackTmp:          0 kB
CommitLimit:     7105828 kB
Committed_AS:   53186084 kB
VmallocTotal:   263061440 kB
VmallocUsed:       65528 kB
VmallocChunk:          0 kB
Percpu:             2336 kB
CmaTotal:         294912 kB
CmaFree:               0 kB
MemTotal:       12114512 kB
MemFree:         3323336 kB
MemAvailable:    8416156 kB
Buffers:            6340 kB
Cached:          4148808 kB
SwapCached:            0 kB
Active:          1929480 kB
Inactive:        3451412 kB
Active(anon):    1230144 kB
Inactive(anon):    14536 kB
Active(file):     699336 kB
Inactive(file):  3436876 kB
Unevictable:        4164 kB
Mlocked:            4164 kB
SwapTotal:       1048572 kB
SwapFree:        1048572 kB
Dirty:                96 kB
Writeback:             0 kB
AnonPages:       1229920 kB
Mapped:           806612 kB
Shmem:             15636 kB
Slab:             197012 kB
SReclaimable:      56260 kB
SUnreclaim:       140752 kB
KernelStack:       40500 kB
PageTables:        49292 kB
NFS_Unstable:          0 kB
Bounce:                0 kB
WritebackTmp:          0 kB
CommitLimit:     7105828 kB
Committed_AS:   53184384 kB
VmallocTotal:   263061440 kB
VmallocUsed:       65528 kB
VmallocChunk:          0 kB
Percpu:             2336 kB
CmaTotal:         294912 kB
CmaFree:               0 kB
MemTotal:       12114512 kB
MemFree:         3323944 kB
MemAvailable:    8416764 kB
Buffers:            6340 kB
Cached:          4148808 kB
SwapCached:            0 kB
Active:          1929400 kB
Inactive:        3451412 kB
Active(anon):    1230064 kB
Inactive(anon):    14536 kB
Active(file):     699336 kB
Inactive(file):  3436876 kB
Unevictable:        4164 kB
Mlocked:            4164 kB
SwapTotal:       1048572 kB
SwapFree:        1048572 kB
Dirty:               132 kB
Writeback:             0 kB
AnonPages:       1229888 kB
Mapped:           806268 kB
Shmem:             15636 kB
Slab:             197012 kB
SReclaimable:      56260 kB
SUnreclaim:       140752 kB
KernelStack:       40448 kB
PageTables:        49012 kB
NFS_Unstable:          0 kB
Bounce:                0 kB
WritebackTmp:          0 kB
CommitLimit:     7105828 kB
Committed_AS:   53180740 kB
VmallocTotal:   263061440 kB
VmallocUsed:       65512 kB
VmallocChunk:          0 kB
Percpu:             2336 kB
CmaTotal:         294912 kB
CmaFree:               0 kB
MemTotal:       12114512 kB
MemFree:         3323976 kB
MemAvailable:    8416796 kB
Buffers:            6340 kB
Cached:          4148808 kB
SwapCached:            0 kB
Active:          1929652 kB
Inactive:        3451412 kB
Active(anon):    1230316 kB
Inactive(anon):    14536 kB
Active(file):     699336 kB
Inactive(file):  3436876 kB
Unevictable:        4164 kB
Mlocked:            4164 kB
SwapTotal:       1048572 kB
SwapFree:        1048572 kB
Dirty:               132 kB
Writeback:             0 kB
AnonPages:       1230228 kB
Mapped:           806396 kB
Shmem:             15636 kB
Slab:             197008 kB
SReclaimable:      56260 kB
SUnreclaim:       140748 kB
KernelStack:       40368 kB
PageTables:        49020 kB
NFS_Unstable:          0 kB
Bounce:                0 kB
WritebackTmp:          0 kB
CommitLimit:     7105828 kB
Committed_AS:   53184664 kB
VmallocTotal:   263061440 kB
VmallocUsed:       65464 kB
VmallocChunk:          0 kB
Percpu:             2336 kB
CmaTotal:         294912 kB
CmaFree:               0 kB
MemTotal:       12114512 kB
MemFree:         3323684 kB
MemAvailable:    8416504 kB
Buffers:            6340 kB
Cached:          4148808 kB
SwapCached:            0 kB
Active:          1929732 kB
Inactive:        3451412 kB
Active(anon):    1230396 kB
Inactive(anon):    14536 kB
Active(file):     699336 kB
Inactive(file):  3436876 kB
Unevictable:        4164 kB
Mlocked:            4164 kB
SwapTotal:       1048572 kB
SwapFree:        1048572 kB
Dirty:               164 kB
Writeback:             0 kB
AnonPages:       1230088 kB
Mapped:           806376 kB
Shmem:             15636 kB
Slab:             197008 kB
SReclaimable:      56260 kB
SUnreclaim:       140748 kB
KernelStack:       40352 kB
PageTables:        49000 kB
NFS_Unstable:          0 kB
Bounce:                0 kB
WritebackTmp:          0 kB
CommitLimit:     7105828 kB
Committed_AS:   53184144 kB
VmallocTotal:   263061440 kB
VmallocUsed:       65448 kB
VmallocChunk:          0 kB
Percpu:             2336 kB
CmaTotal:         294912 kB
CmaFree:               0 kB
MemTotal:       12114512 kB
MemFree:         3323728 kB
MemAvailable:    8416548 kB
Buffers:            6340 kB
Cached:          4148808 kB
SwapCached:            0 kB
Active:          1929900 kB
Inactive:        3451412 kB
Active(anon):    1230564 kB
Inactive(anon):    14536 kB
Active(file):     699336 kB
Inactive(file):  3436876 kB
Unevictable:        4164 kB
Mlocked:            4164 kB
SwapTotal:       1048572 kB
SwapFree:        1048572 kB
Dirty:                96 kB
Writeback:             0 kB
AnonPages:       1230248 kB
Mapped:           806652 kB
Shmem:             15636 kB
Slab:             197008 kB
SReclaimable:      56260 kB
SUnreclaim:       140748 kB
KernelStack:       40320 kB
PageTables:        49016 kB
NFS_Unstable:          0 kB
Bounce:                0 kB
WritebackTmp:          0 kB
CommitLimit:     7105828 kB
Committed_AS:   53183880 kB
VmallocTotal:   263061440 kB
VmallocUsed:       65384 kB
VmallocChunk:          0 kB
Percpu:             2336 kB
CmaTotal:         294912 kB
CmaFree:               0 kB
MemTotal:       12114512 kB
MemFree:         3322928 kB
MemAvailable:    8415748 kB
Buffers:            6340 kB
Cached:          4148808 kB
SwapCached:            0 kB
Active:          1929976 kB
Inactive:        3451412 kB
Active(anon):    1230640 kB
Inactive(anon):    14536 kB
Active(file):     699336 kB
Inactive(file):  3436876 kB
Unevictable:        4164 kB
Mlocked:            4164 kB
SwapTotal:       1048572 kB
SwapFree:        1048572 kB
Dirty:                96 kB
Writeback:             0 kB
AnonPages:       1230676 kB
Mapped:           806396 kB
Shmem:             15636 kB
Slab:             197008 kB
SReclaimable:      56260 kB
SUnreclaim:       140748 kB
KernelStack:       40320 kB
PageTables:        49016 kB
NFS_Unstable:          0 kB
Bounce:                0 kB
WritebackTmp:          0 kB
CommitLimit:     7105828 kB
Committed_AS:   53180536 kB
VmallocTotal:   263061440 kB
VmallocUsed:       65384 kB
VmallocChunk:          0 kB
Percpu:             2336 kB
CmaTotal:         294912 kB
CmaFree:               0 kB
MemTotal:       12114512 kB
MemFree:         3323264 kB
MemAvailable:    8416024 kB
Buffers:            6340 kB
Cached:          4148740 kB
SwapCached:            0 kB
Active:          1929964 kB
Inactive:        3451356 kB
Active(anon):    1230628 kB
Inactive(anon):    14540 kB
Active(file):     699336 kB
Inactive(file):  3436816 kB
Unevictable:        4164 kB
Mlocked:            4164 kB
SwapTotal:       1048572 kB
SwapFree:        1048572 kB
Dirty:              4716 kB
Writeback:             0 kB
AnonPages:       1230412 kB
Mapped:           806400 kB
Shmem:             15640 kB
Slab:             197008 kB
SReclaimable:      56260 kB
SUnreclaim:       140748 kB
KernelStack:       40288 kB
PageTables:        49016 kB
NFS_Unstable:          0 kB
Bounce:                0 kB
WritebackTmp:          0 kB
CommitLimit:     7105828 kB
Committed_AS:   53180360 kB
VmallocTotal:   263061440 kB
VmallocUsed:       65368 kB
VmallocChunk:          0 kB
Percpu:             2336 kB
CmaTotal:         294912 kB
CmaFree:               0 kB
MemTotal:       12114512 kB
MemFree:         3323428 kB
MemAvailable:    8416376 kB
Buffers:            6340 kB
Cached:          4148940 kB
SwapCached:            0 kB
Active:          1930064 kB
Inactive:        3451544 kB
Active(anon):    1230728 kB
Inactive(anon):    14540 kB
Active(file):     699336 kB
Inactive(file):  3437004 kB
Unevictable:        4164 kB
Mlocked:            4164 kB
SwapTotal:       1048572 kB
SwapFree:        1048572 kB
Dirty:              4996 kB
Writeback:             0 kB
AnonPages:       1230768 kB
Mapped:           806476 kB
Shmem:             15640 kB
Slab:             197008 kB
SReclaimable:      56260 kB
SUnreclaim:       140748 kB
KernelStack:       40320 kB
PageTables:        49048 kB
NFS_Unstable:          0 kB
Bounce:                0 kB
WritebackTmp:          0 kB
CommitLimit:     7105828 kB
Committed_AS:   53180096 kB
VmallocTotal:   263061440 kB
VmallocUsed:       65352 kB
VmallocChunk:          0 kB
Percpu:             2336 kB
CmaTotal:         294912 kB
CmaFree:               0 kB
MemTotal:       12114512 kB
MemFree:         3322520 kB
MemAvailable:    8415468 kB
Buffers:            6340 kB
Cached:          4148940 kB
SwapCached:            0 kB
Active:          1930336 kB
Inactive:        3451544 kB
Active(anon):    1231000 kB
Inactive(anon):    14540 kB
Active(file):     699336 kB
Inactive(file):  3437004 kB
Unevictable:        4164 kB
Mlocked:            4164 kB
SwapTotal:       1048572 kB
SwapFree:        1048572 kB
Dirty:              4996 kB
Writeback:             0 kB
AnonPages:       1230488 kB
Mapped:           806608 kB
Shmem:             15640 kB
Slab:             197008 kB
SReclaimable:      56260 kB
SUnreclaim:       140748 kB
KernelStack:       40272 kB
PageTables:        48996 kB
NFS_Unstable:          0 kB
Bounce:                0 kB
WritebackTmp:          0 kB
CommitLimit:     7105828 kB
Committed_AS:   53175408 kB
VmallocTotal:   263061440 kB
VmallocUsed:       65352 kB
VmallocChunk:          0 kB
Percpu:             2336 kB
CmaTotal:         294912 kB
CmaFree:               0 kB
MemTotal:       12114512 kB
MemFree:         3322300 kB
MemAvailable:    8415248 kB
Buffers:            6340 kB
Cached:          4148940 kB
SwapCached:            0 kB
Active:          1930408 kB
Inactive:        3451544 kB
Active(anon):    1231072 kB
Inactive(anon):    14540 kB
Active(file):     699336 kB
Inactive(file):  3437004 kB
Unevictable:        4164 kB
Mlocked:            4164 kB
SwapTotal:       1048572 kB
SwapFree:        1048572 kB
Dirty:              4996 kB
Writeback:             0 kB
AnonPages:       1230788 kB
Mapped:           806476 kB
Shmem:             15640 kB
Slab:             197008 kB
SReclaimable:      56260 kB
SUnreclaim:       140748 kB
KernelStack:       40336 kB
PageTables:        49048 kB
NFS_Unstable:          0 kB
Bounce:                0 kB
WritebackTmp:          0 kB
CommitLimit:     7105828 kB
Committed_AS:   53178136 kB
VmallocTotal:   263061440 kB
VmallocUsed:       65336 kB
VmallocChunk:          0 kB
Percpu:             2336 kB
CmaTotal:         294912 kB
CmaFree:               0 kB
MemTotal:       12114512 kB
MemFree:         3322836 kB
MemAvailable:    8415784 kB
Buffers:            6340 kB
Cached:          4148888 kB
SwapCached:            0 kB
Active:          1930384 kB
Inactive:        3451544 kB
Active(anon):    1231048 kB
Inactive(anon):    14540 kB
Active(file):     699336 kB
Inactive(file):  3437004 kB
Unevictable:        4164 kB
Mlocked:            4164 kB
SwapTotal:       1048572 kB
SwapFree:        1048572 kB
Dirty:              5012 kB
Writeback:             0 kB
AnonPages:       1230896 kB
Mapped:           806344 kB
Shmem:             15588 kB
Slab:             197008 kB
SReclaimable:      56260 kB
SUnreclaim:       140748 kB
KernelStack:       40304 kB
PageTables:        48996 kB
NFS_Unstable:          0 kB
Bounce:                0 kB
WritebackTmp:          0 kB
CommitLimit:     7105828 kB
Committed_AS:   53187056 kB
VmallocTotal:   263061440 kB
VmallocUsed:       65336 kB
VmallocChunk:          0 kB
Percpu:             2336 kB
CmaTotal:         294912 kB
CmaFree:               0 kB
MemTotal:       12114512 kB
MemFree:         3322756 kB
MemAvailable:    8415744 kB
Buffers:            6344 kB
Cached:          4148976 kB
SwapCached:            0 kB
Active:          1930568 kB
Inactive:        3451576 kB
Active(anon):    1231224 kB
Inactive(anon):    14540 kB
Active(file):     699344 kB
Inactive(file):  3437036 kB
Unevictable:        4164 kB
Mlocked:            4164 kB
SwapTotal:       1048572 kB
SwapFree:        1048572 kB
Dirty:               144 kB
Writeback:            12 kB
AnonPages:       1230760 kB
Mapped:           806392 kB
Shmem:             15640 kB
Slab:             197008 kB
SReclaimable:      56260 kB
SUnreclaim:       140748 kB
KernelStack:       40288 kB
PageTables:        49012 kB
NFS_Unstable:          0 kB
Bounce:                0 kB
WritebackTmp:          0 kB
CommitLimit:     7105828 kB
Committed_AS:   53182852 kB
VmallocTotal:   263061440 kB
VmallocUsed:       65352 kB
VmallocChunk:          0 kB
Percpu:             2336 kB
CmaTotal:         294912 kB
CmaFree:               0 kB
MemTotal:       12114512 kB
MemFree:         3322988 kB
MemAvailable:    8415976 kB
Buffers:            6344 kB
Cached:          4148976 kB
SwapCached:            0 kB
Active:          1930380 kB
Inactive:        3451576 kB
Active(anon):    1231036 kB
Inactive(anon):    14540 kB
Active(file):     699344 kB
Inactive(file):  3437036 kB
Unevictable:        4164 kB
Mlocked:            4164 kB
SwapTotal:       1048572 kB
SwapFree:        1048572 kB
Dirty:               176 kB
Writeback:             0 kB
AnonPages:       1230916 kB
Mapped:           806400 kB
Shmem:             15640 kB
Slab:             197008 kB
SReclaimable:      56260 kB
SUnreclaim:       140748 kB
KernelStack:       40272 kB
PageTables:        49012 kB
NFS_Unstable:          0 kB
Bounce:                0 kB
WritebackTmp:          0 kB
CommitLimit:     7105828 kB
Committed_AS:   53181524 kB
VmallocTotal:   263061440 kB
VmallocUsed:       65352 kB
VmallocChunk:          0 kB
Percpu:             2336 kB
CmaTotal:         294912 kB
CmaFree:               0 kB
MemTotal:       12114512 kB
MemFree:         3322736 kB
MemAvailable:    8415724 kB
Buffers:            6344 kB
Cached:          4148976 kB
SwapCached:            0 kB
Active:          1930760 kB
Inactive:        3451576 kB
Active(anon):    1231416 kB
Inactive(anon):    14540 kB
Active(file):     699344 kB
Inactive(file):  3437036 kB
Unevictable:        4164 kB
Mlocked:            4164 kB
SwapTotal:       1048572 kB
SwapFree:        1048572 kB
Dirty:               176 kB
Writeback:             0 kB
AnonPages:       1231084 kB
Mapped:           806376 kB
Shmem:             15640 kB
Slab:             197008 kB
SReclaimable:      56260 kB
SUnreclaim:       140748 kB
KernelStack:       40288 kB
PageTables:        49004 kB
NFS_Unstable:          0 kB
Bounce:                0 kB
WritebackTmp:          0 kB
CommitLimit:     7105828 kB
Committed_AS:   53180724 kB
VmallocTotal:   263061440 kB
VmallocUsed:       65336 kB
VmallocChunk:          0 kB
Percpu:             2336 kB
CmaTotal:         294912 kB
CmaFree:               0 kB
MemTotal:       12114512 kB
MemFree:         3323060 kB
MemAvailable:    8416048 kB
Buffers:            6344 kB
Cached:          4148976 kB
SwapCached:            0 kB
Active:          1930908 kB
Inactive:        3451576 kB
Active(anon):    1231564 kB
Inactive(anon):    14540 kB
Active(file):     699344 kB
Inactive(file):  3437036 kB
Unevictable:        4164 kB
Mlocked:            4164 kB
SwapTotal:       1048572 kB
SwapFree:        1048572 kB
Dirty:               160 kB
Writeback:             0 kB
AnonPages:       1231332 kB
Mapped:           806184 kB
Shmem:             15640 kB
Slab:             197008 kB
SReclaimable:      56260 kB
SUnreclaim:       140748 kB
KernelStack:       40272 kB
PageTables:        49044 kB
NFS_Unstable:          0 kB
Bounce:                0 kB
WritebackTmp:          0 kB
CommitLimit:     7105828 kB
Committed_AS:   53180200 kB
VmallocTotal:   263061440 kB
VmallocUsed:       65336 kB
VmallocChunk:          0 kB
Percpu:             2336 kB
CmaTotal:         294912 kB
CmaFree:               0 kB
MemTotal:       12114512 kB
MemFree:         3322436 kB
MemAvailable:    8415424 kB
Buffers:            6344 kB
Cached:          4148976 kB
SwapCached:            0 kB
Active:          1931148 kB
Inactive:        3451576 kB
Active(anon):    1231804 kB
Inactive(anon):    14540 kB
Active(file):     699344 kB
Inactive(file):  3437036 kB
Unevictable:        4164 kB
Mlocked:            4164 kB
SwapTotal:       1048572 kB
SwapFree:        1048572 kB
Dirty:               160 kB
Writeback:             0 kB
AnonPages:       1231100 kB
Mapped:           806460 kB
Shmem:             15640 kB
Slab:             197008 kB
SReclaimable:      56260 kB
SUnreclaim:       140748 kB
KernelStack:       40272 kB
PageTables:        48980 kB
NFS_Unstable:          0 kB
Bounce:                0 kB
WritebackTmp:          0 kB
CommitLimit:     7105828 kB
Committed_AS:   53179752 kB
VmallocTotal:   263061440 kB
VmallocUsed:       65352 kB
VmallocChunk:          0 kB
Percpu:             2336 kB
CmaTotal:         294912 kB
CmaFree:               8 kB
MemTotal:       12114512 kB
MemFree:         3322416 kB
MemAvailable:    8415404 kB
Buffers:            6344 kB
Cached:          4148976 kB
SwapCached:            0 kB
Active:          1931148 kB
Inactive:        3451576 kB
Active(anon):    1231804 kB
Inactive(anon):    14540 kB
Active(file):     699344 kB
Inactive(file):  3437036 kB
Unevictable:        4164 kB
Mlocked:            4164 kB
SwapTotal:       1048572 kB
SwapFree:        1048572 kB
Dirty:               188 kB
Writeback:             0 kB
AnonPages:       1231692 kB
Mapped:           806624 kB
Shmem:             15640 kB
Slab:             197008 kB
SReclaimable:      56260 kB
SUnreclaim:       140748 kB
KernelStack:       40308 kB
PageTables:        48956 kB
NFS_Unstable:          0 kB
Bounce:                0 kB
WritebackTmp:          0 kB
CommitLimit:     7105828 kB
Committed_AS:   53179660 kB
VmallocTotal:   263061440 kB
VmallocUsed:       65336 kB
VmallocChunk:          0 kB
Percpu:             2336 kB
CmaTotal:         294912 kB
CmaFree:               0 kB
MemTotal:       12114512 kB
MemFree:         3322012 kB
MemAvailable:    8415000 kB
Buffers:            6348 kB
Cached:          4148972 kB
SwapCached:            0 kB
Active:          1931336 kB
Inactive:        3451576 kB
Active(anon):    1231992 kB
Inactive(anon):    14540 kB
Active(file):     699344 kB
Inactive(file):  3437036 kB
Unevictable:        4164 kB
Mlocked:            4164 kB
SwapTotal:       1048572 kB
SwapFree:        1048572 kB
Dirty:               188 kB
Writeback:             0 kB
AnonPages:       1231700 kB
Mapped:           806544 kB
Shmem:             15640 kB
Slab:             197008 kB
SReclaimable:      56260 kB
SUnreclaim:       140748 kB
KernelStack:       40288 kB
PageTables:        49040 kB
NFS_Unstable:          0 kB
Bounce:                0 kB
WritebackTmp:          0 kB
CommitLimit:     7105828 kB
Committed_AS:   53169660 kB
VmallocTotal:   263061440 kB
VmallocUsed:       65320 kB
VmallocChunk:          0 kB
Percpu:             2336 kB
CmaTotal:         294912 kB
CmaFree:               0 kB
MemTotal:       12114512 kB
MemFree:         3321892 kB
MemAvailable:    8414892 kB
Buffers:            6348 kB
Cached:          4148984 kB
SwapCached:            0 kB
Active:          1931376 kB
Inactive:        3451584 kB
Active(anon):    1232028 kB
Inactive(anon):    14540 kB
Active(file):     699348 kB
Inactive(file):  3437044 kB
Unevictable:        4164 kB
Mlocked:            4164 kB
SwapTotal:       1048572 kB
SwapFree:        1048572 kB
Dirty:               156 kB
Writeback:             0 kB
AnonPages:       1231752 kB
Mapped:           806556 kB
Shmem:             15640 kB
Slab:             197008 kB
SReclaimable:      56260 kB
SUnreclaim:       140748 kB
KernelStack:       40272 kB
PageTables:        49032 kB
NFS_Unstable:          0 kB
Bounce:                0 kB
WritebackTmp:          0 kB
CommitLimit:     7105828 kB
Committed_AS:   53176828 kB
VmallocTotal:   263061440 kB
VmallocUsed:       65352 kB
VmallocChunk:          0 kB
Percpu:             2336 kB
CmaTotal:         294912 kB
CmaFree:               0 kB
MemTotal:       12114512 kB
MemFree:         3321136 kB
MemAvailable:    8414136 kB
Buffers:            6348 kB
Cached:          4148984 kB
SwapCached:            0 kB
Active:          1931608 kB
Inactive:        3451584 kB
Active(anon):    1232260 kB
Inactive(anon):    14540 kB
Active(file):     699348 kB
Inactive(file):  3437044 kB
Unevictable:        4164 kB
Mlocked:            4164 kB
SwapTotal:       1048572 kB
SwapFree:        1048572 kB
Dirty:               132 kB
Writeback:             0 kB
AnonPages:       1232012 kB
Mapped:           806556 kB
Shmem:             15640 kB
Slab:             197008 kB
SReclaimable:      56260 kB
SUnreclaim:       140748 kB
KernelStack:       40272 kB
PageTables:        49028 kB
NFS_Unstable:          0 kB
Bounce:                0 kB
WritebackTmp:          0 kB
CommitLimit:     7105828 kB
Committed_AS:   53182808 kB
VmallocTotal:   263061440 kB
VmallocUsed:       65336 kB
VmallocChunk:          0 kB
Percpu:             2336 kB
CmaTotal:         294912 kB
CmaFree:               0 kB
MemTotal:       12114512 kB
MemFree:         3320856 kB
MemAvailable:    8413824 kB
Buffers:            6348 kB
Cached:          4148680 kB
SwapCached:            0 kB
Active:          1931780 kB
Inactive:        3451552 kB
Active(anon):    1232432 kB
Inactive(anon):    14540 kB
Active(file):     699348 kB
Inactive(file):  3437012 kB
Unevictable:        4164 kB
Mlocked:            4164 kB
SwapTotal:       1048572 kB
SwapFree:        1048572 kB
