MemTotal:       12114512 kB
MemFree:         7757952 kB
MemAvailable:    8811956 kB
Buffers:            3628 kB
Cached:          1200124 kB
SwapCached:            0 kB
Active:          1007524 kB
Inactive:        1075744 kB
Active(anon):     883484 kB
Inactive(anon):    13812 kB
Active(file):     124040 kB
Inactive(file):  1061932 kB
Unevictable:        4124 kB
Mlocked:            4124 kB
SwapTotal:       1048572 kB
SwapFree:        1048572 kB
Dirty:                60 kB
Writeback:             4 kB
AnonPages:        883548 kB
Mapped:           715268 kB
Shmem:             14524 kB
Slab:             179760 kB
SReclaimable:      45120 kB
SUnreclaim:       134640 kB
KernelStack:       37312 kB
PageTables:        51080 kB
NFS_Unstable:          0 kB
Bounce:                0 kB
WritebackTmp:          0 kB
CommitLimit:     7105828 kB
Committed_AS:   62703660 kB
VmallocTotal:   263061440 kB
VmallocUsed:       62324 kB
VmallocChunk:          0 kB
Percpu:             2240 kB
CmaTotal:         294912 kB
CmaFree:               0 kB
MemTotal:       12114512 kB
MemFree:         7759832 kB
MemAvailable:    8813960 kB
Buffers:            3628 kB
Cached:          1200156 kB
SwapCached:            0 kB
Active:          1006652 kB
Inactive:        1075732 kB
Active(anon):     882568 kB
Inactive(anon):    13812 kB
Active(file):     124084 kB
Inactive(file):  1061920 kB
Unevictable:        4124 kB
Mlocked:            4124 kB
SwapTotal:       1048572 kB
SwapFree:        1048572 kB
Dirty:                92 kB
Writeback:             0 kB
AnonPages:        883040 kB
Mapped:           715004 kB
Shmem:             14524 kB
Slab:             179732 kB
SReclaimable:      45304 kB
SUnreclaim:       134428 kB
KernelStack:       37328 kB
PageTables:        51092 kB
NFS_Unstable:          0 kB
Bounce:                0 kB
WritebackTmp:          0 kB
CommitLimit:     7105828 kB
Committed_AS:   62707396 kB
VmallocTotal:   263061440 kB
VmallocUsed:       62340 kB
VmallocChunk:          0 kB
Percpu:             2240 kB
CmaTotal:         294912 kB
CmaFree:               0 kB
MemTotal:       12114512 kB
MemFree:         7761656 kB
MemAvailable:    8815784 kB
Buffers:            3628 kB
Cached:          1200156 kB
SwapCached:            0 kB
Active:          1006860 kB
Inactive:        1075732 kB
Active(anon):     882776 kB
Inactive(anon):    13812 kB
Active(file):     124084 kB
Inactive(file):  1061920 kB
Unevictable:        4124 kB
Mlocked:            4124 kB
SwapTotal:       1048572 kB
SwapFree:        1048572 kB
Dirty:                52 kB
Writeback:             0 kB
AnonPages:        883136 kB
Mapped:           715080 kB
Shmem:             14524 kB
Slab:             179808 kB
SReclaimable:      45304 kB
SUnreclaim:       134504 kB
KernelStack:       37312 kB
PageTables:        51092 kB
NFS_Unstable:          0 kB
Bounce:                0 kB
WritebackTmp:          0 kB
CommitLimit:     7105828 kB
Committed_AS:   62707600 kB
VmallocTotal:   263061440 kB
VmallocUsed:       62356 kB
VmallocChunk:          0 kB
Percpu:             2240 kB
CmaTotal:         294912 kB
CmaFree:              52 kB
MemTotal:       12114512 kB
MemFree:         7759892 kB
MemAvailable:    8814020 kB
Buffers:            3628 kB
Cached:          1200156 kB
SwapCached:            0 kB
Active:          1006616 kB
Inactive:        1075716 kB
Active(anon):     882516 kB
Inactive(anon):    13812 kB
Active(file):     124100 kB
Inactive(file):  1061904 kB
Unevictable:        4124 kB
Mlocked:            4124 kB
SwapTotal:       1048572 kB
SwapFree:        1048572 kB
Dirty:                52 kB
Writeback:             0 kB
AnonPages:        883448 kB
Mapped:           715176 kB
Shmem:             14524 kB
Slab:             179844 kB
SReclaimable:      45304 kB
SUnreclaim:       134540 kB
KernelStack:       37376 kB
PageTables:        51260 kB
NFS_Unstable:          0 kB
Bounce:                0 kB
WritebackTmp:          0 kB
CommitLimit:     7105828 kB
Committed_AS:   62701676 kB
VmallocTotal:   263061440 kB
VmallocUsed:       62388 kB
VmallocChunk:          0 kB
Percpu:             2240 kB
CmaTotal:         294912 kB
CmaFree:              48 kB
MemTotal:       12114512 kB
MemFree:         7768388 kB
MemAvailable:    8838780 kB
Buffers:            3628 kB
Cached:          1200060 kB
SwapCached:            0 kB
Active:          1000600 kB
Inactive:        1075616 kB
Active(anon):     876492 kB
Inactive(anon):    13720 kB
Active(file):     124108 kB
Inactive(file):  1061896 kB
Unevictable:        4124 kB
Mlocked:            4124 kB
SwapTotal:       1048572 kB
SwapFree:        1048572 kB
Dirty:               100 kB
Writeback:             0 kB
AnonPages:        876448 kB
Mapped:           714924 kB
Shmem:             14428 kB
Slab:             179812 kB
SReclaimable:      45304 kB
SUnreclaim:       134508 kB
KernelStack:       37232 kB
PageTables:        51080 kB
NFS_Unstable:          0 kB
Bounce:                0 kB
WritebackTmp:          0 kB
CommitLimit:     7105828 kB
Committed_AS:   62686960 kB
VmallocTotal:   263061440 kB
VmallocUsed:       62260 kB
VmallocChunk:          0 kB
Percpu:             2240 kB
CmaTotal:         294912 kB
CmaFree:             148 kB
MemTotal:       12114512 kB
MemFree:         7709260 kB
MemAvailable:    8714540 kB
Buffers:            3628 kB
Cached:          1200536 kB
SwapCached:            0 kB
Active:          1042756 kB
Inactive:        1076056 kB
Active(anon):     918628 kB
Inactive(anon):    13704 kB
Active(file):     124128 kB
Inactive(file):  1062352 kB
Unevictable:        4124 kB
Mlocked:            4124 kB
SwapTotal:       1048572 kB
SwapFree:        1048572 kB
Dirty:               136 kB
Writeback:             0 kB
AnonPages:        918852 kB
Mapped:           743448 kB
Shmem:             14428 kB
Slab:             179812 kB
SReclaimable:      45288 kB
SUnreclaim:       134524 kB
KernelStack:       37424 kB
PageTables:        51416 kB
NFS_Unstable:          0 kB
Bounce:                0 kB
WritebackTmp:          0 kB
CommitLimit:     7105828 kB
Committed_AS:   62747568 kB
VmallocTotal:   263061440 kB
VmallocUsed:       62372 kB
VmallocChunk:          0 kB
Percpu:             2240 kB
CmaTotal:         294912 kB
CmaFree:               0 kB
MemTotal:       12114512 kB
MemFree:         7747388 kB
MemAvailable:    8752544 kB
Buffers:            3628 kB
Cached:          1200292 kB
SwapCached:            0 kB
Active:          1002888 kB
Inactive:        1075812 kB
Active(anon):     878760 kB
Inactive(anon):    13576 kB
Active(file):     124128 kB
Inactive(file):  1062236 kB
Unevictable:        4124 kB
Mlocked:            4124 kB
SwapTotal:       1048572 kB
SwapFree:        1048572 kB
Dirty:              5884 kB
Writeback:             0 kB
AnonPages:        878992 kB
Mapped:           743720 kB
Shmem:             14300 kB
Slab:             179820 kB
SReclaimable:      45268 kB
SUnreclaim:       134552 kB
KernelStack:       37408 kB
PageTables:        51280 kB
NFS_Unstable:          0 kB
Bounce:                0 kB
WritebackTmp:          0 kB
CommitLimit:     7105828 kB
Committed_AS:   62752568 kB
VmallocTotal:   263061440 kB
VmallocUsed:       62436 kB
VmallocChunk:          0 kB
Percpu:             2240 kB
CmaTotal:         294912 kB
CmaFree:              48 kB
MemTotal:       12114512 kB
MemFree:         7747236 kB
MemAvailable:    8752408 kB
Buffers:            3628 kB
Cached:          1200308 kB
SwapCached:            0 kB
Active:          1002996 kB
Inactive:        1075828 kB
Active(anon):     878868 kB
Inactive(anon):    13576 kB
Active(file):     124128 kB
Inactive(file):  1062252 kB
Unevictable:        4124 kB
Mlocked:            4124 kB
SwapTotal:       1048572 kB
SwapFree:        1048572 kB
Dirty:              5908 kB
Writeback:             0 kB
AnonPages:        879228 kB
Mapped:           743484 kB
Shmem:             14300 kB
Slab:             179820 kB
SReclaimable:      45268 kB
SUnreclaim:       134552 kB
KernelStack:       37376 kB
PageTables:        51244 kB
NFS_Unstable:          0 kB
Bounce:                0 kB
WritebackTmp:          0 kB
CommitLimit:     7105828 kB
Committed_AS:   62756444 kB
VmallocTotal:   263061440 kB
VmallocUsed:       62436 kB
VmallocChunk:          0 kB
Percpu:             2240 kB
CmaTotal:         294912 kB
CmaFree:               0 kB
MemTotal:       12114512 kB
MemFree:         7747516 kB
MemAvailable:    8752688 kB
Buffers:            3628 kB
Cached:          1200308 kB
SwapCached:            0 kB
Active:          1002720 kB
Inactive:        1075820 kB
Active(anon):     878584 kB
Inactive(anon):    13576 kB
Active(file):     124136 kB
Inactive(file):  1062244 kB
Unevictable:        4124 kB
Mlocked:            4124 kB
SwapTotal:       1048572 kB
SwapFree:        1048572 kB
Dirty:              5920 kB
Writeback:             0 kB
AnonPages:        878904 kB
Mapped:           743484 kB
Shmem:             14300 kB
Slab:             179836 kB
SReclaimable:      45268 kB
SUnreclaim:       134568 kB
KernelStack:       37360 kB
PageTables:        51244 kB
NFS_Unstable:          0 kB
Bounce:                0 kB
WritebackTmp:          0 kB
CommitLimit:     7105828 kB
Committed_AS:   62756100 kB
VmallocTotal:   263061440 kB
VmallocUsed:       62420 kB
VmallocChunk:          0 kB
Percpu:             2240 kB
CmaTotal:         294912 kB
CmaFree:              36 kB
MemTotal:       12114512 kB
MemFree:         7747744 kB
MemAvailable:    8752916 kB
Buffers:            3628 kB
Cached:          1200212 kB
SwapCached:            0 kB
Active:          1003124 kB
Inactive:        1075724 kB
Active(anon):     878988 kB
Inactive(anon):    13480 kB
Active(file):     124136 kB
Inactive(file):  1062244 kB
Unevictable:        4124 kB
Mlocked:            4124 kB
SwapTotal:       1048572 kB
SwapFree:        1048572 kB
Dirty:              5924 kB
Writeback:             0 kB
AnonPages:        879312 kB
Mapped:           743628 kB
Shmem:             14204 kB
Slab:             179872 kB
SReclaimable:      45268 kB
SUnreclaim:       134604 kB
KernelStack:       37360 kB
PageTables:        51292 kB
NFS_Unstable:          0 kB
Bounce:                0 kB
WritebackTmp:          0 kB
CommitLimit:     7105828 kB
Committed_AS:   62756368 kB
VmallocTotal:   263061440 kB
VmallocUsed:       62420 kB
VmallocChunk:          0 kB
Percpu:             2240 kB
CmaTotal:         294912 kB
CmaFree:               0 kB
MemTotal:       12114512 kB
MemFree:         7747448 kB
MemAvailable:    8752620 kB
Buffers:            3628 kB
Cached:          1200212 kB
SwapCached:            0 kB
Active:          1003112 kB
Inactive:        1075724 kB
Active(anon):     878976 kB
Inactive(anon):    13480 kB
Active(file):     124136 kB
Inactive(file):  1062244 kB
Unevictable:        4124 kB
Mlocked:            4124 kB
SwapTotal:       1048572 kB
SwapFree:        1048572 kB
Dirty:              5792 kB
Writeback:             0 kB
AnonPages:        879148 kB
Mapped:           743452 kB
Shmem:             14204 kB
Slab:             179868 kB
SReclaimable:      45268 kB
SUnreclaim:       134600 kB
KernelStack:       37360 kB
PageTables:        51276 kB
NFS_Unstable:          0 kB
Bounce:                0 kB
WritebackTmp:          0 kB
CommitLimit:     7105828 kB
Committed_AS:   62755776 kB
VmallocTotal:   263061440 kB
VmallocUsed:       62420 kB
VmallocChunk:          0 kB
Percpu:             2240 kB
CmaTotal:         294912 kB
CmaFree:               0 kB
MemTotal:       12114512 kB
MemFree:         7748228 kB
MemAvailable:    8754036 kB
Buffers:            3632 kB
Cached:          1200844 kB
SwapCached:            0 kB
Active:          1001976 kB
Inactive:        1076348 kB
Active(anon):     877828 kB
Inactive(anon):    13480 kB
Active(file):     124148 kB
Inactive(file):  1062868 kB
Unevictable:        4124 kB
Mlocked:            4124 kB
SwapTotal:       1048572 kB
SwapFree:        1048572 kB
Dirty:               156 kB
Writeback:             0 kB
AnonPages:        877808 kB
Mapped:           743532 kB
Shmem:             14204 kB
Slab:             179888 kB
SReclaimable:      45272 kB
SUnreclaim:       134616 kB
KernelStack:       37360 kB
PageTables:        51284 kB
NFS_Unstable:          0 kB
Bounce:                0 kB
WritebackTmp:          0 kB
CommitLimit:     7105828 kB
Committed_AS:   62750104 kB
VmallocTotal:   263061440 kB
VmallocUsed:       62404 kB
VmallocChunk:          0 kB
Percpu:             2240 kB
CmaTotal:         294912 kB
CmaFree:               0 kB
MemTotal:       12114512 kB
MemFree:         7748828 kB
MemAvailable:    8754636 kB
Buffers:            3632 kB
Cached:          1200844 kB
SwapCached:            0 kB
Active:          1002240 kB
Inactive:        1076348 kB
Active(anon):     878092 kB
Inactive(anon):    13480 kB
Active(file):     124148 kB
Inactive(file):  1062868 kB
Unevictable:        4124 kB
Mlocked:            4124 kB
SwapTotal:       1048572 kB
SwapFree:        1048572 kB
Dirty:               172 kB
Writeback:             0 kB
AnonPages:        878108 kB
Mapped:           743340 kB
Shmem:             14204 kB
Slab:             179888 kB
SReclaimable:      45272 kB
SUnreclaim:       134616 kB
KernelStack:       37328 kB
PageTables:        51240 kB
NFS_Unstable:          0 kB
Bounce:                0 kB
WritebackTmp:          0 kB
CommitLimit:     7105828 kB
Committed_AS:   62750248 kB
VmallocTotal:   263061440 kB
VmallocUsed:       62404 kB
VmallocChunk:          0 kB
Percpu:             2240 kB
CmaTotal:         294912 kB
CmaFree:               0 kB
MemTotal:       12114512 kB
MemFree:         7748836 kB
MemAvailable:    8754644 kB
Buffers:            3632 kB
Cached:          1200844 kB
SwapCached:            0 kB
Active:          1002576 kB
Inactive:        1076340 kB
Active(anon):     878420 kB
Inactive(anon):    13480 kB
Active(file):     124156 kB
Inactive(file):  1062860 kB
Unevictable:        4124 kB
Mlocked:            4124 kB
SwapTotal:       1048572 kB
SwapFree:        1048572 kB
Dirty:               172 kB
Writeback:             0 kB
AnonPages:        878608 kB
Mapped:           743556 kB
Shmem:             14204 kB
Slab:             179888 kB
SReclaimable:      45272 kB
SUnreclaim:       134616 kB
KernelStack:       37360 kB
PageTables:        51284 kB
NFS_Unstable:          0 kB
Bounce:                0 kB
WritebackTmp:          0 kB
CommitLimit:     7105828 kB
Committed_AS:   62755400 kB
VmallocTotal:   263061440 kB
VmallocUsed:       62404 kB
VmallocChunk:          0 kB
Percpu:             2240 kB
CmaTotal:         294912 kB
CmaFree:               0 kB
MemTotal:       12114512 kB
MemFree:         7748192 kB
MemAvailable:    8754000 kB
Buffers:            3632 kB
Cached:          1200844 kB
SwapCached:            0 kB
Active:          1002832 kB
Inactive:        1076332 kB
Active(anon):     878668 kB
Inactive(anon):    13480 kB
Active(file):     124164 kB
Inactive(file):  1062852 kB
Unevictable:        4124 kB
Mlocked:            4124 kB
SwapTotal:       1048572 kB
SwapFree:        1048572 kB
Dirty:               172 kB
Writeback:             0 kB
AnonPages:        878752 kB
Mapped:           743336 kB
Shmem:             14204 kB
Slab:             179904 kB
SReclaimable:      45272 kB
SUnreclaim:       134632 kB
KernelStack:       37376 kB
PageTables:        51236 kB
NFS_Unstable:          0 kB
Bounce:                0 kB
WritebackTmp:          0 kB
CommitLimit:     7105828 kB
Committed_AS:   62755736 kB
VmallocTotal:   263061440 kB
VmallocUsed:       62388 kB
VmallocChunk:          0 kB
Percpu:             2240 kB
CmaTotal:         294912 kB
CmaFree:             108 kB
MemTotal:       12114512 kB
MemFree:         7748080 kB
MemAvailable:    8753888 kB
Buffers:            3632 kB
Cached:          1200844 kB
SwapCached:            0 kB
Active:          1002864 kB
Inactive:        1076332 kB
Active(anon):     878700 kB
Inactive(anon):    13480 kB
Active(file):     124164 kB
Inactive(file):  1062852 kB
Unevictable:        4124 kB
Mlocked:            4124 kB
SwapTotal:       1048572 kB
SwapFree:        1048572 kB
Dirty:               168 kB
Writeback:             0 kB
AnonPages:        878716 kB
Mapped:           743432 kB
Shmem:             14204 kB
Slab:             179916 kB
SReclaimable:      45272 kB
SUnreclaim:       134644 kB
KernelStack:       37344 kB
PageTables:        51220 kB
NFS_Unstable:          0 kB
Bounce:                0 kB
WritebackTmp:          0 kB
CommitLimit:     7105828 kB
Committed_AS:   62755788 kB
VmallocTotal:   263061440 kB
VmallocUsed:       62388 kB
VmallocChunk:          0 kB
Percpu:             2240 kB
CmaTotal:         294912 kB
CmaFree:              48 kB
MemTotal:       12114512 kB
MemFree:         7747436 kB
MemAvailable:    8753252 kB
Buffers:            3632 kB
Cached:          1200852 kB
SwapCached:            0 kB
Active:          1003568 kB
Inactive:        1076332 kB
Active(anon):     879396 kB
Inactive(anon):    13480 kB
Active(file):     124172 kB
Inactive(file):  1062852 kB
Unevictable:        4124 kB
Mlocked:            4124 kB
SwapTotal:       1048572 kB
SwapFree:        1048572 kB
Dirty:               176 kB
Writeback:             0 kB
AnonPages:        879544 kB
Mapped:           743340 kB
Shmem:             14204 kB
Slab:             179932 kB
SReclaimable:      45272 kB
SUnreclaim:       134660 kB
KernelStack:       37344 kB
PageTables:        51236 kB
NFS_Unstable:          0 kB
Bounce:                0 kB
WritebackTmp:          0 kB
CommitLimit:     7105828 kB
Committed_AS:   62755232 kB
VmallocTotal:   263061440 kB
VmallocUsed:       62388 kB
VmallocChunk:          0 kB
Percpu:             2240 kB
CmaTotal:         294912 kB
CmaFree:              12 kB
MemTotal:       12114512 kB
MemFree:         7747472 kB
MemAvailable:    8753296 kB
Buffers:            3636 kB
Cached:          1200856 kB
SwapCached:            0 kB
Active:          1003544 kB
Inactive:        1076340 kB
Active(anon):     879372 kB
Inactive(anon):    13480 kB
Active(file):     124172 kB
Inactive(file):  1062860 kB
Unevictable:        4124 kB
Mlocked:            4124 kB
SwapTotal:       1048572 kB
SwapFree:        1048572 kB
Dirty:               140 kB
Writeback:             0 kB
AnonPages:        879620 kB
Mapped:           743508 kB
Shmem:             14204 kB
Slab:             179928 kB
SReclaimable:      45272 kB
SUnreclaim:       134656 kB
KernelStack:       37360 kB
PageTables:        51284 kB
NFS_Unstable:          0 kB
Bounce:                0 kB
WritebackTmp:          0 kB
CommitLimit:     7105828 kB
Committed_AS:   62754932 kB
VmallocTotal:   263061440 kB
VmallocUsed:       62404 kB
VmallocChunk:          0 kB
Percpu:             2240 kB
CmaTotal:         294912 kB
CmaFree:               0 kB
MemTotal:       12114512 kB
MemFree:         7745904 kB
MemAvailable:    8751728 kB
Buffers:            3636 kB
Cached:          1200856 kB
SwapCached:            0 kB
Active:          1003876 kB
Inactive:        1076340 kB
Active(anon):     879704 kB
Inactive(anon):    13480 kB
Active(file):     124172 kB
Inactive(file):  1062860 kB
Unevictable:        4124 kB
Mlocked:            4124 kB
SwapTotal:       1048572 kB
SwapFree:        1048572 kB
Dirty:               136 kB
Writeback:             0 kB
AnonPages:        879556 kB
Mapped:           743344 kB
Shmem:             14204 kB
Slab:             179948 kB
SReclaimable:      45272 kB
SUnreclaim:       134676 kB
KernelStack:       37328 kB
PageTables:        51240 kB
NFS_Unstable:          0 kB
Bounce:                0 kB
WritebackTmp:          0 kB
CommitLimit:     7105828 kB
Committed_AS:   62754492 kB
VmallocTotal:   263061440 kB
VmallocUsed:       62404 kB
VmallocChunk:          0 kB
Percpu:             2240 kB
CmaTotal:         294912 kB
CmaFree:             112 kB
MemTotal:       12114512 kB
MemFree:         7745468 kB
MemAvailable:    8751300 kB
Buffers:            3636 kB
Cached:          1200764 kB
SwapCached:            0 kB
Active:          1004568 kB
Inactive:        1076248 kB
Active(anon):     880396 kB
Inactive(anon):    13384 kB
Active(file):     124172 kB
Inactive(file):  1062864 kB
Unevictable:        4124 kB
Mlocked:            4124 kB
SwapTotal:       1048572 kB
SwapFree:        1048572 kB
Dirty:               152 kB
Writeback:            16 kB
AnonPages:        880600 kB
Mapped:           743596 kB
Shmem:             14108 kB
Slab:             179908 kB
SReclaimable:      45276 kB
SUnreclaim:       134632 kB
KernelStack:       37424 kB
PageTables:        51380 kB
NFS_Unstable:          0 kB
Bounce:                0 kB
WritebackTmp:          0 kB
CommitLimit:     7105828 kB
Committed_AS:   62754832 kB
VmallocTotal:   263061440 kB
VmallocUsed:       62372 kB
VmallocChunk:          0 kB
Percpu:             2240 kB
CmaTotal:         294912 kB
CmaFree:              80 kB
MemTotal:       12114512 kB
MemFree:         7745588 kB
MemAvailable:    8751420 kB
Buffers:            3636 kB
Cached:          1200860 kB
SwapCached:            0 kB
Active:          1003412 kB
Inactive:        1076344 kB
Active(anon):     879240 kB
Inactive(anon):    13480 kB
Active(file):     124172 kB
Inactive(file):  1062864 kB
Unevictable:        4124 kB
Mlocked:            4124 kB
SwapTotal:       1048572 kB
SwapFree:        1048572 kB
Dirty:               156 kB
Writeback:             0 kB
AnonPages:        879368 kB
Mapped:           743536 kB
Shmem:             14204 kB
Slab:             179960 kB
SReclaimable:      45276 kB
SUnreclaim:       134684 kB
KernelStack:       37364 kB
PageTables:        51176 kB
NFS_Unstable:          0 kB
Bounce:                0 kB
WritebackTmp:          0 kB
CommitLimit:     7105828 kB
Committed_AS:   62749712 kB
VmallocTotal:   263061440 kB
VmallocUsed:       62372 kB
VmallocChunk:          0 kB
Percpu:             2240 kB
CmaTotal:         294912 kB
CmaFree:               0 kB
MemTotal:       12114512 kB
MemFree:         7747020 kB
MemAvailable:    8752852 kB
Buffers:            3636 kB
Cached:          1200860 kB
SwapCached:            0 kB
Active:          1003352 kB
Inactive:        1076344 kB
Active(anon):     879180 kB
Inactive(anon):    13480 kB
Active(file):     124172 kB
Inactive(file):  1062864 kB
Unevictable:        4124 kB
Mlocked:            4124 kB
SwapTotal:       1048572 kB
SwapFree:        1048572 kB
Dirty:               148 kB
Writeback:             0 kB
AnonPages:        879356 kB
Mapped:           743452 kB
Shmem:             14204 kB
Slab:             179872 kB
SReclaimable:      45276 kB
SUnreclaim:       134596 kB
KernelStack:       37408 kB
PageTables:        51336 kB
NFS_Unstable:          0 kB
Bounce:                0 kB
WritebackTmp:          0 kB
CommitLimit:     7105828 kB
Committed_AS:   62749888 kB
VmallocTotal:   263061440 kB
VmallocUsed:       62388 kB
VmallocChunk:          0 kB
Percpu:             2240 kB
CmaTotal:         294912 kB
CmaFree:              24 kB
MemTotal:       12114512 kB
MemFree:         7746396 kB
MemAvailable:    8752236 kB
Buffers:            3636 kB
Cached:          1200868 kB
SwapCached:            0 kB
Active:          1003572 kB
Inactive:        1076348 kB
Active(anon):     879396 kB
Inactive(anon):    13480 kB
Active(file):     124176 kB
Inactive(file):  1062868 kB
Unevictable:        4124 kB
Mlocked:            4124 kB
SwapTotal:       1048572 kB
SwapFree:        1048572 kB
Dirty:               156 kB
Writeback:             0 kB
AnonPages:        879244 kB
Mapped:           743388 kB
Shmem:             14204 kB
Slab:             179956 kB
SReclaimable:      45276 kB
SUnreclaim:       134680 kB
KernelStack:       37376 kB
PageTables:        51284 kB
NFS_Unstable:          0 kB
Bounce:                0 kB
WritebackTmp:          0 kB
CommitLimit:     7105828 kB
Committed_AS:   62750196 kB
VmallocTotal:   263061440 kB
VmallocUsed:       62392 kB
VmallocChunk:          0 kB
Percpu:             2240 kB
CmaTotal:         294912 kB
CmaFree:               0 kB
MemTotal:       12114512 kB
MemFree:         7746880 kB
MemAvailable:    8752704 kB
Buffers:            3636 kB
Cached:          1200852 kB
SwapCached:            0 kB
Active:          1003312 kB
Inactive:        1076340 kB
Active(anon):     879144 kB
Inactive(anon):    13480 kB
Active(file):     124168 kB
Inactive(file):  1062860 kB
Unevictable:        4124 kB
Mlocked:            4124 kB
SwapTotal:       1048572 kB
SwapFree:        1048572 kB
Dirty:               148 kB
Writeback:            12 kB
AnonPages:        879428 kB
Mapped:           743556 kB
Shmem:             14204 kB
Slab:             179912 kB
SReclaimable:      45276 kB
SUnreclaim:       134636 kB
KernelStack:       37408 kB
PageTables:        51332 kB
NFS_Unstable:          0 kB
Bounce:                0 kB
WritebackTmp:          0 kB
CommitLimit:     7105828 kB
Committed_AS:   62749888 kB
VmallocTotal:   263061440 kB
VmallocUsed:       62404 kB
VmallocChunk:          0 kB
Percpu:             2240 kB
CmaTotal:         294912 kB
CmaFree:               0 kB
MemTotal:       12114512 kB
MemFree:         7746016 kB
MemAvailable:    8751856 kB
Buffers:            3636 kB
Cached:          1200868 kB
SwapCached:            0 kB
Active:          1004728 kB
Inactive:        1076348 kB
Active(anon):     880552 kB
Inactive(anon):    13480 kB
Active(file):     124176 kB
Inactive(file):  1062868 kB
Unevictable:        4124 kB
Mlocked:            4124 kB
SwapTotal:       1048572 kB
SwapFree:        1048572 kB
Dirty:               164 kB
Writeback:             0 kB
AnonPages:        880828 kB
Mapped:           743628 kB
Shmem:             14204 kB
Slab:             179960 kB
SReclaimable:      45276 kB
SUnreclaim:       134684 kB
KernelStack:       37444 kB
PageTables:        51192 kB
NFS_Unstable:          0 kB
Bounce:                0 kB
WritebackTmp:          0 kB
CommitLimit:     7105828 kB
Committed_AS:   62755452 kB
VmallocTotal:   263061440 kB
VmallocUsed:       62468 kB
VmallocChunk:          0 kB
Percpu:             2240 kB
CmaTotal:         294912 kB
CmaFree:             100 kB
MemTotal:       12114512 kB
MemFree:         7745884 kB
MemAvailable:    8751716 kB
Buffers:            3636 kB
Cached:          1200860 kB
SwapCached:            0 kB
Active:          1004732 kB
Inactive:        1076344 kB
Active(anon):     880560 kB
Inactive(anon):    13480 kB
Active(file):     124172 kB
Inactive(file):  1062864 kB
Unevictable:        4124 kB
Mlocked:            4124 kB
SwapTotal:       1048572 kB
SwapFree:        1048572 kB
Dirty:               120 kB
Writeback:             0 kB
AnonPages:        880756 kB
Mapped:           743584 kB
Shmem:             14204 kB
Slab:             179924 kB
SReclaimable:      45276 kB
SUnreclaim:       134648 kB
KernelStack:       37472 kB
PageTables:        51284 kB
NFS_Unstable:          0 kB
Bounce:                0 kB
WritebackTmp:          0 kB
CommitLimit:     7105828 kB
Committed_AS:   62755100 kB
VmallocTotal:   263061440 kB
VmallocUsed:       62468 kB
VmallocChunk:          0 kB
Percpu:             2240 kB
CmaTotal:         294912 kB
CmaFree:               0 kB
MemTotal:       12114512 kB
MemFree:         7745304 kB
MemAvailable:    8751136 kB
Buffers:            3636 kB
Cached:          1200860 kB
SwapCached:            0 kB
Active:          1005328 kB
Inactive:        1076344 kB
Active(anon):     881156 kB
Inactive(anon):    13480 kB
Active(file):     124172 kB
Inactive(file):  1062864 kB
Unevictable:        4124 kB
Mlocked:            4124 kB
SwapTotal:       1048572 kB
SwapFree:        1048572 kB
Dirty:               120 kB
Writeback:             0 kB
AnonPages:        880692 kB
Mapped:           743396 kB
Shmem:             14204 kB
Slab:             179944 kB
SReclaimable:      45276 kB
SUnreclaim:       134668 kB
KernelStack:       37428 kB
PageTables:        51188 kB
NFS_Unstable:          0 kB
Bounce:                0 kB
WritebackTmp:          0 kB
CommitLimit:     7105828 kB
Committed_AS:   62755516 kB
VmallocTotal:   263061440 kB
VmallocUsed:       62484 kB
VmallocChunk:          0 kB
Percpu:             2240 kB
CmaTotal:         294912 kB
CmaFree:             116 kB
MemTotal:       12114512 kB
MemFree:         7745128 kB
MemAvailable:    8750960 kB
Buffers:            3636 kB
Cached:          1200864 kB
SwapCached:            0 kB
Active:          1005176 kB
Inactive:        1076348 kB
Active(anon):     881004 kB
Inactive(anon):    13484 kB
Active(file):     124172 kB
Inactive(file):  1062864 kB
Unevictable:        4124 kB
Mlocked:            4124 kB
SwapTotal:       1048572 kB
SwapFree:        1048572 kB
Dirty:               120 kB
Writeback:             0 kB
AnonPages:        881384 kB
Mapped:           743464 kB
Shmem:             14208 kB
Slab:             179924 kB
SReclaimable:      45276 kB
SUnreclaim:       134648 kB
KernelStack:       37504 kB
PageTables:        51252 kB
NFS_Unstable:          0 kB
Bounce:                0 kB
WritebackTmp:          0 kB
CommitLimit:     7105828 kB
Committed_AS:   62759288 kB
VmallocTotal:   263061440 kB
VmallocUsed:       62532 kB
VmallocChunk:          0 kB
Percpu:             2240 kB
CmaTotal:         294912 kB
CmaFree:               0 kB
MemTotal:       12114512 kB
MemFree:         7739100 kB
MemAvailable:    8744932 kB
Buffers:            3636 kB
Cached:          1205216 kB
SwapCached:            0 kB
Active:          1005328 kB
Inactive:        1080700 kB
Active(anon):     881156 kB
Inactive(anon):    17836 kB
Active(file):     124172 kB
Inactive(file):  1062864 kB
Unevictable:        4124 kB
Mlocked:            4124 kB
SwapTotal:       1048572 kB
SwapFree:        1048572 kB
Dirty:               136 kB
Writeback:             0 kB
AnonPages:        881292 kB
Mapped:           748132 kB
Shmem:             18560 kB
Slab:             179948 kB
SReclaimable:      45276 kB
SUnreclaim:       134672 kB
KernelStack:       37456 kB
PageTables:        51296 kB
NFS_Unstable:          0 kB
Bounce:                0 kB
WritebackTmp:          0 kB
CommitLimit:     7105828 kB
Committed_AS:   62766152 kB
VmallocTotal:   263061440 kB
VmallocUsed:       62516 kB
VmallocChunk:          0 kB
Percpu:             2240 kB
CmaTotal:         294912 kB
CmaFree:               0 kB
MemTotal:       12114512 kB
MemFree:         7744796 kB
MemAvailable:    8750636 kB
Buffers:            3636 kB
Cached:          1200928 kB
SwapCached:            0 kB
Active:          1005576 kB
Inactive:        1076408 kB
Active(anon):     881400 kB
Inactive(anon):    13540 kB
Active(file):     124176 kB
Inactive(file):  1062868 kB
Unevictable:        4124 kB
Mlocked:            4124 kB
SwapTotal:       1048572 kB
SwapFree:        1048572 kB
Dirty:               140 kB
Writeback:             8 kB
AnonPages:        881256 kB
Mapped:           743600 kB
Shmem:             14264 kB
Slab:             180168 kB
SReclaimable:      45276 kB
SUnreclaim:       134892 kB
KernelStack:       37472 kB
PageTables:        51280 kB
NFS_Unstable:          0 kB
Bounce:                0 kB
WritebackTmp:          0 kB
CommitLimit:     7105828 kB
Committed_AS:   62760712 kB
VmallocTotal:   263061440 kB
VmallocUsed:       62500 kB
VmallocChunk:          0 kB
Percpu:             2240 kB
CmaTotal:         294912 kB
CmaFree:               0 kB
MemTotal:       12114512 kB
MemFree:         7744228 kB
MemAvailable:    8750060 kB
Buffers:            3636 kB
Cached:          1200864 kB
SwapCached:            0 kB
Active:          1005720 kB
Inactive:        1076348 kB
Active(anon):     881548 kB
Inactive(anon):    13484 kB
Active(file):     124172 kB
Inactive(file):  1062864 kB
Unevictable:        4124 kB
Mlocked:            4124 kB
SwapTotal:       1048572 kB
SwapFree:        1048572 kB
Dirty:               160 kB
Writeback:             0 kB
AnonPages:        882084 kB
Mapped:           743428 kB
Shmem:             14208 kB
Slab:             179984 kB
SReclaimable:      45276 kB
SUnreclaim:       134708 kB
KernelStack:       37472 kB
PageTables:        51256 kB
NFS_Unstable:          0 kB
Bounce:                0 kB
WritebackTmp:          0 kB
CommitLimit:     7105828 kB
Committed_AS:   62765668 kB
VmallocTotal:   263061440 kB
VmallocUsed:       62500 kB
VmallocChunk:          0 kB
Percpu:             2240 kB
CmaTotal:         294912 kB
CmaFree:               0 kB
MemTotal:       12114512 kB
MemFree:         7744924 kB
MemAvailable:    8750756 kB
Buffers:            3636 kB
Cached:          1200864 kB
SwapCached:            0 kB
Active:          1005900 kB
Inactive:        1076348 kB
Active(anon):     881728 kB
Inactive(anon):    13484 kB
Active(file):     124172 kB
Inactive(file):  1062864 kB
Unevictable:        4124 kB
Mlocked:            4124 kB
SwapTotal:       1048572 kB
SwapFree:        1048572 kB
Dirty:               120 kB
Writeback:             0 kB
AnonPages:        881896 kB
Mapped:           743492 kB
Shmem:             14208 kB
Slab:             179984 kB
SReclaimable:      45276 kB
SUnreclaim:       134708 kB
KernelStack:       37440 kB
PageTables:        51272 kB
NFS_Unstable:          0 kB
Bounce:                0 kB
WritebackTmp:          0 kB
CommitLimit:     7105828 kB
Committed_AS:   62766060 kB
VmallocTotal:   263061440 kB
VmallocUsed:       62468 kB
VmallocChunk:          0 kB
Percpu:             2240 kB
CmaTotal:         294912 kB
CmaFree:               0 kB
MemTotal:       12114512 kB
MemFree:         7745200 kB
MemAvailable:    8751024 kB
Buffers:            3636 kB
Cached:          1200856 kB
SwapCached:            0 kB
Active:          1005264 kB
Inactive:        1076344 kB
Active(anon):     881096 kB
Inactive(anon):    13484 kB
Active(file):     124168 kB
Inactive(file):  1062860 kB
Unevictable:        4124 kB
Mlocked:            4124 kB
SwapTotal:       1048572 kB
SwapFree:        1048572 kB
Dirty:               128 kB
Writeback:             0 kB
AnonPages:        881336 kB
Mapped:           743496 kB
Shmem:             14208 kB
Slab:             180028 kB
SReclaimable:      45276 kB
SUnreclaim:       134752 kB
KernelStack:       37456 kB
PageTables:        51276 kB
NFS_Unstable:          0 kB
Bounce:                0 kB
WritebackTmp:          0 kB
CommitLimit:     7105828 kB
Committed_AS:   62765752 kB
VmallocTotal:   263061440 kB
VmallocUsed:       62468 kB
VmallocChunk:          0 kB
Percpu:             2240 kB
CmaTotal:         294912 kB
CmaFree:             216 kB
MemTotal:       12114512 kB
MemFree:         7745960 kB
MemAvailable:    8751792 kB
Buffers:            3636 kB
Cached:          1200864 kB
SwapCached:            0 kB
Active:          1005700 kB
Inactive:        1076348 kB
Active(anon):     881528 kB
Inactive(anon):    13484 kB
Active(file):     124172 kB
Inactive(file):  1062864 kB
Unevictable:        4124 kB
Mlocked:            4124 kB
SwapTotal:       1048572 kB
SwapFree:        1048572 kB
Dirty:               172 kB
Writeback:             0 kB
AnonPages:        881908 kB
Mapped:           743508 kB
Shmem:             14208 kB
Slab:             179976 kB
SReclaimable:      45276 kB
SUnreclaim:       134700 kB
KernelStack:       37440 kB
PageTables:        51292 kB
NFS_Unstable:          0 kB
Bounce:                0 kB
WritebackTmp:          0 kB
CommitLimit:     7105828 kB
Committed_AS:   62765444 kB
VmallocTotal:   263061440 kB
VmallocUsed:       62468 kB
VmallocChunk:          0 kB
Percpu:             2240 kB
CmaTotal:         294912 kB
CmaFree:               0 kB
MemTotal:       12114512 kB
MemFree:         7744180 kB
MemAvailable:    8750028 kB
Buffers:            3636 kB
Cached:          1200864 kB
SwapCached:            0 kB
Active:          1006328 kB
Inactive:        1076348 kB
Active(anon):     882156 kB
Inactive(anon):    13484 kB
Active(file):     124172 kB
Inactive(file):  1062864 kB
Unevictable:        4124 kB
Mlocked:            4124 kB
SwapTotal:       1048572 kB
SwapFree:        1048572 kB
Dirty:               176 kB
Writeback:             0 kB
AnonPages:        882448 kB
Mapped:           743456 kB
Shmem:             14208 kB
Slab:             180032 kB
SReclaimable:      45308 kB
SUnreclaim:       134724 kB
KernelStack:       37408 kB
PageTables:        51264 kB
NFS_Unstable:          0 kB
Bounce:                0 kB
WritebackTmp:          0 kB
CommitLimit:     7105828 kB
Committed_AS:   62765224 kB
VmallocTotal:   263061440 kB
VmallocUsed:       62468 kB
VmallocChunk:          0 kB
Percpu:             2240 kB
CmaTotal:         294912 kB
CmaFree:               0 kB
MemTotal:       12114512 kB
MemFree:         7763208 kB
MemAvailable:    8769056 kB
Buffers:            3636 kB
Cached:          1200864 kB
SwapCached:            0 kB
Active:           986528 kB
Inactive:        1076348 kB
Active(anon):     862356 kB
Inactive(anon):    13484 kB
Active(file):     124172 kB
Inactive(file):  1062864 kB
Unevictable:        4124 kB
Mlocked:            4124 kB
SwapTotal:       1048572 kB
SwapFree:        1048572 kB
Dirty:               112 kB
Writeback:             0 kB
AnonPages:        862300 kB
Mapped:           743516 kB
Shmem:             14208 kB
Slab:             180092 kB
SReclaimable:      45308 kB
SUnreclaim:       134784 kB
KernelStack:       37456 kB
PageTables:        51368 kB
NFS_Unstable:          0 kB
Bounce:                0 kB
WritebackTmp:          0 kB
CommitLimit:     7105828 kB
Committed_AS:   62760660 kB
VmallocTotal:   263061440 kB
VmallocUsed:       62484 kB
VmallocChunk:          0 kB
Percpu:             2240 kB
CmaTotal:         294912 kB
CmaFree:             196 kB
MemTotal:       12114512 kB
MemFree:         7762784 kB
MemAvailable:    8768632 kB
Buffers:            3636 kB
Cached:          1200868 kB
SwapCached:            0 kB
Active:           986616 kB
Inactive:        1076352 kB
Active(anon):     862444 kB
Inactive(anon):    13488 kB
Active(file):     124172 kB
Inactive(file):  1062864 kB
Unevictable:        4124 kB
Mlocked:            4124 kB
SwapTotal:       1048572 kB
SwapFree:        1048572 kB
Dirty:               124 kB
Writeback:            16 kB
AnonPages:        862792 kB
Mapped:           743472 kB
Shmem:             14212 kB
Slab:             179984 kB
SReclaimable:      45308 kB
SUnreclaim:       134676 kB
KernelStack:       37392 kB
PageTables:        51272 kB
NFS_Unstable:          0 kB
Bounce:                0 kB
WritebackTmp:          0 kB
CommitLimit:     7105828 kB
Committed_AS:   62760264 kB
VmallocTotal:   263061440 kB
VmallocUsed:       62468 kB
VmallocChunk:          0 kB
Percpu:             2240 kB
CmaTotal:         294912 kB
CmaFree:             128 kB
MemTotal:       12114512 kB
MemFree:         7763888 kB
MemAvailable:    8769736 kB
Buffers:            3636 kB
Cached:          1200868 kB
SwapCached:            0 kB
Active:           986744 kB
Inactive:        1076352 kB
Active(anon):     862572 kB
Inactive(anon):    13488 kB
Active(file):     124172 kB
Inactive(file):  1062864 kB
Unevictable:        4124 kB
Mlocked:            4124 kB
SwapTotal:       1048572 kB
SwapFree:        1048572 kB
Dirty:               152 kB
Writeback:             0 kB
AnonPages:        862808 kB
Mapped:           743620 kB
Shmem:             14212 kB
Slab:             180032 kB
SReclaimable:      45308 kB
SUnreclaim:       134724 kB
KernelStack:       37424 kB
PageTables:        51300 kB
NFS_Unstable:          0 kB
Bounce:                0 kB
WritebackTmp:          0 kB
CommitLimit:     7105828 kB
Committed_AS:   62759912 kB
VmallocTotal:   263061440 kB
VmallocUsed:       62468 kB
VmallocChunk:          0 kB
Percpu:             2240 kB
CmaTotal:         294912 kB
CmaFree:               0 kB
MemTotal:       12114512 kB
MemFree:         7763736 kB
MemAvailable:    8769584 kB
Buffers:            3636 kB
Cached:          1200868 kB
SwapCached:            0 kB
Active:           986904 kB
Inactive:        1076352 kB
Active(anon):     862732 kB
Inactive(anon):    13488 kB
Active(file):     124172 kB
Inactive(file):  1062864 kB
Unevictable:        4124 kB
Mlocked:            4124 kB
SwapTotal:       1048572 kB
SwapFree:        1048572 kB
Dirty:               156 kB
Writeback:             0 kB
AnonPages:        862988 kB
Mapped:           743472 kB
Shmem:             14212 kB
Slab:             180024 kB
SReclaimable:      45308 kB
SUnreclaim:       134716 kB
KernelStack:       37428 kB
PageTables:        51268 kB
NFS_Unstable:          0 kB
Bounce:                0 kB
WritebackTmp:          0 kB
CommitLimit:     7105828 kB
Committed_AS:   62759824 kB
VmallocTotal:   263061440 kB
VmallocUsed:       62468 kB
VmallocChunk:          0 kB
Percpu:             2240 kB
CmaTotal:         294912 kB
CmaFree:              88 kB
MemTotal:       12114512 kB
MemFree:         7763188 kB
MemAvailable:    8769036 kB
Buffers:            3636 kB
Cached:          1200772 kB
SwapCached:            0 kB
Active:           987240 kB
Inactive:        1076256 kB
Active(anon):     863068 kB
Inactive(anon):    13392 kB
Active(file):     124172 kB
Inactive(file):  1062864 kB
Unevictable:        4124 kB
Mlocked:            4124 kB
SwapTotal:       1048572 kB
SwapFree:        1048572 kB
Dirty:               160 kB
Writeback:             0 kB
AnonPages:        863380 kB
Mapped:           743364 kB
Shmem:             14116 kB
Slab:             180020 kB
SReclaimable:      45308 kB
SUnreclaim:       134712 kB
KernelStack:       37360 kB
PageTables:        51264 kB
NFS_Unstable:          0 kB
Bounce:                0 kB
WritebackTmp:          0 kB
CommitLimit:     7105828 kB
Committed_AS:   62759516 kB
VmallocTotal:   263061440 kB
VmallocUsed:       62436 kB
VmallocChunk:          0 kB
Percpu:             2240 kB
CmaTotal:         294912 kB
CmaFree:               0 kB
MemTotal:       12114512 kB
MemFree:         7762956 kB
MemAvailable:    8768804 kB
Buffers:            3636 kB
Cached:          1200772 kB
SwapCached:            0 kB
Active:           987488 kB
Inactive:        1076256 kB
Active(anon):     863316 kB
Inactive(anon):    13392 kB
Active(file):     124172 kB
Inactive(file):  1062864 kB
Unevictable:        4124 kB
Mlocked:            4124 kB
SwapTotal:       1048572 kB
SwapFree:        1048572 kB
Dirty:               176 kB
Writeback:             0 kB
AnonPages:        863256 kB
Mapped:           743364 kB
Shmem:             14116 kB
Slab:             180060 kB
SReclaimable:      45308 kB
SUnreclaim:       134752 kB
KernelStack:       37376 kB
PageTables:        51264 kB
NFS_Unstable:          0 kB
Bounce:                0 kB
WritebackTmp:          0 kB
CommitLimit:     7105828 kB
Committed_AS:   62759164 kB
VmallocTotal:   263061440 kB
VmallocUsed:       62420 kB
VmallocChunk:          0 kB
Percpu:             2240 kB
CmaTotal:         294912 kB
CmaFree:              24 kB
MemTotal:       12114512 kB
MemFree:         7762748 kB
MemAvailable:    8768604 kB
Buffers:            3636 kB
Cached:          1200772 kB
SwapCached:            0 kB
Active:           987604 kB
Inactive:        1076256 kB
Active(anon):     863432 kB
Inactive(anon):    13392 kB
Active(file):     124172 kB
Inactive(file):  1062864 kB
Unevictable:        4124 kB
Mlocked:            4124 kB
SwapTotal:       1048572 kB
SwapFree:        1048572 kB
Dirty:               136 kB
Writeback:             0 kB
AnonPages:        863644 kB
Mapped:           743524 kB
Shmem:             14116 kB
Slab:             180064 kB
SReclaimable:      45324 kB
SUnreclaim:       134740 kB
KernelStack:       37392 kB
PageTables:        51300 kB
NFS_Unstable:          0 kB
Bounce:                0 kB
WritebackTmp:          0 kB
CommitLimit:     7105828 kB
Committed_AS:   62762368 kB
VmallocTotal:   263061440 kB
VmallocUsed:       62404 kB
VmallocChunk:          0 kB
Percpu:             2240 kB
CmaTotal:         294912 kB
CmaFree:               0 kB
MemTotal:       12114512 kB
MemFree:         7762412 kB
MemAvailable:    8768400 kB
Buffers:            3636 kB
Cached:          1200896 kB
SwapCached:            0 kB
Active:           988260 kB
Inactive:        1076380 kB
Active(anon):     864088 kB
Inactive(anon):    13392 kB
Active(file):     124172 kB
Inactive(file):  1062988 kB
Unevictable:        4124 kB
Mlocked:            4124 kB
SwapTotal:       1048572 kB
SwapFree:        1048572 kB
Dirty:              5964 kB
Writeback:             0 kB
AnonPages:        863880 kB
Mapped:           743376 kB
Shmem:             14116 kB
Slab:             180116 kB
SReclaimable:      45344 kB
SUnreclaim:       134772 kB
KernelStack:       37428 kB
PageTables:        51272 kB
NFS_Unstable:          0 kB
Bounce:                0 kB
WritebackTmp:          0 kB
CommitLimit:     7105828 kB
Committed_AS:   62761972 kB
VmallocTotal:   263061440 kB
VmallocUsed:       62420 kB
VmallocChunk:          0 kB
Percpu:             2240 kB
CmaTotal:         294912 kB
CmaFree:               0 kB
MemTotal:       12114512 kB
MemFree:         7764736 kB
MemAvailable:    8770724 kB
Buffers:            3636 kB
Cached:          1200896 kB
SwapCached:            0 kB
Active:           982908 kB
Inactive:        1076380 kB
Active(anon):     858736 kB
Inactive(anon):    13392 kB
Active(file):     124172 kB
Inactive(file):  1062988 kB
Unevictable:        4124 kB
Mlocked:            4124 kB
SwapTotal:       1048572 kB
SwapFree:        1048572 kB
Dirty:              5972 kB
Writeback:             0 kB
AnonPages:        858924 kB
Mapped:           743548 kB
Shmem:             14116 kB
Slab:             180076 kB
SReclaimable:      45344 kB
SUnreclaim:       134732 kB
KernelStack:       37392 kB
PageTables:        51304 kB
NFS_Unstable:          0 kB
Bounce:                0 kB
WritebackTmp:          0 kB
CommitLimit:     7105828 kB
Committed_AS:   62757320 kB
VmallocTotal:   263061440 kB
VmallocUsed:       62404 kB
VmallocChunk:          0 kB
Percpu:             2240 kB
CmaTotal:         294912 kB
CmaFree:              56 kB
MemTotal:       12114512 kB
MemFree:         7765896 kB
MemAvailable:    8771884 kB
Buffers:            3636 kB
Cached:          1200896 kB
SwapCached:            0 kB
Active:           983204 kB
Inactive:        1076380 kB
Active(anon):     859032 kB
Inactive(anon):    13392 kB
Active(file):     124172 kB
Inactive(file):  1062988 kB
Unevictable:        4124 kB
Mlocked:            4124 kB
SwapTotal:       1048572 kB
SwapFree:        1048572 kB
Dirty:              5976 kB
Writeback:             0 kB
AnonPages:        859208 kB
Mapped:           743688 kB
Shmem:             14116 kB
Slab:             180100 kB
SReclaimable:      45344 kB
SUnreclaim:       134756 kB
KernelStack:       37364 kB
PageTables:        51520 kB
NFS_Unstable:          0 kB
Bounce:                0 kB
WritebackTmp:          0 kB
CommitLimit:     7105828 kB
Committed_AS:   62758860 kB
VmallocTotal:   263061440 kB
VmallocUsed:       62452 kB
VmallocChunk:          0 kB
Percpu:             2240 kB
CmaTotal:         294912 kB
CmaFree:               0 kB
MemTotal:       12114512 kB
MemFree:         7765452 kB
MemAvailable:    8771440 kB
Buffers:            3636 kB
Cached:          1200896 kB
SwapCached:            0 kB
Active:           983424 kB
Inactive:        1076380 kB
Active(anon):     859252 kB
Inactive(anon):    13392 kB
Active(file):     124172 kB
Inactive(file):  1062988 kB
Unevictable:        4124 kB
Mlocked:            4124 kB
SwapTotal:       1048572 kB
SwapFree:        1048572 kB
Dirty:              5964 kB
Writeback:             0 kB
AnonPages:        859412 kB
Mapped:           743364 kB
Shmem:             14116 kB
Slab:             180084 kB
SReclaimable:      45344 kB
SUnreclaim:       134740 kB
KernelStack:       37392 kB
PageTables:        51272 kB
NFS_Unstable:          0 kB
Bounce:                0 kB
WritebackTmp:          0 kB
CommitLimit:     7105828 kB
Committed_AS:   62758596 kB
VmallocTotal:   263061440 kB
VmallocUsed:       62452 kB
VmallocChunk:          0 kB
Percpu:             2240 kB
CmaTotal:         294912 kB
CmaFree:               0 kB
MemTotal:       12114512 kB
MemFree:         7765372 kB
MemAvailable:    8771360 kB
Buffers:            3636 kB
Cached:          1200896 kB
SwapCached:            0 kB
Active:           983720 kB
Inactive:        1076380 kB
Active(anon):     859548 kB
Inactive(anon):    13392 kB
Active(file):     124172 kB
Inactive(file):  1062988 kB
Unevictable:        4124 kB
Mlocked:            4124 kB
SwapTotal:       1048572 kB
SwapFree:        1048572 kB
Dirty:              5964 kB
Writeback:             0 kB
AnonPages:        859444 kB
Mapped:           743624 kB
Shmem:             14116 kB
Slab:             180060 kB
SReclaimable:      45344 kB
SUnreclaim:       134716 kB
KernelStack:       37408 kB
PageTables:        51256 kB
NFS_Unstable:          0 kB
Bounce:                0 kB
WritebackTmp:          0 kB
CommitLimit:     7105828 kB
Committed_AS:   62758332 kB
VmallocTotal:   263061440 kB
VmallocUsed:       62436 kB
VmallocChunk:          0 kB
Percpu:             2240 kB
CmaTotal:         294912 kB
CmaFree:             128 kB
MemTotal:       12114512 kB
MemFree:         7765668 kB
MemAvailable:    8771700 kB
Buffers:            3644 kB
Cached:          1200932 kB
SwapCached:            0 kB
Active:           983696 kB
Inactive:        1076416 kB
Active(anon):     859516 kB
Inactive(anon):    13392 kB
Active(file):     124180 kB
Inactive(file):  1063024 kB
Unevictable:        4124 kB
Mlocked:            4124 kB
SwapTotal:       1048572 kB
SwapFree:        1048572 kB
Dirty:               180 kB
Writeback:             0 kB
AnonPages:        859776 kB
Mapped:           743588 kB
Shmem:             14116 kB
Slab:             180080 kB
SReclaimable:      45344 kB
SUnreclaim:       134736 kB
KernelStack:       37392 kB
PageTables:        51308 kB
NFS_Unstable:          0 kB
Bounce:                0 kB
WritebackTmp:          0 kB
CommitLimit:     7105828 kB
Committed_AS:   62758024 kB
VmallocTotal:   263061440 kB
VmallocUsed:       62452 kB
VmallocChunk:          0 kB
Percpu:             2240 kB
CmaTotal:         294912 kB
CmaFree:               0 kB
MemTotal:       12114512 kB
MemFree:         7765932 kB
MemAvailable:    8771964 kB
Buffers:            3644 kB
Cached:          1200932 kB
SwapCached:            0 kB
Active:           984380 kB
Inactive:        1076416 kB
Active(anon):     860200 kB
Inactive(anon):    13392 kB
Active(file):     124180 kB
Inactive(file):  1063024 kB
Unevictable:        4124 kB
Mlocked:            4124 kB
SwapTotal:       1048572 kB
SwapFree:        1048572 kB
Dirty:               184 kB
Writeback:             0 kB
AnonPages:        859604 kB
Mapped:           743372 kB
Shmem:             14116 kB
Slab:             180056 kB
SReclaimable:      45344 kB
SUnreclaim:       134712 kB
KernelStack:       37344 kB
PageTables:        51268 kB
NFS_Unstable:          0 kB
Bounce:                0 kB
WritebackTmp:          0 kB
CommitLimit:     7105828 kB
Committed_AS:   62757724 kB
VmallocTotal:   263061440 kB
VmallocUsed:       62452 kB
VmallocChunk:          0 kB
Percpu:             2240 kB
CmaTotal:         294912 kB
CmaFree:              92 kB
MemTotal:       12114512 kB
MemFree:         7765508 kB
MemAvailable:    8771540 kB
Buffers:            3644 kB
Cached:          1200932 kB
SwapCached:            0 kB
Active:           984304 kB
Inactive:        1076416 kB
Active(anon):     860124 kB
Inactive(anon):    13392 kB
Active(file):     124180 kB
Inactive(file):  1063024 kB
Unevictable:        4124 kB
Mlocked:            4124 kB
SwapTotal:       1048572 kB
SwapFree:        1048572 kB
Dirty:               184 kB
Writeback:             0 kB
AnonPages:        860440 kB
Mapped:           743364 kB
Shmem:             14116 kB
Slab:             180080 kB
SReclaimable:      45344 kB
SUnreclaim:       134736 kB
KernelStack:       37360 kB
PageTables:        51264 kB
NFS_Unstable:          0 kB
Bounce:                0 kB
WritebackTmp:          0 kB
CommitLimit:     7105828 kB
Committed_AS:   62757504 kB
VmallocTotal:   263061440 kB
VmallocUsed:       62404 kB
VmallocChunk:          0 kB
Percpu:             2240 kB
CmaTotal:         294912 kB
CmaFree:               0 kB
MemTotal:       12114512 kB
MemFree:         7765456 kB
MemAvailable:    8771488 kB
Buffers:            3644 kB
Cached:          1200932 kB
SwapCached:            0 kB
Active:           984420 kB
Inactive:        1076416 kB
Active(anon):     860240 kB
Inactive(anon):    13392 kB
Active(file):     124180 kB
Inactive(file):  1063024 kB
Unevictable:        4124 kB
Mlocked:            4124 kB
SwapTotal:       1048572 kB
SwapFree:        1048572 kB
Dirty:               188 kB
Writeback:             0 kB
AnonPages:        860316 kB
Mapped:           743364 kB
Shmem:             14116 kB
Slab:             180008 kB
SReclaimable:      45344 kB
SUnreclaim:       134664 kB
KernelStack:       37408 kB
PageTables:        51264 kB
NFS_Unstable:          0 kB
Bounce:                0 kB
WritebackTmp:          0 kB
CommitLimit:     7105828 kB
Committed_AS:   62758720 kB
VmallocTotal:   263061440 kB
VmallocUsed:       62404 kB
VmallocChunk:          0 kB
Percpu:             2240 kB
CmaTotal:         294912 kB
CmaFree:             188 kB
MemTotal:       12114512 kB
MemFree:         7765856 kB
MemAvailable:    8771888 kB
Buffers:            3644 kB
Cached:          1200936 kB
SwapCached:            0 kB
Active:           984524 kB
Inactive:        1076420 kB
Active(anon):     860344 kB
Inactive(anon):    13396 kB
Active(file):     124180 kB
Inactive(file):  1063024 kB
Unevictable:        4124 kB
Mlocked:            4124 kB
SwapTotal:       1048572 kB
SwapFree:        1048572 kB
Dirty:               176 kB
Writeback:             0 kB
AnonPages:        860536 kB
Mapped:           743432 kB
Shmem:             14120 kB
Slab:             180076 kB
SReclaimable:      45344 kB
SUnreclaim:       134732 kB
KernelStack:       37376 kB
PageTables:        51280 kB
NFS_Unstable:          0 kB
Bounce:                0 kB
WritebackTmp:          0 kB
CommitLimit:     7105828 kB
Committed_AS:   62758504 kB
VmallocTotal:   263061440 kB
VmallocUsed:       62388 kB
VmallocChunk:          0 kB
Percpu:             2240 kB
CmaTotal:         294912 kB
CmaFree:               0 kB
MemTotal:       12114512 kB
MemFree:         7765800 kB
MemAvailable:    8771824 kB
Buffers:            3644 kB
Cached:          1200928 kB
SwapCached:            0 kB
Active:           985248 kB
Inactive:        1076416 kB
Active(anon):     861072 kB
Inactive(anon):    13396 kB
Active(file):     124176 kB
Inactive(file):  1063020 kB
Unevictable:        4124 kB
Mlocked:            4124 kB
SwapTotal:       1048572 kB
SwapFree:        1048572 kB
Dirty:               168 kB
Writeback:             0 kB
AnonPages:        861428 kB
Mapped:           743432 kB
Shmem:             14120 kB
Slab:             180024 kB
SReclaimable:      45344 kB
SUnreclaim:       134680 kB
KernelStack:       37376 kB
PageTables:        51280 kB
NFS_Unstable:          0 kB
Bounce:                0 kB
WritebackTmp:          0 kB
CommitLimit:     7105828 kB
Committed_AS:   62758196 kB
VmallocTotal:   263061440 kB
VmallocUsed:       62404 kB
VmallocChunk:          0 kB
Percpu:             2240 kB
CmaTotal:         294912 kB
CmaFree:             128 kB
MemTotal:       12114512 kB
MemFree:         7764708 kB
MemAvailable:    8770764 kB
Buffers:            3652 kB
Cached:          1200952 kB
SwapCached:            0 kB
Active:           985128 kB
Inactive:        1076436 kB
Active(anon):     860940 kB
Inactive(anon):    13396 kB
Active(file):     124188 kB
Inactive(file):  1063040 kB
Unevictable:        4124 kB
Mlocked:            4124 kB
SwapTotal:       1048572 kB
SwapFree:        1048572 kB
Dirty:               160 kB
Writeback:             0 kB
AnonPages:        861076 kB
Mapped:           743528 kB
Shmem:             14120 kB
Slab:             180084 kB
SReclaimable:      45344 kB
SUnreclaim:       134740 kB
KernelStack:       37376 kB
PageTables:        51304 kB
NFS_Unstable:          0 kB
Bounce:                0 kB
WritebackTmp:          0 kB
CommitLimit:     7105828 kB
Committed_AS:   62758352 kB
VmallocTotal:   263061440 kB
VmallocUsed:       62420 kB
VmallocChunk:          0 kB
Percpu:             2240 kB
CmaTotal:         294912 kB
CmaFree:               0 kB
MemTotal:       12114512 kB
MemFree:         7764108 kB
MemAvailable:    8770164 kB
Buffers:            3652 kB
Cached:          1200952 kB
SwapCached:            0 kB
Active:           985608 kB
Inactive:        1076436 kB
Active(anon):     861420 kB
Inactive(anon):    13396 kB
Active(file):     124188 kB
Inactive(file):  1063040 kB
Unevictable:        4124 kB
Mlocked:            4124 kB
SwapTotal:       1048572 kB
SwapFree:        1048572 kB
Dirty:               204 kB
Writeback:             0 kB
AnonPages:        861664 kB
Mapped:           743516 kB
Shmem:             14120 kB
Slab:             180120 kB
SReclaimable:      45344 kB
SUnreclaim:       134776 kB
KernelStack:       37360 kB
PageTables:        51240 kB
NFS_Unstable:          0 kB
Bounce:                0 kB
WritebackTmp:          0 kB
CommitLimit:     7105828 kB
Committed_AS:   62753840 kB
VmallocTotal:   263061440 kB
VmallocUsed:       62420 kB
VmallocChunk:          0 kB
Percpu:             2240 kB
CmaTotal:         294912 kB
CmaFree:               0 kB
MemTotal:       12114512 kB
MemFree:         7764160 kB
MemAvailable:    8770216 kB
Buffers:            3652 kB
Cached:          1200952 kB
SwapCached:            0 kB
Active:           985524 kB
Inactive:        1076436 kB
Active(anon):     861336 kB
Inactive(anon):    13396 kB
Active(file):     124188 kB
Inactive(file):  1063040 kB
Unevictable:        4124 kB
Mlocked:            4124 kB
SwapTotal:       1048572 kB
SwapFree:        1048572 kB
Dirty:               220 kB
Writeback:             4 kB
AnonPages:        861440 kB
Mapped:           743384 kB
Shmem:             14120 kB
Slab:             180028 kB
SReclaimable:      45344 kB
SUnreclaim:       134684 kB
KernelStack:       37392 kB
PageTables:        51252 kB
NFS_Unstable:          0 kB
Bounce:                0 kB
WritebackTmp:          0 kB
CommitLimit:     7105828 kB
Committed_AS:   62753488 kB
VmallocTotal:   263061440 kB
VmallocUsed:       62388 kB
VmallocChunk:          0 kB
Percpu:             2240 kB
CmaTotal:         294912 kB
CmaFree:             128 kB
MemTotal:       12114512 kB
MemFree:         7763968 kB
MemAvailable:    8770028 kB
Buffers:            3652 kB
Cached:          1200956 kB
SwapCached:            0 kB
Active:           986140 kB
Inactive:        1076440 kB
Active(anon):     861952 kB
Inactive(anon):    13396 kB
Active(file):     124188 kB
Inactive(file):  1063044 kB
Unevictable:        4124 kB
Mlocked:            4124 kB
SwapTotal:       1048572 kB
SwapFree:        1048572 kB
Dirty:               180 kB
Writeback:             0 kB
AnonPages:        861952 kB
Mapped:           743412 kB
Shmem:             14120 kB
Slab:             180108 kB
SReclaimable:      45344 kB
SUnreclaim:       134764 kB
KernelStack:       37344 kB
PageTables:        51264 kB
NFS_Unstable:          0 kB
Bounce:                0 kB
WritebackTmp:          0 kB
CommitLimit:     7105828 kB
Committed_AS:   62753092 kB
VmallocTotal:   263061440 kB
VmallocUsed:       62388 kB
VmallocChunk:          0 kB
Percpu:             2240 kB
CmaTotal:         294912 kB
CmaFree:               0 kB
MemTotal:       12114512 kB
MemFree:         7763520 kB
MemAvailable:    8769796 kB
Buffers:            3652 kB
Cached:          1201172 kB
SwapCached:            0 kB
Active:           986216 kB
Inactive:        1076656 kB
Active(anon):     862028 kB
Inactive(anon):    13396 kB
Active(file):     124188 kB
Inactive(file):  1063260 kB
Unevictable:        4124 kB
Mlocked:            4124 kB
SwapTotal:       1048572 kB
SwapFree:        1048572 kB
Dirty:               180 kB
Writeback:             0 kB
AnonPages:        862096 kB
Mapped:           743716 kB
Shmem:             14120 kB
Slab:             180036 kB
SReclaimable:      45344 kB
SUnreclaim:       134692 kB
KernelStack:       37412 kB
PageTables:        51156 kB
NFS_Unstable:          0 kB
Bounce:                0 kB
WritebackTmp:          0 kB
CommitLimit:     7105828 kB
Committed_AS:   62752556 kB
VmallocTotal:   263061440 kB
VmallocUsed:       62436 kB
VmallocChunk:          0 kB
Percpu:             2240 kB
CmaTotal:         294912 kB
CmaFree:               4 kB
MemTotal:       12114512 kB
MemFree:         7758660 kB
MemAvailable:    8765056 kB
Buffers:            3652 kB
Cached:          1201292 kB
SwapCached:            0 kB
Active:           991436 kB
Inactive:        1076776 kB
Active(anon):     867248 kB
Inactive(anon):    13396 kB
Active(file):     124188 kB
Inactive(file):  1063380 kB
Unevictable:        4124 kB
Mlocked:            4124 kB
SwapTotal:       1048572 kB
SwapFree:        1048572 kB
Dirty:               180 kB
Writeback:             0 kB
AnonPages:        867040 kB
Mapped:           743604 kB
Shmem:             14120 kB
Slab:             180140 kB
SReclaimable:      45344 kB
SUnreclaim:       134796 kB
KernelStack:       37360 kB
PageTables:        51324 kB
NFS_Unstable:          0 kB
Bounce:                0 kB
WritebackTmp:          0 kB
CommitLimit:     7105828 kB
Committed_AS:   62752168 kB
VmallocTotal:   263061440 kB
VmallocUsed:       62436 kB
VmallocChunk:          0 kB
Percpu:             2240 kB
CmaTotal:         294912 kB
CmaFree:               0 kB
MemTotal:       12114512 kB
MemFree:         7747156 kB
MemAvailable:    8753560 kB
Buffers:            3652 kB
Cached:          1201292 kB
SwapCached:            0 kB
Active:          1004428 kB
Inactive:        1076776 kB
Active(anon):     880240 kB
Inactive(anon):    13396 kB
Active(file):     124188 kB
Inactive(file):  1063380 kB
Unevictable:        4124 kB
Mlocked:            4124 kB
SwapTotal:       1048572 kB
SwapFree:        1048572 kB
Dirty:               184 kB
Writeback:             0 kB
AnonPages:        880504 kB
Mapped:           743800 kB
Shmem:             14120 kB
Slab:             180132 kB
SReclaimable:      45360 kB
SUnreclaim:       134772 kB
KernelStack:       37392 kB
PageTables:        51304 kB
NFS_Unstable:          0 kB
Bounce:                0 kB
WritebackTmp:          0 kB
CommitLimit:     7105828 kB
Committed_AS:   62760868 kB
VmallocTotal:   263061440 kB
VmallocUsed:       62436 kB
VmallocChunk:          0 kB
Percpu:             2240 kB
CmaTotal:         294912 kB
CmaFree:               0 kB
MemTotal:       12114512 kB
MemFree:         7746804 kB
MemAvailable:    8753208 kB
Buffers:            3652 kB
Cached:          1201292 kB
SwapCached:            0 kB
Active:          1004700 kB
Inactive:        1076776 kB
Active(anon):     880512 kB
Inactive(anon):    13396 kB
Active(file):     124188 kB
Inactive(file):  1063380 kB
Unevictable:        4124 kB
Mlocked:            4124 kB
SwapTotal:       1048572 kB
SwapFree:        1048572 kB
Dirty:               184 kB
Writeback:             0 kB
AnonPages:        880436 kB
Mapped:           743812 kB
Shmem:             14120 kB
Slab:             180004 kB
SReclaimable:      45360 kB
SUnreclaim:       134644 kB
KernelStack:       37344 kB
PageTables:        51308 kB
NFS_Unstable:          0 kB
Bounce:                0 kB
WritebackTmp:          0 kB
CommitLimit:     7105828 kB
Committed_AS:   62760516 kB
VmallocTotal:   263061440 kB
VmallocUsed:       62452 kB
VmallocChunk:          0 kB
Percpu:             2240 kB
CmaTotal:         294912 kB
CmaFree:               0 kB
MemTotal:       12114512 kB
MemFree:         7741816 kB
MemAvailable:    8748220 kB
Buffers:            3652 kB
Cached:          1205544 kB
SwapCached:            0 kB
Active:          1004936 kB
Inactive:        1081028 kB
Active(anon):     880748 kB
Inactive(anon):    17648 kB
Active(file):     124188 kB
Inactive(file):  1063380 kB
Unevictable:        4124 kB
Mlocked:            4124 kB
SwapTotal:       1048572 kB
SwapFree:        1048572 kB
Dirty:               152 kB
Writeback:             0 kB
AnonPages:        880936 kB
Mapped:           747844 kB
Shmem:             18372 kB
Slab:             180096 kB
SReclaimable:      45360 kB
SUnreclaim:       134736 kB
KernelStack:       37392 kB
PageTables:        51296 kB
NFS_Unstable:          0 kB
Bounce:                0 kB
WritebackTmp:          0 kB
CommitLimit:     7105828 kB
Committed_AS:   62769176 kB
VmallocTotal:   263061440 kB
VmallocUsed:       62452 kB
VmallocChunk:          0 kB
Percpu:             2240 kB
CmaTotal:         294912 kB
CmaFree:              40 kB
MemTotal:       12114512 kB
MemFree:         7744688 kB
MemAvailable:    8751092 kB
Buffers:            3652 kB
Cached:          1201292 kB
SwapCached:            0 kB
Active:          1005800 kB
Inactive:        1076776 kB
Active(anon):     881612 kB
Inactive(anon):    13396 kB
Active(file):     124188 kB
Inactive(file):  1063380 kB
Unevictable:        4124 kB
Mlocked:            4124 kB
SwapTotal:       1048572 kB
SwapFree:        1048572 kB
Dirty:               160 kB
Writeback:             0 kB
AnonPages:        881292 kB
Mapped:           743860 kB
Shmem:             14120 kB
Slab:             180160 kB
SReclaimable:      45360 kB
SUnreclaim:       134800 kB
KernelStack:       37344 kB
PageTables:        51288 kB
NFS_Unstable:          0 kB
Bounce:                0 kB
WritebackTmp:          0 kB
CommitLimit:     7105828 kB
Committed_AS:   62760824 kB
VmallocTotal:   263061440 kB
VmallocUsed:       62452 kB
VmallocChunk:          0 kB
Percpu:             2240 kB
CmaTotal:         294912 kB
CmaFree:               0 kB
MemTotal:       12114512 kB
MemFree:         7744748 kB
MemAvailable:    8751152 kB
Buffers:            3652 kB
Cached:          1201292 kB
SwapCached:            0 kB
Active:          1005092 kB
Inactive:        1076776 kB
Active(anon):     880904 kB
Inactive(anon):    13396 kB
Active(file):     124188 kB
Inactive(file):  1063380 kB
Unevictable:        4124 kB
Mlocked:            4124 kB
SwapTotal:       1048572 kB
SwapFree:        1048572 kB
Dirty:               164 kB
Writeback:             0 kB
AnonPages:        881120 kB
Mapped:           743756 kB
Shmem:             14120 kB
Slab:             180088 kB
SReclaimable:      45360 kB
SUnreclaim:       134728 kB
KernelStack:       37392 kB
PageTables:        51304 kB
NFS_Unstable:          0 kB
Bounce:                0 kB
WritebackTmp:          0 kB
CommitLimit:     7105828 kB
Committed_AS:   62760556 kB
VmallocTotal:   263061440 kB
VmallocUsed:       62452 kB
VmallocChunk:          0 kB
Percpu:             2240 kB
CmaTotal:         294912 kB
CmaFree:               0 kB
MemTotal:       12114512 kB
MemFree:         7744088 kB
MemAvailable:    8750492 kB
Buffers:            3652 kB
Cached:          1201292 kB
SwapCached:            0 kB
Active:          1004004 kB
Inactive:        1076776 kB
Active(anon):     879816 kB
Inactive(anon):    13396 kB
Active(file):     124188 kB
Inactive(file):  1063380 kB
Unevictable:        4124 kB
Mlocked:            4124 kB
SwapTotal:       1048572 kB
SwapFree:        1048572 kB
Dirty:               176 kB
Writeback:             0 kB
AnonPages:        880208 kB
Mapped:           743856 kB
Shmem:             14120 kB
Slab:             180092 kB
SReclaimable:      45360 kB
SUnreclaim:       134732 kB
KernelStack:       37448 kB
PageTables:        51268 kB
NFS_Unstable:          0 kB
Bounce:                0 kB
WritebackTmp:          0 kB
CommitLimit:     7105828 kB
Committed_AS:   62763812 kB
VmallocTotal:   263061440 kB
VmallocUsed:       62436 kB
VmallocChunk:          0 kB
Percpu:             2240 kB
CmaTotal:         294912 kB
CmaFree:             252 kB
MemTotal:       12114512 kB
MemFree:         7744944 kB
MemAvailable:    8751348 kB
Buffers:            3652 kB
Cached:          1201292 kB
SwapCached:            0 kB
Active:          1004480 kB
Inactive:        1076776 kB
Active(anon):     880292 kB
Inactive(anon):    13396 kB
Active(file):     124188 kB
Inactive(file):  1063380 kB
Unevictable:        4124 kB
Mlocked:            4124 kB
SwapTotal:       1048572 kB
SwapFree:        1048572 kB
Dirty:               124 kB
Writeback:             0 kB
AnonPages:        880500 kB
Mapped:           743752 kB
Shmem:             14120 kB
Slab:             180084 kB
SReclaimable:      45360 kB
SUnreclaim:       134724 kB
KernelStack:       37296 kB
PageTables:        51296 kB
NFS_Unstable:          0 kB
Bounce:                0 kB
WritebackTmp:          0 kB
CommitLimit:     7105828 kB
Committed_AS:   62763684 kB
VmallocTotal:   263061440 kB
VmallocUsed:       62340 kB
VmallocChunk:          0 kB
Percpu:             2240 kB
CmaTotal:         294912 kB
CmaFree:               0 kB
MemTotal:       12114512 kB
MemFree:         7751072 kB
MemAvailable:    8757460 kB
Buffers:            3652 kB
Cached:          1201292 kB
SwapCached:            0 kB
Active:          1000820 kB
Inactive:        1075736 kB
Active(anon):     875592 kB
Inactive(anon):    13396 kB
Active(file):     125228 kB
Inactive(file):  1062340 kB
Unevictable:        4124 kB
Mlocked:            4124 kB
SwapTotal:       1048572 kB
SwapFree:        1048572 kB
Dirty:               156 kB
Writeback:             4 kB
AnonPages:        876016 kB
Mapped:           740244 kB
Shmem:             14120 kB
Slab:             179752 kB
SReclaimable:      45328 kB
SUnreclaim:       134424 kB
KernelStack:       37052 kB
PageTables:        50536 kB
NFS_Unstable:          0 kB
Bounce:                0 kB
WritebackTmp:          0 kB
CommitLimit:     7105828 kB
Committed_AS:   61389568 kB
VmallocTotal:   263061440 kB
VmallocUsed:       62048 kB
VmallocChunk:          0 kB
Percpu:             2240 kB
CmaTotal:         294912 kB
CmaFree:               0 kB
MemTotal:       12114512 kB
MemFree:         7751328 kB
MemAvailable:    8757716 kB
Buffers:            3652 kB
Cached:          1201276 kB
SwapCached:            0 kB
Active:          1001012 kB
Inactive:        1075600 kB
Active(anon):     875664 kB
Inactive(anon):    13380 kB
Active(file):     125348 kB
Inactive(file):  1062220 kB
Unevictable:        4124 kB
Mlocked:            4124 kB
SwapTotal:       1048572 kB
SwapFree:        1048572 kB
Dirty:               164 kB
Writeback:             0 kB
AnonPages:        876056 kB
Mapped:           740196 kB
Shmem:             14104 kB
Slab:             179732 kB
SReclaimable:      45328 kB
SUnreclaim:       134404 kB
KernelStack:       37024 kB
PageTables:        50548 kB
NFS_Unstable:          0 kB
Bounce:                0 kB
WritebackTmp:          0 kB
CommitLimit:     7105828 kB
Committed_AS:   61389216 kB
VmallocTotal:   263061440 kB
VmallocUsed:       62048 kB
VmallocChunk:          0 kB
Percpu:             2240 kB
CmaTotal:         294912 kB
CmaFree:               0 kB
MemTotal:       12114512 kB
MemFree:         7751068 kB
MemAvailable:    8757464 kB
Buffers:            3652 kB
Cached:          1201284 kB
SwapCached:            0 kB
Active:          1001012 kB
Inactive:        1075604 kB
Active(anon):     875660 kB
Inactive(anon):    13380 kB
Active(file):     125352 kB
Inactive(file):  1062224 kB
Unevictable:        4124 kB
Mlocked:            4124 kB
SwapTotal:       1048572 kB
SwapFree:        1048572 kB
Dirty:               172 kB
Writeback:            12 kB
AnonPages:        875856 kB
Mapped:           740204 kB
Shmem:             14104 kB
Slab:             179708 kB
SReclaimable:      45328 kB
SUnreclaim:       134380 kB
KernelStack:       36976 kB
PageTables:        50556 kB
NFS_Unstable:          0 kB
Bounce:                0 kB
WritebackTmp:          0 kB
CommitLimit:     7105828 kB
Committed_AS:   61388864 kB
VmallocTotal:   263061440 kB
VmallocUsed:       62080 kB
VmallocChunk:          0 kB
Percpu:             2240 kB
CmaTotal:         294912 kB
CmaFree:               0 kB
MemTotal:       12114512 kB
MemFree:         7750836 kB
MemAvailable:    8757224 kB
Buffers:            3652 kB
Cached:          1201276 kB
SwapCached:            0 kB
Active:          1001612 kB
Inactive:        1075596 kB
Active(anon):     876260 kB
Inactive(anon):    13380 kB
Active(file):     125352 kB
Inactive(file):  1062216 kB
Unevictable:        4124 kB
Mlocked:            4124 kB
SwapTotal:       1048572 kB
SwapFree:        1048572 kB
Dirty:               164 kB
Writeback:             0 kB
AnonPages:        876416 kB
Mapped:           740156 kB
Shmem:             14104 kB
Slab:             179744 kB
SReclaimable:      45328 kB
SUnreclaim:       134416 kB
KernelStack:       37008 kB
PageTables:        50544 kB
NFS_Unstable:          0 kB
Bounce:                0 kB
WritebackTmp:          0 kB
CommitLimit:     7105828 kB
Committed_AS:   61388664 kB
VmallocTotal:   263061440 kB
VmallocUsed:       62064 kB
VmallocChunk:          0 kB
Percpu:             2240 kB
CmaTotal:         294912 kB
CmaFree:               0 kB
MemTotal:       12114512 kB
MemFree:         7751244 kB
MemAvailable:    8757632 kB
Buffers:            3652 kB
Cached:          1201276 kB
SwapCached:            0 kB
Active:          1001760 kB
Inactive:        1075596 kB
Active(anon):     876408 kB
Inactive(anon):    13380 kB
Active(file):     125352 kB
Inactive(file):  1062216 kB
Unevictable:        4124 kB
Mlocked:            4124 kB
SwapTotal:       1048572 kB
SwapFree:        1048572 kB
Dirty:               168 kB
Writeback:             0 kB
AnonPages:        876592 kB
Mapped:           740392 kB
Shmem:             14104 kB
Slab:             179720 kB
SReclaimable:      45328 kB
SUnreclaim:       134392 kB
KernelStack:       36928 kB
PageTables:        50476 kB
NFS_Unstable:          0 kB
Bounce:                0 kB
WritebackTmp:          0 kB
CommitLimit:     7105828 kB
Committed_AS:   61388760 kB
VmallocTotal:   263061440 kB
VmallocUsed:       62000 kB
VmallocChunk:          0 kB
Percpu:             2240 kB
CmaTotal:         294912 kB
CmaFree:             108 kB
MemTotal:       12114512 kB
MemFree:         7750832 kB
MemAvailable:    8757220 kB
Buffers:            3652 kB
Cached:          1201276 kB
SwapCached:            0 kB
Active:          1001924 kB
Inactive:        1075596 kB
Active(anon):     876572 kB
Inactive(anon):    13380 kB
Active(file):     125352 kB
Inactive(file):  1062216 kB
Unevictable:        4124 kB
Mlocked:            4124 kB
SwapTotal:       1048572 kB
SwapFree:        1048572 kB
Dirty:               140 kB
Writeback:             0 kB
AnonPages:        876876 kB
Mapped:           740220 kB
Shmem:             14104 kB
Slab:             179752 kB
SReclaimable:      45328 kB
SUnreclaim:       134424 kB
KernelStack:       36992 kB
PageTables:        50576 kB
NFS_Unstable:          0 kB
Bounce:                0 kB
WritebackTmp:          0 kB
CommitLimit:     7105828 kB
Committed_AS:   61388532 kB
VmallocTotal:   263061440 kB
VmallocUsed:       62000 kB
VmallocChunk:          0 kB
Percpu:             2240 kB
CmaTotal:         294912 kB
CmaFree:               0 kB
MemTotal:       12114512 kB
MemFree:         7750960 kB
MemAvailable:    8757356 kB
Buffers:            3652 kB
Cached:          1201284 kB
SwapCached:            0 kB
Active:          1002484 kB
Inactive:        1075600 kB
Active(anon):     877128 kB
Inactive(anon):    13380 kB
Active(file):     125356 kB
Inactive(file):  1062220 kB
Unevictable:        4124 kB
Mlocked:            4124 kB
SwapTotal:       1048572 kB
SwapFree:        1048572 kB
Dirty:               148 kB
Writeback:            12 kB
AnonPages:        876804 kB
Mapped:           740188 kB
Shmem:             14104 kB
Slab:             179744 kB
SReclaimable:      45328 kB
SUnreclaim:       134416 kB
KernelStack:       36944 kB
PageTables:        50520 kB
NFS_Unstable:          0 kB
Bounce:                0 kB
WritebackTmp:          0 kB
CommitLimit:     7105828 kB
Committed_AS:   61388268 kB
VmallocTotal:   263061440 kB
VmallocUsed:       62016 kB
VmallocChunk:          0 kB
Percpu:             2240 kB
CmaTotal:         294912 kB
CmaFree:               0 kB
MemTotal:       12114512 kB
MemFree:         7750916 kB
MemAvailable:    8757304 kB
Buffers:            3652 kB
Cached:          1201276 kB
SwapCached:            0 kB
Active:          1002436 kB
Inactive:        1075596 kB
Active(anon):     877084 kB
Inactive(anon):    13380 kB
Active(file):     125352 kB
Inactive(file):  1062216 kB
Unevictable:        4124 kB
Mlocked:            4124 kB
SwapTotal:       1048572 kB
SwapFree:        1048572 kB
Dirty:               156 kB
Writeback:             0 kB
AnonPages:        877172 kB
Mapped:           740156 kB
Shmem:             14104 kB
Slab:             179764 kB
SReclaimable:      45328 kB
SUnreclaim:       134436 kB
KernelStack:       36976 kB
PageTables:        50532 kB
NFS_Unstable:          0 kB
Bounce:                0 kB
WritebackTmp:          0 kB
CommitLimit:     7105828 kB
Committed_AS:   61388312 kB
VmallocTotal:   263061440 kB
VmallocUsed:       62016 kB
VmallocChunk:          0 kB
Percpu:             2240 kB
CmaTotal:         294912 kB
CmaFree:               0 kB
MemTotal:       12114512 kB
MemFree:         7750412 kB
MemAvailable:    8756792 kB
Buffers:            3652 kB
Cached:          1201268 kB
SwapCached:            0 kB
Active:          1002704 kB
Inactive:        1075592 kB
Active(anon):     877356 kB
Inactive(anon):    13380 kB
Active(file):     125348 kB
Inactive(file):  1062212 kB
Unevictable:        4124 kB
Mlocked:            4124 kB
SwapTotal:       1048572 kB
SwapFree:        1048572 kB
Dirty:               148 kB
Writeback:             4 kB
AnonPages:        877388 kB
Mapped:           740156 kB
Shmem:             14104 kB
Slab:             179732 kB
SReclaimable:      45328 kB
SUnreclaim:       134404 kB
KernelStack:       36960 kB
PageTables:        50524 kB
NFS_Unstable:          0 kB
Bounce:                0 kB
WritebackTmp:          0 kB
CommitLimit:     7105828 kB
Committed_AS:   61387960 kB
VmallocTotal:   263061440 kB
VmallocUsed:       62016 kB
VmallocChunk:          0 kB
Percpu:             2240 kB
CmaTotal:         294912 kB
CmaFree:               0 kB
MemTotal:       12114512 kB
MemFree:         7749900 kB
MemAvailable:    8756288 kB
Buffers:            3652 kB
Cached:          1201276 kB
SwapCached:            0 kB
Active:          1003128 kB
Inactive:        1075596 kB
Active(anon):     877776 kB
Inactive(anon):    13380 kB
Active(file):     125352 kB
Inactive(file):  1062216 kB
Unevictable:        4124 kB
Mlocked:            4124 kB
SwapTotal:       1048572 kB
SwapFree:        1048572 kB
Dirty:               124 kB
Writeback:             0 kB
AnonPages:        877948 kB
Mapped:           740356 kB
Shmem:             14104 kB
Slab:             179756 kB
SReclaimable:      45328 kB
SUnreclaim:       134428 kB
KernelStack:       36992 kB
PageTables:        50568 kB
NFS_Unstable:          0 kB
Bounce:                0 kB
WritebackTmp:          0 kB
CommitLimit:     7105828 kB
Committed_AS:   61387696 kB
VmallocTotal:   263061440 kB
VmallocUsed:       62000 kB
VmallocChunk:          0 kB
Percpu:             2240 kB
CmaTotal:         294912 kB
CmaFree:               0 kB
MemTotal:       12114512 kB
MemFree:         7749020 kB
MemAvailable:    8755408 kB
Buffers:            3652 kB
Cached:          1201280 kB
SwapCached:            0 kB
Active:          1003228 kB
Inactive:        1075600 kB
Active(anon):     877876 kB
Inactive(anon):    13384 kB
Active(file):     125352 kB
Inactive(file):  1062216 kB
Unevictable:        4124 kB
Mlocked:            4124 kB
SwapTotal:       1048572 kB
SwapFree:        1048572 kB
Dirty:               148 kB
Writeback:             0 kB
AnonPages:        878216 kB
Mapped:           740360 kB
Shmem:             14108 kB
Slab:             179828 kB
SReclaimable:      45328 kB
SUnreclaim:       134500 kB
KernelStack:       36960 kB
PageTables:        50568 kB
NFS_Unstable:          0 kB
Bounce:                0 kB
WritebackTmp:          0 kB
CommitLimit:     7105828 kB
Committed_AS:   61387132 kB
VmallocTotal:   263061440 kB
VmallocUsed:       62016 kB
VmallocChunk:          0 kB
Percpu:             2240 kB
CmaTotal:         294912 kB
CmaFree:               0 kB
MemTotal:       12114512 kB
MemFree:         7749956 kB
MemAvailable:    8756344 kB
Buffers:            3652 kB
Cached:          1201280 kB
SwapCached:            0 kB
Active:          1003636 kB
Inactive:        1075600 kB
Active(anon):     878284 kB
Inactive(anon):    13384 kB
Active(file):     125352 kB
Inactive(file):  1062216 kB
Unevictable:        4124 kB
Mlocked:            4124 kB
SwapTotal:       1048572 kB
SwapFree:        1048572 kB
Dirty:               152 kB
Writeback:             0 kB
AnonPages:        878272 kB
Mapped:           740348 kB
Shmem:             14108 kB
Slab:             179768 kB
SReclaimable:      45328 kB
SUnreclaim:       134440 kB
KernelStack:       36992 kB
PageTables:        50564 kB
NFS_Unstable:          0 kB
Bounce:                0 kB
WritebackTmp:          0 kB
CommitLimit:     7105828 kB
Committed_AS:   61386860 kB
VmallocTotal:   263061440 kB
VmallocUsed:       62000 kB
VmallocChunk:          0 kB
Percpu:             2240 kB
CmaTotal:         294912 kB
CmaFree:               0 kB
MemTotal:       12114512 kB
MemFree:         7749212 kB
MemAvailable:    8755600 kB
Buffers:            3652 kB
Cached:          1201280 kB
SwapCached:            0 kB
Active:          1004060 kB
Inactive:        1075600 kB
Active(anon):     878708 kB
Inactive(anon):    13384 kB
Active(file):     125352 kB
Inactive(file):  1062216 kB
Unevictable:        4124 kB
Mlocked:            4124 kB
SwapTotal:       1048572 kB
SwapFree:        1048572 kB
Dirty:               152 kB
Writeback:             0 kB
AnonPages:        878952 kB
Mapped:           740152 kB
Shmem:             14108 kB
Slab:             179768 kB
SReclaimable:      45328 kB
SUnreclaim:       134440 kB
KernelStack:       36960 kB
PageTables:        50516 kB
NFS_Unstable:          0 kB
Bounce:                0 kB
WritebackTmp:          0 kB
CommitLimit:     7105828 kB
Committed_AS:   61383092 kB
VmallocTotal:   263061440 kB
VmallocUsed:       62032 kB
VmallocChunk:          0 kB
Percpu:             2240 kB
CmaTotal:         294912 kB
CmaFree:               0 kB
MemTotal:       12114512 kB
MemFree:         7748632 kB
MemAvailable:    8755020 kB
Buffers:            3652 kB
Cached:          1201280 kB
SwapCached:            0 kB
Active:          1004020 kB
Inactive:        1075600 kB
Active(anon):     878668 kB
Inactive(anon):    13384 kB
Active(file):     125352 kB
Inactive(file):  1062216 kB
Unevictable:        4124 kB
Mlocked:            4124 kB
SwapTotal:       1048572 kB
SwapFree:        1048572 kB
Dirty:               156 kB
Writeback:             0 kB
AnonPages:        878832 kB
Mapped:           740344 kB
Shmem:             14108 kB
Slab:             179772 kB
SReclaimable:      45328 kB
SUnreclaim:       134444 kB
KernelStack:       36992 kB
PageTables:        50560 kB
NFS_Unstable:          0 kB
Bounce:                0 kB
WritebackTmp:          0 kB
CommitLimit:     7105828 kB
Committed_AS:   61383460 kB
VmallocTotal:   263061440 kB
VmallocUsed:       62032 kB
VmallocChunk:          0 kB
Percpu:             2240 kB
CmaTotal:         294912 kB
CmaFree:               0 kB
MemTotal:       12114512 kB
MemFree:         7747936 kB
MemAvailable:    8754332 kB
Buffers:            3652 kB
Cached:          1201288 kB
SwapCached:            0 kB
Active:          1004228 kB
Inactive:        1075604 kB
Active(anon):     878872 kB
Inactive(anon):    13384 kB
Active(file):     125356 kB
Inactive(file):  1062220 kB
Unevictable:        4124 kB
Mlocked:            4124 kB
SwapTotal:       1048572 kB
SwapFree:        1048572 kB
Dirty:               132 kB
Writeback:             0 kB
AnonPages:        879400 kB
Mapped:           740228 kB
Shmem:             14108 kB
Slab:             179772 kB
SReclaimable:      45328 kB
SUnreclaim:       134444 kB
KernelStack:       37040 kB
PageTables:        50632 kB
NFS_Unstable:          0 kB
Bounce:                0 kB
WritebackTmp:          0 kB
CommitLimit:     7105828 kB
Committed_AS:   61383380 kB
VmallocTotal:   263061440 kB
VmallocUsed:       62048 kB
VmallocChunk:          0 kB
Percpu:             2240 kB
CmaTotal:         294912 kB
CmaFree:               0 kB
MemTotal:       12114512 kB
MemFree:         7747864 kB
MemAvailable:    8754252 kB
Buffers:            3652 kB
Cached:          1201280 kB
SwapCached:            0 kB
Active:          1004580 kB
Inactive:        1075600 kB
Active(anon):     879228 kB
Inactive(anon):    13384 kB
Active(file):     125352 kB
Inactive(file):  1062216 kB
Unevictable:        4124 kB
Mlocked:            4124 kB
SwapTotal:       1048572 kB
SwapFree:        1048572 kB
Dirty:               152 kB
Writeback:             0 kB
AnonPages:        879160 kB
Mapped:           740348 kB
Shmem:             14108 kB
Slab:             179764 kB
SReclaimable:      45328 kB
SUnreclaim:       134436 kB
KernelStack:       36992 kB
PageTables:        50560 kB
NFS_Unstable:          0 kB
Bounce:                0 kB
WritebackTmp:          0 kB
CommitLimit:     7105828 kB
Committed_AS:   61383160 kB
VmallocTotal:   263061440 kB
VmallocUsed:       62048 kB
VmallocChunk:          0 kB
Percpu:             2240 kB
CmaTotal:         294912 kB
CmaFree:               0 kB
MemTotal:       12114512 kB
MemFree:         7748132 kB
MemAvailable:    8754520 kB
Buffers:            3652 kB
Cached:          1201280 kB
SwapCached:            0 kB
Active:          1004952 kB
Inactive:        1075600 kB
Active(anon):     879600 kB
Inactive(anon):    13384 kB
Active(file):     125352 kB
Inactive(file):  1062216 kB
Unevictable:        4124 kB
Mlocked:            4124 kB
SwapTotal:       1048572 kB
SwapFree:        1048572 kB
Dirty:               152 kB
Writeback:             0 kB
AnonPages:        879472 kB
Mapped:           740464 kB
Shmem:             14108 kB
Slab:             179816 kB
SReclaimable:      45328 kB
SUnreclaim:       134488 kB
KernelStack:       37028 kB
PageTables:        50536 kB
NFS_Unstable:          0 kB
Bounce:                0 kB
WritebackTmp:          0 kB
CommitLimit:     7105828 kB
Committed_AS:   61383144 kB
VmallocTotal:   263061440 kB
VmallocUsed:       62048 kB
VmallocChunk:          0 kB
Percpu:             2240 kB
CmaTotal:         294912 kB
CmaFree:               0 kB
MemTotal:       12114512 kB
MemFree:         7751804 kB
MemAvailable:    8758192 kB
Buffers:            3652 kB
Cached:          1201280 kB
SwapCached:            0 kB
Active:           999852 kB
Inactive:        1075600 kB
Active(anon):     874500 kB
Inactive(anon):    13384 kB
Active(file):     125352 kB
Inactive(file):  1062216 kB
Unevictable:        4124 kB
Mlocked:            4124 kB
SwapTotal:       1048572 kB
SwapFree:        1048572 kB
Dirty:               152 kB
Writeback:             0 kB
AnonPages:        874680 kB
Mapped:           740384 kB
Shmem:             14108 kB
Slab:             179772 kB
SReclaimable:      45328 kB
SUnreclaim:       134444 kB
KernelStack:       36992 kB
PageTables:        50556 kB
NFS_Unstable:          0 kB
Bounce:                0 kB
WritebackTmp:          0 kB
CommitLimit:     7105828 kB
Committed_AS:   61383136 kB
VmallocTotal:   263061440 kB
VmallocUsed:       62032 kB
VmallocChunk:          0 kB
Percpu:             2240 kB
CmaTotal:         294912 kB
CmaFree:               0 kB
MemTotal:       12114512 kB
MemFree:         7751664 kB
MemAvailable:    8758060 kB
Buffers:            3652 kB
Cached:          1201288 kB
SwapCached:            0 kB
Active:          1000300 kB
Inactive:        1075604 kB
Active(anon):     874944 kB
Inactive(anon):    13384 kB
Active(file):     125356 kB
Inactive(file):  1062220 kB
Unevictable:        4124 kB
Mlocked:            4124 kB
SwapTotal:       1048572 kB
SwapFree:        1048572 kB
Dirty:               160 kB
Writeback:             0 kB
AnonPages:        874944 kB
Mapped:           740392 kB
Shmem:             14108 kB
Slab:             179772 kB
SReclaimable:      45328 kB
SUnreclaim:       134444 kB
KernelStack:       36932 kB
PageTables:        50464 kB
NFS_Unstable:          0 kB
Bounce:                0 kB
WritebackTmp:          0 kB
CommitLimit:     7105828 kB
Committed_AS:   61382628 kB
VmallocTotal:   263061440 kB
VmallocUsed:       62016 kB
VmallocChunk:          0 kB
Percpu:             2240 kB
CmaTotal:         294912 kB
CmaFree:               0 kB
MemTotal:       12114512 kB
MemFree:         7768448 kB
MemAvailable:    8774836 kB
Buffers:            3652 kB
Cached:          1201280 kB
SwapCached:            0 kB
Active:           982912 kB
Inactive:        1075600 kB
Active(anon):     857560 kB
Inactive(anon):    13384 kB
Active(file):     125352 kB
Inactive(file):  1062216 kB
Unevictable:        4124 kB
Mlocked:            4124 kB
SwapTotal:       1048572 kB
SwapFree:        1048572 kB
Dirty:               124 kB
Writeback:             0 kB
AnonPages:        857804 kB
Mapped:           740364 kB
Shmem:             14108 kB
Slab:             179772 kB
SReclaimable:      45328 kB
SUnreclaim:       134444 kB
KernelStack:       36960 kB
PageTables:        50560 kB
NFS_Unstable:          0 kB
Bounce:                0 kB
WritebackTmp:          0 kB
CommitLimit:     7105828 kB
Committed_AS:   61382312 kB
VmallocTotal:   263061440 kB
VmallocUsed:       62000 kB
VmallocChunk:          0 kB
Percpu:             2240 kB
CmaTotal:         294912 kB
CmaFree:              96 kB
MemTotal:       12114512 kB
MemFree:         7767600 kB
MemAvailable:    8773980 kB
Buffers:            3652 kB
Cached:          1201272 kB
SwapCached:            0 kB
Active:           982856 kB
Inactive:        1075596 kB
Active(anon):     857508 kB
Inactive(anon):    13384 kB
Active(file):     125348 kB
Inactive(file):  1062212 kB
Unevictable:        4124 kB
Mlocked:            4124 kB
SwapTotal:       1048572 kB
SwapFree:        1048572 kB
Dirty:               132 kB
Writeback:             0 kB
AnonPages:        857656 kB
Mapped:           740200 kB
Shmem:             14108 kB
Slab:             179792 kB
SReclaimable:      45328 kB
SUnreclaim:       134464 kB
KernelStack:       36960 kB
PageTables:        50572 kB
NFS_Unstable:          0 kB
Bounce:                0 kB
WritebackTmp:          0 kB
CommitLimit:     7105828 kB
Committed_AS:   61383252 kB
VmallocTotal:   263061440 kB
VmallocUsed:       62016 kB
VmallocChunk:          0 kB
Percpu:             2240 kB
CmaTotal:         294912 kB
CmaFree:               0 kB
MemTotal:       12114512 kB
MemFree:         7768840 kB
MemAvailable:    8775228 kB
Buffers:            3652 kB
Cached:          1201280 kB
SwapCached:            0 kB
Active:           983320 kB
Inactive:        1075600 kB
Active(anon):     857968 kB
Inactive(anon):    13384 kB
Active(file):     125352 kB
Inactive(file):  1062216 kB
Unevictable:        4124 kB
Mlocked:            4124 kB
SwapTotal:       1048572 kB
SwapFree:        1048572 kB
Dirty:               156 kB
Writeback:             0 kB
AnonPages:        857980 kB
Mapped:           740336 kB
Shmem:             14108 kB
Slab:             179776 kB
SReclaimable:      45328 kB
SUnreclaim:       134448 kB
KernelStack:       36960 kB
PageTables:        50560 kB
NFS_Unstable:          0 kB
Bounce:                0 kB
WritebackTmp:          0 kB
CommitLimit:     7105828 kB
Committed_AS:   61385540 kB
VmallocTotal:   263061440 kB
VmallocUsed:       62016 kB
VmallocChunk:          0 kB
Percpu:             2240 kB
CmaTotal:         294912 kB
CmaFree:               0 kB
MemTotal:       12114512 kB
MemFree:         7767636 kB
MemAvailable:    8774024 kB
Buffers:            3652 kB
Cached:          1201284 kB
SwapCached:            0 kB
Active:           983636 kB
Inactive:        1075604 kB
Active(anon):     858284 kB
Inactive(anon):    13388 kB
Active(file):     125352 kB
Inactive(file):  1062216 kB
Unevictable:        4124 kB
Mlocked:            4124 kB
SwapTotal:       1048572 kB
SwapFree:        1048572 kB
Dirty:               156 kB
Writeback:             0 kB
AnonPages:        858080 kB
Mapped:           740360 kB
Shmem:             14112 kB
Slab:             179856 kB
SReclaimable:      45328 kB
SUnreclaim:       134528 kB
KernelStack:       36984 kB
PageTables:        50852 kB
NFS_Unstable:          0 kB
Bounce:                0 kB
WritebackTmp:          0 kB
CommitLimit:     7105828 kB
Committed_AS:   61384764 kB
VmallocTotal:   263061440 kB
VmallocUsed:       62000 kB
VmallocChunk:          0 kB
Percpu:             2240 kB
CmaTotal:         294912 kB
CmaFree:             168 kB
MemTotal:       12114512 kB
MemFree:         7756224 kB
MemAvailable:    8762612 kB
Buffers:            3652 kB
Cached:          1201284 kB
SwapCached:            0 kB
Active:           997124 kB
Inactive:        1075604 kB
Active(anon):     871772 kB
Inactive(anon):    13388 kB
Active(file):     125352 kB
Inactive(file):  1062216 kB
Unevictable:        4124 kB
Mlocked:            4124 kB
SwapTotal:       1048572 kB
SwapFree:        1048572 kB
Dirty:               156 kB
Writeback:             0 kB
AnonPages:        872136 kB
Mapped:           740236 kB
Shmem:             14112 kB
Slab:             179816 kB
SReclaimable:      45328 kB
SUnreclaim:       134488 kB
KernelStack:       36960 kB
PageTables:        50552 kB
NFS_Unstable:          0 kB
Bounce:                0 kB
WritebackTmp:          0 kB
CommitLimit:     7105828 kB
Committed_AS:   61393280 kB
VmallocTotal:   263061440 kB
VmallocUsed:       62016 kB
VmallocChunk:          0 kB
Percpu:             2240 kB
CmaTotal:         294912 kB
CmaFree:               0 kB
MemTotal:       12114512 kB
MemFree:         7755380 kB
MemAvailable:    8761760 kB
Buffers:            3652 kB
Cached:          1201276 kB
SwapCached:            0 kB
Active:           997580 kB
Inactive:        1075600 kB
Active(anon):     872232 kB
Inactive(anon):    13388 kB
Active(file):     125348 kB
Inactive(file):  1062212 kB
Unevictable:        4124 kB
Mlocked:            4124 kB
SwapTotal:       1048572 kB
SwapFree:        1048572 kB
Dirty:               152 kB
Writeback:             0 kB
AnonPages:        872188 kB
Mapped:           740204 kB
Shmem:             14112 kB
Slab:             179816 kB
SReclaimable:      45328 kB
SUnreclaim:       134488 kB
KernelStack:       36944 kB
PageTables:        50496 kB
NFS_Unstable:          0 kB
Bounce:                0 kB
WritebackTmp:          0 kB
CommitLimit:     7105828 kB
Committed_AS:   61393360 kB
VmallocTotal:   263061440 kB
VmallocUsed:       62016 kB
VmallocChunk:          0 kB
Percpu:             2240 kB
CmaTotal:         294912 kB
CmaFree:              24 kB
MemTotal:       12114512 kB
MemFree:         7750136 kB
MemAvailable:    8756524 kB
Buffers:            3652 kB
Cached:          1201284 kB
SwapCached:            0 kB
Active:          1004300 kB
Inactive:        1075604 kB
Active(anon):     878948 kB
Inactive(anon):    13388 kB
Active(file):     125352 kB
Inactive(file):  1062216 kB
Unevictable:        4124 kB
Mlocked:            4124 kB
SwapTotal:       1048572 kB
SwapFree:        1048572 kB
Dirty:               140 kB
Writeback:             0 kB
AnonPages:        878672 kB
Mapped:           740332 kB
Shmem:             14112 kB
Slab:             179784 kB
SReclaimable:      45328 kB
SUnreclaim:       134456 kB
KernelStack:       36976 kB
PageTables:        50560 kB
NFS_Unstable:          0 kB
Bounce:                0 kB
WritebackTmp:          0 kB
CommitLimit:     7105828 kB
Committed_AS:   61393276 kB
VmallocTotal:   263061440 kB
VmallocUsed:       62016 kB
VmallocChunk:          0 kB
Percpu:             2240 kB
CmaTotal:         294912 kB
CmaFree:               0 kB
MemTotal:       12114512 kB
MemFree:         7751172 kB
MemAvailable:    8757568 kB
Buffers:            3652 kB
Cached:          1201292 kB
SwapCached:            0 kB
Active:          1002080 kB
Inactive:        1075608 kB
Active(anon):     876724 kB
Inactive(anon):    13388 kB
Active(file):     125356 kB
Inactive(file):  1062220 kB
Unevictable:        4124 kB
Mlocked:            4124 kB
SwapTotal:       1048572 kB
SwapFree:        1048572 kB
Dirty:               144 kB
Writeback:            16 kB
AnonPages:        877108 kB
Mapped:           740344 kB
Shmem:             14112 kB
Slab:             179984 kB
SReclaimable:      45328 kB
SUnreclaim:       134656 kB
KernelStack:       36976 kB
PageTables:        50556 kB
NFS_Unstable:          0 kB
Bounce:                0 kB
WritebackTmp:          0 kB
CommitLimit:     7105828 kB
Committed_AS:   61392924 kB
VmallocTotal:   263061440 kB
VmallocUsed:       62000 kB
VmallocChunk:          0 kB
Percpu:             2240 kB
CmaTotal:         294912 kB
CmaFree:               0 kB
MemTotal:       12114512 kB
MemFree:         7750584 kB
MemAvailable:    8756972 kB
Buffers:            3652 kB
Cached:          1201284 kB
SwapCached:            0 kB
Active:          1002088 kB
Inactive:        1075604 kB
Active(anon):     876736 kB
Inactive(anon):    13388 kB
Active(file):     125352 kB
Inactive(file):  1062216 kB
Unevictable:        4124 kB
Mlocked:            4124 kB
SwapTotal:       1048572 kB
SwapFree:        1048572 kB
Dirty:               156 kB
Writeback:             0 kB
AnonPages:        876928 kB
Mapped:           740324 kB
Shmem:             14112 kB
Slab:             179832 kB
SReclaimable:      45328 kB
SUnreclaim:       134504 kB
KernelStack:       36960 kB
PageTables:        50560 kB
NFS_Unstable:          0 kB
Bounce:                0 kB
WritebackTmp:          0 kB
CommitLimit:     7105828 kB
Committed_AS:   61392704 kB
VmallocTotal:   263061440 kB
VmallocUsed:       62016 kB
VmallocChunk:          0 kB
Percpu:             2240 kB
CmaTotal:         294912 kB
CmaFree:               0 kB
MemTotal:       12114512 kB
MemFree:         7750284 kB
MemAvailable:    8756672 kB
Buffers:            3652 kB
Cached:          1201284 kB
SwapCached:            0 kB
Active:          1002888 kB
Inactive:        1075604 kB
Active(anon):     877536 kB
Inactive(anon):    13388 kB
Active(file):     125352 kB
Inactive(file):  1062216 kB
Unevictable:        4124 kB
Mlocked:            4124 kB
SwapTotal:       1048572 kB
SwapFree:        1048572 kB
Dirty:               156 kB
Writeback:             0 kB
AnonPages:        877888 kB
Mapped:           740156 kB
Shmem:             14112 kB
Slab:             179784 kB
SReclaimable:      45328 kB
SUnreclaim:       134456 kB
KernelStack:       36960 kB
PageTables:        50520 kB
NFS_Unstable:          0 kB
Bounce:                0 kB
WritebackTmp:          0 kB
CommitLimit:     7105828 kB
Committed_AS:   61387940 kB
VmallocTotal:   263061440 kB
VmallocUsed:       62000 kB
VmallocChunk:          0 kB
Percpu:             2240 kB
CmaTotal:         294912 kB
CmaFree:             176 kB
MemTotal:       12114512 kB
MemFree:         7750872 kB
MemAvailable:    8757260 kB
Buffers:            3652 kB
Cached:          1201284 kB
SwapCached:            0 kB
Active:          1002992 kB
Inactive:        1075604 kB
Active(anon):     877640 kB
Inactive(anon):    13388 kB
Active(file):     125352 kB
Inactive(file):  1062216 kB
Unevictable:        4124 kB
Mlocked:            4124 kB
SwapTotal:       1048572 kB
SwapFree:        1048572 kB
Dirty:               164 kB
Writeback:             0 kB
AnonPages:        877240 kB
Mapped:           740400 kB
Shmem:             14112 kB
Slab:             179816 kB
SReclaimable:      45328 kB
SUnreclaim:       134488 kB
KernelStack:       36948 kB
PageTables:        50472 kB
NFS_Unstable:          0 kB
Bounce:                0 kB
WritebackTmp:          0 kB
CommitLimit:     7105828 kB
Committed_AS:   61388384 kB
VmallocTotal:   263061440 kB
VmallocUsed:       62016 kB
VmallocChunk:          0 kB
Percpu:             2240 kB
CmaTotal:         294912 kB
CmaFree:              28 kB
MemTotal:       12114512 kB
MemFree:         7750388 kB
MemAvailable:    8756776 kB
Buffers:            3652 kB
Cached:          1201288 kB
SwapCached:            0 kB
Active:          1003400 kB
Inactive:        1075608 kB
Active(anon):     878048 kB
Inactive(anon):    13392 kB
Active(file):     125352 kB
Inactive(file):  1062216 kB
Unevictable:        4124 kB
Mlocked:            4124 kB
SwapTotal:       1048572 kB
SwapFree:        1048572 kB
