MemTotal:       12114512 kB
MemFree:         3035292 kB
MemAvailable:    7476720 kB
Buffers:            6684 kB
Cached:          4152972 kB
SwapCached:            0 kB
Active:          2090372 kB
Inactive:        3452488 kB
Active(anon):    1387584 kB
Inactive(anon):    15252 kB
Active(file):     702788 kB
Inactive(file):  3437236 kB
Unevictable:        4164 kB
Mlocked:            4164 kB
SwapTotal:       1048572 kB
SwapFree:        1048572 kB
Dirty:               120 kB
Writeback:             0 kB
AnonPages:       1387728 kB
Mapped:           816220 kB
Shmem:             16332 kB
Slab:             198992 kB
SReclaimable:      56772 kB
SUnreclaim:       142220 kB
KernelStack:       41888 kB
PageTables:        53112 kB
NFS_Unstable:          0 kB
Bounce:                0 kB
WritebackTmp:          0 kB
CommitLimit:     7105828 kB
Committed_AS:   55138880 kB
VmallocTotal:   263061440 kB
VmallocUsed:       66860 kB
VmallocChunk:          0 kB
Percpu:             2336 kB
CmaTotal:         294912 kB
CmaFree:               0 kB
MemTotal:       12114512 kB
MemFree:         3033920 kB
MemAvailable:    7475352 kB
Buffers:            6684 kB
Cached:          4152972 kB
SwapCached:            0 kB
Active:          2090472 kB
Inactive:        3452488 kB
Active(anon):    1387684 kB
Inactive(anon):    15252 kB
Active(file):     702788 kB
Inactive(file):  3437236 kB
Unevictable:        4164 kB
Mlocked:            4164 kB
SwapTotal:       1048572 kB
SwapFree:        1048572 kB
Dirty:               124 kB
Writeback:             0 kB
AnonPages:       1387200 kB
Mapped:           816224 kB
Shmem:             16332 kB
Slab:             199024 kB
SReclaimable:      56784 kB
SUnreclaim:       142240 kB
KernelStack:       41888 kB
PageTables:        53244 kB
NFS_Unstable:          0 kB
Bounce:                0 kB
WritebackTmp:          0 kB
CommitLimit:     7105828 kB
Committed_AS:   55149740 kB
VmallocTotal:   263061440 kB
VmallocUsed:       66892 kB
VmallocChunk:          0 kB
Percpu:             2336 kB
CmaTotal:         294912 kB
CmaFree:               0 kB
MemTotal:       12114512 kB
MemFree:         3035332 kB
MemAvailable:    7488592 kB
Buffers:            6684 kB
Cached:          4152912 kB
SwapCached:            0 kB
Active:          2089420 kB
Inactive:        3452456 kB
Active(anon):    1386636 kB
Inactive(anon):    15236 kB
Active(file):     702784 kB
Inactive(file):  3437220 kB
Unevictable:        4164 kB
Mlocked:            4164 kB
SwapTotal:       1048572 kB
SwapFree:        1048572 kB
Dirty:               100 kB
Writeback:             8 kB
AnonPages:       1386488 kB
Mapped:           816156 kB
Shmem:             16292 kB
Slab:             199008 kB
SReclaimable:      56784 kB
SUnreclaim:       142224 kB
KernelStack:       41840 kB
PageTables:        53116 kB
NFS_Unstable:          0 kB
Bounce:                0 kB
WritebackTmp:          0 kB
CommitLimit:     7105828 kB
Committed_AS:   55149432 kB
VmallocTotal:   263061440 kB
VmallocUsed:       66876 kB
VmallocChunk:          0 kB
Percpu:             2336 kB
CmaTotal:         294912 kB
CmaFree:               0 kB
MemTotal:       12114512 kB
MemFree:         3001132 kB
MemAvailable:    7463804 kB
Buffers:            6684 kB
Cached:          4151424 kB
SwapCached:            0 kB
Active:          2128044 kB
Inactive:        3450824 kB
Active(anon):    1425244 kB
Inactive(anon):    15328 kB
Active(file):     702800 kB
Inactive(file):  3435496 kB
Unevictable:        4164 kB
Mlocked:            4164 kB
SwapTotal:       1048572 kB
SwapFree:        1048572 kB
Dirty:              3392 kB
Writeback:             0 kB
AnonPages:       1425068 kB
Mapped:           815516 kB
Shmem:             16384 kB
Slab:             199072 kB
SReclaimable:      56784 kB
SUnreclaim:       142288 kB
KernelStack:       41920 kB
PageTables:        53084 kB
NFS_Unstable:          0 kB
Bounce:                0 kB
WritebackTmp:          0 kB
CommitLimit:     7105828 kB
Committed_AS:   55142868 kB
VmallocTotal:   263061440 kB
VmallocUsed:       66924 kB
VmallocChunk:          0 kB
Percpu:             2336 kB
CmaTotal:         294912 kB
CmaFree:               0 kB
MemTotal:       12114512 kB
MemFree:         3029820 kB
MemAvailable:    7494304 kB
Buffers:            6684 kB
Cached:          4152932 kB
SwapCached:            0 kB
Active:          2094744 kB
Inactive:        3452464 kB
Active(anon):    1391944 kB
Inactive(anon):    15172 kB
Active(file):     702800 kB
Inactive(file):  3437292 kB
Unevictable:        4164 kB
Mlocked:            4164 kB
SwapTotal:       1048572 kB
SwapFree:        1048572 kB
Dirty:              5192 kB
Writeback:             0 kB
AnonPages:       1391424 kB
Mapped:           815900 kB
Shmem:             16224 kB
Slab:             199112 kB
SReclaimable:      56816 kB
SUnreclaim:       142296 kB
KernelStack:       41936 kB
PageTables:        53028 kB
NFS_Unstable:          0 kB
Bounce:                0 kB
WritebackTmp:          0 kB
CommitLimit:     7105828 kB
Committed_AS:   55136028 kB
VmallocTotal:   263061440 kB
VmallocUsed:       66908 kB
VmallocChunk:          0 kB
Percpu:             2336 kB
CmaTotal:         294912 kB
CmaFree:              16 kB
MemTotal:       12114512 kB
MemFree:         3030224 kB
MemAvailable:    7494708 kB
Buffers:            6684 kB
Cached:          4152932 kB
SwapCached:            0 kB
Active:          2095460 kB
Inactive:        3452464 kB
Active(anon):    1392660 kB
Inactive(anon):    15172 kB
Active(file):     702800 kB
Inactive(file):  3437292 kB
Unevictable:        4164 kB
Mlocked:            4164 kB
SwapTotal:       1048572 kB
SwapFree:        1048572 kB
Dirty:              5192 kB
Writeback:             0 kB
AnonPages:       1392552 kB
Mapped:           815896 kB
Shmem:             16224 kB
Slab:             199104 kB
SReclaimable:      56816 kB
SUnreclaim:       142288 kB
KernelStack:       41904 kB
PageTables:        53028 kB
NFS_Unstable:          0 kB
Bounce:                0 kB
WritebackTmp:          0 kB
CommitLimit:     7105828 kB
Committed_AS:   55133912 kB
VmallocTotal:   263061440 kB
VmallocUsed:       66924 kB
VmallocChunk:          0 kB
Percpu:             2336 kB
CmaTotal:         294912 kB
CmaFree:               0 kB
MemTotal:       12114512 kB
MemFree:         3030460 kB
MemAvailable:    7494944 kB
Buffers:            6684 kB
Cached:          4152932 kB
SwapCached:            0 kB
Active:          2095388 kB
Inactive:        3452464 kB
Active(anon):    1392588 kB
Inactive(anon):    15172 kB
Active(file):     702800 kB
Inactive(file):  3437292 kB
Unevictable:        4164 kB
Mlocked:            4164 kB
SwapTotal:       1048572 kB
SwapFree:        1048572 kB
Dirty:              5208 kB
Writeback:             0 kB
AnonPages:       1392488 kB
Mapped:           815660 kB
Shmem:             16224 kB
Slab:             199104 kB
SReclaimable:      56816 kB
SUnreclaim:       142288 kB
KernelStack:       41904 kB
PageTables:        53104 kB
NFS_Unstable:          0 kB
Bounce:                0 kB
WritebackTmp:          0 kB
CommitLimit:     7105828 kB
Committed_AS:   55139440 kB
VmallocTotal:   263061440 kB
VmallocUsed:       66908 kB
VmallocChunk:          0 kB
Percpu:             2336 kB
CmaTotal:         294912 kB
CmaFree:               0 kB
MemTotal:       12114512 kB
MemFree:         3030108 kB
MemAvailable:    7494592 kB
Buffers:            6684 kB
Cached:          4152836 kB
SwapCached:            0 kB
Active:          2095584 kB
Inactive:        3452368 kB
Active(anon):    1392784 kB
Inactive(anon):    15076 kB
Active(file):     702800 kB
Inactive(file):  3437292 kB
Unevictable:        4164 kB
Mlocked:            4164 kB
SwapTotal:       1048572 kB
SwapFree:        1048572 kB
Dirty:              5212 kB
Writeback:             0 kB
AnonPages:       1392900 kB
Mapped:           815800 kB
Shmem:             16128 kB
Slab:             199104 kB
SReclaimable:      56816 kB
SUnreclaim:       142288 kB
KernelStack:       41904 kB
PageTables:        53024 kB
NFS_Unstable:          0 kB
Bounce:                0 kB
WritebackTmp:          0 kB
CommitLimit:     7105828 kB
Committed_AS:   55139300 kB
VmallocTotal:   263061440 kB
VmallocUsed:       66908 kB
VmallocChunk:          0 kB
Percpu:             2336 kB
CmaTotal:         294912 kB
CmaFree:              12 kB
MemTotal:       12114512 kB
MemFree:         3030692 kB
MemAvailable:    7495176 kB
Buffers:            6688 kB
Cached:          4152832 kB
SwapCached:            0 kB
Active:          2095728 kB
Inactive:        3452368 kB
Active(anon):    1392928 kB
Inactive(anon):    15076 kB
Active(file):     702800 kB
Inactive(file):  3437292 kB
Unevictable:        4164 kB
Mlocked:            4164 kB
SwapTotal:       1048572 kB
SwapFree:        1048572 kB
Dirty:               156 kB
Writeback:          2600 kB
AnonPages:       1392368 kB
Mapped:           815808 kB
Shmem:             16128 kB
Slab:             199104 kB
SReclaimable:      56816 kB
SUnreclaim:       142288 kB
KernelStack:       41888 kB
PageTables:        53152 kB
NFS_Unstable:          0 kB
Bounce:                0 kB
WritebackTmp:          0 kB
CommitLimit:     7105828 kB
Committed_AS:   55133164 kB
VmallocTotal:   263061440 kB
VmallocUsed:       66908 kB
VmallocChunk:          0 kB
Percpu:             2336 kB
CmaTotal:         294912 kB
CmaFree:               0 kB
MemTotal:       12114512 kB
MemFree:         3033792 kB
MemAvailable:    7498292 kB
Buffers:            6688 kB
Cached:          4152848 kB
SwapCached:            0 kB
Active:          2091180 kB
Inactive:        3452380 kB
Active(anon):    1388376 kB
Inactive(anon):    15076 kB
Active(file):     702804 kB
Inactive(file):  3437304 kB
Unevictable:        4164 kB
Mlocked:            4164 kB
SwapTotal:       1048572 kB
SwapFree:        1048572 kB
Dirty:               192 kB
Writeback:             0 kB
AnonPages:       1388188 kB
Mapped:           815764 kB
Shmem:             16128 kB
Slab:             199104 kB
SReclaimable:      56816 kB
SUnreclaim:       142288 kB
KernelStack:       41888 kB
PageTables:        53016 kB
NFS_Unstable:          0 kB
Bounce:                0 kB
WritebackTmp:          0 kB
CommitLimit:     7105828 kB
Committed_AS:   55138636 kB
VmallocTotal:   263061440 kB
VmallocUsed:       66908 kB
VmallocChunk:          0 kB
Percpu:             2336 kB
CmaTotal:         294912 kB
CmaFree:              84 kB
MemTotal:       12114512 kB
MemFree:         3033856 kB
MemAvailable:    7497092 kB
Buffers:            6688 kB
Cached:          4151588 kB
SwapCached:            0 kB
Active:          2092952 kB
Inactive:        3451116 kB
Active(anon):    1390148 kB
Inactive(anon):    15076 kB
Active(file):     702804 kB
Inactive(file):  3436040 kB
Unevictable:        4164 kB
Mlocked:            4164 kB
SwapTotal:       1048572 kB
SwapFree:        1048572 kB
Dirty:              3980 kB
Writeback:             0 kB
AnonPages:       1390048 kB
Mapped:           815996 kB
Shmem:             16128 kB
Slab:             199096 kB
SReclaimable:      56816 kB
SUnreclaim:       142280 kB
KernelStack:       41924 kB
PageTables:        52948 kB
NFS_Unstable:          0 kB
Bounce:                0 kB
WritebackTmp:          0 kB
CommitLimit:     7105828 kB
Committed_AS:   55136284 kB
VmallocTotal:   263061440 kB
VmallocUsed:       66924 kB
VmallocChunk:          0 kB
Percpu:             2336 kB
CmaTotal:         294912 kB
CmaFree:              56 kB
MemTotal:       12114512 kB
MemFree:         3028020 kB
MemAvailable:    7492700 kB
Buffers:            6688 kB
Cached:          4153020 kB
SwapCached:            0 kB
Active:          2095408 kB
Inactive:        3452552 kB
Active(anon):    1392604 kB
Inactive(anon):    15076 kB
Active(file):     702804 kB
Inactive(file):  3437476 kB
Unevictable:        4164 kB
Mlocked:            4164 kB
SwapTotal:       1048572 kB
SwapFree:        1048572 kB
Dirty:              5412 kB
Writeback:             0 kB
AnonPages:       1392876 kB
Mapped:           815780 kB
Shmem:             16128 kB
Slab:             199100 kB
SReclaimable:      56828 kB
SUnreclaim:       142272 kB
KernelStack:       41872 kB
PageTables:        53016 kB
NFS_Unstable:          0 kB
Bounce:                0 kB
WritebackTmp:          0 kB
CommitLimit:     7105828 kB
Committed_AS:   55138664 kB
VmallocTotal:   263061440 kB
VmallocUsed:       66940 kB
VmallocChunk:          0 kB
Percpu:             2336 kB
CmaTotal:         294912 kB
CmaFree:              72 kB
MemTotal:       12114512 kB
MemFree:         3029296 kB
MemAvailable:    7493976 kB
Buffers:            6688 kB
Cached:          4153020 kB
SwapCached:            0 kB
Active:          2095704 kB
Inactive:        3452552 kB
Active(anon):    1392900 kB
Inactive(anon):    15076 kB
Active(file):     702804 kB
Inactive(file):  3437476 kB
Unevictable:        4164 kB
Mlocked:            4164 kB
SwapTotal:       1048572 kB
SwapFree:        1048572 kB
Dirty:              5424 kB
Writeback:             0 kB
AnonPages:       1392700 kB
Mapped:           816016 kB
Shmem:             16128 kB
Slab:             199116 kB
SReclaimable:      56828 kB
SUnreclaim:       142288 kB
KernelStack:       41924 kB
PageTables:        52964 kB
NFS_Unstable:          0 kB
Bounce:                0 kB
WritebackTmp:          0 kB
CommitLimit:     7105828 kB
Committed_AS:   55140300 kB
VmallocTotal:   263061440 kB
VmallocUsed:       66940 kB
VmallocChunk:          0 kB
Percpu:             2336 kB
CmaTotal:         294912 kB
CmaFree:              48 kB
MemTotal:       12114512 kB
MemFree:         3028308 kB
MemAvailable:    7492988 kB
Buffers:            6688 kB
Cached:          4153020 kB
SwapCached:            0 kB
Active:          2096380 kB
Inactive:        3452552 kB
Active(anon):    1393576 kB
Inactive(anon):    15076 kB
Active(file):     702804 kB
Inactive(file):  3437476 kB
Unevictable:        4164 kB
Mlocked:            4164 kB
SwapTotal:       1048572 kB
SwapFree:        1048572 kB
Dirty:              5372 kB
Writeback:             0 kB
AnonPages:       1393320 kB
Mapped:           815780 kB
Shmem:             16128 kB
Slab:             199116 kB
SReclaimable:      56828 kB
SUnreclaim:       142288 kB
KernelStack:       41856 kB
PageTables:        53020 kB
NFS_Unstable:          0 kB
Bounce:                0 kB
WritebackTmp:          0 kB
CommitLimit:     7105828 kB
Committed_AS:   55134736 kB
VmallocTotal:   263061440 kB
VmallocUsed:       66892 kB
VmallocChunk:          0 kB
Percpu:             2336 kB
CmaTotal:         294912 kB
CmaFree:               0 kB
MemTotal:       12114512 kB
MemFree:         3029476 kB
MemAvailable:    7494168 kB
Buffers:            6692 kB
Cached:          4153028 kB
SwapCached:            0 kB
Active:          2095628 kB
Inactive:        3452560 kB
Active(anon):    1392820 kB
Inactive(anon):    15076 kB
Active(file):     702808 kB
Inactive(file):  3437484 kB
Unevictable:        4164 kB
Mlocked:            4164 kB
SwapTotal:       1048572 kB
SwapFree:        1048572 kB
Dirty:               224 kB
Writeback:             0 kB
AnonPages:       1392900 kB
Mapped:           815516 kB
Shmem:             16128 kB
Slab:             199120 kB
SReclaimable:      56832 kB
SUnreclaim:       142288 kB
KernelStack:       41924 kB
PageTables:        52900 kB
NFS_Unstable:          0 kB
Bounce:                0 kB
WritebackTmp:          0 kB
CommitLimit:     7105828 kB
Committed_AS:   55141628 kB
VmallocTotal:   263061440 kB
VmallocUsed:       66924 kB
VmallocChunk:          0 kB
Percpu:             2336 kB
CmaTotal:         294912 kB
CmaFree:               0 kB
MemTotal:       12114512 kB
MemFree:         3028400 kB
MemAvailable:    7493092 kB
Buffers:            6692 kB
Cached:          4153028 kB
SwapCached:            0 kB
Active:          2096020 kB
Inactive:        3452560 kB
Active(anon):    1393212 kB
Inactive(anon):    15076 kB
Active(file):     702808 kB
Inactive(file):  3437484 kB
Unevictable:        4164 kB
Mlocked:            4164 kB
SwapTotal:       1048572 kB
SwapFree:        1048572 kB
Dirty:               316 kB
Writeback:             0 kB
AnonPages:       1393184 kB
Mapped:           815784 kB
Shmem:             16128 kB
Slab:             199128 kB
SReclaimable:      56832 kB
SUnreclaim:       142296 kB
KernelStack:       41840 kB
PageTables:        53020 kB
NFS_Unstable:          0 kB
Bounce:                0 kB
WritebackTmp:          0 kB
CommitLimit:     7105828 kB
Committed_AS:   55141320 kB
VmallocTotal:   263061440 kB
VmallocUsed:       66908 kB
VmallocChunk:          0 kB
Percpu:             2336 kB
CmaTotal:         294912 kB
CmaFree:               0 kB
MemTotal:       12114512 kB
MemFree:         3028868 kB
MemAvailable:    7493560 kB
Buffers:            6692 kB
Cached:          4153028 kB
SwapCached:            0 kB
Active:          2095604 kB
Inactive:        3452560 kB
Active(anon):    1392796 kB
Inactive(anon):    15076 kB
Active(file):     702808 kB
Inactive(file):  3437484 kB
Unevictable:        4164 kB
Mlocked:            4164 kB
SwapTotal:       1048572 kB
SwapFree:        1048572 kB
Dirty:               316 kB
Writeback:             0 kB
AnonPages:       1392756 kB
Mapped:           815776 kB
Shmem:             16128 kB
Slab:             199128 kB
SReclaimable:      56832 kB
SUnreclaim:       142296 kB
KernelStack:       41888 kB
PageTables:        53016 kB
NFS_Unstable:          0 kB
Bounce:                0 kB
WritebackTmp:          0 kB
CommitLimit:     7105828 kB
Committed_AS:   55133168 kB
VmallocTotal:   263061440 kB
VmallocUsed:       66924 kB
VmallocChunk:          0 kB
Percpu:             2336 kB
CmaTotal:         294912 kB
CmaFree:               8 kB
MemTotal:       12114512 kB
MemFree:         3028336 kB
MemAvailable:    7493028 kB
Buffers:            6692 kB
Cached:          4152932 kB
SwapCached:            0 kB
Active:          2096368 kB
Inactive:        3452464 kB
Active(anon):    1393560 kB
Inactive(anon):    14980 kB
Active(file):     702808 kB
Inactive(file):  3437484 kB
Unevictable:        4164 kB
Mlocked:            4164 kB
SwapTotal:       1048572 kB
SwapFree:        1048572 kB
Dirty:               316 kB
Writeback:             0 kB
AnonPages:       1393456 kB
Mapped:           815680 kB
Shmem:             16032 kB
Slab:             199128 kB
SReclaimable:      56832 kB
SUnreclaim:       142296 kB
KernelStack:       41856 kB
PageTables:        53012 kB
NFS_Unstable:          0 kB
Bounce:                0 kB
WritebackTmp:          0 kB
CommitLimit:     7105828 kB
Committed_AS:   55130148 kB
VmallocTotal:   263061440 kB
VmallocUsed:       66892 kB
VmallocChunk:          0 kB
Percpu:             2336 kB
CmaTotal:         294912 kB
CmaFree:               0 kB
MemTotal:       12114512 kB
MemFree:         3028868 kB
MemAvailable:    7493560 kB
Buffers:            6692 kB
Cached:          4152932 kB
SwapCached:            0 kB
Active:          2096500 kB
Inactive:        3452464 kB
Active(anon):    1393692 kB
Inactive(anon):    14980 kB
Active(file):     702808 kB
Inactive(file):  3437484 kB
Unevictable:        4164 kB
Mlocked:            4164 kB
SwapTotal:       1048572 kB
SwapFree:        1048572 kB
Dirty:               148 kB
Writeback:             0 kB
AnonPages:       1393624 kB
Mapped:           815680 kB
Shmem:             16032 kB
Slab:             199128 kB
SReclaimable:      56832 kB
SUnreclaim:       142296 kB
KernelStack:       41872 kB
PageTables:        53012 kB
NFS_Unstable:          0 kB
Bounce:                0 kB
WritebackTmp:          0 kB
CommitLimit:     7105828 kB
Committed_AS:   55132968 kB
VmallocTotal:   263061440 kB
VmallocUsed:       66908 kB
VmallocChunk:          0 kB
Percpu:             2336 kB
CmaTotal:         294912 kB
CmaFree:               0 kB
MemTotal:       12114512 kB
MemFree:         3029096 kB
MemAvailable:    7493788 kB
Buffers:            6692 kB
Cached:          4152932 kB
SwapCached:            0 kB
Active:          2096656 kB
Inactive:        3452464 kB
Active(anon):    1393848 kB
Inactive(anon):    14980 kB
Active(file):     702808 kB
Inactive(file):  3437484 kB
Unevictable:        4164 kB
Mlocked:            4164 kB
SwapTotal:       1048572 kB
SwapFree:        1048572 kB
Dirty:               180 kB
Writeback:             0 kB
AnonPages:       1393780 kB
Mapped:           815940 kB
Shmem:             16032 kB
Slab:             199128 kB
SReclaimable:      56832 kB
SUnreclaim:       142296 kB
KernelStack:       41872 kB
PageTables:        53012 kB
NFS_Unstable:          0 kB
Bounce:                0 kB
WritebackTmp:          0 kB
CommitLimit:     7105828 kB
Committed_AS:   55136568 kB
VmallocTotal:   263061440 kB
VmallocUsed:       66892 kB
VmallocChunk:          0 kB
Percpu:             2336 kB
CmaTotal:         294912 kB
CmaFree:               0 kB
MemTotal:       12114512 kB
MemFree:         3028952 kB
MemAvailable:    7493648 kB
Buffers:            6696 kB
Cached:          4152932 kB
SwapCached:            0 kB
Active:          2096556 kB
Inactive:        3452468 kB
Active(anon):    1393748 kB
Inactive(anon):    14980 kB
Active(file):     702808 kB
Inactive(file):  3437488 kB
Unevictable:        4164 kB
Mlocked:            4164 kB
SwapTotal:       1048572 kB
SwapFree:        1048572 kB
Dirty:               160 kB
Writeback:             0 kB
AnonPages:       1393752 kB
Mapped:           815828 kB
Shmem:             16032 kB
Slab:             199128 kB
SReclaimable:      56832 kB
SUnreclaim:       142296 kB
KernelStack:       41920 kB
PageTables:        52992 kB
NFS_Unstable:          0 kB
Bounce:                0 kB
WritebackTmp:          0 kB
CommitLimit:     7105828 kB
Committed_AS:   55135296 kB
VmallocTotal:   263061440 kB
VmallocUsed:       66908 kB
VmallocChunk:          0 kB
Percpu:             2336 kB
CmaTotal:         294912 kB
CmaFree:               4 kB
MemTotal:       12114512 kB
MemFree:         3027836 kB
MemAvailable:    7492536 kB
Buffers:            6696 kB
Cached:          4152936 kB
SwapCached:            0 kB
Active:          2096944 kB
Inactive:        3452468 kB
Active(anon):    1394132 kB
Inactive(anon):    14980 kB
Active(file):     702812 kB
Inactive(file):  3437488 kB
Unevictable:        4164 kB
Mlocked:            4164 kB
SwapTotal:       1048572 kB
SwapFree:        1048572 kB
Dirty:               176 kB
Writeback:             0 kB
AnonPages:       1393812 kB
Mapped:           815788 kB
Shmem:             16032 kB
Slab:             199128 kB
SReclaimable:      56832 kB
SUnreclaim:       142296 kB
KernelStack:       41912 kB
PageTables:        52932 kB
NFS_Unstable:          0 kB
Bounce:                0 kB
WritebackTmp:          0 kB
CommitLimit:     7105828 kB
Committed_AS:   55133856 kB
VmallocTotal:   263061440 kB
VmallocUsed:       66956 kB
VmallocChunk:          0 kB
Percpu:             2336 kB
CmaTotal:         294912 kB
CmaFree:               0 kB
MemTotal:       12114512 kB
MemFree:         3028440 kB
MemAvailable:    7493140 kB
Buffers:            6696 kB
Cached:          4152936 kB
SwapCached:            0 kB
Active:          2096916 kB
Inactive:        3452468 kB
Active(anon):    1394104 kB
Inactive(anon):    14980 kB
Active(file):     702812 kB
Inactive(file):  3437488 kB
Unevictable:        4164 kB
Mlocked:            4164 kB
SwapTotal:       1048572 kB
SwapFree:        1048572 kB
Dirty:               188 kB
Writeback:             0 kB
AnonPages:       1393308 kB
Mapped:           815824 kB
Shmem:             16032 kB
Slab:             199128 kB
SReclaimable:      56832 kB
SUnreclaim:       142296 kB
KernelStack:       41920 kB
PageTables:        53156 kB
NFS_Unstable:          0 kB
Bounce:                0 kB
WritebackTmp:          0 kB
CommitLimit:     7105828 kB
Committed_AS:   55131648 kB
VmallocTotal:   263061440 kB
VmallocUsed:       66940 kB
VmallocChunk:          0 kB
Percpu:             2336 kB
CmaTotal:         294912 kB
CmaFree:               8 kB
MemTotal:       12114512 kB
MemFree:         3026208 kB
MemAvailable:    7490908 kB
Buffers:            6696 kB
Cached:          4152936 kB
SwapCached:            0 kB
Active:          2097356 kB
Inactive:        3452468 kB
Active(anon):    1394544 kB
Inactive(anon):    14980 kB
Active(file):     702812 kB
Inactive(file):  3437488 kB
Unevictable:        4164 kB
Mlocked:            4164 kB
SwapTotal:       1048572 kB
SwapFree:        1048572 kB
Dirty:               144 kB
Writeback:             0 kB
AnonPages:       1394232 kB
Mapped:           815760 kB
Shmem:             16032 kB
Slab:             199128 kB
SReclaimable:      56832 kB
SUnreclaim:       142296 kB
KernelStack:       41856 kB
PageTables:        52968 kB
NFS_Unstable:          0 kB
Bounce:                0 kB
WritebackTmp:          0 kB
CommitLimit:     7105828 kB
Committed_AS:   55133280 kB
VmallocTotal:   263061440 kB
VmallocUsed:       66956 kB
VmallocChunk:          0 kB
Percpu:             2336 kB
CmaTotal:         294912 kB
CmaFree:               0 kB
MemTotal:       12114512 kB
MemFree:         3025988 kB
MemAvailable:    7490688 kB
Buffers:            6696 kB
Cached:          4152936 kB
SwapCached:            0 kB
Active:          2097160 kB
Inactive:        3452468 kB
Active(anon):    1394348 kB
Inactive(anon):    14980 kB
Active(file):     702812 kB
Inactive(file):  3437488 kB
Unevictable:        4164 kB
Mlocked:            4164 kB
SwapTotal:       1048572 kB
SwapFree:        1048572 kB
Dirty:               160 kB
Writeback:             0 kB
AnonPages:       1394080 kB
Mapped:           815712 kB
Shmem:             16032 kB
Slab:             199124 kB
SReclaimable:      56832 kB
SUnreclaim:       142292 kB
KernelStack:       41888 kB
PageTables:        53012 kB
NFS_Unstable:          0 kB
Bounce:                0 kB
WritebackTmp:          0 kB
CommitLimit:     7105828 kB
Committed_AS:   55133060 kB
VmallocTotal:   263061440 kB
VmallocUsed:       66956 kB
VmallocChunk:          0 kB
Percpu:             2336 kB
CmaTotal:         294912 kB
CmaFree:               0 kB
MemTotal:       12114512 kB
MemFree:         3027288 kB
MemAvailable:    7491972 kB
Buffers:            6696 kB
Cached:          4152936 kB
SwapCached:            0 kB
Active:          2096600 kB
Inactive:        3452468 kB
Active(anon):    1393788 kB
Inactive(anon):    14980 kB
Active(file):     702812 kB
Inactive(file):  3437488 kB
Unevictable:        4164 kB
Mlocked:            4164 kB
SwapTotal:       1048572 kB
SwapFree:        1048572 kB
Dirty:               160 kB
Writeback:             0 kB
AnonPages:       1393456 kB
Mapped:           815716 kB
Shmem:             16032 kB
Slab:             199124 kB
SReclaimable:      56832 kB
SUnreclaim:       142292 kB
KernelStack:       41904 kB
PageTables:        53012 kB
NFS_Unstable:          0 kB
Bounce:                0 kB
WritebackTmp:          0 kB
CommitLimit:     7105828 kB
Committed_AS:   55132708 kB
VmallocTotal:   263061440 kB
VmallocUsed:       66972 kB
VmallocChunk:          0 kB
Percpu:             2336 kB
CmaTotal:         294912 kB
CmaFree:               0 kB
MemTotal:       12114512 kB
MemFree:         3027628 kB
MemAvailable:    7492312 kB
Buffers:            6696 kB
Cached:          4152936 kB
SwapCached:            0 kB
Active:          2096472 kB
Inactive:        3452468 kB
Active(anon):    1393660 kB
Inactive(anon):    14980 kB
Active(file):     702812 kB
Inactive(file):  3437488 kB
Unevictable:        4164 kB
Mlocked:            4164 kB
SwapTotal:       1048572 kB
SwapFree:        1048572 kB
Dirty:               160 kB
Writeback:             0 kB
AnonPages:       1393332 kB
Mapped:           815716 kB
Shmem:             16032 kB
Slab:             199124 kB
SReclaimable:      56832 kB
SUnreclaim:       142292 kB
KernelStack:       41888 kB
PageTables:        53012 kB
NFS_Unstable:          0 kB
Bounce:                0 kB
WritebackTmp:          0 kB
CommitLimit:     7105828 kB
Committed_AS:   55128680 kB
VmallocTotal:   263061440 kB
VmallocUsed:       66956 kB
VmallocChunk:          0 kB
Percpu:             2336 kB
CmaTotal:         294912 kB
CmaFree:               4 kB
MemTotal:       12114512 kB
MemFree:         3028628 kB
MemAvailable:    7493312 kB
Buffers:            6696 kB
Cached:          4152936 kB
SwapCached:            0 kB
Active:          2096540 kB
Inactive:        3452468 kB
Active(anon):    1393728 kB
Inactive(anon):    14980 kB
Active(file):     702812 kB
Inactive(file):  3437488 kB
Unevictable:        4164 kB
Mlocked:            4164 kB
SwapTotal:       1048572 kB
SwapFree:        1048572 kB
Dirty:               160 kB
Writeback:             0 kB
AnonPages:       1393824 kB
Mapped:           815712 kB
Shmem:             16032 kB
Slab:             199124 kB
SReclaimable:      56832 kB
SUnreclaim:       142292 kB
KernelStack:       41872 kB
PageTables:        52980 kB
NFS_Unstable:          0 kB
Bounce:                0 kB
WritebackTmp:          0 kB
CommitLimit:     7105828 kB
Committed_AS:   55127612 kB
VmallocTotal:   263061440 kB
VmallocUsed:       66956 kB
VmallocChunk:          0 kB
Percpu:             2336 kB
CmaTotal:         294912 kB
CmaFree:              60 kB
MemTotal:       12114512 kB
MemFree:         3028932 kB
MemAvailable:    7493616 kB
Buffers:            6696 kB
Cached:          4152936 kB
SwapCached:            0 kB
Active:          2096848 kB
Inactive:        3452468 kB
Active(anon):    1394036 kB
Inactive(anon):    14980 kB
Active(file):     702812 kB
Inactive(file):  3437488 kB
Unevictable:        4164 kB
Mlocked:            4164 kB
SwapTotal:       1048572 kB
SwapFree:        1048572 kB
Dirty:               120 kB
Writeback:             0 kB
AnonPages:       1393696 kB
Mapped:           815716 kB
Shmem:             16032 kB
Slab:             199124 kB
SReclaimable:      56832 kB
SUnreclaim:       142292 kB
KernelStack:       41984 kB
PageTables:        53012 kB
NFS_Unstable:          0 kB
Bounce:                0 kB
WritebackTmp:          0 kB
CommitLimit:     7105828 kB
Committed_AS:   55131404 kB
VmallocTotal:   263061440 kB
VmallocUsed:       66924 kB
VmallocChunk:          0 kB
Percpu:             2336 kB
CmaTotal:         294912 kB
CmaFree:               0 kB
MemTotal:       12114512 kB
MemFree:         3029040 kB
MemAvailable:    7493724 kB
Buffers:            6696 kB
Cached:          4152936 kB
SwapCached:            0 kB
Active:          2097056 kB
Inactive:        3452468 kB
Active(anon):    1394244 kB
Inactive(anon):    14980 kB
Active(file):     702812 kB
Inactive(file):  3437488 kB
Unevictable:        4164 kB
Mlocked:            4164 kB
SwapTotal:       1048572 kB
SwapFree:        1048572 kB
Dirty:               164 kB
Writeback:             0 kB
AnonPages:       1394288 kB
Mapped:           815712 kB
Shmem:             16032 kB
Slab:             199124 kB
SReclaimable:      56832 kB
SUnreclaim:       142292 kB
KernelStack:       41920 kB
PageTables:        53008 kB
NFS_Unstable:          0 kB
Bounce:                0 kB
WritebackTmp:          0 kB
CommitLimit:     7105828 kB
Committed_AS:   55135952 kB
VmallocTotal:   263061440 kB
VmallocUsed:       66908 kB
VmallocChunk:          0 kB
Percpu:             2336 kB
CmaTotal:         294912 kB
CmaFree:               0 kB
MemTotal:       12114512 kB
MemFree:         3029628 kB
MemAvailable:    7494312 kB
Buffers:            6696 kB
Cached:          4152936 kB
SwapCached:            0 kB
Active:          2097052 kB
Inactive:        3452468 kB
Active(anon):    1394240 kB
Inactive(anon):    14980 kB
Active(file):     702812 kB
Inactive(file):  3437488 kB
Unevictable:        4164 kB
Mlocked:            4164 kB
SwapTotal:       1048572 kB
SwapFree:        1048572 kB
Dirty:               172 kB
Writeback:             0 kB
AnonPages:       1393924 kB
Mapped:           815884 kB
Shmem:             16032 kB
Slab:             199124 kB
SReclaimable:      56832 kB
SUnreclaim:       142292 kB
KernelStack:       41952 kB
PageTables:        53052 kB
NFS_Unstable:          0 kB
Bounce:                0 kB
WritebackTmp:          0 kB
CommitLimit:     7105828 kB
Committed_AS:   55130336 kB
VmallocTotal:   263061440 kB
VmallocUsed:       66940 kB
VmallocChunk:          0 kB
Percpu:             2336 kB
CmaTotal:         294912 kB
CmaFree:               0 kB
MemTotal:       12114512 kB
MemFree:         3027468 kB
MemAvailable:    7492152 kB
Buffers:            6696 kB
Cached:          4152936 kB
SwapCached:            0 kB
Active:          2097292 kB
Inactive:        3452468 kB
Active(anon):    1394480 kB
Inactive(anon):    14980 kB
Active(file):     702812 kB
Inactive(file):  3437488 kB
Unevictable:        4164 kB
Mlocked:            4164 kB
SwapTotal:       1048572 kB
SwapFree:        1048572 kB
Dirty:               180 kB
Writeback:             0 kB
AnonPages:       1394360 kB
Mapped:           815724 kB
Shmem:             16032 kB
Slab:             199124 kB
SReclaimable:      56832 kB
SUnreclaim:       142292 kB
KernelStack:       41888 kB
PageTables:        53012 kB
NFS_Unstable:          0 kB
Bounce:                0 kB
WritebackTmp:          0 kB
CommitLimit:     7105828 kB
Committed_AS:   55134868 kB
VmallocTotal:   263061440 kB
VmallocUsed:       66972 kB
VmallocChunk:          0 kB
Percpu:             2336 kB
CmaTotal:         294912 kB
CmaFree:               0 kB
MemTotal:       12114512 kB
MemFree:         3028948 kB
MemAvailable:    7493632 kB
Buffers:            6696 kB
Cached:          4152936 kB
SwapCached:            0 kB
Active:          2097080 kB
Inactive:        3452468 kB
Active(anon):    1394268 kB
Inactive(anon):    14980 kB
Active(file):     702812 kB
Inactive(file):  3437488 kB
Unevictable:        4164 kB
Mlocked:            4164 kB
SwapTotal:       1048572 kB
SwapFree:        1048572 kB
Dirty:               204 kB
Writeback:             0 kB
AnonPages:       1393924 kB
Mapped:           815904 kB
Shmem:             16032 kB
Slab:             199124 kB
SReclaimable:      56832 kB
SUnreclaim:       142292 kB
KernelStack:       41988 kB
PageTables:        52996 kB
NFS_Unstable:          0 kB
Bounce:                0 kB
WritebackTmp:          0 kB
CommitLimit:     7105828 kB
Committed_AS:   55135444 kB
VmallocTotal:   263061440 kB
VmallocUsed:       67004 kB
VmallocChunk:          0 kB
Percpu:             2336 kB
CmaTotal:         294912 kB
CmaFree:               0 kB
MemTotal:       12114512 kB
MemFree:         3028376 kB
MemAvailable:    7493060 kB
Buffers:            6696 kB
Cached:          4152936 kB
SwapCached:            0 kB
Active:          2097228 kB
Inactive:        3452468 kB
Active(anon):    1394416 kB
Inactive(anon):    14980 kB
Active(file):     702812 kB
Inactive(file):  3437488 kB
Unevictable:        4164 kB
Mlocked:            4164 kB
SwapTotal:       1048572 kB
SwapFree:        1048572 kB
Dirty:               132 kB
Writeback:             0 kB
AnonPages:       1393968 kB
Mapped:           815716 kB
Shmem:             16032 kB
Slab:             199124 kB
SReclaimable:      56832 kB
SUnreclaim:       142292 kB
KernelStack:       41936 kB
PageTables:        53012 kB
NFS_Unstable:          0 kB
Bounce:                0 kB
WritebackTmp:          0 kB
CommitLimit:     7105828 kB
Committed_AS:   55131752 kB
VmallocTotal:   263061440 kB
VmallocUsed:       66972 kB
VmallocChunk:          0 kB
Percpu:             2336 kB
CmaTotal:         294912 kB
CmaFree:               0 kB
MemTotal:       12114512 kB
MemFree:         3022732 kB
MemAvailable:    7487416 kB
Buffers:            6696 kB
Cached:          4153304 kB
SwapCached:            0 kB
Active:          2100584 kB
Inactive:        3452836 kB
Active(anon):    1397772 kB
Inactive(anon):    15348 kB
Active(file):     702812 kB
Inactive(file):  3437488 kB
Unevictable:        4164 kB
Mlocked:            4164 kB
SwapTotal:       1048572 kB
SwapFree:        1048572 kB
Dirty:               132 kB
Writeback:             0 kB
AnonPages:       1397600 kB
Mapped:           816084 kB
Shmem:             16400 kB
Slab:             199124 kB
SReclaimable:      56832 kB
SUnreclaim:       142292 kB
KernelStack:       41936 kB
PageTables:        53016 kB
NFS_Unstable:          0 kB
Bounce:                0 kB
WritebackTmp:          0 kB
CommitLimit:     7105828 kB
Committed_AS:   55138740 kB
VmallocTotal:   263061440 kB
VmallocUsed:       66940 kB
VmallocChunk:          0 kB
Percpu:             2336 kB
CmaTotal:         294912 kB
CmaFree:               4 kB
MemTotal:       12114512 kB
MemFree:         3024108 kB
MemAvailable:    7488792 kB
Buffers:            6696 kB
Cached:          4152936 kB
SwapCached:            0 kB
Active:          2100880 kB
Inactive:        3452468 kB
Active(anon):    1398068 kB
Inactive(anon):    14980 kB
Active(file):     702812 kB
Inactive(file):  3437488 kB
Unevictable:        4164 kB
Mlocked:            4164 kB
SwapTotal:       1048572 kB
SwapFree:        1048572 kB
Dirty:               136 kB
Writeback:             0 kB
AnonPages:       1397728 kB
Mapped:           815716 kB
Shmem:             16032 kB
Slab:             199124 kB
SReclaimable:      56832 kB
SUnreclaim:       142292 kB
KernelStack:       41920 kB
PageTables:        53012 kB
NFS_Unstable:          0 kB
Bounce:                0 kB
WritebackTmp:          0 kB
CommitLimit:     7105828 kB
Committed_AS:   55138432 kB
VmallocTotal:   263061440 kB
VmallocUsed:       66972 kB
VmallocChunk:          0 kB
Percpu:             2336 kB
CmaTotal:         294912 kB
CmaFree:               0 kB
MemTotal:       12114512 kB
MemFree:         3024504 kB
MemAvailable:    7489188 kB
Buffers:            6696 kB
Cached:          4152936 kB
SwapCached:            0 kB
Active:          2101496 kB
Inactive:        3452468 kB
Active(anon):    1398684 kB
Inactive(anon):    14980 kB
Active(file):     702812 kB
Inactive(file):  3437488 kB
Unevictable:        4164 kB
Mlocked:            4164 kB
SwapTotal:       1048572 kB
SwapFree:        1048572 kB
Dirty:               152 kB
Writeback:             0 kB
AnonPages:       1398256 kB
Mapped:           815844 kB
Shmem:             16032 kB
Slab:             199124 kB
SReclaimable:      56832 kB
SUnreclaim:       142292 kB
KernelStack:       41968 kB
PageTables:        52960 kB
NFS_Unstable:          0 kB
Bounce:                0 kB
WritebackTmp:          0 kB
CommitLimit:     7105828 kB
Committed_AS:   55125256 kB
VmallocTotal:   263061440 kB
VmallocUsed:       66956 kB
VmallocChunk:          0 kB
Percpu:             2336 kB
CmaTotal:         294912 kB
CmaFree:               0 kB
MemTotal:       12114512 kB
MemFree:         3023348 kB
MemAvailable:    7488032 kB
Buffers:            6696 kB
Cached:          4152940 kB
SwapCached:            0 kB
Active:          2101472 kB
Inactive:        3452472 kB
Active(anon):    1398660 kB
Inactive(anon):    14984 kB
Active(file):     702812 kB
Inactive(file):  3437488 kB
Unevictable:        4164 kB
Mlocked:            4164 kB
SwapTotal:       1048572 kB
SwapFree:        1048572 kB
Dirty:               156 kB
Writeback:             0 kB
AnonPages:       1398400 kB
Mapped:           815720 kB
Shmem:             16036 kB
Slab:             199124 kB
SReclaimable:      56832 kB
SUnreclaim:       142292 kB
KernelStack:       41920 kB
PageTables:        53012 kB
NFS_Unstable:          0 kB
Bounce:                0 kB
WritebackTmp:          0 kB
CommitLimit:     7105828 kB
Committed_AS:   55129472 kB
VmallocTotal:   263061440 kB
VmallocUsed:       66988 kB
VmallocChunk:          0 kB
Percpu:             2336 kB
CmaTotal:         294912 kB
CmaFree:               0 kB
MemTotal:       12114512 kB
MemFree:         3023720 kB
MemAvailable:    7488404 kB
Buffers:            6696 kB
Cached:          4152940 kB
SwapCached:            0 kB
Active:          2101396 kB
Inactive:        3452472 kB
Active(anon):    1398584 kB
Inactive(anon):    14984 kB
Active(file):     702812 kB
Inactive(file):  3437488 kB
Unevictable:        4164 kB
Mlocked:            4164 kB
SwapTotal:       1048572 kB
SwapFree:        1048572 kB
Dirty:               120 kB
Writeback:             0 kB
AnonPages:       1398544 kB
Mapped:           815720 kB
Shmem:             16036 kB
Slab:             199124 kB
SReclaimable:      56832 kB
SUnreclaim:       142292 kB
KernelStack:       41920 kB
PageTables:        53012 kB
NFS_Unstable:          0 kB
Bounce:                0 kB
WritebackTmp:          0 kB
CommitLimit:     7105828 kB
Committed_AS:   55120968 kB
VmallocTotal:   263061440 kB
VmallocUsed:       66972 kB
VmallocChunk:          0 kB
Percpu:             2336 kB
CmaTotal:         294912 kB
CmaFree:               4 kB
MemTotal:       12114512 kB
MemFree:         3023820 kB
MemAvailable:    7488504 kB
Buffers:            6696 kB
Cached:          4152940 kB
SwapCached:            0 kB
Active:          2101660 kB
Inactive:        3452472 kB
Active(anon):    1398848 kB
Inactive(anon):    14984 kB
Active(file):     702812 kB
Inactive(file):  3437488 kB
Unevictable:        4164 kB
Mlocked:            4164 kB
SwapTotal:       1048572 kB
SwapFree:        1048572 kB
Dirty:               120 kB
Writeback:             0 kB
AnonPages:       1398832 kB
Mapped:           815720 kB
Shmem:             16036 kB
Slab:             199124 kB
SReclaimable:      56832 kB
SUnreclaim:       142292 kB
KernelStack:       41920 kB
PageTables:        53012 kB
NFS_Unstable:          0 kB
Bounce:                0 kB
WritebackTmp:          0 kB
CommitLimit:     7105828 kB
Committed_AS:   55133688 kB
VmallocTotal:   263061440 kB
VmallocUsed:       66988 kB
VmallocChunk:          0 kB
Percpu:             2336 kB
CmaTotal:         294912 kB
CmaFree:               0 kB
MemTotal:       12114512 kB
MemFree:         3023944 kB
MemAvailable:    7488628 kB
Buffers:            6696 kB
Cached:          4152940 kB
SwapCached:            0 kB
Active:          2101604 kB
Inactive:        3452472 kB
Active(anon):    1398792 kB
Inactive(anon):    14984 kB
Active(file):     702812 kB
Inactive(file):  3437488 kB
Unevictable:        4164 kB
Mlocked:            4164 kB
SwapTotal:       1048572 kB
SwapFree:        1048572 kB
Dirty:               156 kB
Writeback:             0 kB
AnonPages:       1398716 kB
Mapped:           815908 kB
Shmem:             16036 kB
Slab:             199116 kB
SReclaimable:      56832 kB
SUnreclaim:       142284 kB
KernelStack:       41952 kB
PageTables:        53056 kB
NFS_Unstable:          0 kB
Bounce:                0 kB
WritebackTmp:          0 kB
CommitLimit:     7105828 kB
Committed_AS:   55132216 kB
VmallocTotal:   263061440 kB
VmallocUsed:       66956 kB
VmallocChunk:          0 kB
Percpu:             2336 kB
CmaTotal:         294912 kB
CmaFree:               0 kB
MemTotal:       12114512 kB
MemFree:         3022444 kB
MemAvailable:    7487128 kB
Buffers:            6696 kB
Cached:          4152940 kB
SwapCached:            0 kB
Active:          2103152 kB
Inactive:        3452472 kB
Active(anon):    1400340 kB
Inactive(anon):    14984 kB
Active(file):     702812 kB
Inactive(file):  3437488 kB
Unevictable:        4164 kB
Mlocked:            4164 kB
SwapTotal:       1048572 kB
SwapFree:        1048572 kB
Dirty:               156 kB
Writeback:             0 kB
AnonPages:       1400364 kB
Mapped:           815716 kB
Shmem:             16036 kB
Slab:             199116 kB
SReclaimable:      56832 kB
SUnreclaim:       142284 kB
KernelStack:       41952 kB
PageTables:        53012 kB
NFS_Unstable:          0 kB
Bounce:                0 kB
WritebackTmp:          0 kB
CommitLimit:     7105828 kB
Committed_AS:   55131724 kB
VmallocTotal:   263061440 kB
VmallocUsed:       66956 kB
VmallocChunk:          0 kB
Percpu:             2336 kB
CmaTotal:         294912 kB
CmaFree:               0 kB
MemTotal:       12114512 kB
MemFree:         3022496 kB
MemAvailable:    7487164 kB
Buffers:            6696 kB
Cached:          4152924 kB
SwapCached:            0 kB
Active:          2101980 kB
Inactive:        3452456 kB
Active(anon):    1399168 kB
Inactive(anon):    14984 kB
Active(file):     702812 kB
Inactive(file):  3437472 kB
Unevictable:        4164 kB
Mlocked:            4164 kB
SwapTotal:       1048572 kB
SwapFree:        1048572 kB
Dirty:              5336 kB
Writeback:             0 kB
AnonPages:       1398888 kB
Mapped:           815968 kB
Shmem:             16036 kB
Slab:             199112 kB
SReclaimable:      56828 kB
SUnreclaim:       142284 kB
KernelStack:       41920 kB
PageTables:        53008 kB
NFS_Unstable:          0 kB
Bounce:                0 kB
WritebackTmp:          0 kB
CommitLimit:     7105828 kB
Committed_AS:   55131460 kB
VmallocTotal:   263061440 kB
VmallocUsed:       66924 kB
VmallocChunk:          0 kB
Percpu:             2336 kB
CmaTotal:         294912 kB
CmaFree:               0 kB
MemTotal:       12114512 kB
MemFree:         3023216 kB
MemAvailable:    7487884 kB
Buffers:            6696 kB
Cached:          4152924 kB
SwapCached:            0 kB
Active:          2102036 kB
Inactive:        3452456 kB
Active(anon):    1399224 kB
Inactive(anon):    14984 kB
Active(file):     702812 kB
Inactive(file):  3437472 kB
Unevictable:        4164 kB
Mlocked:            4164 kB
SwapTotal:       1048572 kB
SwapFree:        1048572 kB
Dirty:              5288 kB
Writeback:             0 kB
AnonPages:       1398660 kB
Mapped:           815716 kB
Shmem:             16036 kB
Slab:             199112 kB
SReclaimable:      56828 kB
SUnreclaim:       142284 kB
KernelStack:       41968 kB
PageTables:        53008 kB
NFS_Unstable:          0 kB
Bounce:                0 kB
WritebackTmp:          0 kB
CommitLimit:     7105828 kB
Committed_AS:   55131820 kB
VmallocTotal:   263061440 kB
VmallocUsed:       66908 kB
VmallocChunk:          0 kB
Percpu:             2336 kB
CmaTotal:         294912 kB
CmaFree:               0 kB
MemTotal:       12114512 kB
MemFree:         3023164 kB
MemAvailable:    7487832 kB
Buffers:            6696 kB
Cached:          4152924 kB
SwapCached:            0 kB
Active:          2102008 kB
Inactive:        3452456 kB
Active(anon):    1399196 kB
Inactive(anon):    14984 kB
Active(file):     702812 kB
Inactive(file):  3437472 kB
Unevictable:        4164 kB
Mlocked:            4164 kB
SwapTotal:       1048572 kB
SwapFree:        1048572 kB
Dirty:              5304 kB
Writeback:             0 kB
AnonPages:       1399296 kB
Mapped:           815788 kB
Shmem:             16036 kB
Slab:             199112 kB
SReclaimable:      56828 kB
SUnreclaim:       142284 kB
KernelStack:       41968 kB
PageTables:        53120 kB
NFS_Unstable:          0 kB
Bounce:                0 kB
WritebackTmp:          0 kB
CommitLimit:     7105828 kB
Committed_AS:   55126472 kB
VmallocTotal:   263061440 kB
VmallocUsed:       66892 kB
VmallocChunk:          0 kB
Percpu:             2336 kB
CmaTotal:         294912 kB
CmaFree:               0 kB
MemTotal:       12114512 kB
MemFree:         3023784 kB
MemAvailable:    7488452 kB
Buffers:            6696 kB
Cached:          4152924 kB
SwapCached:            0 kB
Active:          2102348 kB
Inactive:        3452456 kB
Active(anon):    1399536 kB
Inactive(anon):    14984 kB
Active(file):     702812 kB
Inactive(file):  3437472 kB
Unevictable:        4164 kB
Mlocked:            4164 kB
SwapTotal:       1048572 kB
SwapFree:        1048572 kB
Dirty:              5304 kB
Writeback:             0 kB
AnonPages:       1399064 kB
Mapped:           815664 kB
Shmem:             16036 kB
Slab:             199112 kB
SReclaimable:      56828 kB
SUnreclaim:       142284 kB
KernelStack:       41920 kB
PageTables:        53004 kB
NFS_Unstable:          0 kB
Bounce:                0 kB
WritebackTmp:          0 kB
CommitLimit:     7105828 kB
Committed_AS:   55132284 kB
VmallocTotal:   263061440 kB
VmallocUsed:       66908 kB
VmallocChunk:          0 kB
Percpu:             2336 kB
CmaTotal:         294912 kB
CmaFree:               0 kB
MemTotal:       12114512 kB
MemFree:         3022660 kB
MemAvailable:    7487328 kB
Buffers:            6696 kB
Cached:          4152924 kB
SwapCached:            0 kB
Active:          2102716 kB
Inactive:        3452456 kB
Active(anon):    1399904 kB
Inactive(anon):    14984 kB
Active(file):     702812 kB
Inactive(file):  3437472 kB
Unevictable:        4164 kB
Mlocked:            4164 kB
SwapTotal:       1048572 kB
SwapFree:        1048572 kB
Dirty:              5304 kB
Writeback:             0 kB
AnonPages:       1399624 kB
Mapped:           815720 kB
Shmem:             16036 kB
Slab:             199112 kB
SReclaimable:      56828 kB
SUnreclaim:       142284 kB
KernelStack:       41952 kB
PageTables:        53012 kB
NFS_Unstable:          0 kB
Bounce:                0 kB
WritebackTmp:          0 kB
CommitLimit:     7105828 kB
Committed_AS:   55126320 kB
VmallocTotal:   263061440 kB
VmallocUsed:       66924 kB
VmallocChunk:          0 kB
Percpu:             2336 kB
CmaTotal:         294912 kB
CmaFree:               0 kB
MemTotal:       12114512 kB
MemFree:         3021284 kB
MemAvailable:    7485964 kB
Buffers:            6700 kB
Cached:          4152932 kB
SwapCached:            0 kB
Active:          2102684 kB
Inactive:        3452464 kB
Active(anon):    1399868 kB
Inactive(anon):    14984 kB
Active(file):     702816 kB
Inactive(file):  3437480 kB
Unevictable:        4164 kB
Mlocked:            4164 kB
SwapTotal:       1048572 kB
SwapFree:        1048572 kB
Dirty:               192 kB
Writeback:            32 kB
AnonPages:       1399772 kB
Mapped:           815860 kB
Shmem:             16036 kB
Slab:             199112 kB
SReclaimable:      56828 kB
SUnreclaim:       142284 kB
KernelStack:       41960 kB
PageTables:        53164 kB
NFS_Unstable:          0 kB
Bounce:                0 kB
WritebackTmp:          0 kB
CommitLimit:     7105828 kB
Committed_AS:   55133280 kB
VmallocTotal:   263061440 kB
VmallocUsed:       66972 kB
VmallocChunk:          0 kB
Percpu:             2336 kB
CmaTotal:         294912 kB
CmaFree:               0 kB
MemTotal:       12114512 kB
MemFree:         3021316 kB
MemAvailable:    7485996 kB
Buffers:            6700 kB
Cached:          4152932 kB
SwapCached:            0 kB
Active:          2102836 kB
Inactive:        3452464 kB
Active(anon):    1400020 kB
Inactive(anon):    14984 kB
Active(file):     702816 kB
Inactive(file):  3437480 kB
Unevictable:        4164 kB
Mlocked:            4164 kB
SwapTotal:       1048572 kB
SwapFree:        1048572 kB
Dirty:               192 kB
Writeback:             0 kB
AnonPages:       1399944 kB
Mapped:           815804 kB
Shmem:             16036 kB
Slab:             199112 kB
SReclaimable:      56828 kB
SUnreclaim:       142284 kB
KernelStack:       41920 kB
PageTables:        52996 kB
NFS_Unstable:          0 kB
Bounce:                0 kB
WritebackTmp:          0 kB
CommitLimit:     7105828 kB
Committed_AS:   55132884 kB
VmallocTotal:   263061440 kB
VmallocUsed:       66972 kB
VmallocChunk:          0 kB
Percpu:             2336 kB
CmaTotal:         294912 kB
CmaFree:               0 kB
MemTotal:       12114512 kB
MemFree:         3022152 kB
MemAvailable:    7486832 kB
Buffers:            6700 kB
Cached:          4152932 kB
SwapCached:            0 kB
Active:          2102916 kB
Inactive:        3452464 kB
Active(anon):    1400100 kB
Inactive(anon):    14984 kB
Active(file):     702816 kB
Inactive(file):  3437480 kB
Unevictable:        4164 kB
Mlocked:            4164 kB
SwapTotal:       1048572 kB
SwapFree:        1048572 kB
Dirty:               208 kB
Writeback:             0 kB
AnonPages:       1399888 kB
Mapped:           815848 kB
Shmem:             16036 kB
Slab:             199112 kB
SReclaimable:      56828 kB
SUnreclaim:       142284 kB
KernelStack:       41888 kB
PageTables:        53100 kB
NFS_Unstable:          0 kB
Bounce:                0 kB
WritebackTmp:          0 kB
CommitLimit:     7105828 kB
Committed_AS:   55117872 kB
VmallocTotal:   263061440 kB
VmallocUsed:       66956 kB
VmallocChunk:          0 kB
Percpu:             2336 kB
CmaTotal:         294912 kB
CmaFree:               0 kB
MemTotal:       12114512 kB
MemFree:         3023560 kB
MemAvailable:    7488240 kB
Buffers:            6700 kB
Cached:          4152932 kB
SwapCached:            0 kB
Active:          2101776 kB
Inactive:        3452464 kB
Active(anon):    1398960 kB
Inactive(anon):    14984 kB
Active(file):     702816 kB
Inactive(file):  3437480 kB
Unevictable:        4164 kB
Mlocked:            4164 kB
SwapTotal:       1048572 kB
SwapFree:        1048572 kB
Dirty:               208 kB
Writeback:             0 kB
AnonPages:       1399260 kB
Mapped:           815716 kB
Shmem:             16036 kB
Slab:             199112 kB
SReclaimable:      56828 kB
SUnreclaim:       142284 kB
KernelStack:       41904 kB
PageTables:        53012 kB
NFS_Unstable:          0 kB
Bounce:                0 kB
WritebackTmp:          0 kB
CommitLimit:     7105828 kB
Committed_AS:   55122808 kB
VmallocTotal:   263061440 kB
VmallocUsed:       66940 kB
VmallocChunk:          0 kB
Percpu:             2336 kB
CmaTotal:         294912 kB
CmaFree:               8 kB
MemTotal:       12114512 kB
MemFree:         3022704 kB
MemAvailable:    7487372 kB
Buffers:            6700 kB
Cached:          4152932 kB
SwapCached:            0 kB
Active:          2102280 kB
Inactive:        3452464 kB
Active(anon):    1399464 kB
Inactive(anon):    14984 kB
Active(file):     702816 kB
Inactive(file):  3437480 kB
Unevictable:        4164 kB
Mlocked:            4164 kB
SwapTotal:       1048572 kB
SwapFree:        1048572 kB
Dirty:               212 kB
Writeback:             0 kB
AnonPages:       1399364 kB
Mapped:           816012 kB
Shmem:             16036 kB
Slab:             199112 kB
SReclaimable:      56828 kB
SUnreclaim:       142284 kB
KernelStack:       41904 kB
PageTables:        53012 kB
NFS_Unstable:          0 kB
Bounce:                0 kB
WritebackTmp:          0 kB
CommitLimit:     7105828 kB
Committed_AS:   55118796 kB
VmallocTotal:   263061440 kB
VmallocUsed:       66956 kB
VmallocChunk:          0 kB
Percpu:             2336 kB
CmaTotal:         294912 kB
CmaFree:               0 kB
MemTotal:       12114512 kB
MemFree:         3023784 kB
MemAvailable:    7488456 kB
Buffers:            6704 kB
Cached:          4152932 kB
SwapCached:            0 kB
Active:          2102020 kB
Inactive:        3452464 kB
Active(anon):    1399200 kB
Inactive(anon):    14984 kB
Active(file):     702820 kB
Inactive(file):  3437480 kB
Unevictable:        4164 kB
Mlocked:            4164 kB
SwapTotal:       1048572 kB
SwapFree:        1048572 kB
Dirty:               156 kB
Writeback:             0 kB
AnonPages:       1398808 kB
Mapped:           815748 kB
Shmem:             16036 kB
Slab:             199112 kB
SReclaimable:      56828 kB
SUnreclaim:       142284 kB
KernelStack:       41904 kB
PageTables:        53008 kB
NFS_Unstable:          0 kB
Bounce:                0 kB
WritebackTmp:          0 kB
CommitLimit:     7105828 kB
Committed_AS:   55118444 kB
VmallocTotal:   263061440 kB
VmallocUsed:       66956 kB
VmallocChunk:          0 kB
Percpu:             2336 kB
CmaTotal:         294912 kB
CmaFree:              16 kB
MemTotal:       12114512 kB
MemFree:         3022832 kB
MemAvailable:    7487504 kB
Buffers:            6704 kB
Cached:          4152932 kB
SwapCached:            0 kB
Active:          2102324 kB
Inactive:        3452464 kB
Active(anon):    1399504 kB
Inactive(anon):    14984 kB
Active(file):     702820 kB
Inactive(file):  3437480 kB
Unevictable:        4164 kB
Mlocked:            4164 kB
SwapTotal:       1048572 kB
SwapFree:        1048572 kB
Dirty:               120 kB
Writeback:             0 kB
AnonPages:       1399300 kB
Mapped:           815752 kB
Shmem:             16036 kB
Slab:             199112 kB
SReclaimable:      56828 kB
SUnreclaim:       142284 kB
KernelStack:       41920 kB
PageTables:        53012 kB
NFS_Unstable:          0 kB
Bounce:                0 kB
WritebackTmp:          0 kB
CommitLimit:     7105828 kB
Committed_AS:   55118092 kB
VmallocTotal:   263061440 kB
VmallocUsed:       66956 kB
VmallocChunk:          0 kB
Percpu:             2336 kB
CmaTotal:         294912 kB
CmaFree:               0 kB
MemTotal:       12114512 kB
MemFree:         3031092 kB
MemAvailable:    7495764 kB
Buffers:            6704 kB
Cached:          4152932 kB
SwapCached:            0 kB
Active:          2093112 kB
Inactive:        3452464 kB
Active(anon):    1390292 kB
Inactive(anon):    14984 kB
Active(file):     702820 kB
Inactive(file):  3437480 kB
Unevictable:        4164 kB
Mlocked:            4164 kB
SwapTotal:       1048572 kB
SwapFree:        1048572 kB
Dirty:               132 kB
Writeback:             0 kB
AnonPages:       1390084 kB
Mapped:           815924 kB
Shmem:             16036 kB
Slab:             199112 kB
SReclaimable:      56828 kB
SUnreclaim:       142284 kB
KernelStack:       41952 kB
PageTables:        53048 kB
NFS_Unstable:          0 kB
Bounce:                0 kB
WritebackTmp:          0 kB
CommitLimit:     7105828 kB
Committed_AS:   55120592 kB
VmallocTotal:   263061440 kB
VmallocUsed:       67004 kB
VmallocChunk:          0 kB
Percpu:             2336 kB
CmaTotal:         294912 kB
CmaFree:              32 kB
MemTotal:       12114512 kB
MemFree:         3030364 kB
MemAvailable:    7495036 kB
Buffers:            6704 kB
Cached:          4152932 kB
SwapCached:            0 kB
Active:          2093252 kB
Inactive:        3452464 kB
Active(anon):    1390432 kB
Inactive(anon):    14984 kB
Active(file):     702820 kB
Inactive(file):  3437480 kB
Unevictable:        4164 kB
Mlocked:            4164 kB
SwapTotal:       1048572 kB
SwapFree:        1048572 kB
Dirty:               136 kB
Writeback:             0 kB
AnonPages:       1390896 kB
Mapped:           815928 kB
Shmem:             16036 kB
Slab:             199112 kB
SReclaimable:      56828 kB
SUnreclaim:       142284 kB
KernelStack:       41936 kB
PageTables:        53068 kB
NFS_Unstable:          0 kB
Bounce:                0 kB
WritebackTmp:          0 kB
CommitLimit:     7105828 kB
Committed_AS:   55127024 kB
VmallocTotal:   263061440 kB
VmallocUsed:       66988 kB
VmallocChunk:          0 kB
Percpu:             2336 kB
CmaTotal:         294912 kB
CmaFree:               0 kB
MemTotal:       12114512 kB
MemFree:         3030652 kB
MemAvailable:    7495324 kB
Buffers:            6704 kB
Cached:          4152932 kB
SwapCached:            0 kB
Active:          2093576 kB
Inactive:        3452464 kB
Active(anon):    1390756 kB
Inactive(anon):    14984 kB
Active(file):     702820 kB
Inactive(file):  3437480 kB
Unevictable:        4164 kB
Mlocked:            4164 kB
SwapTotal:       1048572 kB
SwapFree:        1048572 kB
Dirty:               136 kB
Writeback:             0 kB
AnonPages:       1390656 kB
Mapped:           815776 kB
Shmem:             16036 kB
Slab:             199112 kB
SReclaimable:      56828 kB
SUnreclaim:       142284 kB
KernelStack:       41860 kB
PageTables:        52912 kB
NFS_Unstable:          0 kB
Bounce:                0 kB
WritebackTmp:          0 kB
CommitLimit:     7105828 kB
Committed_AS:   55132136 kB
VmallocTotal:   263061440 kB
VmallocUsed:       66956 kB
VmallocChunk:          0 kB
Percpu:             2336 kB
CmaTotal:         294912 kB
CmaFree:               0 kB
MemTotal:       12114512 kB
MemFree:         3032344 kB
MemAvailable:    7497016 kB
Buffers:            6704 kB
Cached:          4152932 kB
SwapCached:            0 kB
Active:          2093680 kB
Inactive:        3452464 kB
Active(anon):    1390860 kB
Inactive(anon):    14984 kB
Active(file):     702820 kB
Inactive(file):  3437480 kB
Unevictable:        4164 kB
Mlocked:            4164 kB
SwapTotal:       1048572 kB
SwapFree:        1048572 kB
Dirty:               152 kB
Writeback:             0 kB
AnonPages:       1390512 kB
Mapped:           815980 kB
Shmem:             16036 kB
Slab:             199112 kB
SReclaimable:      56828 kB
SUnreclaim:       142284 kB
KernelStack:       41872 kB
PageTables:        52992 kB
NFS_Unstable:          0 kB
Bounce:                0 kB
WritebackTmp:          0 kB
CommitLimit:     7105828 kB
Committed_AS:   55127908 kB
VmallocTotal:   263061440 kB
VmallocUsed:       66940 kB
VmallocChunk:          0 kB
Percpu:             2336 kB
CmaTotal:         294912 kB
CmaFree:               4 kB
MemTotal:       12114512 kB
MemFree:         3033376 kB
MemAvailable:    7498048 kB
Buffers:            6704 kB
Cached:          4152932 kB
SwapCached:            0 kB
Active:          2092736 kB
Inactive:        3452464 kB
Active(anon):    1389916 kB
Inactive(anon):    14984 kB
Active(file):     702820 kB
Inactive(file):  3437480 kB
Unevictable:        4164 kB
Mlocked:            4164 kB
SwapTotal:       1048572 kB
SwapFree:        1048572 kB
Dirty:               120 kB
Writeback:             0 kB
AnonPages:       1389964 kB
Mapped:           815752 kB
Shmem:             16036 kB
Slab:             199112 kB
SReclaimable:      56828 kB
SUnreclaim:       142284 kB
KernelStack:       41872 kB
PageTables:        53012 kB
NFS_Unstable:          0 kB
Bounce:                0 kB
WritebackTmp:          0 kB
CommitLimit:     7105828 kB
Committed_AS:   55131104 kB
VmallocTotal:   263061440 kB
VmallocUsed:       66924 kB
VmallocChunk:          0 kB
Percpu:             2336 kB
CmaTotal:         294912 kB
CmaFree:               0 kB
MemTotal:       12114512 kB
MemFree:         3033344 kB
MemAvailable:    7497716 kB
Buffers:            6704 kB
Cached:          4152932 kB
SwapCached:            0 kB
Active:          2092652 kB
Inactive:        3452464 kB
Active(anon):    1389832 kB
Inactive(anon):    14984 kB
Active(file):     702820 kB
Inactive(file):  3437480 kB
Unevictable:        4164 kB
Mlocked:            4164 kB
SwapTotal:       1048572 kB
SwapFree:        1048572 kB
Dirty:               120 kB
Writeback:             0 kB
AnonPages:       1389972 kB
Mapped:           815512 kB
Shmem:             16036 kB
Slab:             199112 kB
SReclaimable:      56828 kB
SUnreclaim:       142284 kB
KernelStack:       41872 kB
PageTables:        53088 kB
NFS_Unstable:          0 kB
Bounce:                0 kB
WritebackTmp:          0 kB
CommitLimit:     7105828 kB
Committed_AS:   55134604 kB
VmallocTotal:   263061440 kB
VmallocUsed:       66924 kB
VmallocChunk:          0 kB
Percpu:             2336 kB
CmaTotal:         294912 kB
CmaFree:               4 kB
MemTotal:       12114512 kB
MemFree:         3032768 kB
MemAvailable:    7497440 kB
Buffers:            6704 kB
Cached:          4152932 kB
SwapCached:            0 kB
Active:          2092792 kB
Inactive:        3452464 kB
Active(anon):    1389972 kB
Inactive(anon):    14984 kB
Active(file):     702820 kB
Inactive(file):  3437480 kB
Unevictable:        4164 kB
Mlocked:            4164 kB
SwapTotal:       1048572 kB
SwapFree:        1048572 kB
Dirty:               120 kB
Writeback:             0 kB
AnonPages:       1389716 kB
Mapped:           815748 kB
Shmem:             16036 kB
Slab:             199112 kB
SReclaimable:      56828 kB
SUnreclaim:       142284 kB
KernelStack:       41872 kB
PageTables:        53008 kB
NFS_Unstable:          0 kB
Bounce:                0 kB
WritebackTmp:          0 kB
CommitLimit:     7105828 kB
Committed_AS:   55130976 kB
VmallocTotal:   263061440 kB
VmallocUsed:       66924 kB
VmallocChunk:          0 kB
Percpu:             2336 kB
CmaTotal:         294912 kB
CmaFree:              16 kB
MemTotal:       12114512 kB
MemFree:         3032724 kB
MemAvailable:    7497396 kB
Buffers:            6704 kB
Cached:          4152932 kB
SwapCached:            0 kB
Active:          2093112 kB
Inactive:        3452464 kB
Active(anon):    1390292 kB
Inactive(anon):    14984 kB
Active(file):     702820 kB
Inactive(file):  3437480 kB
Unevictable:        4164 kB
Mlocked:            4164 kB
SwapTotal:       1048572 kB
SwapFree:        1048572 kB
Dirty:               136 kB
Writeback:             0 kB
AnonPages:       1390132 kB
Mapped:           815992 kB
Shmem:             16036 kB
Slab:             199112 kB
SReclaimable:      56828 kB
SUnreclaim:       142284 kB
KernelStack:       41904 kB
PageTables:        52936 kB
NFS_Unstable:          0 kB
Bounce:                0 kB
WritebackTmp:          0 kB
CommitLimit:     7105828 kB
Committed_AS:   55137632 kB
VmallocTotal:   263061440 kB
VmallocUsed:       66908 kB
VmallocChunk:          0 kB
Percpu:             2336 kB
CmaTotal:         294912 kB
CmaFree:               0 kB
MemTotal:       12114512 kB
MemFree:         3032828 kB
MemAvailable:    7497500 kB
Buffers:            6704 kB
Cached:          4152932 kB
SwapCached:            0 kB
Active:          2093396 kB
Inactive:        3452464 kB
Active(anon):    1390576 kB
Inactive(anon):    14984 kB
Active(file):     702820 kB
Inactive(file):  3437480 kB
Unevictable:        4164 kB
Mlocked:            4164 kB
SwapTotal:       1048572 kB
SwapFree:        1048572 kB
Dirty:               152 kB
Writeback:             0 kB
AnonPages:       1390184 kB
Mapped:           815912 kB
Shmem:             16036 kB
Slab:             199112 kB
SReclaimable:      56828 kB
SUnreclaim:       142284 kB
KernelStack:       41904 kB
PageTables:        53076 kB
NFS_Unstable:          0 kB
Bounce:                0 kB
WritebackTmp:          0 kB
CommitLimit:     7105828 kB
Committed_AS:   55136044 kB
VmallocTotal:   263061440 kB
VmallocUsed:       66892 kB
VmallocChunk:          0 kB
Percpu:             2336 kB
CmaTotal:         294912 kB
CmaFree:               0 kB
MemTotal:       12114512 kB
MemFree:         3032836 kB
MemAvailable:    7497508 kB
Buffers:            6704 kB
Cached:          4152932 kB
SwapCached:            0 kB
Active:          2093204 kB
Inactive:        3452464 kB
Active(anon):    1390384 kB
Inactive(anon):    14984 kB
Active(file):     702820 kB
Inactive(file):  3437480 kB
Unevictable:        4164 kB
Mlocked:            4164 kB
SwapTotal:       1048572 kB
SwapFree:        1048572 kB
Dirty:               116 kB
Writeback:             0 kB
AnonPages:       1390420 kB
Mapped:           815772 kB
Shmem:             16036 kB
Slab:             199112 kB
SReclaimable:      56828 kB
SUnreclaim:       142284 kB
KernelStack:       41776 kB
PageTables:        53088 kB
NFS_Unstable:          0 kB
Bounce:                0 kB
WritebackTmp:          0 kB
CommitLimit:     7105828 kB
Committed_AS:   55136120 kB
VmallocTotal:   263061440 kB
VmallocUsed:       66812 kB
VmallocChunk:          0 kB
Percpu:             2336 kB
CmaTotal:         294912 kB
CmaFree:              12 kB
MemTotal:       12114512 kB
MemFree:         3021112 kB
MemAvailable:    7485784 kB
Buffers:            6704 kB
Cached:          4153056 kB
SwapCached:            0 kB
Active:          2103680 kB
Inactive:        3452696 kB
Active(anon):    1400860 kB
Inactive(anon):    15216 kB
Active(file):     702820 kB
Inactive(file):  3437480 kB
Unevictable:        4164 kB
Mlocked:            4164 kB
SwapTotal:       1048572 kB
SwapFree:        1048572 kB
Dirty:               144 kB
Writeback:             0 kB
AnonPages:       1400276 kB
Mapped:           815984 kB
Shmem:             16160 kB
Slab:             199104 kB
SReclaimable:      56828 kB
SUnreclaim:       142276 kB
KernelStack:       41776 kB
PageTables:        53020 kB
NFS_Unstable:          0 kB
Bounce:                0 kB
WritebackTmp:          0 kB
CommitLimit:     7105828 kB
Committed_AS:   55140112 kB
VmallocTotal:   263061440 kB
VmallocUsed:       66796 kB
VmallocChunk:          0 kB
Percpu:             2336 kB
CmaTotal:         294912 kB
CmaFree:               0 kB
MemTotal:       12114512 kB
MemFree:         3021176 kB
MemAvailable:    7485848 kB
Buffers:            6704 kB
Cached:          4152932 kB
SwapCached:            0 kB
Active:          2103788 kB
Inactive:        3452464 kB
Active(anon):    1400968 kB
Inactive(anon):    14984 kB
Active(file):     702820 kB
Inactive(file):  3437480 kB
Unevictable:        4164 kB
Mlocked:            4164 kB
SwapTotal:       1048572 kB
SwapFree:        1048572 kB
Dirty:               144 kB
Writeback:             0 kB
AnonPages:       1400952 kB
Mapped:           815752 kB
Shmem:             16036 kB
Slab:             199120 kB
SReclaimable:      56828 kB
SUnreclaim:       142292 kB
KernelStack:       41776 kB
PageTables:        53008 kB
NFS_Unstable:          0 kB
Bounce:                0 kB
WritebackTmp:          0 kB
CommitLimit:     7105828 kB
Committed_AS:   55144168 kB
VmallocTotal:   263061440 kB
VmallocUsed:       66844 kB
VmallocChunk:          0 kB
Percpu:             2336 kB
CmaTotal:         294912 kB
CmaFree:               0 kB
MemTotal:       12114512 kB
MemFree:         3021396 kB
MemAvailable:    7486068 kB
Buffers:            6704 kB
Cached:          4152932 kB
SwapCached:            0 kB
Active:          2104004 kB
Inactive:        3452464 kB
Active(anon):    1401184 kB
Inactive(anon):    14984 kB
Active(file):     702820 kB
Inactive(file):  3437480 kB
Unevictable:        4164 kB
Mlocked:            4164 kB
SwapTotal:       1048572 kB
SwapFree:        1048572 kB
Dirty:               144 kB
Writeback:             0 kB
AnonPages:       1400624 kB
Mapped:           815600 kB
Shmem:             16036 kB
Slab:             199120 kB
SReclaimable:      56828 kB
SUnreclaim:       142292 kB
KernelStack:       41840 kB
PageTables:        53164 kB
NFS_Unstable:          0 kB
Bounce:                0 kB
WritebackTmp:          0 kB
CommitLimit:     7105828 kB
Committed_AS:   55134344 kB
VmallocTotal:   263061440 kB
VmallocUsed:       66860 kB
VmallocChunk:          0 kB
Percpu:             2336 kB
CmaTotal:         294912 kB
CmaFree:               0 kB
MemTotal:       12114512 kB
MemFree:         3020432 kB
MemAvailable:    7485104 kB
Buffers:            6704 kB
Cached:          4152912 kB
SwapCached:            0 kB
Active:          2104392 kB
Inactive:        3452444 kB
Active(anon):    1401572 kB
Inactive(anon):    14964 kB
Active(file):     702820 kB
Inactive(file):  3437480 kB
Unevictable:        4164 kB
Mlocked:            4164 kB
SwapTotal:       1048572 kB
SwapFree:        1048572 kB
Dirty:               148 kB
Writeback:             0 kB
AnonPages:       1401240 kB
Mapped:           815728 kB
Shmem:             16016 kB
Slab:             199136 kB
SReclaimable:      56828 kB
SUnreclaim:       142308 kB
KernelStack:       41840 kB
PageTables:        53136 kB
NFS_Unstable:          0 kB
Bounce:                0 kB
WritebackTmp:          0 kB
CommitLimit:     7105828 kB
Committed_AS:   55134392 kB
VmallocTotal:   263061440 kB
VmallocUsed:       66812 kB
VmallocChunk:          0 kB
Percpu:             2336 kB
CmaTotal:         294912 kB
CmaFree:               0 kB
MemTotal:       12114512 kB
MemFree:         3020856 kB
MemAvailable:    7485528 kB
Buffers:            6704 kB
Cached:          4152932 kB
SwapCached:            0 kB
Active:          2104684 kB
Inactive:        3452464 kB
Active(anon):    1401864 kB
Inactive(anon):    14984 kB
Active(file):     702820 kB
Inactive(file):  3437480 kB
Unevictable:        4164 kB
Mlocked:            4164 kB
SwapTotal:       1048572 kB
SwapFree:        1048572 kB
Dirty:               116 kB
Writeback:             0 kB
AnonPages:       1401596 kB
Mapped:           815752 kB
Shmem:             16036 kB
Slab:             199120 kB
SReclaimable:      56828 kB
SUnreclaim:       142292 kB
KernelStack:       41728 kB
PageTables:        53008 kB
NFS_Unstable:          0 kB
Bounce:                0 kB
WritebackTmp:          0 kB
CommitLimit:     7105828 kB
Committed_AS:   55131048 kB
VmallocTotal:   263061440 kB
VmallocUsed:       66748 kB
VmallocChunk:          0 kB
Percpu:             2336 kB
CmaTotal:         294912 kB
CmaFree:               0 kB
MemTotal:       12114512 kB
MemFree:         3021408 kB
MemAvailable:    7486080 kB
Buffers:            6704 kB
Cached:          4152932 kB
SwapCached:            0 kB
Active:          2104516 kB
Inactive:        3452464 kB
Active(anon):    1401696 kB
Inactive(anon):    14984 kB
Active(file):     702820 kB
Inactive(file):  3437480 kB
Unevictable:        4164 kB
Mlocked:            4164 kB
SwapTotal:       1048572 kB
SwapFree:        1048572 kB
Dirty:               144 kB
Writeback:             0 kB
AnonPages:       1401532 kB
Mapped:           815752 kB
Shmem:             16036 kB
Slab:             199120 kB
SReclaimable:      56828 kB
SUnreclaim:       142292 kB
KernelStack:       41760 kB
PageTables:        53008 kB
NFS_Unstable:          0 kB
Bounce:                0 kB
WritebackTmp:          0 kB
CommitLimit:     7105828 kB
Committed_AS:   55131076 kB
VmallocTotal:   263061440 kB
VmallocUsed:       66748 kB
VmallocChunk:          0 kB
Percpu:             2336 kB
CmaTotal:         294912 kB
CmaFree:               0 kB
MemTotal:       12114512 kB
MemFree:         3020848 kB
MemAvailable:    7485520 kB
Buffers:            6704 kB
Cached:          4152932 kB
SwapCached:            0 kB
Active:          2104532 kB
Inactive:        3452464 kB
Active(anon):    1401712 kB
Inactive(anon):    14984 kB
Active(file):     702820 kB
Inactive(file):  3437480 kB
Unevictable:        4164 kB
Mlocked:            4164 kB
SwapTotal:       1048572 kB
SwapFree:        1048572 kB
Dirty:               164 kB
Writeback:             0 kB
AnonPages:       1401740 kB
Mapped:           815752 kB
Shmem:             16036 kB
Slab:             199120 kB
SReclaimable:      56828 kB
SUnreclaim:       142292 kB
KernelStack:       41760 kB
PageTables:        53008 kB
NFS_Unstable:          0 kB
Bounce:                0 kB
WritebackTmp:          0 kB
CommitLimit:     7105828 kB
Committed_AS:   55130476 kB
VmallocTotal:   263061440 kB
VmallocUsed:       66748 kB
VmallocChunk:          0 kB
Percpu:             2336 kB
CmaTotal:         294912 kB
CmaFree:               0 kB
MemTotal:       12114512 kB
MemFree:         3020460 kB
MemAvailable:    7485132 kB
Buffers:            6704 kB
Cached:          4152932 kB
SwapCached:            0 kB
Active:          2104756 kB
Inactive:        3452464 kB
Active(anon):    1401936 kB
Inactive(anon):    14984 kB
Active(file):     702820 kB
Inactive(file):  3437480 kB
Unevictable:        4164 kB
Mlocked:            4164 kB
SwapTotal:       1048572 kB
SwapFree:        1048572 kB
Dirty:               188 kB
Writeback:             0 kB
AnonPages:       1401696 kB
Mapped:           815748 kB
Shmem:             16036 kB
Slab:             199112 kB
SReclaimable:      56828 kB
SUnreclaim:       142284 kB
KernelStack:       41744 kB
PageTables:        53008 kB
NFS_Unstable:          0 kB
Bounce:                0 kB
WritebackTmp:          0 kB
CommitLimit:     7105828 kB
Committed_AS:   55129464 kB
VmallocTotal:   263061440 kB
VmallocUsed:       66796 kB
VmallocChunk:          0 kB
Percpu:             2336 kB
CmaTotal:         294912 kB
CmaFree:               0 kB
MemTotal:       12114512 kB
MemFree:         3019956 kB
MemAvailable:    7484628 kB
Buffers:            6704 kB
Cached:          4152932 kB
SwapCached:            0 kB
Active:          2104896 kB
Inactive:        3452464 kB
Active(anon):    1402076 kB
Inactive(anon):    14984 kB
Active(file):     702820 kB
Inactive(file):  3437480 kB
Unevictable:        4164 kB
Mlocked:            4164 kB
SwapTotal:       1048572 kB
SwapFree:        1048572 kB
Dirty:               188 kB
Writeback:             0 kB
AnonPages:       1402076 kB
Mapped:           815836 kB
Shmem:             16036 kB
Slab:             199112 kB
SReclaimable:      56828 kB
SUnreclaim:       142284 kB
KernelStack:       41712 kB
PageTables:        52872 kB
NFS_Unstable:          0 kB
Bounce:                0 kB
WritebackTmp:          0 kB
CommitLimit:     7105828 kB
Committed_AS:   55130904 kB
VmallocTotal:   263061440 kB
VmallocUsed:       66796 kB
VmallocChunk:          0 kB
Percpu:             2336 kB
CmaTotal:         294912 kB
CmaFree:               0 kB
MemTotal:       12114512 kB
MemFree:         3019560 kB
MemAvailable:    7484232 kB
Buffers:            6704 kB
Cached:          4152932 kB
SwapCached:            0 kB
Active:          2105352 kB
Inactive:        3452464 kB
Active(anon):    1402532 kB
Inactive(anon):    14984 kB
Active(file):     702820 kB
Inactive(file):  3437480 kB
Unevictable:        4164 kB
Mlocked:            4164 kB
SwapTotal:       1048572 kB
SwapFree:        1048572 kB
Dirty:               196 kB
Writeback:             0 kB
AnonPages:       1401832 kB
Mapped:           815748 kB
Shmem:             16036 kB
Slab:             199112 kB
SReclaimable:      56828 kB
SUnreclaim:       142284 kB
KernelStack:       41776 kB
PageTables:        53008 kB
NFS_Unstable:          0 kB
Bounce:                0 kB
WritebackTmp:          0 kB
CommitLimit:     7105828 kB
Committed_AS:   55131068 kB
VmallocTotal:   263061440 kB
VmallocUsed:       66764 kB
VmallocChunk:          0 kB
Percpu:             2336 kB
CmaTotal:         294912 kB
CmaFree:               0 kB
MemTotal:       12114512 kB
MemFree:         3018960 kB
MemAvailable:    7483632 kB
Buffers:            6704 kB
Cached:          4152932 kB
SwapCached:            0 kB
Active:          2105568 kB
Inactive:        3452464 kB
Active(anon):    1402748 kB
Inactive(anon):    14984 kB
Active(file):     702820 kB
Inactive(file):  3437480 kB
Unevictable:        4164 kB
Mlocked:            4164 kB
SwapTotal:       1048572 kB
SwapFree:        1048572 kB
Dirty:               144 kB
Writeback:             0 kB
AnonPages:       1402436 kB
Mapped:           815752 kB
Shmem:             16036 kB
Slab:             199112 kB
SReclaimable:      56828 kB
SUnreclaim:       142284 kB
KernelStack:       41744 kB
PageTables:        53008 kB
NFS_Unstable:          0 kB
Bounce:                0 kB
WritebackTmp:          0 kB
CommitLimit:     7105828 kB
Committed_AS:   55131700 kB
VmallocTotal:   263061440 kB
VmallocUsed:       66812 kB
VmallocChunk:          0 kB
Percpu:             2336 kB
CmaTotal:         294912 kB
CmaFree:               0 kB
MemTotal:       12114512 kB
MemFree:         3019996 kB
MemAvailable:    7484668 kB
Buffers:            6704 kB
Cached:          4152932 kB
SwapCached:            0 kB
Active:          2105160 kB
Inactive:        3452464 kB
Active(anon):    1402340 kB
Inactive(anon):    14984 kB
Active(file):     702820 kB
Inactive(file):  3437480 kB
Unevictable:        4164 kB
Mlocked:            4164 kB
SwapTotal:       1048572 kB
SwapFree:        1048572 kB
Dirty:               144 kB
Writeback:             0 kB
AnonPages:       1402464 kB
Mapped:           815924 kB
Shmem:             16036 kB
Slab:             199112 kB
SReclaimable:      56828 kB
SUnreclaim:       142284 kB
KernelStack:       41776 kB
PageTables:        53120 kB
NFS_Unstable:          0 kB
Bounce:                0 kB
WritebackTmp:          0 kB
CommitLimit:     7105828 kB
Committed_AS:   55125888 kB
VmallocTotal:   263061440 kB
VmallocUsed:       66828 kB
VmallocChunk:          0 kB
Percpu:             2336 kB
CmaTotal:         294912 kB
CmaFree:               8 kB
MemTotal:       12114512 kB
MemFree:         3019672 kB
MemAvailable:    7484344 kB
Buffers:            6704 kB
Cached:          4152932 kB
SwapCached:            0 kB
Active:          2105852 kB
Inactive:        3452464 kB
Active(anon):    1403032 kB
Inactive(anon):    14984 kB
Active(file):     702820 kB
Inactive(file):  3437480 kB
Unevictable:        4164 kB
Mlocked:            4164 kB
SwapTotal:       1048572 kB
SwapFree:        1048572 kB
Dirty:               144 kB
Writeback:             0 kB
AnonPages:       1402604 kB
Mapped:           815760 kB
Shmem:             16036 kB
Slab:             199112 kB
SReclaimable:      56828 kB
SUnreclaim:       142284 kB
KernelStack:       41712 kB
PageTables:        53016 kB
NFS_Unstable:          0 kB
Bounce:                0 kB
WritebackTmp:          0 kB
CommitLimit:     7105828 kB
Committed_AS:   55130844 kB
VmallocTotal:   263061440 kB
VmallocUsed:       66812 kB
VmallocChunk:          0 kB
Percpu:             2336 kB
CmaTotal:         294912 kB
CmaFree:               0 kB
MemTotal:       12114512 kB
MemFree:         3020256 kB
MemAvailable:    7484928 kB
Buffers:            6704 kB
Cached:          4152932 kB
SwapCached:            0 kB
Active:          2105956 kB
Inactive:        3452464 kB
Active(anon):    1403136 kB
Inactive(anon):    14984 kB
Active(file):     702820 kB
Inactive(file):  3437480 kB
Unevictable:        4164 kB
Mlocked:            4164 kB
SwapTotal:       1048572 kB
SwapFree:        1048572 kB
Dirty:               144 kB
Writeback:             0 kB
AnonPages:       1402900 kB
Mapped:           815844 kB
Shmem:             16036 kB
Slab:             199112 kB
SReclaimable:      56828 kB
SUnreclaim:       142284 kB
KernelStack:       41760 kB
PageTables:        52996 kB
NFS_Unstable:          0 kB
Bounce:                0 kB
WritebackTmp:          0 kB
CommitLimit:     7105828 kB
Committed_AS:   55136416 kB
VmallocTotal:   263061440 kB
VmallocUsed:       66796 kB
VmallocChunk:          0 kB
Percpu:             2336 kB
CmaTotal:         294912 kB
CmaFree:               0 kB
MemTotal:       12114512 kB
MemFree:         3019264 kB
MemAvailable:    7483936 kB
Buffers:            6704 kB
Cached:          4152932 kB
SwapCached:            0 kB
Active:          2106192 kB
Inactive:        3452464 kB
Active(anon):    1403372 kB
Inactive(anon):    14984 kB
Active(file):     702820 kB
Inactive(file):  3437480 kB
Unevictable:        4164 kB
Mlocked:            4164 kB
SwapTotal:       1048572 kB
SwapFree:        1048572 kB
Dirty:               116 kB
Writeback:             0 kB
AnonPages:       1403196 kB
Mapped:           815584 kB
Shmem:             16036 kB
Slab:             199112 kB
SReclaimable:      56828 kB
SUnreclaim:       142284 kB
KernelStack:       41744 kB
PageTables:        52996 kB
NFS_Unstable:          0 kB
Bounce:                0 kB
WritebackTmp:          0 kB
CommitLimit:     7105828 kB
Committed_AS:   55131724 kB
VmallocTotal:   263061440 kB
VmallocUsed:       66812 kB
VmallocChunk:          0 kB
Percpu:             2336 kB
CmaTotal:         294912 kB
CmaFree:               0 kB
MemTotal:       12114512 kB
MemFree:         3019084 kB
MemAvailable:    7483756 kB
Buffers:            6704 kB
Cached:          4152932 kB
SwapCached:            0 kB
Active:          2106280 kB
Inactive:        3452464 kB
Active(anon):    1403460 kB
Inactive(anon):    14984 kB
Active(file):     702820 kB
Inactive(file):  3437480 kB
Unevictable:        4164 kB
Mlocked:            4164 kB
SwapTotal:       1048572 kB
SwapFree:        1048572 kB
Dirty:               116 kB
Writeback:             0 kB
AnonPages:       1403524 kB
Mapped:           815752 kB
Shmem:             16036 kB
Slab:             199104 kB
SReclaimable:      56828 kB
SUnreclaim:       142276 kB
KernelStack:       41744 kB
PageTables:        53008 kB
NFS_Unstable:          0 kB
Bounce:                0 kB
WritebackTmp:          0 kB
CommitLimit:     7105828 kB
Committed_AS:   55125948 kB
VmallocTotal:   263061440 kB
VmallocUsed:       66796 kB
VmallocChunk:          0 kB
Percpu:             2336 kB
CmaTotal:         294912 kB
CmaFree:               0 kB
MemTotal:       12114512 kB
MemFree:         3019240 kB
MemAvailable:    7483912 kB
Buffers:            6704 kB
Cached:          4152932 kB
SwapCached:            0 kB
Active:          2106644 kB
Inactive:        3452464 kB
Active(anon):    1403824 kB
Inactive(anon):    14984 kB
Active(file):     702820 kB
Inactive(file):  3437480 kB
Unevictable:        4164 kB
Mlocked:            4164 kB
SwapTotal:       1048572 kB
SwapFree:        1048572 kB
Dirty:               144 kB
Writeback:             0 kB
AnonPages:       1403540 kB
Mapped:           815748 kB
Shmem:             16036 kB
Slab:             199104 kB
SReclaimable:      56828 kB
SUnreclaim:       142276 kB
KernelStack:       41744 kB
PageTables:        53008 kB
NFS_Unstable:          0 kB
Bounce:                0 kB
WritebackTmp:          0 kB
CommitLimit:     7105828 kB
Committed_AS:   55127924 kB
VmallocTotal:   263061440 kB
VmallocUsed:       66780 kB
VmallocChunk:          0 kB
Percpu:             2336 kB
CmaTotal:         294912 kB
CmaFree:               0 kB
MemTotal:       12114512 kB
MemFree:         3018780 kB
MemAvailable:    7483452 kB
Buffers:            6704 kB
Cached:          4152932 kB
SwapCached:            0 kB
Active:          2106352 kB
Inactive:        3452464 kB
Active(anon):    1403532 kB
Inactive(anon):    14984 kB
Active(file):     702820 kB
Inactive(file):  3437480 kB
Unevictable:        4164 kB
Mlocked:            4164 kB
SwapTotal:       1048572 kB
SwapFree:        1048572 kB
Dirty:               152 kB
Writeback:             0 kB
AnonPages:       1403116 kB
Mapped:           815752 kB
Shmem:             16036 kB
Slab:             199104 kB
SReclaimable:      56828 kB
SUnreclaim:       142276 kB
KernelStack:       41728 kB
PageTables:        53008 kB
NFS_Unstable:          0 kB
Bounce:                0 kB
WritebackTmp:          0 kB
CommitLimit:     7105828 kB
Committed_AS:   55122836 kB
VmallocTotal:   263061440 kB
VmallocUsed:       66764 kB
VmallocChunk:          0 kB
Percpu:             2336 kB
CmaTotal:         294912 kB
CmaFree:               0 kB
MemTotal:       12114512 kB
MemFree:         3018276 kB
MemAvailable:    7482948 kB
Buffers:            6704 kB
Cached:          4152932 kB
SwapCached:            0 kB
Active:          2106244 kB
Inactive:        3452464 kB
Active(anon):    1403424 kB
Inactive(anon):    14984 kB
Active(file):     702820 kB
Inactive(file):  3437480 kB
Unevictable:        4164 kB
Mlocked:            4164 kB
SwapTotal:       1048572 kB
SwapFree:        1048572 kB
Dirty:               156 kB
Writeback:             0 kB
AnonPages:       1403336 kB
Mapped:           815752 kB
Shmem:             16036 kB
Slab:             199104 kB
SReclaimable:      56828 kB
SUnreclaim:       142276 kB
KernelStack:       41792 kB
PageTables:        53008 kB
NFS_Unstable:          0 kB
Bounce:                0 kB
WritebackTmp:          0 kB
CommitLimit:     7105828 kB
Committed_AS:   55127836 kB
VmallocTotal:   263061440 kB
VmallocUsed:       66748 kB
VmallocChunk:          0 kB
Percpu:             2336 kB
CmaTotal:         294912 kB
CmaFree:               0 kB
MemTotal:       12114512 kB
MemFree:         3018336 kB
MemAvailable:    7483008 kB
Buffers:            6704 kB
Cached:          4152932 kB
SwapCached:            0 kB
Active:          2106572 kB
Inactive:        3452464 kB
Active(anon):    1403752 kB
Inactive(anon):    14984 kB
Active(file):     702820 kB
Inactive(file):  3437480 kB
Unevictable:        4164 kB
Mlocked:            4164 kB
SwapTotal:       1048572 kB
SwapFree:        1048572 kB
Dirty:               116 kB
Writeback:             0 kB
AnonPages:       1403912 kB
Mapped:           816152 kB
Shmem:             16036 kB
Slab:             199104 kB
SReclaimable:      56828 kB
SUnreclaim:       142276 kB
KernelStack:       41744 kB
PageTables:        52972 kB
NFS_Unstable:          0 kB
Bounce:                0 kB
WritebackTmp:          0 kB
CommitLimit:     7105828 kB
Committed_AS:   55128964 kB
VmallocTotal:   263061440 kB
VmallocUsed:       66780 kB
VmallocChunk:          0 kB
Percpu:             2336 kB
CmaTotal:         294912 kB
CmaFree:               0 kB
MemTotal:       12114512 kB
MemFree:         3018932 kB
MemAvailable:    7483604 kB
Buffers:            6704 kB
Cached:          4152932 kB
SwapCached:            0 kB
Active:          2106772 kB
Inactive:        3452464 kB
Active(anon):    1403952 kB
Inactive(anon):    14984 kB
Active(file):     702820 kB
Inactive(file):  3437480 kB
Unevictable:        4164 kB
Mlocked:            4164 kB
SwapTotal:       1048572 kB
SwapFree:        1048572 kB
Dirty:               116 kB
Writeback:             0 kB
AnonPages:       1403680 kB
Mapped:           815944 kB
Shmem:             16036 kB
Slab:             199104 kB
SReclaimable:      56828 kB
SUnreclaim:       142276 kB
KernelStack:       41780 kB
PageTables:        53036 kB
NFS_Unstable:          0 kB
Bounce:                0 kB
WritebackTmp:          0 kB
CommitLimit:     7105828 kB
Committed_AS:   55134740 kB
VmallocTotal:   263061440 kB
VmallocUsed:       66812 kB
VmallocChunk:          0 kB
Percpu:             2336 kB
CmaTotal:         294912 kB
CmaFree:               0 kB
MemTotal:       12114512 kB
MemFree:         3017736 kB
MemAvailable:    7482408 kB
Buffers:            6704 kB
Cached:          4152932 kB
SwapCached:            0 kB
Active:          2106732 kB
Inactive:        3452464 kB
Active(anon):    1403912 kB
Inactive(anon):    14984 kB
Active(file):     702820 kB
Inactive(file):  3437480 kB
Unevictable:        4164 kB
Mlocked:            4164 kB
SwapTotal:       1048572 kB
SwapFree:        1048572 kB
Dirty:               116 kB
Writeback:             0 kB
AnonPages:       1403736 kB
Mapped:           815752 kB
Shmem:             16036 kB
Slab:             199104 kB
SReclaimable:      56828 kB
SUnreclaim:       142276 kB
KernelStack:       41744 kB
PageTables:        53008 kB
NFS_Unstable:          0 kB
Bounce:                0 kB
WritebackTmp:          0 kB
CommitLimit:     7105828 kB
Committed_AS:   55134960 kB
VmallocTotal:   263061440 kB
VmallocUsed:       66796 kB
VmallocChunk:          0 kB
Percpu:             2336 kB
CmaTotal:         294912 kB
CmaFree:               0 kB
MemTotal:       12114512 kB
MemFree:         3018112 kB
MemAvailable:    7482784 kB
Buffers:            6704 kB
Cached:          4152932 kB
SwapCached:            0 kB
Active:          2107052 kB
Inactive:        3452464 kB
Active(anon):    1404232 kB
Inactive(anon):    14984 kB
Active(file):     702820 kB
Inactive(file):  3437480 kB
Unevictable:        4164 kB
Mlocked:            4164 kB
SwapTotal:       1048572 kB
SwapFree:        1048572 kB
Dirty:               144 kB
Writeback:             0 kB
AnonPages:       1403964 kB
Mapped:           815936 kB
Shmem:             16036 kB
Slab:             199104 kB
SReclaimable:      56828 kB
SUnreclaim:       142276 kB
KernelStack:       41780 kB
PageTables:        53028 kB
NFS_Unstable:          0 kB
Bounce:                0 kB
WritebackTmp:          0 kB
CommitLimit:     7105828 kB
Committed_AS:   55134872 kB
VmallocTotal:   263061440 kB
VmallocUsed:       66812 kB
VmallocChunk:          0 kB
Percpu:             2336 kB
CmaTotal:         294912 kB
CmaFree:               0 kB
MemTotal:       12114512 kB
MemFree:         3018660 kB
MemAvailable:    7483332 kB
Buffers:            6704 kB
Cached:          4152932 kB
SwapCached:            0 kB
Active:          2107224 kB
Inactive:        3452464 kB
Active(anon):    1404404 kB
Inactive(anon):    14984 kB
Active(file):     702820 kB
Inactive(file):  3437480 kB
Unevictable:        4164 kB
Mlocked:            4164 kB
SwapTotal:       1048572 kB
SwapFree:        1048572 kB
Dirty:               144 kB
Writeback:             0 kB
AnonPages:       1404288 kB
Mapped:           815752 kB
Shmem:             16036 kB
Slab:             199104 kB
SReclaimable:      56828 kB
SUnreclaim:       142276 kB
KernelStack:       41760 kB
PageTables:        53008 kB
NFS_Unstable:          0 kB
Bounce:                0 kB
WritebackTmp:          0 kB
CommitLimit:     7105828 kB
Committed_AS:   55130808 kB
VmallocTotal:   263061440 kB
VmallocUsed:       66828 kB
VmallocChunk:          0 kB
Percpu:             2336 kB
CmaTotal:         294912 kB
CmaFree:               0 kB
MemTotal:       12114512 kB
MemFree:         3018040 kB
MemAvailable:    7482712 kB
Buffers:            6704 kB
Cached:          4152932 kB
SwapCached:            0 kB
Active:          2107448 kB
Inactive:        3452464 kB
Active(anon):    1404628 kB
Inactive(anon):    14984 kB
Active(file):     702820 kB
Inactive(file):  3437480 kB
Unevictable:        4164 kB
Mlocked:            4164 kB
SwapTotal:       1048572 kB
SwapFree:        1048572 kB
Dirty:               116 kB
Writeback:             0 kB
AnonPages:       1404164 kB
Mapped:           815788 kB
Shmem:             16036 kB
Slab:             199104 kB
SReclaimable:      56828 kB
SUnreclaim:       142276 kB
KernelStack:       41760 kB
PageTables:        53064 kB
NFS_Unstable:          0 kB
Bounce:                0 kB
WritebackTmp:          0 kB
CommitLimit:     7105828 kB
Committed_AS:   55126008 kB
VmallocTotal:   263061440 kB
VmallocUsed:       66780 kB
VmallocChunk:          0 kB
Percpu:             2336 kB
CmaTotal:         294912 kB
CmaFree:               0 kB
MemTotal:       12114512 kB
MemFree:         3018068 kB
MemAvailable:    7482740 kB
Buffers:            6704 kB
Cached:          4152932 kB
SwapCached:            0 kB
Active:          2107516 kB
Inactive:        3452464 kB
Active(anon):    1404696 kB
Inactive(anon):    14984 kB
Active(file):     702820 kB
Inactive(file):  3437480 kB
Unevictable:        4164 kB
Mlocked:            4164 kB
SwapTotal:       1048572 kB
SwapFree:        1048572 kB
Dirty:               116 kB
Writeback:             0 kB
AnonPages:       1404704 kB
Mapped:           815808 kB
Shmem:             16036 kB
Slab:             199104 kB
SReclaimable:      56828 kB
SUnreclaim:       142276 kB
KernelStack:       41764 kB
PageTables:        52980 kB
NFS_Unstable:          0 kB
Bounce:                0 kB
WritebackTmp:          0 kB
CommitLimit:     7105828 kB
Committed_AS:   55130408 kB
VmallocTotal:   263061440 kB
VmallocUsed:       66812 kB
VmallocChunk:          0 kB
Percpu:             2336 kB
CmaTotal:         294912 kB
CmaFree:               0 kB
MemTotal:       12114512 kB
MemFree:         3017860 kB
MemAvailable:    7482532 kB
Buffers:            6704 kB
Cached:          4152932 kB
SwapCached:            0 kB
Active:          2107756 kB
Inactive:        3452464 kB
Active(anon):    1404936 kB
Inactive(anon):    14984 kB
Active(file):     702820 kB
Inactive(file):  3437480 kB
Unevictable:        4164 kB
Mlocked:            4164 kB
SwapTotal:       1048572 kB
SwapFree:        1048572 kB
Dirty:               148 kB
Writeback:             0 kB
AnonPages:       1405056 kB
Mapped:           815752 kB
Shmem:             16036 kB
Slab:             199104 kB
SReclaimable:      56828 kB
SUnreclaim:       142276 kB
KernelStack:       41744 kB
PageTables:        53008 kB
NFS_Unstable:          0 kB
Bounce:                0 kB
WritebackTmp:          0 kB
CommitLimit:     7105828 kB
Committed_AS:   55130408 kB
VmallocTotal:   263061440 kB
VmallocUsed:       66812 kB
VmallocChunk:          0 kB
Percpu:             2336 kB
CmaTotal:         294912 kB
CmaFree:               0 kB
MemTotal:       12114512 kB
MemFree:         3016984 kB
MemAvailable:    7481656 kB
Buffers:            6704 kB
Cached:          4152932 kB
SwapCached:            0 kB
Active:          2108284 kB
Inactive:        3452464 kB
Active(anon):    1405464 kB
Inactive(anon):    14984 kB
Active(file):     702820 kB
Inactive(file):  3437480 kB
Unevictable:        4164 kB
Mlocked:            4164 kB
SwapTotal:       1048572 kB
SwapFree:        1048572 kB
Dirty:               164 kB
Writeback:             0 kB
AnonPages:       1405204 kB
Mapped:           815776 kB
Shmem:             16036 kB
Slab:             199104 kB
SReclaimable:      56828 kB
SUnreclaim:       142276 kB
KernelStack:       41712 kB
PageTables:        52960 kB
NFS_Unstable:          0 kB
Bounce:                0 kB
WritebackTmp:          0 kB
CommitLimit:     7105828 kB
Committed_AS:   55127588 kB
VmallocTotal:   263061440 kB
VmallocUsed:       66796 kB
VmallocChunk:          0 kB
Percpu:             2336 kB
CmaTotal:         294912 kB
CmaFree:               0 kB
MemTotal:       12114512 kB
MemFree:         3016580 kB
MemAvailable:    7481252 kB
Buffers:            6704 kB
Cached:          4152932 kB
SwapCached:            0 kB
Active:          2108116 kB
Inactive:        3452464 kB
Active(anon):    1405296 kB
Inactive(anon):    14984 kB
Active(file):     702820 kB
Inactive(file):  3437480 kB
Unevictable:        4164 kB
Mlocked:            4164 kB
SwapTotal:       1048572 kB
SwapFree:        1048572 kB
Dirty:               168 kB
Writeback:             0 kB
AnonPages:       1405100 kB
Mapped:           815908 kB
Shmem:             16036 kB
Slab:             199104 kB
SReclaimable:      56828 kB
SUnreclaim:       142276 kB
KernelStack:       41776 kB
PageTables:        53088 kB
NFS_Unstable:          0 kB
Bounce:                0 kB
WritebackTmp:          0 kB
CommitLimit:     7105828 kB
Committed_AS:   55123780 kB
VmallocTotal:   263061440 kB
VmallocUsed:       66764 kB
VmallocChunk:          0 kB
Percpu:             2336 kB
CmaTotal:         294912 kB
CmaFree:               0 kB
MemTotal:       12114512 kB
MemFree:         3017316 kB
MemAvailable:    7481988 kB
Buffers:            6704 kB
Cached:          4152932 kB
SwapCached:            0 kB
Active:          2108344 kB
Inactive:        3452464 kB
Active(anon):    1405524 kB
Inactive(anon):    14984 kB
Active(file):     702820 kB
Inactive(file):  3437480 kB
Unevictable:        4164 kB
Mlocked:            4164 kB
SwapTotal:       1048572 kB
SwapFree:        1048572 kB
Dirty:               172 kB
Writeback:             0 kB
AnonPages:       1405260 kB
Mapped:           815984 kB
Shmem:             16036 kB
Slab:             199104 kB
SReclaimable:      56828 kB
SUnreclaim:       142276 kB
KernelStack:       41728 kB
PageTables:        52952 kB
NFS_Unstable:          0 kB
Bounce:                0 kB
WritebackTmp:          0 kB
CommitLimit:     7105828 kB
Committed_AS:   55127656 kB
VmallocTotal:   263061440 kB
VmallocUsed:       66748 kB
VmallocChunk:          0 kB
Percpu:             2336 kB
CmaTotal:         294912 kB
CmaFree:               0 kB
MemTotal:       12114512 kB
MemFree:         3016872 kB
MemAvailable:    7481544 kB
Buffers:            6704 kB
Cached:          4152932 kB
SwapCached:            0 kB
Active:          2109124 kB
Inactive:        3452464 kB
Active(anon):    1406304 kB
Inactive(anon):    14984 kB
Active(file):     702820 kB
Inactive(file):  3437480 kB
Unevictable:        4164 kB
Mlocked:            4164 kB
SwapTotal:       1048572 kB
SwapFree:        1048572 kB
Dirty:               144 kB
Writeback:             0 kB
AnonPages:       1405816 kB
Mapped:           815720 kB
Shmem:             16036 kB
Slab:             199104 kB
SReclaimable:      56828 kB
SUnreclaim:       142276 kB
KernelStack:       41732 kB
PageTables:        52948 kB
NFS_Unstable:          0 kB
Bounce:                0 kB
WritebackTmp:          0 kB
CommitLimit:     7105828 kB
Committed_AS:   55131468 kB
VmallocTotal:   263061440 kB
VmallocUsed:       66732 kB
VmallocChunk:          0 kB
Percpu:             2336 kB
CmaTotal:         294912 kB
CmaFree:               0 kB
MemTotal:       12114512 kB
MemFree:         3016724 kB
MemAvailable:    7481396 kB
Buffers:            6704 kB
Cached:          4152932 kB
SwapCached:            0 kB
Active:          2108988 kB
Inactive:        3452464 kB
Active(anon):    1406168 kB
Inactive(anon):    14984 kB
Active(file):     702820 kB
Inactive(file):  3437480 kB
Unevictable:        4164 kB
Mlocked:            4164 kB
SwapTotal:       1048572 kB
SwapFree:        1048572 kB
Dirty:               144 kB
Writeback:             0 kB
AnonPages:       1406008 kB
Mapped:           815756 kB
Shmem:             16036 kB
Slab:             199120 kB
SReclaimable:      56828 kB
SUnreclaim:       142292 kB
KernelStack:       41712 kB
PageTables:        53008 kB
NFS_Unstable:          0 kB
Bounce:                0 kB
WritebackTmp:          0 kB
CommitLimit:     7105828 kB
Committed_AS:   55131124 kB
VmallocTotal:   263061440 kB
VmallocUsed:       66732 kB
VmallocChunk:          0 kB
Percpu:             2336 kB
CmaTotal:         294912 kB
CmaFree:               0 kB
MemTotal:       12114512 kB
MemFree:         3016184 kB
MemAvailable:    7480856 kB
Buffers:            6704 kB
Cached:          4152932 kB
SwapCached:            0 kB
Active:          2109492 kB
Inactive:        3452464 kB
Active(anon):    1406672 kB
Inactive(anon):    14984 kB
Active(file):     702820 kB
Inactive(file):  3437480 kB
Unevictable:        4164 kB
Mlocked:            4164 kB
SwapTotal:       1048572 kB
SwapFree:        1048572 kB
