MemTotal:       12114512 kB
MemFree:         3149284 kB
MemAvailable:    8593532 kB
Buffers:            6608 kB
Cached:          4150324 kB
SwapCached:            0 kB
Active:          2038692 kB
Inactive:        3452276 kB
Active(anon):    1338480 kB
Inactive(anon):    14352 kB
Active(file):     700212 kB
Inactive(file):  3437924 kB
Unevictable:        4164 kB
Mlocked:            4164 kB
SwapTotal:       1048572 kB
SwapFree:        1048572 kB
Dirty:                84 kB
Writeback:             0 kB
AnonPages:       1338308 kB
Mapped:           803968 kB
Shmem:             15496 kB
Slab:             198324 kB
SReclaimable:      56604 kB
SUnreclaim:       141720 kB
KernelStack:       42448 kB
PageTables:        49468 kB
NFS_Unstable:          0 kB
Bounce:                0 kB
WritebackTmp:          0 kB
CommitLimit:     7105828 kB
Committed_AS:   53482968 kB
VmallocTotal:   263061440 kB
VmallocUsed:       67376 kB
VmallocChunk:          0 kB
Percpu:             2336 kB
CmaTotal:         294912 kB
CmaFree:               0 kB
MemTotal:       12114512 kB
MemFree:         3144556 kB
MemAvailable:    8588820 kB
Buffers:            6608 kB
Cached:          4150332 kB
SwapCached:            0 kB
Active:          2043400 kB
Inactive:        3452284 kB
Active(anon):    1343188 kB
Inactive(anon):    14360 kB
Active(file):     700212 kB
Inactive(file):  3437924 kB
Unevictable:        4164 kB
Mlocked:            4164 kB
SwapTotal:       1048572 kB
SwapFree:        1048572 kB
Dirty:               112 kB
Writeback:             0 kB
AnonPages:       1343096 kB
Mapped:           803976 kB
Shmem:             15504 kB
Slab:             198364 kB
SReclaimable:      56636 kB
SUnreclaim:       141728 kB
KernelStack:       42416 kB
PageTables:        49468 kB
NFS_Unstable:          0 kB
Bounce:                0 kB
WritebackTmp:          0 kB
CommitLimit:     7105828 kB
Committed_AS:   53493752 kB
VmallocTotal:   263061440 kB
VmallocUsed:       67360 kB
VmallocChunk:          0 kB
Percpu:             2336 kB
CmaTotal:         294912 kB
CmaFree:               0 kB
MemTotal:       12114512 kB
MemFree:         3143704 kB
MemAvailable:    8594256 kB
Buffers:            6608 kB
Cached:          4150272 kB
SwapCached:            0 kB
Active:          2044232 kB
Inactive:        3452236 kB
Active(anon):    1344020 kB
Inactive(anon):    14312 kB
Active(file):     700212 kB
Inactive(file):  3437924 kB
Unevictable:        4164 kB
Mlocked:            4164 kB
SwapTotal:       1048572 kB
SwapFree:        1048572 kB
Dirty:               124 kB
Writeback:             0 kB
AnonPages:       1343668 kB
Mapped:           803928 kB
Shmem:             15444 kB
Slab:             198364 kB
SReclaimable:      56636 kB
SUnreclaim:       141728 kB
KernelStack:       42416 kB
PageTables:        49464 kB
NFS_Unstable:          0 kB
Bounce:                0 kB
WritebackTmp:          0 kB
CommitLimit:     7105828 kB
Committed_AS:   53493064 kB
VmallocTotal:   263061440 kB
VmallocUsed:       67360 kB
VmallocChunk:          0 kB
Percpu:             2336 kB
CmaTotal:         294912 kB
CmaFree:               0 kB
MemTotal:       12114512 kB
MemFree:         3143120 kB
MemAvailable:    8607876 kB
Buffers:            6608 kB
Cached:          4151600 kB
SwapCached:            0 kB
Active:          2049284 kB
Inactive:        3451996 kB
Active(anon):    1347484 kB
Inactive(anon):    14072 kB
Active(file):     701800 kB
Inactive(file):  3437924 kB
Unevictable:        4164 kB
Mlocked:            4164 kB
SwapTotal:       1048572 kB
SwapFree:        1048572 kB
Dirty:              1744 kB
Writeback:             0 kB
AnonPages:       1347500 kB
Mapped:           803692 kB
Shmem:             15184 kB
Slab:             198364 kB
SReclaimable:      56636 kB
SUnreclaim:       141728 kB
KernelStack:       42480 kB
PageTables:        49368 kB
NFS_Unstable:          0 kB
Bounce:                0 kB
WritebackTmp:          0 kB
CommitLimit:     7105828 kB
Committed_AS:   53486428 kB
VmallocTotal:   263061440 kB
VmallocUsed:       67392 kB
VmallocChunk:          0 kB
Percpu:             2336 kB
CmaTotal:         294912 kB
CmaFree:               0 kB
MemTotal:       12114512 kB
MemFree:         3158832 kB
MemAvailable:    8684916 kB
Buffers:            6608 kB
Cached:          4151632 kB
SwapCached:            0 kB
Active:          2032416 kB
Inactive:        3452028 kB
Active(anon):    1330616 kB
Inactive(anon):    14104 kB
Active(file):     701800 kB
Inactive(file):  3437924 kB
Unevictable:        4164 kB
Mlocked:            4164 kB
SwapTotal:       1048572 kB
SwapFree:        1048572 kB
Dirty:               192 kB
Writeback:             0 kB
AnonPages:       1330460 kB
Mapped:           803512 kB
Shmem:             15216 kB
Slab:             198228 kB
SReclaimable:      56636 kB
SUnreclaim:       141592 kB
KernelStack:       42352 kB
PageTables:        49320 kB
NFS_Unstable:          0 kB
Bounce:                0 kB
WritebackTmp:          0 kB
CommitLimit:     7105828 kB
Committed_AS:   53492276 kB
VmallocTotal:   263061440 kB
VmallocUsed:       67184 kB
VmallocChunk:          0 kB
Percpu:             2336 kB
CmaTotal:         294912 kB
CmaFree:               0 kB
MemTotal:       12114512 kB
MemFree:         3142724 kB
MemAvailable:    8578736 kB
Buffers:            6608 kB
Cached:          4151564 kB
SwapCached:            0 kB
Active:          2047652 kB
Inactive:        3451960 kB
Active(anon):    1345852 kB
Inactive(anon):    14032 kB
Active(file):     701800 kB
Inactive(file):  3437928 kB
Unevictable:        4164 kB
Mlocked:            4164 kB
SwapTotal:       1048572 kB
SwapFree:        1048572 kB
Dirty:               108 kB
Writeback:             0 kB
AnonPages:       1345536 kB
Mapped:           803652 kB
Shmem:             15144 kB
Slab:             198248 kB
SReclaimable:      56620 kB
SUnreclaim:       141628 kB
KernelStack:       42432 kB
PageTables:        49524 kB
NFS_Unstable:          0 kB
Bounce:                0 kB
WritebackTmp:          0 kB
CommitLimit:     7105828 kB
Committed_AS:   53486748 kB
VmallocTotal:   263061440 kB
VmallocUsed:       67360 kB
VmallocChunk:          0 kB
Percpu:             2336 kB
CmaTotal:         294912 kB
CmaFree:               0 kB
MemTotal:       12114512 kB
MemFree:         3137868 kB
MemAvailable:    8602620 kB
Buffers:            6608 kB
Cached:          4151580 kB
SwapCached:            0 kB
Active:          2051000 kB
Inactive:        3451976 kB
Active(anon):    1349200 kB
Inactive(anon):    14048 kB
Active(file):     701800 kB
Inactive(file):  3437928 kB
Unevictable:        4164 kB
Mlocked:            4164 kB
SwapTotal:       1048572 kB
SwapFree:        1048572 kB
Dirty:               116 kB
Writeback:             0 kB
AnonPages:       1348868 kB
Mapped:           803668 kB
Shmem:             15160 kB
Slab:             198344 kB
SReclaimable:      56620 kB
SUnreclaim:       141724 kB
KernelStack:       42432 kB
PageTables:        49420 kB
NFS_Unstable:          0 kB
Bounce:                0 kB
WritebackTmp:          0 kB
CommitLimit:     7105828 kB
Committed_AS:   53469564 kB
VmallocTotal:   263061440 kB
VmallocUsed:       67408 kB
VmallocChunk:          0 kB
Percpu:             2336 kB
CmaTotal:         294912 kB
CmaFree:               0 kB
MemTotal:       12114512 kB
MemFree:         3132684 kB
MemAvailable:    8581932 kB
Buffers:            6608 kB
Cached:          4151780 kB
SwapCached:            0 kB
Active:          2052936 kB
Inactive:        3452176 kB
Active(anon):    1351136 kB
Inactive(anon):    14248 kB
Active(file):     701800 kB
Inactive(file):  3437928 kB
Unevictable:        4164 kB
Mlocked:            4164 kB
SwapTotal:       1048572 kB
SwapFree:        1048572 kB
Dirty:               116 kB
Writeback:             0 kB
AnonPages:       1351144 kB
Mapped:           803948 kB
Shmem:             15360 kB
Slab:             198360 kB
SReclaimable:      56636 kB
SUnreclaim:       141724 kB
KernelStack:       42448 kB
PageTables:        49464 kB
NFS_Unstable:          0 kB
Bounce:                0 kB
WritebackTmp:          0 kB
CommitLimit:     7105828 kB
Committed_AS:   53488828 kB
VmallocTotal:   263061440 kB
VmallocUsed:       67440 kB
VmallocChunk:          0 kB
Percpu:             2336 kB
CmaTotal:         294912 kB
CmaFree:               0 kB
MemTotal:       12114512 kB
MemFree:         3138328 kB
MemAvailable:    8602860 kB
Buffers:            6608 kB
Cached:          4151384 kB
SwapCached:            0 kB
Active:          2050324 kB
Inactive:        3452088 kB
Active(anon):    1348820 kB
Inactive(anon):    14160 kB
Active(file):     701504 kB
Inactive(file):  3437928 kB
Unevictable:        4164 kB
Mlocked:            4164 kB
SwapTotal:       1048572 kB
SwapFree:        1048572 kB
Dirty:               132 kB
Writeback:             0 kB
AnonPages:       1348284 kB
Mapped:           804040 kB
Shmem:             15260 kB
Slab:             198352 kB
SReclaimable:      56636 kB
SUnreclaim:       141716 kB
KernelStack:       42484 kB
PageTables:        49488 kB
NFS_Unstable:          0 kB
Bounce:                0 kB
WritebackTmp:          0 kB
CommitLimit:     7105828 kB
Committed_AS:   53485304 kB
VmallocTotal:   263061440 kB
VmallocUsed:       67456 kB
VmallocChunk:          0 kB
Percpu:             2336 kB
CmaTotal:         294912 kB
CmaFree:               0 kB
MemTotal:       12114512 kB
MemFree:         3139580 kB
MemAvailable:    8605696 kB
Buffers:            6608 kB
Cached:          4152980 kB
SwapCached:            0 kB
Active:          2052112 kB
Inactive:        3452084 kB
Active(anon):    1349020 kB
Inactive(anon):    14156 kB
Active(file):     703092 kB
Inactive(file):  3437928 kB
Unevictable:        4164 kB
Mlocked:            4164 kB
SwapTotal:       1048572 kB
SwapFree:        1048572 kB
Dirty:              1756 kB
Writeback:             0 kB
AnonPages:       1349048 kB
Mapped:           804088 kB
Shmem:             15268 kB
Slab:             198352 kB
SReclaimable:      56636 kB
SUnreclaim:       141716 kB
KernelStack:       42532 kB
PageTables:        49548 kB
NFS_Unstable:          0 kB
Bounce:                0 kB
WritebackTmp:          0 kB
CommitLimit:     7105828 kB
Committed_AS:   53478452 kB
VmallocTotal:   263061440 kB
VmallocUsed:       67488 kB
VmallocChunk:          0 kB
Percpu:             2336 kB
CmaTotal:         294912 kB
CmaFree:               0 kB
MemTotal:       12114512 kB
MemFree:         3151128 kB
MemAvailable:    8678580 kB
Buffers:            6608 kB
Cached:          4153004 kB
SwapCached:            0 kB
Active:          2038360 kB
Inactive:        3452108 kB
Active(anon):    1335268 kB
Inactive(anon):    14180 kB
Active(file):     703092 kB
Inactive(file):  3437928 kB
Unevictable:        4164 kB
Mlocked:            4164 kB
SwapTotal:       1048572 kB
SwapFree:        1048572 kB
Dirty:              1688 kB
Writeback:             0 kB
AnonPages:       1334744 kB
Mapped:           803944 kB
Shmem:             15292 kB
Slab:             198240 kB
SReclaimable:      56652 kB
SUnreclaim:       141588 kB
KernelStack:       42420 kB
PageTables:        49208 kB
NFS_Unstable:          0 kB
Bounce:                0 kB
WritebackTmp:          0 kB
CommitLimit:     7105828 kB
Committed_AS:   53479872 kB
VmallocTotal:   263061440 kB
VmallocUsed:       67232 kB
VmallocChunk:          0 kB
Percpu:             2336 kB
CmaTotal:         294912 kB
CmaFree:               0 kB
MemTotal:       12114512 kB
MemFree:         3150468 kB
MemAvailable:    8677916 kB
Buffers:            6608 kB
Cached:          4153032 kB
SwapCached:            0 kB
Active:          2038804 kB
Inactive:        3452136 kB
Active(anon):    1335712 kB
Inactive(anon):    14204 kB
Active(file):     703092 kB
Inactive(file):  3437932 kB
Unevictable:        4164 kB
Mlocked:            4164 kB
SwapTotal:       1048572 kB
SwapFree:        1048572 kB
Dirty:              1696 kB
Writeback:             0 kB
AnonPages:       1335668 kB
Mapped:           803988 kB
Shmem:             15316 kB
Slab:             198224 kB
SReclaimable:      56636 kB
SUnreclaim:       141588 kB
KernelStack:       42384 kB
PageTables:        49364 kB
NFS_Unstable:          0 kB
Bounce:                0 kB
WritebackTmp:          0 kB
CommitLimit:     7105828 kB
Committed_AS:   53487008 kB
VmallocTotal:   263061440 kB
VmallocUsed:       67200 kB
VmallocChunk:          0 kB
Percpu:             2336 kB
CmaTotal:         294912 kB
CmaFree:               0 kB
MemTotal:       12114512 kB
MemFree:         3149440 kB
MemAvailable:    8676880 kB
Buffers:            6608 kB
Cached:          4153052 kB
SwapCached:            0 kB
Active:          2039240 kB
Inactive:        3452156 kB
Active(anon):    1336148 kB
Inactive(anon):    14224 kB
Active(file):     703092 kB
Inactive(file):  3437932 kB
Unevictable:        4164 kB
Mlocked:            4164 kB
SwapTotal:       1048572 kB
SwapFree:        1048572 kB
Dirty:              1700 kB
Writeback:             0 kB
AnonPages:       1335836 kB
Mapped:           803768 kB
Shmem:             15336 kB
Slab:             198208 kB
SReclaimable:      56620 kB
SUnreclaim:       141588 kB
KernelStack:       42352 kB
PageTables:        49312 kB
NFS_Unstable:          0 kB
Bounce:                0 kB
WritebackTmp:          0 kB
CommitLimit:     7105828 kB
Committed_AS:   53486720 kB
VmallocTotal:   263061440 kB
VmallocUsed:       67184 kB
VmallocChunk:          0 kB
Percpu:             2336 kB
CmaTotal:         294912 kB
CmaFree:               0 kB
MemTotal:       12114512 kB
MemFree:         3150360 kB
MemAvailable:    8678012 kB
Buffers:            6608 kB
Cached:          4153152 kB
SwapCached:            0 kB
Active:          2039564 kB
Inactive:        3452260 kB
Active(anon):    1336476 kB
Inactive(anon):    14124 kB
Active(file):     703088 kB
Inactive(file):  3438136 kB
Unevictable:        4164 kB
Mlocked:            4164 kB
SwapTotal:       1048572 kB
SwapFree:        1048572 kB
Dirty:              6688 kB
Writeback:             0 kB
AnonPages:       1336324 kB
Mapped:           803668 kB
Shmem:             15236 kB
Slab:             198236 kB
SReclaimable:      56648 kB
SUnreclaim:       141588 kB
KernelStack:       42336 kB
PageTables:        49312 kB
NFS_Unstable:          0 kB
Bounce:                0 kB
WritebackTmp:          0 kB
CommitLimit:     7105828 kB
Committed_AS:   53489376 kB
VmallocTotal:   263061440 kB
VmallocUsed:       67216 kB
VmallocChunk:          0 kB
Percpu:             2336 kB
CmaTotal:         294912 kB
CmaFree:               0 kB
MemTotal:       12114512 kB
MemFree:         3151628 kB
MemAvailable:    8679304 kB
Buffers:            6608 kB
Cached:          4153168 kB
SwapCached:            0 kB
Active:          2037372 kB
Inactive:        3452276 kB
Active(anon):    1334284 kB
Inactive(anon):    14140 kB
Active(file):     703088 kB
Inactive(file):  3438136 kB
Unevictable:        4164 kB
Mlocked:            4164 kB
SwapTotal:       1048572 kB
SwapFree:        1048572 kB
Dirty:              5132 kB
Writeback:             0 kB
AnonPages:       1333864 kB
Mapped:           803684 kB
Shmem:             15252 kB
Slab:             198236 kB
SReclaimable:      56648 kB
SUnreclaim:       141588 kB
KernelStack:       42336 kB
PageTables:        49312 kB
NFS_Unstable:          0 kB
Bounce:                0 kB
WritebackTmp:          0 kB
CommitLimit:     7105828 kB
Committed_AS:   53480688 kB
VmallocTotal:   263061440 kB
VmallocUsed:       67216 kB
VmallocChunk:          0 kB
Percpu:             2336 kB
CmaTotal:         294912 kB
CmaFree:               0 kB
MemTotal:       12114512 kB
MemFree:         3152860 kB
MemAvailable:    8680540 kB
Buffers:            6608 kB
Cached:          4153196 kB
SwapCached:            0 kB
Active:          2036860 kB
Inactive:        3452304 kB
Active(anon):    1333772 kB
Inactive(anon):    14164 kB
Active(file):     703088 kB
Inactive(file):  3438140 kB
Unevictable:        4164 kB
Mlocked:            4164 kB
SwapTotal:       1048572 kB
SwapFree:        1048572 kB
Dirty:              5052 kB
Writeback:             0 kB
AnonPages:       1333628 kB
Mapped:           803684 kB
Shmem:             15276 kB
Slab:             198236 kB
SReclaimable:      56648 kB
SUnreclaim:       141588 kB
KernelStack:       42352 kB
PageTables:        49304 kB
NFS_Unstable:          0 kB
Bounce:                0 kB
WritebackTmp:          0 kB
CommitLimit:     7105828 kB
Committed_AS:   53480336 kB
VmallocTotal:   263061440 kB
VmallocUsed:       67200 kB
VmallocChunk:          0 kB
Percpu:             2336 kB
CmaTotal:         294912 kB
CmaFree:               8 kB
MemTotal:       12114512 kB
MemFree:         3146908 kB
MemAvailable:    8679276 kB
Buffers:            6608 kB
Cached:          4154576 kB
SwapCached:            0 kB
Active:          2040852 kB
Inactive:        3453548 kB
Active(anon):    1337764 kB
Inactive(anon):    15740 kB
Active(file):     703088 kB
Inactive(file):  3437808 kB
Unevictable:        4164 kB
Mlocked:            4164 kB
SwapTotal:       1048572 kB
SwapFree:        1048572 kB
Dirty:              4756 kB
Writeback:             0 kB
AnonPages:       1337488 kB
Mapped:           805260 kB
Shmem:             16852 kB
Slab:             198252 kB
SReclaimable:      56664 kB
SUnreclaim:       141588 kB
KernelStack:       42256 kB
PageTables:        49296 kB
NFS_Unstable:          0 kB
Bounce:                0 kB
WritebackTmp:          0 kB
CommitLimit:     7105828 kB
Committed_AS:   53483860 kB
VmallocTotal:   263061440 kB
VmallocUsed:       67072 kB
VmallocChunk:          0 kB
Percpu:             2336 kB
CmaTotal:         294912 kB
CmaFree:               0 kB
MemTotal:       12114512 kB
MemFree:         3150916 kB
MemAvailable:    8683664 kB
Buffers:            6608 kB
Cached:          4153280 kB
SwapCached:            0 kB
Active:          2037360 kB
Inactive:        3452388 kB
Active(anon):    1334272 kB
Inactive(anon):    14204 kB
Active(file):     703088 kB
Inactive(file):  3438184 kB
Unevictable:        4164 kB
Mlocked:            4164 kB
SwapTotal:       1048572 kB
SwapFree:        1048572 kB
Dirty:              5132 kB
Writeback:             0 kB
AnonPages:       1334256 kB
Mapped:           803724 kB
Shmem:             15316 kB
Slab:             198260 kB
SReclaimable:      56672 kB
SUnreclaim:       141588 kB
KernelStack:       42224 kB
PageTables:        49296 kB
NFS_Unstable:          0 kB
Bounce:                0 kB
WritebackTmp:          0 kB
CommitLimit:     7105828 kB
Committed_AS:   53483508 kB
VmallocTotal:   263061440 kB
VmallocUsed:       67088 kB
VmallocChunk:          0 kB
Percpu:             2336 kB
CmaTotal:         294912 kB
CmaFree:               0 kB
MemTotal:       12114512 kB
MemFree:         3155052 kB
MemAvailable:    8687792 kB
Buffers:            6612 kB
Cached:          4153300 kB
SwapCached:            0 kB
Active:          2033744 kB
Inactive:        3452412 kB
Active(anon):    1330656 kB
Inactive(anon):    14228 kB
Active(file):     703088 kB
Inactive(file):  3438184 kB
Unevictable:        4164 kB
Mlocked:            4164 kB
SwapTotal:       1048572 kB
SwapFree:        1048572 kB
Dirty:              4620 kB
Writeback:             0 kB
AnonPages:       1330420 kB
Mapped:           803688 kB
Shmem:             15340 kB
Slab:             198244 kB
SReclaimable:      56656 kB
SUnreclaim:       141588 kB
KernelStack:       42240 kB
PageTables:        49296 kB
NFS_Unstable:          0 kB
Bounce:                0 kB
WritebackTmp:          0 kB
CommitLimit:     7105828 kB
Committed_AS:   53481168 kB
VmallocTotal:   263061440 kB
VmallocUsed:       67104 kB
VmallocChunk:          0 kB
Percpu:             2336 kB
CmaTotal:         294912 kB
CmaFree:             120 kB
MemTotal:       12114512 kB
MemFree:         3159232 kB
MemAvailable:    8691976 kB
Buffers:            6612 kB
Cached:          4153328 kB
SwapCached:            0 kB
Active:          2029860 kB
Inactive:        3452436 kB
Active(anon):    1326768 kB
Inactive(anon):    14252 kB
Active(file):     703092 kB
Inactive(file):  3438184 kB
Unevictable:        4164 kB
Mlocked:            4164 kB
SwapTotal:       1048572 kB
SwapFree:        1048572 kB
Dirty:              4632 kB
Writeback:             0 kB
AnonPages:       1326564 kB
Mapped:           803712 kB
Shmem:             15364 kB
Slab:             198252 kB
SReclaimable:      56656 kB
SUnreclaim:       141596 kB
KernelStack:       42224 kB
PageTables:        49296 kB
NFS_Unstable:          0 kB
Bounce:                0 kB
WritebackTmp:          0 kB
CommitLimit:     7105828 kB
Committed_AS:   53483400 kB
VmallocTotal:   263061440 kB
VmallocUsed:       67088 kB
VmallocChunk:          0 kB
Percpu:             2336 kB
CmaTotal:         294912 kB
CmaFree:               0 kB
MemTotal:       12114512 kB
MemFree:         3161660 kB
MemAvailable:    8694404 kB
Buffers:            6612 kB
Cached:          4153348 kB
SwapCached:            0 kB
Active:          2027480 kB
Inactive:        3452456 kB
Active(anon):    1324388 kB
Inactive(anon):    14272 kB
Active(file):     703092 kB
Inactive(file):  3438184 kB
Unevictable:        4164 kB
Mlocked:            4164 kB
SwapTotal:       1048572 kB
SwapFree:        1048572 kB
Dirty:              4612 kB
Writeback:             0 kB
AnonPages:       1324088 kB
Mapped:           803720 kB
Shmem:             15384 kB
Slab:             198252 kB
SReclaimable:      56656 kB
SUnreclaim:       141596 kB
KernelStack:       42224 kB
PageTables:        49292 kB
NFS_Unstable:          0 kB
Bounce:                0 kB
WritebackTmp:          0 kB
CommitLimit:     7105828 kB
Committed_AS:   53479976 kB
VmallocTotal:   263061440 kB
VmallocUsed:       67088 kB
VmallocChunk:          0 kB
Percpu:             2336 kB
CmaTotal:         294912 kB
CmaFree:             136 kB
MemTotal:       12114512 kB
MemFree:         3160908 kB
MemAvailable:    8693652 kB
Buffers:            6612 kB
Cached:          4153372 kB
SwapCached:            0 kB
Active:          2028284 kB
Inactive:        3452480 kB
Active(anon):    1325192 kB
Inactive(anon):    14296 kB
Active(file):     703092 kB
Inactive(file):  3438184 kB
Unevictable:        4164 kB
Mlocked:            4164 kB
SwapTotal:       1048572 kB
SwapFree:        1048572 kB
Dirty:              4620 kB
Writeback:             0 kB
AnonPages:       1325024 kB
Mapped:           803984 kB
Shmem:             15408 kB
Slab:             198252 kB
SReclaimable:      56656 kB
SUnreclaim:       141596 kB
KernelStack:       42208 kB
PageTables:        49216 kB
NFS_Unstable:          0 kB
Bounce:                0 kB
WritebackTmp:          0 kB
CommitLimit:     7105828 kB
Committed_AS:   53475960 kB
VmallocTotal:   263061440 kB
VmallocUsed:       67056 kB
VmallocChunk:          0 kB
Percpu:             2336 kB
CmaTotal:         294912 kB
CmaFree:               0 kB
MemTotal:       12114512 kB
MemFree:         3159868 kB
MemAvailable:    8692620 kB
Buffers:            6612 kB
Cached:          4153392 kB
SwapCached:            0 kB
Active:          2028500 kB
Inactive:        3452500 kB
Active(anon):    1325408 kB
Inactive(anon):    14316 kB
Active(file):     703092 kB
Inactive(file):  3438184 kB
Unevictable:        4164 kB
Mlocked:            4164 kB
SwapTotal:       1048572 kB
SwapFree:        1048572 kB
Dirty:              4624 kB
Writeback:             0 kB
AnonPages:       1325028 kB
Mapped:           803776 kB
Shmem:             15428 kB
Slab:             198268 kB
SReclaimable:      56672 kB
SUnreclaim:       141596 kB
KernelStack:       42208 kB
PageTables:        49292 kB
NFS_Unstable:          0 kB
Bounce:                0 kB
WritebackTmp:          0 kB
CommitLimit:     7105828 kB
Committed_AS:   53480740 kB
VmallocTotal:   263061440 kB
VmallocUsed:       67056 kB
VmallocChunk:          0 kB
Percpu:             2336 kB
CmaTotal:         294912 kB
CmaFree:               0 kB
MemTotal:       12114512 kB
MemFree:         3159136 kB
MemAvailable:    8691888 kB
Buffers:            6612 kB
Cached:          4153416 kB
SwapCached:            0 kB
Active:          2028620 kB
Inactive:        3452524 kB
Active(anon):    1325528 kB
Inactive(anon):    14340 kB
Active(file):     703092 kB
Inactive(file):  3438184 kB
Unevictable:        4164 kB
Mlocked:            4164 kB
SwapTotal:       1048572 kB
SwapFree:        1048572 kB
Dirty:              4628 kB
Writeback:             0 kB
AnonPages:       1325416 kB
Mapped:           803800 kB
Shmem:             15452 kB
Slab:             198268 kB
SReclaimable:      56672 kB
SUnreclaim:       141596 kB
KernelStack:       42224 kB
PageTables:        49288 kB
NFS_Unstable:          0 kB
Bounce:                0 kB
WritebackTmp:          0 kB
CommitLimit:     7105828 kB
Committed_AS:   53480616 kB
VmallocTotal:   263061440 kB
VmallocUsed:       67024 kB
VmallocChunk:          0 kB
Percpu:             2336 kB
CmaTotal:         294912 kB
CmaFree:               0 kB
MemTotal:       12114512 kB
MemFree:         3159436 kB
MemAvailable:    8692180 kB
Buffers:            6612 kB
Cached:          4153436 kB
SwapCached:            0 kB
Active:          2028852 kB
Inactive:        3452544 kB
Active(anon):    1325760 kB
Inactive(anon):    14360 kB
Active(file):     703092 kB
Inactive(file):  3438184 kB
Unevictable:        4164 kB
Mlocked:            4164 kB
SwapTotal:       1048572 kB
SwapFree:        1048572 kB
Dirty:               200 kB
Writeback:          4420 kB
AnonPages:       1325528 kB
Mapped:           803820 kB
Shmem:             15472 kB
Slab:             198252 kB
SReclaimable:      56656 kB
SUnreclaim:       141596 kB
KernelStack:       42240 kB
PageTables:        49292 kB
NFS_Unstable:          0 kB
Bounce:                0 kB
WritebackTmp:          0 kB
CommitLimit:     7105828 kB
Committed_AS:   53477208 kB
VmallocTotal:   263061440 kB
VmallocUsed:       67056 kB
VmallocChunk:          0 kB
Percpu:             2336 kB
CmaTotal:         294912 kB
CmaFree:               0 kB
MemTotal:       12114512 kB
MemFree:         3158884 kB
MemAvailable:    8691644 kB
Buffers:            6612 kB
Cached:          4153468 kB
SwapCached:            0 kB
Active:          2029184 kB
Inactive:        3452576 kB
Active(anon):    1326092 kB
Inactive(anon):    14384 kB
Active(file):     703092 kB
Inactive(file):  3438192 kB
Unevictable:        4164 kB
Mlocked:            4164 kB
SwapTotal:       1048572 kB
SwapFree:        1048572 kB
Dirty:               116 kB
Writeback:             0 kB
AnonPages:       1325948 kB
Mapped:           804104 kB
Shmem:             15496 kB
Slab:             198268 kB
SReclaimable:      56672 kB
SUnreclaim:       141596 kB
KernelStack:       42224 kB
PageTables:        49292 kB
NFS_Unstable:          0 kB
Bounce:                0 kB
WritebackTmp:          0 kB
CommitLimit:     7105828 kB
Committed_AS:   53483548 kB
VmallocTotal:   263061440 kB
VmallocUsed:       67088 kB
VmallocChunk:          0 kB
Percpu:             2336 kB
CmaTotal:         294912 kB
CmaFree:               0 kB
MemTotal:       12114512 kB
MemFree:         3157756 kB
MemAvailable:    8690516 kB
Buffers:            6612 kB
Cached:          4153488 kB
SwapCached:            0 kB
Active:          2029924 kB
Inactive:        3452596 kB
Active(anon):    1326832 kB
Inactive(anon):    14404 kB
Active(file):     703092 kB
Inactive(file):  3438192 kB
Unevictable:        4164 kB
Mlocked:            4164 kB
SwapTotal:       1048572 kB
SwapFree:        1048572 kB
Dirty:               116 kB
Writeback:             0 kB
AnonPages:       1326616 kB
Mapped:           803864 kB
Shmem:             15516 kB
Slab:             198260 kB
SReclaimable:      56672 kB
SUnreclaim:       141588 kB
KernelStack:       42240 kB
PageTables:        49292 kB
NFS_Unstable:          0 kB
Bounce:                0 kB
WritebackTmp:          0 kB
CommitLimit:     7105828 kB
Committed_AS:   53480324 kB
VmallocTotal:   263061440 kB
VmallocUsed:       67104 kB
VmallocChunk:          0 kB
Percpu:             2336 kB
CmaTotal:         294912 kB
CmaFree:               0 kB
MemTotal:       12114512 kB
MemFree:         3158048 kB
MemAvailable:    8690792 kB
Buffers:            6612 kB
Cached:          4153512 kB
SwapCached:            0 kB
Active:          2030664 kB
Inactive:        3452620 kB
Active(anon):    1327572 kB
Inactive(anon):    14428 kB
Active(file):     703092 kB
Inactive(file):  3438192 kB
Unevictable:        4164 kB
Mlocked:            4164 kB
SwapTotal:       1048572 kB
SwapFree:        1048572 kB
Dirty:               140 kB
Writeback:             0 kB
AnonPages:       1327424 kB
Mapped:           804144 kB
Shmem:             15540 kB
Slab:             198260 kB
SReclaimable:      56672 kB
SUnreclaim:       141588 kB
KernelStack:       42240 kB
PageTables:        49292 kB
NFS_Unstable:          0 kB
Bounce:                0 kB
WritebackTmp:          0 kB
CommitLimit:     7105828 kB
Committed_AS:   53474764 kB
VmallocTotal:   263061440 kB
VmallocUsed:       67104 kB
VmallocChunk:          0 kB
Percpu:             2336 kB
CmaTotal:         294912 kB
CmaFree:               0 kB
MemTotal:       12114512 kB
MemFree:         3182812 kB
MemAvailable:    8715548 kB
Buffers:            6612 kB
Cached:          4153528 kB
SwapCached:            0 kB
Active:          2004972 kB
Inactive:        3452636 kB
Active(anon):    1301880 kB
Inactive(anon):    14444 kB
Active(file):     703092 kB
Inactive(file):  3438192 kB
Unevictable:        4164 kB
Mlocked:            4164 kB
SwapTotal:       1048572 kB
SwapFree:        1048572 kB
Dirty:               140 kB
Writeback:             0 kB
AnonPages:       1301672 kB
Mapped:           803912 kB
Shmem:             15556 kB
Slab:             198244 kB
SReclaimable:      56656 kB
SUnreclaim:       141588 kB
KernelStack:       42240 kB
PageTables:        49292 kB
NFS_Unstable:          0 kB
Bounce:                0 kB
WritebackTmp:          0 kB
CommitLimit:     7105828 kB
Committed_AS:   53474508 kB
VmallocTotal:   263061440 kB
VmallocUsed:       67120 kB
VmallocChunk:          0 kB
Percpu:             2336 kB
CmaTotal:         294912 kB
CmaFree:               0 kB
MemTotal:       12114512 kB
MemFree:         3182224 kB
MemAvailable:    8714960 kB
Buffers:            6612 kB
Cached:          4153556 kB
SwapCached:            0 kB
Active:          2005308 kB
Inactive:        3452664 kB
Active(anon):    1302216 kB
Inactive(anon):    14472 kB
Active(file):     703092 kB
Inactive(file):  3438192 kB
Unevictable:        4164 kB
Mlocked:            4164 kB
SwapTotal:       1048572 kB
SwapFree:        1048572 kB
Dirty:               140 kB
Writeback:             0 kB
AnonPages:       1302244 kB
Mapped:           803940 kB
Shmem:             15584 kB
Slab:             198244 kB
SReclaimable:      56656 kB
SUnreclaim:       141588 kB
KernelStack:       42240 kB
PageTables:        49292 kB
NFS_Unstable:          0 kB
Bounce:                0 kB
WritebackTmp:          0 kB
CommitLimit:     7105828 kB
Committed_AS:   53474152 kB
VmallocTotal:   263061440 kB
VmallocUsed:       67120 kB
VmallocChunk:          0 kB
Percpu:             2336 kB
CmaTotal:         294912 kB
CmaFree:               0 kB
MemTotal:       12114512 kB
MemFree:         3182096 kB
MemAvailable:    8714832 kB
Buffers:            6612 kB
Cached:          4153576 kB
SwapCached:            0 kB
Active:          2005496 kB
Inactive:        3452684 kB
Active(anon):    1302404 kB
Inactive(anon):    14492 kB
Active(file):     703092 kB
Inactive(file):  3438192 kB
Unevictable:        4164 kB
Mlocked:            4164 kB
SwapTotal:       1048572 kB
SwapFree:        1048572 kB
Dirty:               180 kB
Writeback:             0 kB
AnonPages:       1302160 kB
Mapped:           803960 kB
Shmem:             15604 kB
Slab:             198244 kB
SReclaimable:      56656 kB
SUnreclaim:       141588 kB
KernelStack:       42128 kB
PageTables:        49292 kB
NFS_Unstable:          0 kB
Bounce:                0 kB
WritebackTmp:          0 kB
CommitLimit:     7105828 kB
Committed_AS:   53475732 kB
VmallocTotal:   263061440 kB
VmallocUsed:       66992 kB
VmallocChunk:          0 kB
Percpu:             2336 kB
CmaTotal:         294912 kB
CmaFree:               0 kB
MemTotal:       12114512 kB
MemFree:         3182048 kB
MemAvailable:    8714792 kB
Buffers:            6612 kB
Cached:          4153596 kB
SwapCached:            0 kB
Active:          2005912 kB
Inactive:        3452704 kB
Active(anon):    1302820 kB
Inactive(anon):    14512 kB
Active(file):     703092 kB
Inactive(file):  3438192 kB
Unevictable:        4164 kB
Mlocked:            4164 kB
SwapTotal:       1048572 kB
SwapFree:        1048572 kB
Dirty:               192 kB
Writeback:             0 kB
AnonPages:       1302588 kB
Mapped:           804044 kB
Shmem:             15624 kB
Slab:             198260 kB
SReclaimable:      56672 kB
SUnreclaim:       141588 kB
KernelStack:       42032 kB
PageTables:        49292 kB
NFS_Unstable:          0 kB
Bounce:                0 kB
WritebackTmp:          0 kB
CommitLimit:     7105828 kB
Committed_AS:   53475372 kB
VmallocTotal:   263061440 kB
VmallocUsed:       66880 kB
VmallocChunk:          0 kB
Percpu:             2336 kB
CmaTotal:         294912 kB
CmaFree:               0 kB
MemTotal:       12114512 kB
MemFree:         3181564 kB
MemAvailable:    8714300 kB
Buffers:            6612 kB
Cached:          4153528 kB
SwapCached:            0 kB
Active:          2005728 kB
Inactive:        3452636 kB
Active(anon):    1302636 kB
Inactive(anon):    14444 kB
Active(file):     703092 kB
Inactive(file):  3438192 kB
Unevictable:        4164 kB
Mlocked:            4164 kB
SwapTotal:       1048572 kB
SwapFree:        1048572 kB
Dirty:               196 kB
Writeback:             0 kB
AnonPages:       1302288 kB
Mapped:           804236 kB
Shmem:             15556 kB
Slab:             198244 kB
SReclaimable:      56656 kB
SUnreclaim:       141588 kB
KernelStack:       41936 kB
PageTables:        49284 kB
NFS_Unstable:          0 kB
Bounce:                0 kB
WritebackTmp:          0 kB
CommitLimit:     7105828 kB
Committed_AS:   53474900 kB
VmallocTotal:   263061440 kB
VmallocUsed:       66816 kB
VmallocChunk:          0 kB
Percpu:             2336 kB
CmaTotal:         294912 kB
CmaFree:               0 kB
MemTotal:       12114512 kB
MemFree:         3178880 kB
MemAvailable:    8711616 kB
Buffers:            6612 kB
Cached:          4153544 kB
SwapCached:            0 kB
Active:          2012088 kB
Inactive:        3452652 kB
Active(anon):    1308996 kB
Inactive(anon):    14460 kB
Active(file):     703092 kB
Inactive(file):  3438192 kB
Unevictable:        4164 kB
Mlocked:            4164 kB
SwapTotal:       1048572 kB
SwapFree:        1048572 kB
Dirty:               212 kB
Writeback:             0 kB
AnonPages:       1308652 kB
Mapped:           803992 kB
Shmem:             15572 kB
Slab:             198244 kB
SReclaimable:      56656 kB
SUnreclaim:       141588 kB
KernelStack:       41920 kB
PageTables:        49276 kB
NFS_Unstable:          0 kB
Bounce:                0 kB
WritebackTmp:          0 kB
CommitLimit:     7105828 kB
Committed_AS:   53472144 kB
VmallocTotal:   263061440 kB
VmallocUsed:       66768 kB
VmallocChunk:          0 kB
Percpu:             2336 kB
CmaTotal:         294912 kB
CmaFree:               0 kB
MemTotal:       12114512 kB
MemFree:         3174508 kB
MemAvailable:    8707244 kB
Buffers:            6612 kB
Cached:          4153568 kB
SwapCached:            0 kB
Active:          2014404 kB
Inactive:        3452676 kB
Active(anon):    1311312 kB
Inactive(anon):    14484 kB
Active(file):     703092 kB
Inactive(file):  3438192 kB
Unevictable:        4164 kB
Mlocked:            4164 kB
SwapTotal:       1048572 kB
SwapFree:        1048572 kB
Dirty:               216 kB
Writeback:             0 kB
AnonPages:       1310948 kB
Mapped:           804016 kB
Shmem:             15596 kB
Slab:             198252 kB
SReclaimable:      56656 kB
SUnreclaim:       141596 kB
KernelStack:       41424 kB
PageTables:        49228 kB
NFS_Unstable:          0 kB
Bounce:                0 kB
WritebackTmp:          0 kB
CommitLimit:     7105828 kB
Committed_AS:   53475516 kB
VmallocTotal:   263061440 kB
VmallocUsed:       66192 kB
VmallocChunk:          0 kB
Percpu:             2336 kB
CmaTotal:         294912 kB
CmaFree:               0 kB
MemTotal:       12114512 kB
MemFree:         3176120 kB
MemAvailable:    8708856 kB
Buffers:            6612 kB
Cached:          4153592 kB
SwapCached:            0 kB
Active:          2015028 kB
Inactive:        3452700 kB
Active(anon):    1311936 kB
Inactive(anon):    14508 kB
Active(file):     703092 kB
Inactive(file):  3438192 kB
Unevictable:        4164 kB
Mlocked:            4164 kB
SwapTotal:       1048572 kB
SwapFree:        1048572 kB
Dirty:               156 kB
Writeback:             0 kB
AnonPages:       1311744 kB
Mapped:           804040 kB
Shmem:             15620 kB
Slab:             198252 kB
SReclaimable:      56656 kB
SUnreclaim:       141596 kB
KernelStack:       41216 kB
PageTables:        49204 kB
NFS_Unstable:          0 kB
Bounce:                0 kB
WritebackTmp:          0 kB
CommitLimit:     7105828 kB
Committed_AS:   53474228 kB
VmallocTotal:   263061440 kB
VmallocUsed:       66096 kB
VmallocChunk:          0 kB
Percpu:             2336 kB
CmaTotal:         294912 kB
CmaFree:               0 kB
MemTotal:       12114512 kB
MemFree:         3175836 kB
MemAvailable:    8708640 kB
Buffers:            6612 kB
Cached:          4153612 kB
SwapCached:            0 kB
Active:          2015360 kB
Inactive:        3452704 kB
Active(anon):    1312268 kB
Inactive(anon):    14512 kB
Active(file):     703092 kB
Inactive(file):  3438192 kB
Unevictable:        4164 kB
Mlocked:            4164 kB
SwapTotal:       1048572 kB
SwapFree:        1048572 kB
Dirty:               164 kB
Writeback:             0 kB
AnonPages:       1312028 kB
Mapped:           804128 kB
Shmem:             15640 kB
Slab:             198252 kB
SReclaimable:      56656 kB
SUnreclaim:       141596 kB
KernelStack:       41184 kB
PageTables:        49204 kB
NFS_Unstable:          0 kB
Bounce:                0 kB
WritebackTmp:          0 kB
CommitLimit:     7105828 kB
Committed_AS:   53473504 kB
VmallocTotal:   263061440 kB
VmallocUsed:       66048 kB
VmallocChunk:          0 kB
Percpu:             2336 kB
CmaTotal:         294912 kB
CmaFree:               0 kB
MemTotal:       12114512 kB
MemFree:         3175812 kB
MemAvailable:    8708616 kB
Buffers:            6612 kB
Cached:          4153640 kB
SwapCached:            0 kB
Active:          2015448 kB
Inactive:        3452732 kB
Active(anon):    1312356 kB
Inactive(anon):    14540 kB
Active(file):     703092 kB
Inactive(file):  3438192 kB
Unevictable:        4164 kB
Mlocked:            4164 kB
SwapTotal:       1048572 kB
SwapFree:        1048572 kB
Dirty:               164 kB
Writeback:             0 kB
AnonPages:       1312380 kB
Mapped:           804188 kB
Shmem:             15668 kB
Slab:             198252 kB
SReclaimable:      56656 kB
SUnreclaim:       141596 kB
KernelStack:       41184 kB
PageTables:        49204 kB
NFS_Unstable:          0 kB
Bounce:                0 kB
WritebackTmp:          0 kB
CommitLimit:     7105828 kB
Committed_AS:   53474512 kB
VmallocTotal:   263061440 kB
VmallocUsed:       66048 kB
VmallocChunk:          0 kB
Percpu:             2336 kB
CmaTotal:         294912 kB
CmaFree:               0 kB
MemTotal:       12114512 kB
MemFree:         3175832 kB
MemAvailable:    8708636 kB
Buffers:            6612 kB
Cached:          4153656 kB
SwapCached:            0 kB
Active:          2015348 kB
Inactive:        3452748 kB
Active(anon):    1312256 kB
Inactive(anon):    14556 kB
Active(file):     703092 kB
Inactive(file):  3438192 kB
Unevictable:        4164 kB
Mlocked:            4164 kB
SwapTotal:       1048572 kB
SwapFree:        1048572 kB
Dirty:               164 kB
Writeback:             0 kB
AnonPages:       1311996 kB
Mapped:           804204 kB
Shmem:             15684 kB
Slab:             198252 kB
SReclaimable:      56656 kB
SUnreclaim:       141596 kB
KernelStack:       41168 kB
PageTables:        49204 kB
NFS_Unstable:          0 kB
Bounce:                0 kB
WritebackTmp:          0 kB
CommitLimit:     7105828 kB
Committed_AS:   53474080 kB
VmallocTotal:   263061440 kB
VmallocUsed:       66016 kB
VmallocChunk:          0 kB
Percpu:             2336 kB
CmaTotal:         294912 kB
CmaFree:              48 kB
MemTotal:       12114512 kB
MemFree:         3175484 kB
MemAvailable:    8708288 kB
Buffers:            6612 kB
Cached:          4153672 kB
SwapCached:            0 kB
Active:          2014476 kB
Inactive:        3452764 kB
Active(anon):    1311384 kB
Inactive(anon):    14572 kB
Active(file):     703092 kB
Inactive(file):  3438192 kB
Unevictable:        4164 kB
Mlocked:            4164 kB
SwapTotal:       1048572 kB
SwapFree:        1048572 kB
Dirty:               164 kB
Writeback:             0 kB
AnonPages:       1310856 kB
Mapped:           804220 kB
Shmem:             15700 kB
Slab:             198260 kB
SReclaimable:      56656 kB
SUnreclaim:       141604 kB
KernelStack:       40656 kB
PageTables:        49140 kB
NFS_Unstable:          0 kB
Bounce:                0 kB
WritebackTmp:          0 kB
CommitLimit:     7105828 kB
Committed_AS:   53473772 kB
VmallocTotal:   263061440 kB
VmallocUsed:       65504 kB
VmallocChunk:          0 kB
Percpu:             2336 kB
CmaTotal:         294912 kB
CmaFree:              12 kB
MemTotal:       12114512 kB
MemFree:         3175532 kB
MemAvailable:    8708336 kB
Buffers:            6612 kB
Cached:          4153700 kB
SwapCached:            0 kB
Active:          2014424 kB
Inactive:        3452792 kB
Active(anon):    1311332 kB
Inactive(anon):    14600 kB
Active(file):     703092 kB
Inactive(file):  3438192 kB
Unevictable:        4164 kB
Mlocked:            4164 kB
SwapTotal:       1048572 kB
SwapFree:        1048572 kB
Dirty:               144 kB
Writeback:             0 kB
AnonPages:       1311100 kB
Mapped:           804248 kB
Shmem:             15728 kB
Slab:             198260 kB
SReclaimable:      56656 kB
SUnreclaim:       141604 kB
KernelStack:       40624 kB
PageTables:        49140 kB
NFS_Unstable:          0 kB
Bounce:                0 kB
WritebackTmp:          0 kB
CommitLimit:     7105828 kB
Committed_AS:   53468948 kB
VmallocTotal:   263061440 kB
VmallocUsed:       65488 kB
VmallocChunk:          0 kB
Percpu:             2336 kB
CmaTotal:         294912 kB
CmaFree:              20 kB
MemTotal:       12114512 kB
MemFree:         3178208 kB
MemAvailable:    8711012 kB
Buffers:            6612 kB
Cached:          4153720 kB
SwapCached:            0 kB
Active:          2012780 kB
Inactive:        3452812 kB
Active(anon):    1309688 kB
Inactive(anon):    14620 kB
Active(file):     703092 kB
Inactive(file):  3438192 kB
Unevictable:        4164 kB
Mlocked:            4164 kB
SwapTotal:       1048572 kB
SwapFree:        1048572 kB
Dirty:               148 kB
Writeback:             0 kB
AnonPages:       1309448 kB
Mapped:           804256 kB
Shmem:             15748 kB
Slab:             198260 kB
SReclaimable:      56656 kB
SUnreclaim:       141604 kB
KernelStack:       40624 kB
PageTables:        49136 kB
NFS_Unstable:          0 kB
Bounce:                0 kB
WritebackTmp:          0 kB
CommitLimit:     7105828 kB
Committed_AS:   53468644 kB
VmallocTotal:   263061440 kB
VmallocUsed:       65488 kB
VmallocChunk:          0 kB
Percpu:             2336 kB
CmaTotal:         294912 kB
CmaFree:               0 kB
MemTotal:       12114512 kB
MemFree:         3178388 kB
MemAvailable:    8711208 kB
Buffers:            6612 kB
Cached:          4153740 kB
SwapCached:            0 kB
Active:          2013324 kB
Inactive:        3452832 kB
Active(anon):    1310232 kB
Inactive(anon):    14640 kB
Active(file):     703092 kB
Inactive(file):  3438192 kB
Unevictable:        4164 kB
Mlocked:            4164 kB
SwapTotal:       1048572 kB
SwapFree:        1048572 kB
Dirty:               156 kB
Writeback:             0 kB
AnonPages:       1310012 kB
Mapped:           804440 kB
Shmem:             15768 kB
Slab:             198260 kB
SReclaimable:      56656 kB
SUnreclaim:       141604 kB
KernelStack:       40624 kB
PageTables:        49136 kB
NFS_Unstable:          0 kB
Bounce:                0 kB
WritebackTmp:          0 kB
CommitLimit:     7105828 kB
Committed_AS:   53468820 kB
VmallocTotal:   263061440 kB
VmallocUsed:       65472 kB
VmallocChunk:          0 kB
Percpu:             2336 kB
CmaTotal:         294912 kB
CmaFree:               0 kB
MemTotal:       12114512 kB
MemFree:         3165424 kB
MemAvailable:    8697136 kB
Buffers:            6612 kB
Cached:          4153924 kB
SwapCached:            0 kB
Active:          2027920 kB
Inactive:        3452992 kB
Active(anon):    1324824 kB
Inactive(anon):    14792 kB
Active(file):     703096 kB
Inactive(file):  3438200 kB
Unevictable:        4164 kB
Mlocked:            4164 kB
SwapTotal:       1048572 kB
SwapFree:        1048572 kB
Dirty:               112 kB
Writeback:             0 kB
AnonPages:       1324712 kB
Mapped:           815092 kB
Shmem:             15940 kB
Slab:             198276 kB
SReclaimable:      56664 kB
SUnreclaim:       141612 kB
KernelStack:       41072 kB
PageTables:        49920 kB
NFS_Unstable:          0 kB
Bounce:                0 kB
WritebackTmp:          0 kB
CommitLimit:     7105828 kB
Committed_AS:   54870332 kB
VmallocTotal:   263061440 kB
VmallocUsed:       65796 kB
VmallocChunk:          0 kB
Percpu:             2336 kB
CmaTotal:         294912 kB
CmaFree:               0 kB
MemTotal:       12114512 kB
MemFree:         3123364 kB
MemAvailable:    8646304 kB
Buffers:            6612 kB
Cached:          4151556 kB
SwapCached:            0 kB
Active:          2069348 kB
Inactive:        3452244 kB
Active(anon):    1367836 kB
Inactive(anon):    14028 kB
Active(file):     701512 kB
Inactive(file):  3438216 kB
Unevictable:        4164 kB
Mlocked:            4164 kB
SwapTotal:       1048572 kB
SwapFree:        1048572 kB
Dirty:               164 kB
Writeback:            16 kB
AnonPages:       1367376 kB
Mapped:           851448 kB
Shmem:             15140 kB
Slab:             198276 kB
SReclaimable:      56664 kB
SUnreclaim:       141612 kB
KernelStack:       41520 kB
PageTables:        50360 kB
NFS_Unstable:          0 kB
Bounce:                0 kB
WritebackTmp:          0 kB
CommitLimit:     7105828 kB
Committed_AS:   54973884 kB
VmallocTotal:   263061440 kB
VmallocUsed:       66260 kB
VmallocChunk:          0 kB
Percpu:             2336 kB
CmaTotal:         294912 kB
CmaFree:             500 kB
MemTotal:       12114512 kB
MemFree:         3120424 kB
MemAvailable:    8643336 kB
Buffers:            6612 kB
Cached:          4151976 kB
SwapCached:            0 kB
Active:          2071496 kB
Inactive:        3452668 kB
Active(anon):    1369988 kB
Inactive(anon):    14476 kB
Active(file):     701508 kB
Inactive(file):  3438192 kB
Unevictable:        4164 kB
Mlocked:            4164 kB
SwapTotal:       1048572 kB
SwapFree:        1048572 kB
Dirty:                84 kB
Writeback:             0 kB
AnonPages:       1369392 kB
Mapped:           852192 kB
Shmem:             15588 kB
Slab:             198268 kB
SReclaimable:      56664 kB
SUnreclaim:       141604 kB
KernelStack:       41456 kB
PageTables:        50372 kB
NFS_Unstable:          0 kB
Bounce:                0 kB
WritebackTmp:          0 kB
CommitLimit:     7105828 kB
Committed_AS:   54964312 kB
VmallocTotal:   263061440 kB
VmallocUsed:       66308 kB
VmallocChunk:          0 kB
Percpu:             2336 kB
CmaTotal:         294912 kB
CmaFree:              56 kB
MemTotal:       12114512 kB
MemFree:         3064932 kB
MemAvailable:    8478908 kB
Buffers:            6612 kB
Cached:          4152300 kB
SwapCached:            0 kB
Active:          2127912 kB
Inactive:        3452988 kB
Active(anon):    1426404 kB
Inactive(anon):    14788 kB
Active(file):     701508 kB
Inactive(file):  3438200 kB
Unevictable:        4164 kB
Mlocked:            4164 kB
SwapTotal:       1048572 kB
SwapFree:        1048572 kB
Dirty:               100 kB
Writeback:             0 kB
AnonPages:       1426224 kB
Mapped:           857336 kB
Shmem:             15904 kB
Slab:             198260 kB
SReclaimable:      56664 kB
SUnreclaim:       141596 kB
KernelStack:       41776 kB
PageTables:        50832 kB
NFS_Unstable:          0 kB
Bounce:                0 kB
WritebackTmp:          0 kB
CommitLimit:     7105828 kB
Committed_AS:   55045940 kB
VmallocTotal:   263061440 kB
VmallocUsed:       66548 kB
VmallocChunk:          0 kB
Percpu:             2336 kB
CmaTotal:         294912 kB
CmaFree:               0 kB
MemTotal:       12114512 kB
MemFree:         2909816 kB
MemAvailable:    8304304 kB
Buffers:            6612 kB
Cached:          4152244 kB
SwapCached:            0 kB
Active:          2280912 kB
Inactive:        3452864 kB
Active(anon):    1579396 kB
Inactive(anon):    14668 kB
Active(file):     701516 kB
Inactive(file):  3438196 kB
Unevictable:        4164 kB
Mlocked:            4164 kB
SwapTotal:       1048572 kB
SwapFree:        1048572 kB
Dirty:               164 kB
Writeback:             0 kB
AnonPages:       1578912 kB
Mapped:           872572 kB
Shmem:             15844 kB
Slab:             198260 kB
SReclaimable:      56664 kB
SUnreclaim:       141596 kB
KernelStack:       41904 kB
PageTables:        51308 kB
NFS_Unstable:          0 kB
Bounce:                0 kB
WritebackTmp:          0 kB
CommitLimit:     7105828 kB
Committed_AS:   55212628 kB
VmallocTotal:   263061440 kB
VmallocUsed:       66660 kB
VmallocChunk:          0 kB
Percpu:             2336 kB
CmaTotal:         294912 kB
CmaFree:               0 kB
MemTotal:       12114512 kB
MemFree:         2367104 kB
MemAvailable:    7582508 kB
Buffers:            6612 kB
Cached:          4152260 kB
SwapCached:            0 kB
Active:          2821908 kB
Inactive:        3452884 kB
Active(anon):    2120396 kB
Inactive(anon):    14672 kB
Active(file):     701512 kB
Inactive(file):  3438212 kB
Unevictable:        4164 kB
Mlocked:            4164 kB
SwapTotal:       1048572 kB
SwapFree:        1048572 kB
Dirty:               736 kB
Writeback:             0 kB
AnonPages:       2120132 kB
Mapped:           877888 kB
Shmem:             15848 kB
Slab:             198284 kB
SReclaimable:      56664 kB
SUnreclaim:       141620 kB
KernelStack:       42384 kB
PageTables:        52804 kB
NFS_Unstable:          0 kB
Bounce:                0 kB
WritebackTmp:          0 kB
CommitLimit:     7105828 kB
Committed_AS:   55739696 kB
VmallocTotal:   263061440 kB
VmallocUsed:       67108 kB
VmallocChunk:          0 kB
Percpu:             2336 kB
CmaTotal:         294912 kB
CmaFree:               0 kB
MemTotal:       12114512 kB
MemFree:         2532760 kB
MemAvailable:    7774236 kB
Buffers:            6612 kB
Cached:          4152140 kB
SwapCached:            0 kB
Active:          2638516 kB
Inactive:        3452868 kB
Active(anon):    1937004 kB
Inactive(anon):    14656 kB
Active(file):     701512 kB
Inactive(file):  3438212 kB
Unevictable:        4164 kB
Mlocked:            4164 kB
SwapTotal:       1048572 kB
SwapFree:        1048572 kB
Dirty:               756 kB
Writeback:             0 kB
AnonPages:       1936900 kB
Mapped:           883380 kB
Shmem:             15728 kB
Slab:             198284 kB
SReclaimable:      56664 kB
SUnreclaim:       141620 kB
KernelStack:       42384 kB
PageTables:        52880 kB
NFS_Unstable:          0 kB
Bounce:                0 kB
WritebackTmp:          0 kB
CommitLimit:     7105828 kB
Committed_AS:   55844740 kB
VmallocTotal:   263061440 kB
VmallocUsed:       67172 kB
VmallocChunk:          0 kB
Percpu:             2336 kB
CmaTotal:         294912 kB
CmaFree:               0 kB
MemTotal:       12114512 kB
MemFree:         2532412 kB
MemAvailable:    7773632 kB
Buffers:            6612 kB
Cached:          4152140 kB
SwapCached:            0 kB
Active:          2638516 kB
Inactive:        3452868 kB
Active(anon):    1937004 kB
Inactive(anon):    14656 kB
Active(file):     701512 kB
Inactive(file):  3438212 kB
Unevictable:        4164 kB
Mlocked:            4164 kB
SwapTotal:       1048572 kB
SwapFree:        1048572 kB
Dirty:               120 kB
Writeback:             0 kB
AnonPages:       1936928 kB
Mapped:           883684 kB
Shmem:             15728 kB
Slab:             198284 kB
SReclaimable:      56664 kB
SUnreclaim:       141620 kB
KernelStack:       42384 kB
PageTables:        52980 kB
NFS_Unstable:          0 kB
Bounce:                0 kB
WritebackTmp:          0 kB
CommitLimit:     7105828 kB
Committed_AS:   55854572 kB
VmallocTotal:   263061440 kB
VmallocUsed:       67188 kB
VmallocChunk:          0 kB
Percpu:             2336 kB
CmaTotal:         294912 kB
CmaFree:               0 kB
MemTotal:       12114512 kB
MemFree:         2531248 kB
MemAvailable:    7772452 kB
Buffers:            6612 kB
Cached:          4152140 kB
SwapCached:            0 kB
Active:          2639220 kB
Inactive:        3452868 kB
Active(anon):    1937708 kB
Inactive(anon):    14656 kB
Active(file):     701512 kB
Inactive(file):  3438212 kB
Unevictable:        4164 kB
Mlocked:            4164 kB
SwapTotal:       1048572 kB
SwapFree:        1048572 kB
Dirty:               120 kB
Writeback:             0 kB
AnonPages:       1937592 kB
Mapped:           883892 kB
Shmem:             15728 kB
Slab:             198284 kB
SReclaimable:      56664 kB
SUnreclaim:       141620 kB
KernelStack:       42400 kB
PageTables:        52992 kB
NFS_Unstable:          0 kB
Bounce:                0 kB
WritebackTmp:          0 kB
CommitLimit:     7105828 kB
Committed_AS:   55852368 kB
VmallocTotal:   263061440 kB
VmallocUsed:       67204 kB
VmallocChunk:          0 kB
Percpu:             2336 kB
CmaTotal:         294912 kB
CmaFree:               0 kB
MemTotal:       12114512 kB
MemFree:         2530092 kB
MemAvailable:    7771296 kB
Buffers:            6612 kB
Cached:          4152140 kB
SwapCached:            0 kB
Active:          2638952 kB
Inactive:        3452868 kB
Active(anon):    1937440 kB
Inactive(anon):    14656 kB
Active(file):     701512 kB
Inactive(file):  3438212 kB
Unevictable:        4164 kB
Mlocked:            4164 kB
SwapTotal:       1048572 kB
SwapFree:        1048572 kB
Dirty:               120 kB
Writeback:             0 kB
AnonPages:       1937264 kB
Mapped:           883808 kB
Shmem:             15728 kB
Slab:             198284 kB
SReclaimable:      56664 kB
SUnreclaim:       141620 kB
KernelStack:       42384 kB
PageTables:        52968 kB
NFS_Unstable:          0 kB
Bounce:                0 kB
WritebackTmp:          0 kB
CommitLimit:     7105828 kB
Committed_AS:   55847948 kB
VmallocTotal:   263061440 kB
VmallocUsed:       67236 kB
VmallocChunk:          0 kB
Percpu:             2336 kB
CmaTotal:         294912 kB
CmaFree:               0 kB
MemTotal:       12114512 kB
MemFree:         2478788 kB
MemAvailable:    7782816 kB
Buffers:            6612 kB
Cached:          4152140 kB
SwapCached:            0 kB
Active:          2691764 kB
Inactive:        3452868 kB
Active(anon):    1990252 kB
Inactive(anon):    14656 kB
Active(file):     701512 kB
Inactive(file):  3438212 kB
Unevictable:        4164 kB
Mlocked:            4164 kB
SwapTotal:       1048572 kB
SwapFree:        1048572 kB
Dirty:                60 kB
Writeback:             0 kB
AnonPages:       1990116 kB
Mapped:           887480 kB
Shmem:             15728 kB
Slab:             198328 kB
SReclaimable:      56664 kB
SUnreclaim:       141664 kB
KernelStack:       42444 kB
PageTables:        52868 kB
NFS_Unstable:          0 kB
Bounce:                0 kB
WritebackTmp:          0 kB
CommitLimit:     7105828 kB
Committed_AS:   55898948 kB
VmallocTotal:   263061440 kB
VmallocUsed:       67252 kB
VmallocChunk:          0 kB
Percpu:             2336 kB
CmaTotal:         294912 kB
CmaFree:               0 kB
MemTotal:       12114512 kB
MemFree:         2426696 kB
MemAvailable:    7628460 kB
Buffers:            6612 kB
Cached:          4152140 kB
SwapCached:            0 kB
Active:          2745140 kB
Inactive:        3452868 kB
Active(anon):    2043628 kB
Inactive(anon):    14656 kB
Active(file):     701512 kB
Inactive(file):  3438212 kB
Unevictable:        4164 kB
Mlocked:            4164 kB
SwapTotal:       1048572 kB
SwapFree:        1048572 kB
Dirty:               172 kB
Writeback:             0 kB
AnonPages:       2043068 kB
Mapped:           889048 kB
Shmem:             15728 kB
Slab:             198340 kB
SReclaimable:      56664 kB
SUnreclaim:       141676 kB
KernelStack:       42368 kB
PageTables:        53472 kB
NFS_Unstable:          0 kB
Bounce:                0 kB
WritebackTmp:          0 kB
CommitLimit:     7105828 kB
Committed_AS:   55941092 kB
VmallocTotal:   263061440 kB
VmallocUsed:       67204 kB
VmallocChunk:          0 kB
Percpu:             2336 kB
CmaTotal:         294912 kB
CmaFree:               0 kB
MemTotal:       12114512 kB
MemFree:         2422340 kB
MemAvailable:    7643792 kB
Buffers:            6612 kB
Cached:          4152140 kB
SwapCached:            0 kB
Active:          2749480 kB
Inactive:        3452868 kB
Active(anon):    2047968 kB
Inactive(anon):    14656 kB
Active(file):     701512 kB
Inactive(file):  3438212 kB
Unevictable:        4164 kB
Mlocked:            4164 kB
SwapTotal:       1048572 kB
SwapFree:        1048572 kB
Dirty:               360 kB
Writeback:             0 kB
AnonPages:       2047828 kB
Mapped:           890380 kB
Shmem:             15728 kB
Slab:             198348 kB
SReclaimable:      56664 kB
SUnreclaim:       141684 kB
KernelStack:       42416 kB
PageTables:        53184 kB
NFS_Unstable:          0 kB
Bounce:                0 kB
WritebackTmp:          0 kB
CommitLimit:     7105828 kB
Committed_AS:   55945308 kB
VmallocTotal:   263061440 kB
VmallocUsed:       67220 kB
VmallocChunk:          0 kB
Percpu:             2336 kB
CmaTotal:         294912 kB
CmaFree:               0 kB
MemTotal:       12114512 kB
MemFree:         2420288 kB
MemAvailable:    7640180 kB
Buffers:            6612 kB
Cached:          4152144 kB
SwapCached:            0 kB
Active:          2751988 kB
Inactive:        3452872 kB
Active(anon):    2050476 kB
Inactive(anon):    14656 kB
Active(file):     701512 kB
Inactive(file):  3438216 kB
Unevictable:        4164 kB
Mlocked:            4164 kB
SwapTotal:       1048572 kB
SwapFree:        1048572 kB
Dirty:               424 kB
Writeback:             0 kB
AnonPages:       2050032 kB
Mapped:           891788 kB
Shmem:             15728 kB
Slab:             198340 kB
SReclaimable:      56664 kB
SUnreclaim:       141676 kB
KernelStack:       42528 kB
PageTables:        53212 kB
NFS_Unstable:          0 kB
Bounce:                0 kB
WritebackTmp:          0 kB
CommitLimit:     7105828 kB
Committed_AS:   55975448 kB
VmallocTotal:   263061440 kB
VmallocUsed:       67268 kB
VmallocChunk:          0 kB
Percpu:             2336 kB
CmaTotal:         294912 kB
CmaFree:               0 kB
MemTotal:       12114512 kB
MemFree:         2418132 kB
MemAvailable:    7637280 kB
Buffers:            6612 kB
Cached:          4152144 kB
SwapCached:            0 kB
Active:          2754884 kB
Inactive:        3452872 kB
Active(anon):    2053372 kB
Inactive(anon):    14656 kB
Active(file):     701512 kB
Inactive(file):  3438216 kB
Unevictable:        4164 kB
Mlocked:            4164 kB
SwapTotal:       1048572 kB
SwapFree:        1048572 kB
Dirty:               424 kB
Writeback:             0 kB
AnonPages:       2053460 kB
Mapped:           892240 kB
Shmem:             15728 kB
Slab:             198340 kB
SReclaimable:      56664 kB
SUnreclaim:       141676 kB
KernelStack:       42432 kB
PageTables:        53192 kB
NFS_Unstable:          0 kB
Bounce:                0 kB
WritebackTmp:          0 kB
CommitLimit:     7105828 kB
Committed_AS:   55974332 kB
VmallocTotal:   263061440 kB
VmallocUsed:       67252 kB
VmallocChunk:          0 kB
Percpu:             2336 kB
CmaTotal:         294912 kB
CmaFree:               0 kB
MemTotal:       12114512 kB
MemFree:         2408344 kB
MemAvailable:    7627364 kB
Buffers:            6612 kB
Cached:          4152144 kB
SwapCached:            0 kB
Active:          2763596 kB
Inactive:        3452872 kB
Active(anon):    2062084 kB
Inactive(anon):    14656 kB
Active(file):     701512 kB
Inactive(file):  3438216 kB
Unevictable:        4164 kB
Mlocked:            4164 kB
SwapTotal:       1048572 kB
SwapFree:        1048572 kB
Dirty:               424 kB
Writeback:             0 kB
AnonPages:       2061928 kB
Mapped:           892456 kB
Shmem:             15728 kB
Slab:             198352 kB
SReclaimable:      56664 kB
SUnreclaim:       141688 kB
KernelStack:       42416 kB
PageTables:        53216 kB
NFS_Unstable:          0 kB
Bounce:                0 kB
WritebackTmp:          0 kB
CommitLimit:     7105828 kB
Committed_AS:   55978400 kB
VmallocTotal:   263061440 kB
VmallocUsed:       67284 kB
VmallocChunk:          0 kB
Percpu:             2336 kB
CmaTotal:         294912 kB
CmaFree:               0 kB
MemTotal:       12114512 kB
MemFree:         2408084 kB
MemAvailable:    7627040 kB
Buffers:            6612 kB
Cached:          4152144 kB
SwapCached:            0 kB
Active:          2764068 kB
Inactive:        3452872 kB
Active(anon):    2062556 kB
Inactive(anon):    14656 kB
Active(file):     701512 kB
Inactive(file):  3438216 kB
Unevictable:        4164 kB
Mlocked:            4164 kB
SwapTotal:       1048572 kB
SwapFree:        1048572 kB
Dirty:               424 kB
Writeback:             0 kB
AnonPages:       2062256 kB
Mapped:           892520 kB
Shmem:             15728 kB
Slab:             198352 kB
SReclaimable:      56664 kB
SUnreclaim:       141688 kB
KernelStack:       42420 kB
PageTables:        53220 kB
NFS_Unstable:          0 kB
Bounce:                0 kB
WritebackTmp:          0 kB
CommitLimit:     7105828 kB
Committed_AS:   55976312 kB
VmallocTotal:   263061440 kB
VmallocUsed:       67300 kB
VmallocChunk:          0 kB
Percpu:             2336 kB
CmaTotal:         294912 kB
CmaFree:               0 kB
MemTotal:       12114512 kB
MemFree:         2394740 kB
MemAvailable:    7585696 kB
Buffers:            6612 kB
Cached:          4147116 kB
SwapCached:            0 kB
Active:          2780080 kB
Inactive:        3447844 kB
Active(anon):    2078568 kB
Inactive(anon):    14656 kB
Active(file):     701512 kB
Inactive(file):  3433188 kB
Unevictable:        4164 kB
Mlocked:            4164 kB
SwapTotal:       1048572 kB
SwapFree:        1048572 kB
Dirty:                92 kB
Writeback:             0 kB
AnonPages:       2078404 kB
Mapped:           892544 kB
Shmem:             15728 kB
Slab:             198392 kB
SReclaimable:      56660 kB
SUnreclaim:       141732 kB
KernelStack:       42432 kB
PageTables:        53268 kB
NFS_Unstable:          0 kB
Bounce:                0 kB
WritebackTmp:          0 kB
CommitLimit:     7105828 kB
Committed_AS:   55996944 kB
VmallocTotal:   263061440 kB
VmallocUsed:       67268 kB
VmallocChunk:          0 kB
Percpu:             2336 kB
CmaTotal:         294912 kB
CmaFree:               0 kB
MemTotal:       12114512 kB
MemFree:         2360916 kB
MemAvailable:    7608880 kB
Buffers:            6612 kB
Cached:          4152200 kB
SwapCached:            0 kB
Active:          2808196 kB
Inactive:        3452928 kB
Active(anon):    2106684 kB
Inactive(anon):    14648 kB
Active(file):     701512 kB
Inactive(file):  3438280 kB
Unevictable:        4164 kB
Mlocked:            4164 kB
SwapTotal:       1048572 kB
SwapFree:        1048572 kB
Dirty:              5212 kB
Writeback:             0 kB
AnonPages:       2106640 kB
Mapped:           892928 kB
Shmem:             15720 kB
Slab:             198424 kB
SReclaimable:      56668 kB
SUnreclaim:       141756 kB
KernelStack:       42432 kB
PageTables:        53204 kB
NFS_Unstable:          0 kB
Bounce:                0 kB
WritebackTmp:          0 kB
CommitLimit:     7105828 kB
Committed_AS:   56012052 kB
VmallocTotal:   263061440 kB
VmallocUsed:       67252 kB
VmallocChunk:          0 kB
Percpu:             2336 kB
CmaTotal:         294912 kB
CmaFree:               0 kB
MemTotal:       12114512 kB
MemFree:         2360992 kB
MemAvailable:    7608940 kB
Buffers:            6612 kB
Cached:          4152208 kB
SwapCached:            0 kB
Active:          2808148 kB
Inactive:        3452936 kB
Active(anon):    2106636 kB
Inactive(anon):    14656 kB
Active(file):     701512 kB
Inactive(file):  3438280 kB
Unevictable:        4164 kB
Mlocked:            4164 kB
SwapTotal:       1048572 kB
SwapFree:        1048572 kB
Dirty:              5216 kB
Writeback:             0 kB
AnonPages:       2106524 kB
Mapped:           893228 kB
Shmem:             15728 kB
Slab:             198424 kB
SReclaimable:      56668 kB
SUnreclaim:       141756 kB
KernelStack:       42416 kB
PageTables:        53204 kB
NFS_Unstable:          0 kB
Bounce:                0 kB
WritebackTmp:          0 kB
CommitLimit:     7105828 kB
Committed_AS:   56012148 kB
VmallocTotal:   263061440 kB
VmallocUsed:       67268 kB
VmallocChunk:          0 kB
Percpu:             2336 kB
CmaTotal:         294912 kB
CmaFree:               0 kB
MemTotal:       12114512 kB
MemFree:         2360504 kB
MemAvailable:    7608452 kB
Buffers:            6612 kB
Cached:          4152208 kB
SwapCached:            0 kB
Active:          2808348 kB
Inactive:        3452936 kB
Active(anon):    2106836 kB
Inactive(anon):    14656 kB
Active(file):     701512 kB
Inactive(file):  3438280 kB
Unevictable:        4164 kB
Mlocked:            4164 kB
SwapTotal:       1048572 kB
SwapFree:        1048572 kB
Dirty:              5216 kB
Writeback:             0 kB
AnonPages:       2106740 kB
Mapped:           893420 kB
Shmem:             15728 kB
Slab:             198424 kB
SReclaimable:      56668 kB
SUnreclaim:       141756 kB
KernelStack:       42496 kB
PageTables:        53216 kB
NFS_Unstable:          0 kB
Bounce:                0 kB
WritebackTmp:          0 kB
CommitLimit:     7105828 kB
Committed_AS:   56010068 kB
VmallocTotal:   263061440 kB
VmallocUsed:       67348 kB
VmallocChunk:          0 kB
Percpu:             2336 kB
CmaTotal:         294912 kB
CmaFree:               0 kB
MemTotal:       12114512 kB
MemFree:         2360784 kB
MemAvailable:    7608420 kB
Buffers:            6612 kB
Cached:          4152208 kB
SwapCached:            0 kB
Active:          2808560 kB
Inactive:        3452936 kB
Active(anon):    2107048 kB
Inactive(anon):    14656 kB
Active(file):     701512 kB
Inactive(file):  3438280 kB
Unevictable:        4164 kB
Mlocked:            4164 kB
SwapTotal:       1048572 kB
SwapFree:        1048572 kB
Dirty:              5220 kB
Writeback:             0 kB
AnonPages:       2107032 kB
Mapped:           893912 kB
Shmem:             15728 kB
Slab:             198424 kB
SReclaimable:      56668 kB
SUnreclaim:       141756 kB
KernelStack:       42496 kB
PageTables:        53216 kB
NFS_Unstable:          0 kB
Bounce:                0 kB
WritebackTmp:          0 kB
CommitLimit:     7105828 kB
Committed_AS:   56010192 kB
VmallocTotal:   263061440 kB
VmallocUsed:       67348 kB
VmallocChunk:          0 kB
Percpu:             2336 kB
CmaTotal:         294912 kB
CmaFree:               0 kB
MemTotal:       12114512 kB
MemFree:         2359468 kB
MemAvailable:    7607104 kB
Buffers:            6620 kB
Cached:          4152200 kB
SwapCached:            0 kB
Active:          2808896 kB
Inactive:        3452936 kB
Active(anon):    2107384 kB
Inactive(anon):    14656 kB
Active(file):     701512 kB
Inactive(file):  3438280 kB
Unevictable:        4164 kB
Mlocked:            4164 kB
SwapTotal:       1048572 kB
SwapFree:        1048572 kB
Dirty:               220 kB
Writeback:          2860 kB
AnonPages:       2107076 kB
Mapped:           893928 kB
Shmem:             15728 kB
Slab:             198384 kB
SReclaimable:      56668 kB
SUnreclaim:       141716 kB
KernelStack:       42496 kB
PageTables:        53216 kB
NFS_Unstable:          0 kB
Bounce:                0 kB
WritebackTmp:          0 kB
CommitLimit:     7105828 kB
Committed_AS:   56012008 kB
VmallocTotal:   263061440 kB
VmallocUsed:       67300 kB
VmallocChunk:          0 kB
Percpu:             2336 kB
CmaTotal:         294912 kB
CmaFree:               0 kB
MemTotal:       12114512 kB
MemFree:         2359232 kB
MemAvailable:    7606884 kB
Buffers:            6620 kB
Cached:          4152216 kB
SwapCached:            0 kB
Active:          2809068 kB
Inactive:        3452944 kB
Active(anon):    2107548 kB
Inactive(anon):    14656 kB
Active(file):     701520 kB
Inactive(file):  3438288 kB
Unevictable:        4164 kB
Mlocked:            4164 kB
SwapTotal:       1048572 kB
SwapFree:        1048572 kB
Dirty:               164 kB
Writeback:             0 kB
AnonPages:       2107368 kB
Mapped:           893932 kB
Shmem:             15728 kB
Slab:             198388 kB
SReclaimable:      56672 kB
SUnreclaim:       141716 kB
KernelStack:       42528 kB
PageTables:        53220 kB
NFS_Unstable:          0 kB
Bounce:                0 kB
WritebackTmp:          0 kB
CommitLimit:     7105828 kB
Committed_AS:   56011964 kB
VmallocTotal:   263061440 kB
VmallocUsed:       67380 kB
VmallocChunk:          0 kB
Percpu:             2336 kB
CmaTotal:         294912 kB
CmaFree:               0 kB
MemTotal:       12114512 kB
MemFree:         2359476 kB
MemAvailable:    7607128 kB
Buffers:            6620 kB
Cached:          4152216 kB
SwapCached:            0 kB
Active:          2808992 kB
Inactive:        3452944 kB
Active(anon):    2107472 kB
Inactive(anon):    14656 kB
Active(file):     701520 kB
Inactive(file):  3438288 kB
Unevictable:        4164 kB
Mlocked:            4164 kB
SwapTotal:       1048572 kB
SwapFree:        1048572 kB
Dirty:               164 kB
Writeback:             0 kB
AnonPages:       2107336 kB
Mapped:           893936 kB
Shmem:             15728 kB
Slab:             198388 kB
SReclaimable:      56672 kB
SUnreclaim:       141716 kB
KernelStack:       42528 kB
PageTables:        53220 kB
NFS_Unstable:          0 kB
Bounce:                0 kB
WritebackTmp:          0 kB
CommitLimit:     7105828 kB
Committed_AS:   56011584 kB
VmallocTotal:   263061440 kB
VmallocUsed:       67380 kB
VmallocChunk:          0 kB
Percpu:             2336 kB
CmaTotal:         294912 kB
CmaFree:               0 kB
MemTotal:       12114512 kB
MemFree:         2362404 kB
MemAvailable:    7610056 kB
Buffers:            6620 kB
Cached:          4152216 kB
SwapCached:            0 kB
Active:          2805864 kB
Inactive:        3452944 kB
Active(anon):    2104344 kB
Inactive(anon):    14656 kB
Active(file):     701520 kB
Inactive(file):  3438288 kB
Unevictable:        4164 kB
Mlocked:            4164 kB
SwapTotal:       1048572 kB
SwapFree:        1048572 kB
Dirty:               164 kB
Writeback:             0 kB
AnonPages:       2104160 kB
Mapped:           893944 kB
Shmem:             15728 kB
Slab:             198388 kB
SReclaimable:      56672 kB
SUnreclaim:       141716 kB
KernelStack:       42528 kB
PageTables:        53212 kB
NFS_Unstable:          0 kB
Bounce:                0 kB
WritebackTmp:          0 kB
CommitLimit:     7105828 kB
Committed_AS:   56011320 kB
VmallocTotal:   263061440 kB
VmallocUsed:       67412 kB
VmallocChunk:          0 kB
Percpu:             2336 kB
CmaTotal:         294912 kB
CmaFree:             108 kB
MemTotal:       12114512 kB
MemFree:         2361700 kB
MemAvailable:    7609352 kB
Buffers:            6620 kB
Cached:          4152216 kB
SwapCached:            0 kB
Active:          2805780 kB
Inactive:        3452944 kB
Active(anon):    2104260 kB
Inactive(anon):    14656 kB
Active(file):     701520 kB
Inactive(file):  3438288 kB
Unevictable:        4164 kB
Mlocked:            4164 kB
SwapTotal:       1048572 kB
SwapFree:        1048572 kB
Dirty:               164 kB
Writeback:             0 kB
AnonPages:       2103972 kB
Mapped:           893944 kB
Shmem:             15728 kB
Slab:             198396 kB
SReclaimable:      56672 kB
SUnreclaim:       141724 kB
KernelStack:       42512 kB
PageTables:        53212 kB
NFS_Unstable:          0 kB
Bounce:                0 kB
WritebackTmp:          0 kB
CommitLimit:     7105828 kB
Committed_AS:   56010808 kB
VmallocTotal:   263061440 kB
VmallocUsed:       67364 kB
VmallocChunk:          0 kB
Percpu:             2336 kB
CmaTotal:         294912 kB
CmaFree:               0 kB
MemTotal:       12114512 kB
MemFree:         2362332 kB
MemAvailable:    7609984 kB
Buffers:            6620 kB
Cached:          4152216 kB
SwapCached:            0 kB
Active:          2806096 kB
Inactive:        3452944 kB
Active(anon):    2104576 kB
Inactive(anon):    14656 kB
Active(file):     701520 kB
Inactive(file):  3438288 kB
Unevictable:        4164 kB
Mlocked:            4164 kB
SwapTotal:       1048572 kB
SwapFree:        1048572 kB
Dirty:               164 kB
Writeback:             0 kB
AnonPages:       2104312 kB
Mapped:           893948 kB
Shmem:             15728 kB
Slab:             198396 kB
SReclaimable:      56672 kB
SUnreclaim:       141724 kB
KernelStack:       42528 kB
PageTables:        53212 kB
NFS_Unstable:          0 kB
Bounce:                0 kB
WritebackTmp:          0 kB
CommitLimit:     7105828 kB
Committed_AS:   56017376 kB
VmallocTotal:   263061440 kB
VmallocUsed:       67380 kB
VmallocChunk:          0 kB
Percpu:             2336 kB
CmaTotal:         294912 kB
CmaFree:               0 kB
MemTotal:       12114512 kB
MemFree:         2368148 kB
MemAvailable:    7615804 kB
Buffers:            6624 kB
Cached:          4152216 kB
SwapCached:            0 kB
Active:          2800428 kB
Inactive:        3452944 kB
Active(anon):    2098904 kB
Inactive(anon):    14656 kB
Active(file):     701524 kB
Inactive(file):  3438288 kB
Unevictable:        4164 kB
Mlocked:            4164 kB
SwapTotal:       1048572 kB
SwapFree:        1048572 kB
Dirty:               132 kB
Writeback:            68 kB
AnonPages:       2098412 kB
Mapped:           893952 kB
Shmem:             15728 kB
Slab:             198396 kB
SReclaimable:      56672 kB
SUnreclaim:       141724 kB
KernelStack:       42528 kB
PageTables:        53212 kB
NFS_Unstable:          0 kB
Bounce:                0 kB
WritebackTmp:          0 kB
CommitLimit:     7105828 kB
Committed_AS:   56017940 kB
VmallocTotal:   263061440 kB
VmallocUsed:       67380 kB
VmallocChunk:          0 kB
Percpu:             2336 kB
CmaTotal:         294912 kB
CmaFree:              96 kB
MemTotal:       12114512 kB
MemFree:         2371856 kB
MemAvailable:    7619516 kB
Buffers:            6624 kB
Cached:          4152220 kB
SwapCached:            0 kB
Active:          2795672 kB
Inactive:        3452948 kB
Active(anon):    2094148 kB
Inactive(anon):    14656 kB
Active(file):     701524 kB
Inactive(file):  3438292 kB
Unevictable:        4164 kB
Mlocked:            4164 kB
SwapTotal:       1048572 kB
SwapFree:        1048572 kB
Dirty:               136 kB
Writeback:             0 kB
AnonPages:       2093932 kB
Mapped:           893952 kB
Shmem:             15728 kB
Slab:             198396 kB
SReclaimable:      56672 kB
SUnreclaim:       141724 kB
KernelStack:       42528 kB
PageTables:        53212 kB
NFS_Unstable:          0 kB
Bounce:                0 kB
WritebackTmp:          0 kB
CommitLimit:     7105828 kB
Committed_AS:   56017588 kB
VmallocTotal:   263061440 kB
VmallocUsed:       67396 kB
VmallocChunk:          0 kB
Percpu:             2336 kB
CmaTotal:         294912 kB
CmaFree:             232 kB
MemTotal:       12114512 kB
MemFree:         2373548 kB
MemAvailable:    7621208 kB
Buffers:            6624 kB
Cached:          4152220 kB
SwapCached:            0 kB
Active:          2794212 kB
Inactive:        3452948 kB
Active(anon):    2092688 kB
Inactive(anon):    14656 kB
Active(file):     701524 kB
Inactive(file):  3438292 kB
Unevictable:        4164 kB
Mlocked:            4164 kB
SwapTotal:       1048572 kB
SwapFree:        1048572 kB
Dirty:               136 kB
Writeback:             0 kB
AnonPages:       2092228 kB
Mapped:           893956 kB
Shmem:             15728 kB
Slab:             198396 kB
SReclaimable:      56672 kB
SUnreclaim:       141724 kB
KernelStack:       42528 kB
PageTables:        53212 kB
NFS_Unstable:          0 kB
Bounce:                0 kB
WritebackTmp:          0 kB
CommitLimit:     7105828 kB
Committed_AS:   56014608 kB
VmallocTotal:   263061440 kB
VmallocUsed:       67380 kB
VmallocChunk:          0 kB
Percpu:             2336 kB
CmaTotal:         294912 kB
CmaFree:               0 kB
MemTotal:       12114512 kB
MemFree:         2372864 kB
MemAvailable:    7620524 kB
Buffers:            6624 kB
Cached:          4152220 kB
SwapCached:            0 kB
Active:          2793820 kB
Inactive:        3452948 kB
Active(anon):    2092296 kB
Inactive(anon):    14656 kB
Active(file):     701524 kB
Inactive(file):  3438292 kB
Unevictable:        4164 kB
Mlocked:            4164 kB
SwapTotal:       1048572 kB
SwapFree:        1048572 kB
Dirty:               136 kB
Writeback:             0 kB
AnonPages:       2092092 kB
Mapped:           893960 kB
Shmem:             15728 kB
Slab:             198396 kB
SReclaimable:      56672 kB
SUnreclaim:       141724 kB
KernelStack:       42528 kB
PageTables:        53212 kB
NFS_Unstable:          0 kB
Bounce:                0 kB
WritebackTmp:          0 kB
CommitLimit:     7105828 kB
Committed_AS:   56017760 kB
VmallocTotal:   263061440 kB
VmallocUsed:       67396 kB
VmallocChunk:          0 kB
Percpu:             2336 kB
CmaTotal:         294912 kB
CmaFree:               0 kB
MemTotal:       12114512 kB
MemFree:         2372640 kB
MemAvailable:    7620300 kB
Buffers:            6624 kB
Cached:          4152220 kB
SwapCached:            0 kB
Active:          2793700 kB
Inactive:        3452948 kB
Active(anon):    2092176 kB
Inactive(anon):    14656 kB
Active(file):     701524 kB
Inactive(file):  3438292 kB
Unevictable:        4164 kB
Mlocked:            4164 kB
SwapTotal:       1048572 kB
SwapFree:        1048572 kB
Dirty:               152 kB
Writeback:             0 kB
AnonPages:       2092196 kB
Mapped:           893964 kB
Shmem:             15728 kB
Slab:             198396 kB
SReclaimable:      56672 kB
SUnreclaim:       141724 kB
KernelStack:       42528 kB
PageTables:        53212 kB
NFS_Unstable:          0 kB
Bounce:                0 kB
WritebackTmp:          0 kB
CommitLimit:     7105828 kB
Committed_AS:   56017568 kB
VmallocTotal:   263061440 kB
VmallocUsed:       67412 kB
VmallocChunk:          0 kB
Percpu:             2336 kB
CmaTotal:         294912 kB
CmaFree:              72 kB
MemTotal:       12114512 kB
MemFree:         2373408 kB
MemAvailable:    7621068 kB
Buffers:            6624 kB
Cached:          4152220 kB
SwapCached:            0 kB
Active:          2794060 kB
Inactive:        3452948 kB
Active(anon):    2092536 kB
Inactive(anon):    14656 kB
Active(file):     701524 kB
Inactive(file):  3438292 kB
Unevictable:        4164 kB
Mlocked:            4164 kB
SwapTotal:       1048572 kB
SwapFree:        1048572 kB
Dirty:               156 kB
Writeback:             0 kB
AnonPages:       2092304 kB
Mapped:           893964 kB
Shmem:             15728 kB
Slab:             198396 kB
SReclaimable:      56672 kB
SUnreclaim:       141724 kB
KernelStack:       42528 kB
PageTables:        53212 kB
NFS_Unstable:          0 kB
Bounce:                0 kB
WritebackTmp:          0 kB
CommitLimit:     7105828 kB
Committed_AS:   56012272 kB
VmallocTotal:   263061440 kB
VmallocUsed:       67396 kB
VmallocChunk:          0 kB
Percpu:             2336 kB
CmaTotal:         294912 kB
CmaFree:               0 kB
MemTotal:       12114512 kB
MemFree:         2372212 kB
MemAvailable:    7619872 kB
Buffers:            6624 kB
Cached:          4152220 kB
SwapCached:            0 kB
Active:          2794136 kB
Inactive:        3452948 kB
Active(anon):    2092612 kB
Inactive(anon):    14656 kB
Active(file):     701524 kB
Inactive(file):  3438292 kB
Unevictable:        4164 kB
Mlocked:            4164 kB
SwapTotal:       1048572 kB
SwapFree:        1048572 kB
Dirty:               156 kB
Writeback:             0 kB
AnonPages:       2092440 kB
Mapped:           893968 kB
Shmem:             15728 kB
Slab:             198396 kB
SReclaimable:      56672 kB
SUnreclaim:       141724 kB
KernelStack:       42528 kB
PageTables:        53212 kB
NFS_Unstable:          0 kB
Bounce:                0 kB
WritebackTmp:          0 kB
CommitLimit:     7105828 kB
Committed_AS:   56012152 kB
VmallocTotal:   263061440 kB
VmallocUsed:       67412 kB
VmallocChunk:          0 kB
Percpu:             2336 kB
CmaTotal:         294912 kB
CmaFree:             140 kB
MemTotal:       12114512 kB
MemFree:         2375216 kB
MemAvailable:    7622876 kB
Buffers:            6624 kB
Cached:          4152220 kB
SwapCached:            0 kB
Active:          2790712 kB
Inactive:        3452948 kB
Active(anon):    2089188 kB
Inactive(anon):    14656 kB
Active(file):     701524 kB
Inactive(file):  3438292 kB
Unevictable:        4164 kB
Mlocked:            4164 kB
SwapTotal:       1048572 kB
SwapFree:        1048572 kB
Dirty:               156 kB
Writeback:             0 kB
AnonPages:       2088952 kB
Mapped:           893972 kB
Shmem:             15728 kB
Slab:             198396 kB
SReclaimable:      56672 kB
SUnreclaim:       141724 kB
KernelStack:       42512 kB
PageTables:        53212 kB
NFS_Unstable:          0 kB
Bounce:                0 kB
WritebackTmp:          0 kB
CommitLimit:     7105828 kB
Committed_AS:   56011976 kB
VmallocTotal:   263061440 kB
VmallocUsed:       67396 kB
VmallocChunk:          0 kB
Percpu:             2336 kB
CmaTotal:         294912 kB
CmaFree:               0 kB
MemTotal:       12114512 kB
MemFree:         2375868 kB
MemAvailable:    7623528 kB
Buffers:            6624 kB
Cached:          4152220 kB
SwapCached:            0 kB
Active:          2790976 kB
Inactive:        3452948 kB
Active(anon):    2089452 kB
Inactive(anon):    14656 kB
Active(file):     701524 kB
Inactive(file):  3438292 kB
Unevictable:        4164 kB
Mlocked:            4164 kB
SwapTotal:       1048572 kB
SwapFree:        1048572 kB
Dirty:               156 kB
Writeback:             0 kB
AnonPages:       2089368 kB
Mapped:           893972 kB
Shmem:             15728 kB
Slab:             198396 kB
SReclaimable:      56672 kB
SUnreclaim:       141724 kB
KernelStack:       42528 kB
PageTables:        53212 kB
NFS_Unstable:          0 kB
Bounce:                0 kB
WritebackTmp:          0 kB
CommitLimit:     7105828 kB
Committed_AS:   56011984 kB
VmallocTotal:   263061440 kB
VmallocUsed:       67396 kB
VmallocChunk:          0 kB
Percpu:             2336 kB
CmaTotal:         294912 kB
CmaFree:              52 kB
MemTotal:       12114512 kB
MemFree:         2375772 kB
MemAvailable:    7623432 kB
Buffers:            6624 kB
Cached:          4152220 kB
SwapCached:            0 kB
Active:          2791156 kB
Inactive:        3452948 kB
Active(anon):    2089632 kB
Inactive(anon):    14656 kB
Active(file):     701524 kB
Inactive(file):  3438292 kB
Unevictable:        4164 kB
Mlocked:            4164 kB
SwapTotal:       1048572 kB
SwapFree:        1048572 kB
Dirty:                92 kB
Writeback:             0 kB
AnonPages:       2089492 kB
Mapped:           893976 kB
Shmem:             15728 kB
Slab:             198396 kB
SReclaimable:      56672 kB
SUnreclaim:       141724 kB
KernelStack:       42528 kB
PageTables:        53212 kB
NFS_Unstable:          0 kB
Bounce:                0 kB
WritebackTmp:          0 kB
CommitLimit:     7105828 kB
Committed_AS:   56012324 kB
VmallocTotal:   263061440 kB
VmallocUsed:       67396 kB
VmallocChunk:          0 kB
Percpu:             2336 kB
CmaTotal:         294912 kB
CmaFree:               0 kB
MemTotal:       12114512 kB
MemFree:         2375780 kB
MemAvailable:    7623440 kB
Buffers:            6624 kB
Cached:          4152220 kB
SwapCached:            0 kB
Active:          2791320 kB
Inactive:        3452948 kB
Active(anon):    2089796 kB
Inactive(anon):    14656 kB
Active(file):     701524 kB
Inactive(file):  3438292 kB
Unevictable:        4164 kB
Mlocked:            4164 kB
SwapTotal:       1048572 kB
SwapFree:        1048572 kB
Dirty:                92 kB
Writeback:             0 kB
AnonPages:       2089572 kB
Mapped:           893980 kB
Shmem:             15728 kB
Slab:             198396 kB
SReclaimable:      56672 kB
SUnreclaim:       141724 kB
KernelStack:       42512 kB
PageTables:        53212 kB
NFS_Unstable:          0 kB
Bounce:                0 kB
WritebackTmp:          0 kB
CommitLimit:     7105828 kB
Committed_AS:   56012236 kB
VmallocTotal:   263061440 kB
VmallocUsed:       67380 kB
VmallocChunk:          0 kB
Percpu:             2336 kB
CmaTotal:         294912 kB
CmaFree:               0 kB
MemTotal:       12114512 kB
MemFree:         2375276 kB
MemAvailable:    7622936 kB
Buffers:            6624 kB
Cached:          4152220 kB
SwapCached:            0 kB
Active:          2791152 kB
Inactive:        3452948 kB
Active(anon):    2089628 kB
Inactive(anon):    14656 kB
Active(file):     701524 kB
Inactive(file):  3438292 kB
Unevictable:        4164 kB
Mlocked:            4164 kB
SwapTotal:       1048572 kB
SwapFree:        1048572 kB
Dirty:                92 kB
Writeback:             0 kB
AnonPages:       2089484 kB
Mapped:           893980 kB
Shmem:             15728 kB
Slab:             198396 kB
SReclaimable:      56672 kB
SUnreclaim:       141724 kB
KernelStack:       42528 kB
PageTables:        53212 kB
NFS_Unstable:          0 kB
Bounce:                0 kB
WritebackTmp:          0 kB
CommitLimit:     7105828 kB
Committed_AS:   56011964 kB
VmallocTotal:   263061440 kB
VmallocUsed:       67380 kB
VmallocChunk:          0 kB
Percpu:             2336 kB
CmaTotal:         294912 kB
CmaFree:               8 kB
MemTotal:       12114512 kB
MemFree:         2375040 kB
MemAvailable:    7622700 kB
Buffers:            6624 kB
Cached:          4152220 kB
SwapCached:            0 kB
Active:          2791364 kB
Inactive:        3452948 kB
Active(anon):    2089840 kB
Inactive(anon):    14656 kB
Active(file):     701524 kB
Inactive(file):  3438292 kB
Unevictable:        4164 kB
Mlocked:            4164 kB
SwapTotal:       1048572 kB
SwapFree:        1048572 kB
Dirty:                92 kB
Writeback:             0 kB
AnonPages:       2089728 kB
Mapped:           893984 kB
Shmem:             15728 kB
Slab:             198396 kB
SReclaimable:      56672 kB
SUnreclaim:       141724 kB
KernelStack:       42528 kB
PageTables:        53212 kB
NFS_Unstable:          0 kB
Bounce:                0 kB
WritebackTmp:          0 kB
CommitLimit:     7105828 kB
Committed_AS:   56011612 kB
VmallocTotal:   263061440 kB
VmallocUsed:       67396 kB
VmallocChunk:          0 kB
Percpu:             2336 kB
CmaTotal:         294912 kB
CmaFree:               0 kB
MemTotal:       12114512 kB
MemFree:         2376044 kB
MemAvailable:    7623664 kB
Buffers:            6624 kB
Cached:          4152220 kB
SwapCached:            0 kB
Active:          2791372 kB
Inactive:        3452948 kB
Active(anon):    2089848 kB
Inactive(anon):    14656 kB
Active(file):     701524 kB
Inactive(file):  3438292 kB
Unevictable:        4164 kB
Mlocked:            4164 kB
SwapTotal:       1048572 kB
SwapFree:        1048572 kB
Dirty:                92 kB
Writeback:             0 kB
AnonPages:       2089716 kB
Mapped:           893988 kB
Shmem:             15728 kB
Slab:             198396 kB
SReclaimable:      56672 kB
SUnreclaim:       141724 kB
KernelStack:       42528 kB
PageTables:        53212 kB
NFS_Unstable:          0 kB
Bounce:                0 kB
WritebackTmp:          0 kB
CommitLimit:     7105828 kB
Committed_AS:   56011216 kB
VmallocTotal:   263061440 kB
VmallocUsed:       67380 kB
VmallocChunk:          0 kB
Percpu:             2336 kB
CmaTotal:         294912 kB
CmaFree:               0 kB
MemTotal:       12114512 kB
MemFree:         2375336 kB
MemAvailable:    7622956 kB
Buffers:            6624 kB
Cached:          4152220 kB
SwapCached:            0 kB
Active:          2791416 kB
Inactive:        3452948 kB
Active(anon):    2089892 kB
Inactive(anon):    14656 kB
Active(file):     701524 kB
Inactive(file):  3438292 kB
Unevictable:        4164 kB
Mlocked:            4164 kB
SwapTotal:       1048572 kB
SwapFree:        1048572 kB
Dirty:                92 kB
Writeback:             0 kB
AnonPages:       2089656 kB
Mapped:           894016 kB
Shmem:             15728 kB
Slab:             198396 kB
SReclaimable:      56672 kB
SUnreclaim:       141724 kB
KernelStack:       42512 kB
PageTables:        53212 kB
NFS_Unstable:          0 kB
Bounce:                0 kB
WritebackTmp:          0 kB
CommitLimit:     7105828 kB
Committed_AS:   56011560 kB
VmallocTotal:   263061440 kB
VmallocUsed:       67396 kB
VmallocChunk:          0 kB
Percpu:             2336 kB
CmaTotal:         294912 kB
CmaFree:               0 kB
MemTotal:       12114512 kB
MemFree:         2376104 kB
MemAvailable:    7623724 kB
Buffers:            6624 kB
Cached:          4152224 kB
SwapCached:            0 kB
Active:          2790408 kB
Inactive:        3452952 kB
Active(anon):    2088884 kB
Inactive(anon):    14660 kB
Active(file):     701524 kB
Inactive(file):  3438292 kB
Unevictable:        4164 kB
Mlocked:            4164 kB
SwapTotal:       1048572 kB
SwapFree:        1048572 kB
Dirty:                92 kB
Writeback:             0 kB
AnonPages:       2088956 kB
Mapped:           894264 kB
Shmem:             15732 kB
Slab:             198396 kB
SReclaimable:      56672 kB
SUnreclaim:       141724 kB
KernelStack:       42512 kB
PageTables:        53132 kB
NFS_Unstable:          0 kB
Bounce:                0 kB
WritebackTmp:          0 kB
CommitLimit:     7105828 kB
Committed_AS:   56012808 kB
VmallocTotal:   263061440 kB
VmallocUsed:       67380 kB
VmallocChunk:          0 kB
Percpu:             2336 kB
CmaTotal:         294912 kB
CmaFree:               0 kB
MemTotal:       12114512 kB
MemFree:         2376280 kB
MemAvailable:    7623900 kB
Buffers:            6624 kB
Cached:          4152224 kB
SwapCached:            0 kB
Active:          2790936 kB
Inactive:        3452952 kB
Active(anon):    2089412 kB
Inactive(anon):    14660 kB
Active(file):     701524 kB
Inactive(file):  3438292 kB
Unevictable:        4164 kB
Mlocked:            4164 kB
SwapTotal:       1048572 kB
SwapFree:        1048572 kB
Dirty:                92 kB
Writeback:             0 kB
AnonPages:       2089204 kB
Mapped:           894024 kB
Shmem:             15732 kB
Slab:             198396 kB
SReclaimable:      56672 kB
SUnreclaim:       141724 kB
KernelStack:       42512 kB
PageTables:        53212 kB
NFS_Unstable:          0 kB
Bounce:                0 kB
WritebackTmp:          0 kB
CommitLimit:     7105828 kB
Committed_AS:   56012376 kB
VmallocTotal:   263061440 kB
VmallocUsed:       67396 kB
VmallocChunk:          0 kB
Percpu:             2336 kB
CmaTotal:         294912 kB
CmaFree:               0 kB
MemTotal:       12114512 kB
MemFree:         2371244 kB
MemAvailable:    7618864 kB
Buffers:            6624 kB
Cached:          4152224 kB
SwapCached:            0 kB
Active:          2794356 kB
Inactive:        3452952 kB
Active(anon):    2092832 kB
Inactive(anon):    14660 kB
Active(file):     701524 kB
Inactive(file):  3438292 kB
Unevictable:        4164 kB
Mlocked:            4164 kB
SwapTotal:       1048572 kB
SwapFree:        1048572 kB
Dirty:                92 kB
Writeback:             0 kB
AnonPages:       2092664 kB
Mapped:           894028 kB
Shmem:             15732 kB
Slab:             198396 kB
SReclaimable:      56672 kB
SUnreclaim:       141724 kB
KernelStack:       42512 kB
PageTables:        53212 kB
NFS_Unstable:          0 kB
Bounce:                0 kB
WritebackTmp:          0 kB
CommitLimit:     7105828 kB
Committed_AS:   56021648 kB
VmallocTotal:   263061440 kB
VmallocUsed:       67396 kB
VmallocChunk:          0 kB
Percpu:             2336 kB
CmaTotal:         294912 kB
CmaFree:              16 kB
MemTotal:       12114512 kB
MemFree:         2372468 kB
MemAvailable:    7620092 kB
Buffers:            6624 kB
Cached:          4152228 kB
SwapCached:            0 kB
Active:          2794492 kB
Inactive:        3452956 kB
Active(anon):    2092968 kB
Inactive(anon):    14660 kB
Active(file):     701524 kB
Inactive(file):  3438296 kB
Unevictable:        4164 kB
Mlocked:            4164 kB
SwapTotal:       1048572 kB
SwapFree:        1048572 kB
Dirty:               100 kB
Writeback:             0 kB
AnonPages:       2092792 kB
Mapped:           894028 kB
Shmem:             15732 kB
Slab:             198396 kB
SReclaimable:      56672 kB
SUnreclaim:       141724 kB
KernelStack:       42512 kB
PageTables:        53212 kB
NFS_Unstable:          0 kB
Bounce:                0 kB
WritebackTmp:          0 kB
CommitLimit:     7105828 kB
Committed_AS:   56018412 kB
VmallocTotal:   263061440 kB
VmallocUsed:       67396 kB
VmallocChunk:          0 kB
Percpu:             2336 kB
CmaTotal:         294912 kB
CmaFree:              16 kB
MemTotal:       12114512 kB
MemFree:         2372448 kB
MemAvailable:    7620072 kB
Buffers:            6624 kB
Cached:          4152228 kB
SwapCached:            0 kB
Active:          2794340 kB
Inactive:        3452956 kB
Active(anon):    2092816 kB
Inactive(anon):    14660 kB
Active(file):     701524 kB
Inactive(file):  3438296 kB
Unevictable:        4164 kB
Mlocked:            4164 kB
SwapTotal:       1048572 kB
SwapFree:        1048572 kB
Dirty:               164 kB
Writeback:             0 kB
AnonPages:       2092668 kB
Mapped:           894028 kB
Shmem:             15732 kB
Slab:             198396 kB
SReclaimable:      56672 kB
SUnreclaim:       141724 kB
KernelStack:       42528 kB
PageTables:        53212 kB
NFS_Unstable:          0 kB
Bounce:                0 kB
WritebackTmp:          0 kB
CommitLimit:     7105828 kB
Committed_AS:   56011628 kB
VmallocTotal:   263061440 kB
VmallocUsed:       67380 kB
VmallocChunk:          0 kB
Percpu:             2336 kB
CmaTotal:         294912 kB
CmaFree:               0 kB
MemTotal:       12114512 kB
MemFree:         2372680 kB
MemAvailable:    7620304 kB
Buffers:            6624 kB
Cached:          4152228 kB
SwapCached:            0 kB
Active:          2794520 kB
Inactive:        3452956 kB
Active(anon):    2092996 kB
Inactive(anon):    14660 kB
Active(file):     701524 kB
Inactive(file):  3438296 kB
Unevictable:        4164 kB
Mlocked:            4164 kB
SwapTotal:       1048572 kB
SwapFree:        1048572 kB
Dirty:               164 kB
Writeback:             0 kB
AnonPages:       2092724 kB
Mapped:           894032 kB
Shmem:             15732 kB
Slab:             198396 kB
SReclaimable:      56672 kB
SUnreclaim:       141724 kB
KernelStack:       42496 kB
PageTables:        53212 kB
NFS_Unstable:          0 kB
Bounce:                0 kB
WritebackTmp:          0 kB
CommitLimit:     7105828 kB
Committed_AS:   56010808 kB
VmallocTotal:   263061440 kB
VmallocUsed:       67380 kB
VmallocChunk:          0 kB
Percpu:             2336 kB
CmaTotal:         294912 kB
CmaFree:               0 kB
MemTotal:       12114512 kB
MemFree:         2372680 kB
MemAvailable:    7620304 kB
Buffers:            6624 kB
Cached:          4152228 kB
SwapCached:            0 kB
Active:          2794768 kB
Inactive:        3452956 kB
Active(anon):    2093244 kB
Inactive(anon):    14660 kB
Active(file):     701524 kB
Inactive(file):  3438296 kB
Unevictable:        4164 kB
Mlocked:            4164 kB
SwapTotal:       1048572 kB
SwapFree:        1048572 kB
Dirty:               164 kB
Writeback:             0 kB
AnonPages:       2093044 kB
Mapped:           894032 kB
Shmem:             15732 kB
Slab:             198396 kB
SReclaimable:      56672 kB
SUnreclaim:       141724 kB
KernelStack:       42480 kB
PageTables:        53212 kB
NFS_Unstable:          0 kB
Bounce:                0 kB
WritebackTmp:          0 kB
CommitLimit:     7105828 kB
Committed_AS:   56010596 kB
VmallocTotal:   263061440 kB
VmallocUsed:       67364 kB
VmallocChunk:          0 kB
Percpu:             2336 kB
CmaTotal:         294912 kB
CmaFree:               0 kB
MemTotal:       12114512 kB
MemFree:         2372324 kB
MemAvailable:    7619948 kB
Buffers:            6624 kB
Cached:          4152228 kB
SwapCached:            0 kB
Active:          2794444 kB
Inactive:        3452956 kB
Active(anon):    2092920 kB
Inactive(anon):    14660 kB
Active(file):     701524 kB
Inactive(file):  3438296 kB
Unevictable:        4164 kB
Mlocked:            4164 kB
SwapTotal:       1048572 kB
SwapFree:        1048572 kB
Dirty:               168 kB
Writeback:             0 kB
AnonPages:       2092768 kB
Mapped:           894032 kB
Shmem:             15732 kB
Slab:             198388 kB
SReclaimable:      56672 kB
SUnreclaim:       141716 kB
KernelStack:       42496 kB
PageTables:        53212 kB
NFS_Unstable:          0 kB
Bounce:                0 kB
WritebackTmp:          0 kB
CommitLimit:     7105828 kB
Committed_AS:   56010200 kB
VmallocTotal:   263061440 kB
VmallocUsed:       67332 kB
VmallocChunk:          0 kB
Percpu:             2336 kB
CmaTotal:         294912 kB
CmaFree:               0 kB
MemTotal:       12114512 kB
MemFree:         2372544 kB
MemAvailable:    7620168 kB
Buffers:            6624 kB
Cached:          4152228 kB
SwapCached:            0 kB
Active:          2794644 kB
Inactive:        3452956 kB
Active(anon):    2093120 kB
Inactive(anon):    14660 kB
Active(file):     701524 kB
Inactive(file):  3438296 kB
Unevictable:        4164 kB
Mlocked:            4164 kB
SwapTotal:       1048572 kB
SwapFree:        1048572 kB
Dirty:               168 kB
Writeback:             0 kB
AnonPages:       2092896 kB
Mapped:           894032 kB
Shmem:             15732 kB
Slab:             198388 kB
SReclaimable:      56672 kB
SUnreclaim:       141716 kB
KernelStack:       42464 kB
PageTables:        53208 kB
NFS_Unstable:          0 kB
Bounce:                0 kB
WritebackTmp:          0 kB
CommitLimit:     7105828 kB
Committed_AS:   56010152 kB
VmallocTotal:   263061440 kB
VmallocUsed:       67316 kB
VmallocChunk:          0 kB
Percpu:             2336 kB
CmaTotal:         294912 kB
CmaFree:               0 kB
MemTotal:       12114512 kB
MemFree:         2372796 kB
MemAvailable:    7620420 kB
Buffers:            6624 kB
Cached:          4152228 kB
SwapCached:            0 kB
Active:          2794884 kB
Inactive:        3452956 kB
Active(anon):    2093360 kB
Inactive(anon):    14660 kB
Active(file):     701524 kB
Inactive(file):  3438296 kB
Unevictable:        4164 kB
Mlocked:            4164 kB
SwapTotal:       1048572 kB
SwapFree:        1048572 kB
Dirty:                96 kB
Writeback:             0 kB
AnonPages:       2093100 kB
Mapped:           894032 kB
Shmem:             15732 kB
Slab:             198388 kB
SReclaimable:      56672 kB
SUnreclaim:       141716 kB
KernelStack:       42464 kB
PageTables:        53208 kB
NFS_Unstable:          0 kB
Bounce:                0 kB
WritebackTmp:          0 kB
CommitLimit:     7105828 kB
Committed_AS:   56010584 kB
VmallocTotal:   263061440 kB
VmallocUsed:       67316 kB
VmallocChunk:          0 kB
Percpu:             2336 kB
CmaTotal:         294912 kB
CmaFree:               0 kB
MemTotal:       12114512 kB
MemFree:         2372796 kB
MemAvailable:    7620420 kB
Buffers:            6624 kB
Cached:          4152228 kB
SwapCached:            0 kB
Active:          2795096 kB
Inactive:        3452956 kB
Active(anon):    2093572 kB
Inactive(anon):    14660 kB
Active(file):     701524 kB
Inactive(file):  3438296 kB
Unevictable:        4164 kB
Mlocked:            4164 kB
SwapTotal:       1048572 kB
SwapFree:        1048572 kB
