MemTotal:       12114512 kB
MemFree:         7553304 kB
MemAvailable:    8665600 kB
Buffers:            3732 kB
Cached:          1227616 kB
SwapCached:            0 kB
Active:          1062236 kB
Inactive:        1088628 kB
Active(anon):     923712 kB
Inactive(anon):    13616 kB
Active(file):     138524 kB
Inactive(file):  1075012 kB
Unevictable:        4112 kB
Mlocked:            4112 kB
SwapTotal:       1048572 kB
SwapFree:        1048572 kB
Dirty:               116 kB
Writeback:             0 kB
AnonPages:        923516 kB
Mapped:           763736 kB
Shmem:             14568 kB
Slab:             180016 kB
SReclaimable:      45232 kB
SUnreclaim:       134784 kB
KernelStack:       36864 kB
PageTables:        51280 kB
NFS_Unstable:          0 kB
Bounce:                0 kB
WritebackTmp:          0 kB
CommitLimit:     7105828 kB
Committed_AS:   61880828 kB
VmallocTotal:   263061440 kB
VmallocUsed:       61868 kB
VmallocChunk:          0 kB
Percpu:             2208 kB
CmaTotal:         294912 kB
CmaFree:             128 kB
MemTotal:       12114512 kB
MemFree:         7503864 kB
MemAvailable:    8634072 kB
Buffers:            3732 kB
Cached:          1227824 kB
SwapCached:            0 kB
Active:          1115416 kB
Inactive:        1088572 kB
Active(anon):     976880 kB
Inactive(anon):    13544 kB
Active(file):     138536 kB
Inactive(file):  1075028 kB
Unevictable:        4112 kB
Mlocked:            4112 kB
SwapTotal:       1048572 kB
SwapFree:        1048572 kB
Dirty:               168 kB
Writeback:             0 kB
AnonPages:        976924 kB
Mapped:           764664 kB
Shmem:             14740 kB
Slab:             179976 kB
SReclaimable:      45232 kB
SUnreclaim:       134744 kB
KernelStack:       36916 kB
PageTables:        51404 kB
NFS_Unstable:          0 kB
Bounce:                0 kB
WritebackTmp:          0 kB
CommitLimit:     7105828 kB
Committed_AS:   61879224 kB
VmallocTotal:   263061440 kB
VmallocUsed:       61916 kB
VmallocChunk:          0 kB
Percpu:             2208 kB
CmaTotal:         294912 kB
CmaFree:               4 kB
MemTotal:       12114512 kB
MemFree:         7549240 kB
MemAvailable:    8679268 kB
Buffers:            3732 kB
Cached:          1227612 kB
SwapCached:            0 kB
Active:          1066916 kB
Inactive:        1088616 kB
Active(anon):     928380 kB
Inactive(anon):    13544 kB
Active(file):     138536 kB
Inactive(file):  1075072 kB
Unevictable:        4112 kB
Mlocked:            4112 kB
SwapTotal:       1048572 kB
SwapFree:        1048572 kB
Dirty:               208 kB
Writeback:             0 kB
AnonPages:        927940 kB
Mapped:           765004 kB
Shmem:             14492 kB
Slab:             179988 kB
SReclaimable:      45232 kB
SUnreclaim:       134756 kB
KernelStack:       36916 kB
PageTables:        51152 kB
NFS_Unstable:          0 kB
Bounce:                0 kB
WritebackTmp:          0 kB
CommitLimit:     7105828 kB
Committed_AS:   61883008 kB
VmallocTotal:   263061440 kB
VmallocUsed:       61932 kB
VmallocChunk:          0 kB
Percpu:             2208 kB
CmaTotal:         294912 kB
CmaFree:               0 kB
MemTotal:       12114512 kB
MemFree:         7549480 kB
MemAvailable:    8679508 kB
Buffers:            3732 kB
Cached:          1227612 kB
SwapCached:            0 kB
Active:          1066796 kB
Inactive:        1088616 kB
Active(anon):     928260 kB
Inactive(anon):    13544 kB
Active(file):     138536 kB
Inactive(file):  1075072 kB
Unevictable:        4112 kB
Mlocked:            4112 kB
SwapTotal:       1048572 kB
SwapFree:        1048572 kB
Dirty:               212 kB
Writeback:             0 kB
AnonPages:        928052 kB
Mapped:           764892 kB
Shmem:             14492 kB
Slab:             179988 kB
SReclaimable:      45232 kB
SUnreclaim:       134756 kB
KernelStack:       36896 kB
PageTables:        51188 kB
NFS_Unstable:          0 kB
Bounce:                0 kB
WritebackTmp:          0 kB
CommitLimit:     7105828 kB
Committed_AS:   61882228 kB
VmallocTotal:   263061440 kB
VmallocUsed:       61932 kB
VmallocChunk:          0 kB
Percpu:             2208 kB
CmaTotal:         294912 kB
CmaFree:               0 kB
MemTotal:       12114512 kB
MemFree:         7548940 kB
MemAvailable:    8678980 kB
Buffers:            3732 kB
Cached:          1227624 kB
SwapCached:            0 kB
Active:          1067708 kB
Inactive:        1088624 kB
Active(anon):     929168 kB
Inactive(anon):    13544 kB
Active(file):     138540 kB
Inactive(file):  1075080 kB
Unevictable:        4112 kB
Mlocked:            4112 kB
SwapTotal:       1048572 kB
SwapFree:        1048572 kB
Dirty:               116 kB
Writeback:             8 kB
AnonPages:        928708 kB
Mapped:           764836 kB
Shmem:             14492 kB
Slab:             179992 kB
SReclaimable:      45232 kB
SUnreclaim:       134760 kB
KernelStack:       36896 kB
PageTables:        51276 kB
NFS_Unstable:          0 kB
Bounce:                0 kB
WritebackTmp:          0 kB
CommitLimit:     7105828 kB
Committed_AS:   61876320 kB
VmallocTotal:   263061440 kB
VmallocUsed:       61932 kB
VmallocChunk:          0 kB
Percpu:             2208 kB
CmaTotal:         294912 kB
CmaFree:               0 kB
MemTotal:       12114512 kB
MemFree:         7548448 kB
MemAvailable:    8678480 kB
Buffers:            3732 kB
Cached:          1227520 kB
SwapCached:            0 kB
Active:          1066768 kB
Inactive:        1088520 kB
Active(anon):     928228 kB
Inactive(anon):    13448 kB
Active(file):     138540 kB
Inactive(file):  1075072 kB
Unevictable:        4112 kB
Mlocked:            4112 kB
SwapTotal:       1048572 kB
SwapFree:        1048572 kB
Dirty:               104 kB
Writeback:             0 kB
AnonPages:        928104 kB
Mapped:           764844 kB
Shmem:             14396 kB
Slab:             180012 kB
SReclaimable:      45232 kB
SUnreclaim:       134780 kB
KernelStack:       36864 kB
PageTables:        51388 kB
NFS_Unstable:          0 kB
Bounce:                0 kB
WritebackTmp:          0 kB
CommitLimit:     7105828 kB
Committed_AS:   61866540 kB
VmallocTotal:   263061440 kB
VmallocUsed:       61916 kB
VmallocChunk:          0 kB
Percpu:             2208 kB
CmaTotal:         294912 kB
CmaFree:               0 kB
MemTotal:       12114512 kB
MemFree:         7548440 kB
MemAvailable:    8678472 kB
Buffers:            3732 kB
Cached:          1227520 kB
SwapCached:            0 kB
Active:          1066732 kB
Inactive:        1088520 kB
Active(anon):     928192 kB
Inactive(anon):    13448 kB
Active(file):     138540 kB
Inactive(file):  1075072 kB
Unevictable:        4112 kB
Mlocked:            4112 kB
SwapTotal:       1048572 kB
SwapFree:        1048572 kB
Dirty:               104 kB
Writeback:             0 kB
AnonPages:        928156 kB
Mapped:           764784 kB
Shmem:             14396 kB
Slab:             180012 kB
SReclaimable:      45232 kB
SUnreclaim:       134780 kB
KernelStack:       36916 kB
PageTables:        51304 kB
NFS_Unstable:          0 kB
Bounce:                0 kB
WritebackTmp:          0 kB
CommitLimit:     7105828 kB
Committed_AS:   61865628 kB
VmallocTotal:   263061440 kB
VmallocUsed:       61916 kB
VmallocChunk:          0 kB
Percpu:             2208 kB
CmaTotal:         294912 kB
CmaFree:              36 kB
MemTotal:       12114512 kB
MemFree:         7549804 kB
MemAvailable:    8679844 kB
Buffers:            3732 kB
Cached:          1227528 kB
SwapCached:            0 kB
Active:          1066548 kB
Inactive:        1088528 kB
Active(anon):     928008 kB
Inactive(anon):    13448 kB
Active(file):     138540 kB
Inactive(file):  1075080 kB
Unevictable:        4112 kB
Mlocked:            4112 kB
SwapTotal:       1048572 kB
SwapFree:        1048572 kB
Dirty:               132 kB
Writeback:             0 kB
AnonPages:        928240 kB
Mapped:           764740 kB
Shmem:             14396 kB
Slab:             180020 kB
SReclaimable:      45232 kB
SUnreclaim:       134788 kB
KernelStack:       36848 kB
PageTables:        51268 kB
NFS_Unstable:          0 kB
Bounce:                0 kB
WritebackTmp:          0 kB
CommitLimit:     7105828 kB
Committed_AS:   61870876 kB
VmallocTotal:   263061440 kB
VmallocUsed:       61868 kB
VmallocChunk:          0 kB
Percpu:             2208 kB
CmaTotal:         294912 kB
CmaFree:               0 kB
MemTotal:       12114512 kB
MemFree:         7549844 kB
MemAvailable:    8679884 kB
Buffers:            3732 kB
Cached:          1227528 kB
SwapCached:            0 kB
Active:          1066044 kB
Inactive:        1088528 kB
Active(anon):     927504 kB
Inactive(anon):    13448 kB
Active(file):     138540 kB
Inactive(file):  1075080 kB
Unevictable:        4112 kB
Mlocked:            4112 kB
SwapTotal:       1048572 kB
SwapFree:        1048572 kB
Dirty:               128 kB
Writeback:             0 kB
AnonPages:        927480 kB
Mapped:           764744 kB
Shmem:             14396 kB
Slab:             180020 kB
SReclaimable:      45232 kB
SUnreclaim:       134788 kB
KernelStack:       36816 kB
PageTables:        51272 kB
NFS_Unstable:          0 kB
Bounce:                0 kB
WritebackTmp:          0 kB
CommitLimit:     7105828 kB
Committed_AS:   61870524 kB
VmallocTotal:   263061440 kB
VmallocUsed:       61868 kB
VmallocChunk:          0 kB
Percpu:             2208 kB
CmaTotal:         294912 kB
CmaFree:               8 kB
MemTotal:       12114512 kB
MemFree:         7550068 kB
MemAvailable:    8680120 kB
Buffers:            3732 kB
Cached:          1227540 kB
SwapCached:            0 kB
Active:          1066892 kB
Inactive:        1088536 kB
Active(anon):     928348 kB
Inactive(anon):    13448 kB
Active(file):     138544 kB
Inactive(file):  1075088 kB
Unevictable:        4112 kB
Mlocked:            4112 kB
SwapTotal:       1048572 kB
SwapFree:        1048572 kB
Dirty:                84 kB
Writeback:             0 kB
AnonPages:        928212 kB
Mapped:           764972 kB
Shmem:             14396 kB
Slab:             180020 kB
SReclaimable:      45232 kB
SUnreclaim:       134788 kB
KernelStack:       36852 kB
PageTables:        51216 kB
NFS_Unstable:          0 kB
Bounce:                0 kB
WritebackTmp:          0 kB
CommitLimit:     7105828 kB
Committed_AS:   61870128 kB
VmallocTotal:   263061440 kB
VmallocUsed:       61868 kB
VmallocChunk:          0 kB
Percpu:             2208 kB
CmaTotal:         294912 kB
CmaFree:               0 kB
MemTotal:       12114512 kB
MemFree:         7549804 kB
MemAvailable:    8679844 kB
Buffers:            3732 kB
Cached:          1227528 kB
SwapCached:            0 kB
Active:          1066772 kB
Inactive:        1088532 kB
Active(anon):     928236 kB
Inactive(anon):    13448 kB
Active(file):     138536 kB
Inactive(file):  1075084 kB
Unevictable:        4112 kB
Mlocked:            4112 kB
SwapTotal:       1048572 kB
SwapFree:        1048572 kB
Dirty:                96 kB
Writeback:            12 kB
AnonPages:        928428 kB
Mapped:           764740 kB
Shmem:             14396 kB
Slab:             180020 kB
SReclaimable:      45232 kB
SUnreclaim:       134788 kB
KernelStack:       36832 kB
PageTables:        51268 kB
NFS_Unstable:          0 kB
Bounce:                0 kB
WritebackTmp:          0 kB
CommitLimit:     7105828 kB
Committed_AS:   61869776 kB
VmallocTotal:   263061440 kB
VmallocUsed:       61868 kB
VmallocChunk:          0 kB
Percpu:             2208 kB
CmaTotal:         294912 kB
CmaFree:               0 kB
MemTotal:       12114512 kB
MemFree:         7549120 kB
MemAvailable:    8679168 kB
Buffers:            3732 kB
Cached:          1227536 kB
SwapCached:            0 kB
Active:          1067360 kB
Inactive:        1088536 kB
Active(anon):     928820 kB
Inactive(anon):    13448 kB
Active(file):     138540 kB
Inactive(file):  1075088 kB
Unevictable:        4112 kB
Mlocked:            4112 kB
SwapTotal:       1048572 kB
SwapFree:        1048572 kB
Dirty:               104 kB
Writeback:             0 kB
AnonPages:        928820 kB
Mapped:           764748 kB
Shmem:             14396 kB
Slab:             180020 kB
SReclaimable:      45232 kB
SUnreclaim:       134788 kB
KernelStack:       36832 kB
PageTables:        51272 kB
NFS_Unstable:          0 kB
Bounce:                0 kB
WritebackTmp:          0 kB
CommitLimit:     7105828 kB
Committed_AS:   61869688 kB
VmallocTotal:   263061440 kB
VmallocUsed:       61852 kB
VmallocChunk:          0 kB
Percpu:             2208 kB
CmaTotal:         294912 kB
CmaFree:               0 kB
MemTotal:       12114512 kB
MemFree:         7549332 kB
MemAvailable:    8679396 kB
Buffers:            3732 kB
Cached:          1227552 kB
SwapCached:            0 kB
Active:          1067044 kB
Inactive:        1088548 kB
Active(anon):     928500 kB
Inactive(anon):    13448 kB
Active(file):     138544 kB
Inactive(file):  1075100 kB
Unevictable:        4112 kB
Mlocked:            4112 kB
SwapTotal:       1048572 kB
SwapFree:        1048572 kB
Dirty:               120 kB
Writeback:             0 kB
AnonPages:        928160 kB
Mapped:           764740 kB
Shmem:             14396 kB
Slab:             180020 kB
SReclaimable:      45232 kB
SUnreclaim:       134788 kB
KernelStack:       36816 kB
PageTables:        51208 kB
NFS_Unstable:          0 kB
Bounce:                0 kB
WritebackTmp:          0 kB
CommitLimit:     7105828 kB
Committed_AS:   61875172 kB
VmallocTotal:   263061440 kB
VmallocUsed:       61836 kB
VmallocChunk:          0 kB
Percpu:             2208 kB
CmaTotal:         294912 kB
CmaFree:              48 kB
MemTotal:       12114512 kB
MemFree:         7548692 kB
MemAvailable:    8678756 kB
Buffers:            3732 kB
Cached:          1227552 kB
SwapCached:            0 kB
Active:          1067124 kB
Inactive:        1088548 kB
Active(anon):     928580 kB
Inactive(anon):    13448 kB
Active(file):     138544 kB
Inactive(file):  1075100 kB
Unevictable:        4112 kB
Mlocked:            4112 kB
SwapTotal:       1048572 kB
SwapFree:        1048572 kB
Dirty:               120 kB
Writeback:             0 kB
AnonPages:        928608 kB
Mapped:           764852 kB
Shmem:             14396 kB
Slab:             180020 kB
SReclaimable:      45232 kB
SUnreclaim:       134788 kB
KernelStack:       36768 kB
PageTables:        51196 kB
NFS_Unstable:          0 kB
Bounce:                0 kB
WritebackTmp:          0 kB
CommitLimit:     7105828 kB
Committed_AS:   61874864 kB
VmallocTotal:   263061440 kB
VmallocUsed:       61852 kB
VmallocChunk:          0 kB
Percpu:             2208 kB
CmaTotal:         294912 kB
CmaFree:              12 kB
MemTotal:       12114512 kB
MemFree:         7548700 kB
MemAvailable:    8678772 kB
Buffers:            3732 kB
Cached:          1227560 kB
SwapCached:            0 kB
Active:          1067480 kB
Inactive:        1088552 kB
Active(anon):     928932 kB
Inactive(anon):    13448 kB
Active(file):     138548 kB
Inactive(file):  1075104 kB
Unevictable:        4112 kB
Mlocked:            4112 kB
SwapTotal:       1048572 kB
SwapFree:        1048572 kB
Dirty:                88 kB
Writeback:             0 kB
AnonPages:        929040 kB
Mapped:           764744 kB
Shmem:             14396 kB
Slab:             180020 kB
SReclaimable:      45232 kB
SUnreclaim:       134788 kB
KernelStack:       36784 kB
PageTables:        51208 kB
NFS_Unstable:          0 kB
Bounce:                0 kB
WritebackTmp:          0 kB
CommitLimit:     7105828 kB
Committed_AS:   61869072 kB
VmallocTotal:   263061440 kB
VmallocUsed:       61868 kB
VmallocChunk:          0 kB
Percpu:             2208 kB
CmaTotal:         294912 kB
CmaFree:              32 kB
MemTotal:       12114512 kB
MemFree:         7547976 kB
MemAvailable:    8678048 kB
Buffers:            3732 kB
Cached:          1227560 kB
SwapCached:            0 kB
Active:          1068008 kB
Inactive:        1088556 kB
Active(anon):     929464 kB
Inactive(anon):    13448 kB
Active(file):     138544 kB
Inactive(file):  1075108 kB
Unevictable:        4112 kB
Mlocked:            4112 kB
SwapTotal:       1048572 kB
SwapFree:        1048572 kB
Dirty:               108 kB
Writeback:            16 kB
AnonPages:        929404 kB
Mapped:           764860 kB
Shmem:             14396 kB
Slab:             180032 kB
SReclaimable:      45232 kB
SUnreclaim:       134800 kB
KernelStack:       36784 kB
PageTables:        51436 kB
NFS_Unstable:          0 kB
Bounce:                0 kB
WritebackTmp:          0 kB
CommitLimit:     7105828 kB
Committed_AS:   61865592 kB
VmallocTotal:   263061440 kB
VmallocUsed:       61804 kB
VmallocChunk:          0 kB
Percpu:             2208 kB
CmaTotal:         294912 kB
CmaFree:               0 kB
MemTotal:       12114512 kB
MemFree:         7547544 kB
MemAvailable:    8677616 kB
Buffers:            3732 kB
Cached:          1227560 kB
SwapCached:            0 kB
Active:          1068156 kB
Inactive:        1088556 kB
Active(anon):     929612 kB
Inactive(anon):    13448 kB
Active(file):     138544 kB
Inactive(file):  1075108 kB
Unevictable:        4112 kB
Mlocked:            4112 kB
SwapTotal:       1048572 kB
SwapFree:        1048572 kB
Dirty:               108 kB
Writeback:             0 kB
AnonPages:        929568 kB
Mapped:           764744 kB
Shmem:             14396 kB
Slab:             180040 kB
SReclaimable:      45232 kB
SUnreclaim:       134808 kB
KernelStack:       36784 kB
PageTables:        51204 kB
NFS_Unstable:          0 kB
Bounce:                0 kB
WritebackTmp:          0 kB
CommitLimit:     7105828 kB
Committed_AS:   61865552 kB
VmallocTotal:   263061440 kB
VmallocUsed:       61852 kB
VmallocChunk:          0 kB
Percpu:             2208 kB
CmaTotal:         294912 kB
CmaFree:              16 kB
MemTotal:       12114512 kB
MemFree:         7547372 kB
MemAvailable:    8677448 kB
Buffers:            3732 kB
Cached:          1227564 kB
SwapCached:            0 kB
Active:          1068252 kB
Inactive:        1088560 kB
Active(anon):     929708 kB
Inactive(anon):    13448 kB
Active(file):     138544 kB
Inactive(file):  1075112 kB
Unevictable:        4112 kB
Mlocked:            4112 kB
SwapTotal:       1048572 kB
SwapFree:        1048572 kB
Dirty:               112 kB
Writeback:             0 kB
AnonPages:        929648 kB
Mapped:           764748 kB
Shmem:             14396 kB
Slab:             180020 kB
SReclaimable:      45232 kB
SUnreclaim:       134788 kB
KernelStack:       36784 kB
PageTables:        51244 kB
NFS_Unstable:          0 kB
Bounce:                0 kB
WritebackTmp:          0 kB
CommitLimit:     7105828 kB
Committed_AS:   61871600 kB
VmallocTotal:   263061440 kB
VmallocUsed:       61804 kB
VmallocChunk:          0 kB
Percpu:             2208 kB
CmaTotal:         294912 kB
CmaFree:               4 kB
MemTotal:       12114512 kB
MemFree:         7547268 kB
MemAvailable:    8677348 kB
Buffers:            3732 kB
Cached:          1227568 kB
SwapCached:            0 kB
Active:          1068828 kB
Inactive:        1088564 kB
Active(anon):     930284 kB
Inactive(anon):    13448 kB
Active(file):     138544 kB
Inactive(file):  1075116 kB
Unevictable:        4112 kB
Mlocked:            4112 kB
SwapTotal:       1048572 kB
SwapFree:        1048572 kB
Dirty:               116 kB
Writeback:             0 kB
AnonPages:        930272 kB
Mapped:           764748 kB
Shmem:             14396 kB
Slab:             180028 kB
SReclaimable:      45232 kB
SUnreclaim:       134796 kB
KernelStack:       36800 kB
PageTables:        51252 kB
NFS_Unstable:          0 kB
Bounce:                0 kB
WritebackTmp:          0 kB
CommitLimit:     7105828 kB
Committed_AS:   61865728 kB
VmallocTotal:   263061440 kB
VmallocUsed:       61756 kB
VmallocChunk:          0 kB
Percpu:             2208 kB
CmaTotal:         294912 kB
CmaFree:               0 kB
MemTotal:       12114512 kB
MemFree:         7546492 kB
MemAvailable:    8676572 kB
Buffers:            3732 kB
Cached:          1227568 kB
SwapCached:            0 kB
Active:          1069088 kB
Inactive:        1088564 kB
Active(anon):     930544 kB
Inactive(anon):    13448 kB
Active(file):     138544 kB
Inactive(file):  1075116 kB
Unevictable:        4112 kB
Mlocked:            4112 kB
SwapTotal:       1048572 kB
SwapFree:        1048572 kB
Dirty:                92 kB
Writeback:             0 kB
AnonPages:        930596 kB
Mapped:           764752 kB
Shmem:             14396 kB
Slab:             180128 kB
SReclaimable:      45232 kB
SUnreclaim:       134896 kB
KernelStack:       36768 kB
PageTables:        51252 kB
NFS_Unstable:          0 kB
Bounce:                0 kB
WritebackTmp:          0 kB
CommitLimit:     7105828 kB
Committed_AS:   61873532 kB
VmallocTotal:   263061440 kB
VmallocUsed:       61788 kB
VmallocChunk:          0 kB
Percpu:             2208 kB
CmaTotal:         294912 kB
CmaFree:               0 kB
MemTotal:       12114512 kB
MemFree:         7551396 kB
MemAvailable:    8676124 kB
Buffers:            3732 kB
Cached:          1222528 kB
SwapCached:            0 kB
Active:          1070956 kB
Inactive:        1083528 kB
Active(anon):     932408 kB
Inactive(anon):    13448 kB
Active(file):     138548 kB
Inactive(file):  1070080 kB
Unevictable:        4112 kB
Mlocked:            4112 kB
SwapTotal:       1048572 kB
SwapFree:        1048572 kB
Dirty:              1728 kB
Writeback:             0 kB
AnonPages:        932480 kB
Mapped:           764988 kB
Shmem:             14396 kB
Slab:             179424 kB
SReclaimable:      44592 kB
SUnreclaim:       134832 kB
KernelStack:       36768 kB
PageTables:        51176 kB
NFS_Unstable:          0 kB
Bounce:                0 kB
WritebackTmp:          0 kB
CommitLimit:     7105828 kB
Committed_AS:   61867688 kB
VmallocTotal:   263061440 kB
VmallocUsed:       61820 kB
VmallocChunk:          0 kB
Percpu:             2208 kB
CmaTotal:         294912 kB
CmaFree:              28 kB
MemTotal:       12114512 kB
MemFree:         7547020 kB
MemAvailable:    8677120 kB
Buffers:            3732 kB
Cached:          1227584 kB
SwapCached:            0 kB
Active:          1069668 kB
Inactive:        1088580 kB
Active(anon):     931124 kB
Inactive(anon):    13448 kB
Active(file):     138544 kB
Inactive(file):  1075132 kB
Unevictable:        4112 kB
Mlocked:            4112 kB
SwapTotal:       1048572 kB
SwapFree:        1048572 kB
Dirty:              6800 kB
Writeback:            16 kB
AnonPages:        931016 kB
Mapped:           765112 kB
Shmem:             14396 kB
Slab:             180064 kB
SReclaimable:      45236 kB
SUnreclaim:       134828 kB
KernelStack:       36880 kB
PageTables:        51376 kB
NFS_Unstable:          0 kB
Bounce:                0 kB
WritebackTmp:          0 kB
CommitLimit:     7105828 kB
Committed_AS:   61879120 kB
VmallocTotal:   263061440 kB
VmallocUsed:       61820 kB
VmallocChunk:          0 kB
Percpu:             2208 kB
CmaTotal:         294912 kB
CmaFree:               0 kB
MemTotal:       12114512 kB
MemFree:         7546148 kB
MemAvailable:    8676256 kB
Buffers:            3732 kB
Cached:          1227592 kB
SwapCached:            0 kB
Active:          1069556 kB
Inactive:        1088588 kB
Active(anon):     931012 kB
Inactive(anon):    13448 kB
Active(file):     138544 kB
Inactive(file):  1075140 kB
Unevictable:        4112 kB
Mlocked:            4112 kB
SwapTotal:       1048572 kB
SwapFree:        1048572 kB
Dirty:              6808 kB
Writeback:             0 kB
AnonPages:        931048 kB
Mapped:           764748 kB
Shmem:             14396 kB
Slab:             180072 kB
SReclaimable:      45236 kB
SUnreclaim:       134836 kB
KernelStack:       36768 kB
PageTables:        51256 kB
NFS_Unstable:          0 kB
Bounce:                0 kB
WritebackTmp:          0 kB
CommitLimit:     7105828 kB
Committed_AS:   61869280 kB
VmallocTotal:   263061440 kB
VmallocUsed:       61836 kB
VmallocChunk:          0 kB
Percpu:             2208 kB
CmaTotal:         294912 kB
CmaFree:               0 kB
MemTotal:       12114512 kB
MemFree:         7550216 kB
MemAvailable:    8680324 kB
Buffers:            3732 kB
Cached:          1227592 kB
SwapCached:            0 kB
Active:          1065472 kB
Inactive:        1088588 kB
Active(anon):     926928 kB
Inactive(anon):    13448 kB
Active(file):     138544 kB
Inactive(file):  1075140 kB
Unevictable:        4112 kB
Mlocked:            4112 kB
SwapTotal:       1048572 kB
SwapFree:        1048572 kB
Dirty:              6808 kB
Writeback:             0 kB
AnonPages:        926732 kB
Mapped:           764976 kB
Shmem:             14396 kB
Slab:             180064 kB
SReclaimable:      45236 kB
SUnreclaim:       134828 kB
KernelStack:       36788 kB
PageTables:        51196 kB
NFS_Unstable:          0 kB
Bounce:                0 kB
WritebackTmp:          0 kB
CommitLimit:     7105828 kB
Committed_AS:   61880248 kB
VmallocTotal:   263061440 kB
VmallocUsed:       61852 kB
VmallocChunk:          0 kB
Percpu:             2208 kB
CmaTotal:         294912 kB
CmaFree:               0 kB
MemTotal:       12114512 kB
MemFree:         7550612 kB
MemAvailable:    8680724 kB
Buffers:            3732 kB
Cached:          1227596 kB
SwapCached:            0 kB
Active:          1065624 kB
Inactive:        1088592 kB
Active(anon):     927080 kB
Inactive(anon):    13448 kB
Active(file):     138544 kB
Inactive(file):  1075144 kB
Unevictable:        4112 kB
Mlocked:            4112 kB
SwapTotal:       1048572 kB
SwapFree:        1048572 kB
Dirty:              6768 kB
Writeback:             0 kB
AnonPages:        926924 kB
Mapped:           764972 kB
Shmem:             14396 kB
Slab:             180060 kB
SReclaimable:      45236 kB
SUnreclaim:       134824 kB
KernelStack:       36752 kB
PageTables:        51196 kB
NFS_Unstable:          0 kB
Bounce:                0 kB
WritebackTmp:          0 kB
CommitLimit:     7105828 kB
Committed_AS:   61880320 kB
VmallocTotal:   263061440 kB
VmallocUsed:       61852 kB
VmallocChunk:          0 kB
Percpu:             2208 kB
CmaTotal:         294912 kB
CmaFree:               8 kB
MemTotal:       12114512 kB
MemFree:         7550372 kB
MemAvailable:    8680488 kB
Buffers:            3736 kB
Cached:          1227500 kB
SwapCached:            0 kB
Active:          1065212 kB
Inactive:        1088500 kB
Active(anon):     926668 kB
Inactive(anon):    13352 kB
Active(file):     138544 kB
Inactive(file):  1075148 kB
Unevictable:        4112 kB
Mlocked:            4112 kB
SwapTotal:       1048572 kB
SwapFree:        1048572 kB
Dirty:               300 kB
Writeback:             0 kB
AnonPages:        926584 kB
Mapped:           764620 kB
Shmem:             14300 kB
Slab:             180068 kB
SReclaimable:      45236 kB
SUnreclaim:       134832 kB
KernelStack:       36768 kB
PageTables:        51328 kB
NFS_Unstable:          0 kB
Bounce:                0 kB
WritebackTmp:          0 kB
CommitLimit:     7105828 kB
Committed_AS:   61859328 kB
VmallocTotal:   263061440 kB
VmallocUsed:       61804 kB
VmallocChunk:          0 kB
Percpu:             2208 kB
CmaTotal:         294912 kB
CmaFree:               0 kB
MemTotal:       12114512 kB
MemFree:         7549936 kB
MemAvailable:    8680296 kB
Buffers:            3736 kB
Cached:          1227744 kB
SwapCached:            0 kB
Active:          1065928 kB
Inactive:        1088736 kB
Active(anon):     927376 kB
Inactive(anon):    13352 kB
Active(file):     138552 kB
Inactive(file):  1075384 kB
Unevictable:        4112 kB
Mlocked:            4112 kB
SwapTotal:       1048572 kB
SwapFree:        1048572 kB
Dirty:               200 kB
Writeback:             0 kB
AnonPages:        927380 kB
Mapped:           764876 kB
Shmem:             14300 kB
Slab:             180072 kB
SReclaimable:      45240 kB
SUnreclaim:       134832 kB
KernelStack:       36720 kB
PageTables:        51192 kB
NFS_Unstable:          0 kB
Bounce:                0 kB
WritebackTmp:          0 kB
CommitLimit:     7105828 kB
Committed_AS:   61864776 kB
VmallocTotal:   263061440 kB
VmallocUsed:       61820 kB
VmallocChunk:          0 kB
Percpu:             2208 kB
CmaTotal:         294912 kB
CmaFree:              12 kB
MemTotal:       12114512 kB
MemFree:         7541776 kB
MemAvailable:    8672120 kB
Buffers:            3736 kB
Cached:          1227948 kB
SwapCached:            0 kB
Active:          1074832 kB
Inactive:        1088948 kB
Active(anon):     936288 kB
Inactive(anon):    13572 kB
Active(file):     138544 kB
Inactive(file):  1075376 kB
Unevictable:        4112 kB
Mlocked:            4112 kB
SwapTotal:       1048572 kB
SwapFree:        1048572 kB
Dirty:               188 kB
Writeback:             8 kB
AnonPages:        935872 kB
Mapped:           764876 kB
Shmem:             14520 kB
Slab:             180108 kB
SReclaimable:      45240 kB
SUnreclaim:       134868 kB
KernelStack:       36752 kB
PageTables:        51380 kB
NFS_Unstable:          0 kB
Bounce:                0 kB
WritebackTmp:          0 kB
CommitLimit:     7105828 kB
Committed_AS:   61875780 kB
VmallocTotal:   263061440 kB
VmallocUsed:       61756 kB
VmallocChunk:          0 kB
Percpu:             2208 kB
CmaTotal:         294912 kB
CmaFree:               0 kB
MemTotal:       12114512 kB
MemFree:         7552308 kB
MemAvailable:    8682684 kB
Buffers:            3736 kB
Cached:          1227760 kB
SwapCached:            0 kB
Active:          1064024 kB
Inactive:        1088756 kB
Active(anon):     925476 kB
Inactive(anon):    13352 kB
Active(file):     138548 kB
Inactive(file):  1075404 kB
Unevictable:        4112 kB
Mlocked:            4112 kB
SwapTotal:       1048572 kB
SwapFree:        1048572 kB
Dirty:               216 kB
Writeback:             0 kB
AnonPages:        925620 kB
Mapped:           764652 kB
Shmem:             14300 kB
Slab:             180076 kB
SReclaimable:      45240 kB
SUnreclaim:       134836 kB
KernelStack:       36736 kB
PageTables:        51192 kB
NFS_Unstable:          0 kB
Bounce:                0 kB
WritebackTmp:          0 kB
CommitLimit:     7105828 kB
Committed_AS:   61863372 kB
VmallocTotal:   263061440 kB
VmallocUsed:       61756 kB
VmallocChunk:          0 kB
Percpu:             2208 kB
CmaTotal:         294912 kB
CmaFree:               0 kB
MemTotal:       12114512 kB
MemFree:         7551004 kB
MemAvailable:    8680168 kB
Buffers:            3736 kB
Cached:          1226816 kB
SwapCached:            0 kB
Active:          1065348 kB
Inactive:        1087700 kB
Active(anon):     926800 kB
Inactive(anon):    13352 kB
Active(file):     138548 kB
Inactive(file):  1074348 kB
Unevictable:        4112 kB
Mlocked:            4112 kB
SwapTotal:       1048572 kB
SwapFree:        1048572 kB
Dirty:              5840 kB
Writeback:             0 kB
AnonPages:        926656 kB
Mapped:           764780 kB
Shmem:             14300 kB
Slab:             179744 kB
SReclaimable:      44924 kB
SUnreclaim:       134820 kB
KernelStack:       36736 kB
PageTables:        51172 kB
NFS_Unstable:          0 kB
Bounce:                0 kB
WritebackTmp:          0 kB
CommitLimit:     7105828 kB
Committed_AS:   61869112 kB
VmallocTotal:   263061440 kB
VmallocUsed:       61788 kB
VmallocChunk:          0 kB
Percpu:             2208 kB
CmaTotal:         294912 kB
CmaFree:              24 kB
MemTotal:       12114512 kB
MemFree:         7547364 kB
MemAvailable:    8677724 kB
Buffers:            3736 kB
Cached:          1227744 kB
SwapCached:            0 kB
Active:          1067952 kB
Inactive:        1088740 kB
Active(anon):     929404 kB
Inactive(anon):    13352 kB
Active(file):     138548 kB
Inactive(file):  1075388 kB
Unevictable:        4112 kB
Mlocked:            4112 kB
SwapTotal:       1048572 kB
SwapFree:        1048572 kB
Dirty:              6848 kB
Writeback:             0 kB
AnonPages:        929440 kB
Mapped:           764684 kB
Shmem:             14300 kB
Slab:             180116 kB
SReclaimable:      45236 kB
SUnreclaim:       134880 kB
KernelStack:       36800 kB
PageTables:        51240 kB
NFS_Unstable:          0 kB
Bounce:                0 kB
WritebackTmp:          0 kB
CommitLimit:     7105828 kB
Committed_AS:   61876576 kB
VmallocTotal:   263061440 kB
VmallocUsed:       61788 kB
VmallocChunk:          0 kB
Percpu:             2208 kB
CmaTotal:         294912 kB
CmaFree:               0 kB
MemTotal:       12114512 kB
MemFree:         7548056 kB
MemAvailable:    8678428 kB
Buffers:            3740 kB
Cached:          1227752 kB
SwapCached:            0 kB
Active:          1068496 kB
Inactive:        1088752 kB
Active(anon):     929948 kB
Inactive(anon):    13352 kB
Active(file):     138548 kB
Inactive(file):  1075400 kB
Unevictable:        4112 kB
Mlocked:            4112 kB
SwapTotal:       1048572 kB
SwapFree:        1048572 kB
Dirty:              6812 kB
Writeback:             0 kB
AnonPages:        929496 kB
Mapped:           764656 kB
Shmem:             14300 kB
Slab:             180068 kB
SReclaimable:      45236 kB
SUnreclaim:       134832 kB
KernelStack:       36768 kB
PageTables:        51200 kB
NFS_Unstable:          0 kB
Bounce:                0 kB
WritebackTmp:          0 kB
CommitLimit:     7105828 kB
Committed_AS:   61875888 kB
VmallocTotal:   263061440 kB
VmallocUsed:       61788 kB
VmallocChunk:          0 kB
Percpu:             2208 kB
CmaTotal:         294912 kB
CmaFree:               0 kB
MemTotal:       12114512 kB
MemFree:         7544128 kB
MemAvailable:    8674600 kB
Buffers:            3740 kB
Cached:          1227788 kB
SwapCached:            0 kB
Active:          1072852 kB
Inactive:        1088784 kB
Active(anon):     934300 kB
Inactive(anon):    13352 kB
Active(file):     138552 kB
Inactive(file):  1075432 kB
Unevictable:        4112 kB
Mlocked:            4112 kB
SwapTotal:       1048572 kB
SwapFree:        1048572 kB
Dirty:              6868 kB
Writeback:             0 kB
AnonPages:        934172 kB
Mapped:           764876 kB
Shmem:             14300 kB
Slab:             180068 kB
SReclaimable:      45236 kB
SUnreclaim:       134832 kB
KernelStack:       36656 kB
PageTables:        51132 kB
NFS_Unstable:          0 kB
Bounce:                0 kB
WritebackTmp:          0 kB
CommitLimit:     7105828 kB
Committed_AS:   61878744 kB
VmallocTotal:   263061440 kB
VmallocUsed:       61740 kB
VmallocChunk:          0 kB
Percpu:             2208 kB
CmaTotal:         294912 kB
CmaFree:               0 kB
MemTotal:       12114512 kB
MemFree:         7536440 kB
MemAvailable:    8667000 kB
Buffers:            3740 kB
Cached:          1227816 kB
SwapCached:            0 kB
Active:          1080276 kB
Inactive:        1088812 kB
Active(anon):     941724 kB
Inactive(anon):    13232 kB
Active(file):     138552 kB
Inactive(file):  1075580 kB
Unevictable:        4112 kB
Mlocked:            4112 kB
SwapTotal:       1048572 kB
SwapFree:        1048572 kB
Dirty:              7016 kB
Writeback:             0 kB
AnonPages:        941728 kB
Mapped:           764532 kB
Shmem:             14180 kB
Slab:             180096 kB
SReclaimable:      45248 kB
SUnreclaim:       134848 kB
KernelStack:       36688 kB
PageTables:        51184 kB
NFS_Unstable:          0 kB
Bounce:                0 kB
WritebackTmp:          0 kB
CommitLimit:     7105828 kB
Committed_AS:   61884780 kB
VmallocTotal:   263061440 kB
VmallocUsed:       61724 kB
VmallocChunk:          0 kB
Percpu:             2208 kB
CmaTotal:         294912 kB
CmaFree:              12 kB
MemTotal:       12114512 kB
MemFree:         7536632 kB
MemAvailable:    8667196 kB
Buffers:            3740 kB
Cached:          1227940 kB
SwapCached:            0 kB
Active:          1080516 kB
Inactive:        1088936 kB
Active(anon):     941964 kB
Inactive(anon):    13352 kB
Active(file):     138552 kB
Inactive(file):  1075584 kB
Unevictable:        4112 kB
Mlocked:            4112 kB
SwapTotal:       1048572 kB
SwapFree:        1048572 kB
Dirty:              7000 kB
Writeback:             0 kB
AnonPages:        941736 kB
Mapped:           764876 kB
Shmem:             14300 kB
Slab:             180160 kB
SReclaimable:      45248 kB
SUnreclaim:       134912 kB
KernelStack:       36672 kB
PageTables:        51260 kB
NFS_Unstable:          0 kB
Bounce:                0 kB
WritebackTmp:          0 kB
CommitLimit:     7105828 kB
Committed_AS:   61874660 kB
VmallocTotal:   263061440 kB
VmallocUsed:       61724 kB
VmallocChunk:          0 kB
Percpu:             2208 kB
CmaTotal:         294912 kB
CmaFree:               0 kB
MemTotal:       12114512 kB
MemFree:         7546888 kB
MemAvailable:    8677412 kB
Buffers:            3740 kB
Cached:          1227940 kB
SwapCached:            0 kB
Active:          1069692 kB
Inactive:        1088936 kB
Active(anon):     931140 kB
Inactive(anon):    13352 kB
Active(file):     138552 kB
Inactive(file):  1075584 kB
Unevictable:        4112 kB
Mlocked:            4112 kB
SwapTotal:       1048572 kB
SwapFree:        1048572 kB
Dirty:              7000 kB
Writeback:             0 kB
AnonPages:        930880 kB
Mapped:           764792 kB
Shmem:             14300 kB
Slab:             180080 kB
SReclaimable:      45168 kB
SUnreclaim:       134912 kB
KernelStack:       36688 kB
PageTables:        51236 kB
NFS_Unstable:          0 kB
Bounce:                0 kB
WritebackTmp:          0 kB
CommitLimit:     7105828 kB
Committed_AS:   61874352 kB
VmallocTotal:   263061440 kB
VmallocUsed:       61724 kB
VmallocChunk:          0 kB
Percpu:             2208 kB
CmaTotal:         294912 kB
CmaFree:               0 kB
MemTotal:       12114512 kB
MemFree:         7553684 kB
MemAvailable:    8684232 kB
Buffers:            3740 kB
Cached:          1227964 kB
SwapCached:            0 kB
Active:          1062800 kB
Inactive:        1088960 kB
Active(anon):     924248 kB
Inactive(anon):    13352 kB
Active(file):     138552 kB
Inactive(file):  1075608 kB
Unevictable:        4112 kB
Mlocked:            4112 kB
SwapTotal:       1048572 kB
SwapFree:        1048572 kB
Dirty:              6888 kB
Writeback:             0 kB
AnonPages:        923972 kB
Mapped:           764876 kB
Shmem:             14300 kB
Slab:             180064 kB
SReclaimable:      45168 kB
SUnreclaim:       134896 kB
KernelStack:       36672 kB
PageTables:        51132 kB
NFS_Unstable:          0 kB
Bounce:                0 kB
WritebackTmp:          0 kB
CommitLimit:     7105828 kB
Committed_AS:   61883632 kB
VmallocTotal:   263061440 kB
VmallocUsed:       61724 kB
VmallocChunk:          0 kB
Percpu:             2208 kB
CmaTotal:         294912 kB
CmaFree:               0 kB
MemTotal:       12114512 kB
MemFree:         7556704 kB
MemAvailable:    8687256 kB
Buffers:            3740 kB
Cached:          1227968 kB
SwapCached:            0 kB
Active:          1059672 kB
Inactive:        1088964 kB
Active(anon):     921120 kB
Inactive(anon):    13352 kB
Active(file):     138552 kB
Inactive(file):  1075612 kB
Unevictable:        4112 kB
Mlocked:            4112 kB
SwapTotal:       1048572 kB
SwapFree:        1048572 kB
Dirty:              6892 kB
Writeback:             0 kB
AnonPages:        920584 kB
Mapped:           764880 kB
Shmem:             14300 kB
Slab:             180032 kB
SReclaimable:      45168 kB
SUnreclaim:       134864 kB
KernelStack:       36692 kB
PageTables:        51128 kB
NFS_Unstable:          0 kB
Bounce:                0 kB
WritebackTmp:          0 kB
CommitLimit:     7105828 kB
Committed_AS:   61874324 kB
VmallocTotal:   263061440 kB
VmallocUsed:       61724 kB
VmallocChunk:          0 kB
Percpu:             2208 kB
CmaTotal:         294912 kB
CmaFree:               0 kB
MemTotal:       12114512 kB
MemFree:         7556032 kB
MemAvailable:    8686584 kB
Buffers:            3740 kB
Cached:          1227968 kB
SwapCached:            0 kB
Active:          1059772 kB
Inactive:        1088960 kB
Active(anon):     921216 kB
Inactive(anon):    13352 kB
Active(file):     138556 kB
Inactive(file):  1075608 kB
Unevictable:        4112 kB
Mlocked:            4112 kB
SwapTotal:       1048572 kB
SwapFree:        1048572 kB
Dirty:              6892 kB
Writeback:             0 kB
AnonPages:        921072 kB
Mapped:           764876 kB
Shmem:             14300 kB
Slab:             180044 kB
SReclaimable:      45168 kB
SUnreclaim:       134876 kB
KernelStack:       36708 kB
PageTables:        51132 kB
NFS_Unstable:          0 kB
Bounce:                0 kB
WritebackTmp:          0 kB
CommitLimit:     7105828 kB
Committed_AS:   61874192 kB
VmallocTotal:   263061440 kB
VmallocUsed:       61740 kB
VmallocChunk:          0 kB
Percpu:             2208 kB
CmaTotal:         294912 kB
CmaFree:               0 kB
MemTotal:       12114512 kB
MemFree:         7555780 kB
MemAvailable:    8686396 kB
Buffers:            3748 kB
Cached:          1228020 kB
SwapCached:            0 kB
Active:          1059968 kB
Inactive:        1089012 kB
Active(anon):     921404 kB
Inactive(anon):    13352 kB
Active(file):     138564 kB
Inactive(file):  1075660 kB
Unevictable:        4112 kB
Mlocked:            4112 kB
SwapTotal:       1048572 kB
SwapFree:        1048572 kB
Dirty:               204 kB
Writeback:             0 kB
AnonPages:        921664 kB
Mapped:           764880 kB
Shmem:             14300 kB
Slab:             180024 kB
SReclaimable:      45172 kB
SUnreclaim:       134852 kB
KernelStack:       36692 kB
PageTables:        51140 kB
NFS_Unstable:          0 kB
Bounce:                0 kB
WritebackTmp:          0 kB
CommitLimit:     7105828 kB
Committed_AS:   61879668 kB
VmallocTotal:   263061440 kB
VmallocUsed:       61740 kB
VmallocChunk:          0 kB
Percpu:             2208 kB
CmaTotal:         294912 kB
CmaFree:               0 kB
MemTotal:       12114512 kB
MemFree:         7557800 kB
MemAvailable:    8694048 kB
Buffers:            3748 kB
Cached:          1227980 kB
SwapCached:            0 kB
Active:          1059048 kB
Inactive:        1089012 kB
Active(anon):     920484 kB
Inactive(anon):    13352 kB
Active(file):     138564 kB
Inactive(file):  1075660 kB
Unevictable:        4112 kB
Mlocked:            4112 kB
SwapTotal:       1048572 kB
SwapFree:        1048572 kB
Dirty:               188 kB
Writeback:             0 kB
AnonPages:        920280 kB
Mapped:           764836 kB
Shmem:             14260 kB
Slab:             180032 kB
SReclaimable:      45172 kB
SUnreclaim:       134860 kB
KernelStack:       36640 kB
PageTables:        51132 kB
NFS_Unstable:          0 kB
Bounce:                0 kB
WritebackTmp:          0 kB
CommitLimit:     7105828 kB
Committed_AS:   61875256 kB
VmallocTotal:   263061440 kB
VmallocUsed:       61740 kB
VmallocChunk:          0 kB
Percpu:             2208 kB
CmaTotal:         294912 kB
CmaFree:              60 kB
MemTotal:       12114512 kB
MemFree:         7557920 kB
MemAvailable:    8694200 kB
Buffers:            3748 kB
Cached:          1228012 kB
SwapCached:            0 kB
Active:          1059464 kB
Inactive:        1089044 kB
Active(anon):     920900 kB
Inactive(anon):    13352 kB
Active(file):     138564 kB
Inactive(file):  1075692 kB
Unevictable:        4112 kB
Mlocked:            4112 kB
SwapTotal:       1048572 kB
SwapFree:        1048572 kB
Dirty:               240 kB
Writeback:             0 kB
AnonPages:        920588 kB
Mapped:           764752 kB
Shmem:             14260 kB
Slab:             180012 kB
SReclaimable:      45172 kB
SUnreclaim:       134840 kB
KernelStack:       36704 kB
PageTables:        51232 kB
NFS_Unstable:          0 kB
Bounce:                0 kB
WritebackTmp:          0 kB
CommitLimit:     7105828 kB
Committed_AS:   61874860 kB
VmallocTotal:   263061440 kB
VmallocUsed:       61740 kB
VmallocChunk:          0 kB
Percpu:             2208 kB
CmaTotal:         294912 kB
CmaFree:               0 kB
MemTotal:       12114512 kB
MemFree:         7561508 kB
MemAvailable:    8697792 kB
Buffers:            3748 kB
Cached:          1228016 kB
SwapCached:            0 kB
Active:          1053388 kB
Inactive:        1089048 kB
Active(anon):     914824 kB
Inactive(anon):    13352 kB
Active(file):     138564 kB
Inactive(file):  1075696 kB
Unevictable:        4112 kB
Mlocked:            4112 kB
SwapTotal:       1048572 kB
SwapFree:        1048572 kB
Dirty:               244 kB
Writeback:             0 kB
AnonPages:        914888 kB
Mapped:           764644 kB
Shmem:             14260 kB
Slab:             180028 kB
SReclaimable:      45172 kB
SUnreclaim:       134856 kB
KernelStack:       36736 kB
PageTables:        51244 kB
NFS_Unstable:          0 kB
Bounce:                0 kB
WritebackTmp:          0 kB
CommitLimit:     7105828 kB
Committed_AS:   61870304 kB
VmallocTotal:   263061440 kB
VmallocUsed:       61740 kB
VmallocChunk:          0 kB
Percpu:             2208 kB
CmaTotal:         294912 kB
CmaFree:             368 kB
MemTotal:       12114512 kB
MemFree:         7562096 kB
MemAvailable:    8698380 kB
Buffers:            3748 kB
Cached:          1228016 kB
SwapCached:            0 kB
Active:          1053972 kB
Inactive:        1089048 kB
Active(anon):     915408 kB
Inactive(anon):    13352 kB
Active(file):     138564 kB
Inactive(file):  1075696 kB
Unevictable:        4112 kB
Mlocked:            4112 kB
SwapTotal:       1048572 kB
SwapFree:        1048572 kB
Dirty:               244 kB
Writeback:             0 kB
AnonPages:        915576 kB
Mapped:           764736 kB
Shmem:             14260 kB
Slab:             180020 kB
SReclaimable:      45172 kB
SUnreclaim:       134848 kB
KernelStack:       36704 kB
PageTables:        51224 kB
NFS_Unstable:          0 kB
Bounce:                0 kB
WritebackTmp:          0 kB
CommitLimit:     7105828 kB
Committed_AS:   61870084 kB
VmallocTotal:   263061440 kB
VmallocUsed:       61740 kB
VmallocChunk:          0 kB
Percpu:             2208 kB
CmaTotal:         294912 kB
CmaFree:               0 kB
MemTotal:       12114512 kB
MemFree:         7563372 kB
MemAvailable:    8699700 kB
Buffers:            3748 kB
Cached:          1228060 kB
SwapCached:            0 kB
Active:          1053108 kB
Inactive:        1089092 kB
Active(anon):     914544 kB
Inactive(anon):    13352 kB
Active(file):     138564 kB
Inactive(file):  1075740 kB
Unevictable:        4112 kB
Mlocked:            4112 kB
SwapTotal:       1048572 kB
SwapFree:        1048572 kB
Dirty:               200 kB
Writeback:             0 kB
AnonPages:        914444 kB
Mapped:           764612 kB
Shmem:             14260 kB
Slab:             180028 kB
SReclaimable:      45172 kB
SUnreclaim:       134856 kB
KernelStack:       36688 kB
PageTables:        51192 kB
NFS_Unstable:          0 kB
Bounce:                0 kB
WritebackTmp:          0 kB
CommitLimit:     7105828 kB
Committed_AS:   61875124 kB
VmallocTotal:   263061440 kB
VmallocUsed:       61756 kB
VmallocChunk:          0 kB
Percpu:             2208 kB
CmaTotal:         294912 kB
CmaFree:              12 kB
MemTotal:       12114512 kB
MemFree:         7562460 kB
MemAvailable:    8698784 kB
Buffers:            3748 kB
Cached:          1228056 kB
SwapCached:            0 kB
Active:          1054328 kB
Inactive:        1089092 kB
Active(anon):     915768 kB
Inactive(anon):    13352 kB
Active(file):     138560 kB
Inactive(file):  1075740 kB
Unevictable:        4112 kB
Mlocked:            4112 kB
SwapTotal:       1048572 kB
SwapFree:        1048572 kB
Dirty:               212 kB
Writeback:             8 kB
AnonPages:        915940 kB
Mapped:           764616 kB
Shmem:             14260 kB
Slab:             180028 kB
SReclaimable:      45172 kB
SUnreclaim:       134856 kB
KernelStack:       36672 kB
PageTables:        51192 kB
NFS_Unstable:          0 kB
Bounce:                0 kB
WritebackTmp:          0 kB
CommitLimit:     7105828 kB
Committed_AS:   61874728 kB
VmallocTotal:   263061440 kB
VmallocUsed:       61724 kB
VmallocChunk:          0 kB
Percpu:             2208 kB
CmaTotal:         294912 kB
CmaFree:               0 kB
MemTotal:       12114512 kB
MemFree:         7563000 kB
MemAvailable:    8699360 kB
Buffers:            3748 kB
Cached:          1228092 kB
SwapCached:            0 kB
Active:          1053824 kB
Inactive:        1089124 kB
Active(anon):     915260 kB
Inactive(anon):    13352 kB
Active(file):     138564 kB
Inactive(file):  1075772 kB
Unevictable:        4112 kB
Mlocked:            4112 kB
SwapTotal:       1048572 kB
SwapFree:        1048572 kB
Dirty:               244 kB
Writeback:             0 kB
AnonPages:        915276 kB
Mapped:           764840 kB
Shmem:             14260 kB
Slab:             180028 kB
SReclaimable:      45172 kB
SUnreclaim:       134856 kB
KernelStack:       36708 kB
PageTables:        51140 kB
NFS_Unstable:          0 kB
Bounce:                0 kB
WritebackTmp:          0 kB
CommitLimit:     7105828 kB
Committed_AS:   61875260 kB
VmallocTotal:   263061440 kB
VmallocUsed:       61760 kB
VmallocChunk:          0 kB
Percpu:             2208 kB
CmaTotal:         294912 kB
CmaFree:              36 kB
MemTotal:       12114512 kB
MemFree:         7559356 kB
MemAvailable:    8695696 kB
Buffers:            3748 kB
Cached:          1228108 kB
SwapCached:            0 kB
Active:          1054772 kB
Inactive:        1089144 kB
Active(anon):     916208 kB
Inactive(anon):    13352 kB
Active(file):     138564 kB
Inactive(file):  1075792 kB
Unevictable:        4112 kB
Mlocked:            4112 kB
SwapTotal:       1048572 kB
SwapFree:        1048572 kB
Dirty:              7084 kB
Writeback:             0 kB
AnonPages:        916444 kB
Mapped:           764612 kB
Shmem:             14260 kB
Slab:             179948 kB
SReclaimable:      45092 kB
SUnreclaim:       134856 kB
KernelStack:       36688 kB
PageTables:        51192 kB
NFS_Unstable:          0 kB
Bounce:                0 kB
WritebackTmp:          0 kB
CommitLimit:     7105828 kB
Committed_AS:   61875044 kB
VmallocTotal:   263061440 kB
VmallocUsed:       61756 kB
VmallocChunk:          0 kB
Percpu:             2208 kB
CmaTotal:         294912 kB
CmaFree:              36 kB
MemTotal:       12114512 kB
MemFree:         7560812 kB
MemAvailable:    8697328 kB
Buffers:            3748 kB
Cached:          1228244 kB
SwapCached:            0 kB
Active:          1054332 kB
Inactive:        1089276 kB
Active(anon):     915768 kB
Inactive(anon):    13352 kB
Active(file):     138564 kB
Inactive(file):  1075924 kB
Unevictable:        4112 kB
Mlocked:            4112 kB
SwapTotal:       1048572 kB
SwapFree:        1048572 kB
Dirty:              7216 kB
Writeback:             0 kB
AnonPages:        916064 kB
Mapped:           764612 kB
Shmem:             14260 kB
Slab:             180032 kB
SReclaimable:      45184 kB
SUnreclaim:       134848 kB
KernelStack:       36688 kB
PageTables:        51192 kB
NFS_Unstable:          0 kB
Bounce:                0 kB
WritebackTmp:          0 kB
CommitLimit:     7105828 kB
Committed_AS:   61875008 kB
VmallocTotal:   263061440 kB
VmallocUsed:       61740 kB
VmallocChunk:          0 kB
Percpu:             2208 kB
CmaTotal:         294912 kB
CmaFree:               0 kB
MemTotal:       12114512 kB
MemFree:         7561028 kB
MemAvailable:    8697548 kB
Buffers:            3748 kB
Cached:          1228248 kB
SwapCached:            0 kB
Active:          1054256 kB
Inactive:        1089280 kB
Active(anon):     915692 kB
Inactive(anon):    13352 kB
Active(file):     138564 kB
Inactive(file):  1075928 kB
Unevictable:        4112 kB
Mlocked:            4112 kB
SwapTotal:       1048572 kB
SwapFree:        1048572 kB
Dirty:              7236 kB
Writeback:             0 kB
AnonPages:        915840 kB
Mapped:           764620 kB
Shmem:             14260 kB
Slab:             180048 kB
SReclaimable:      45184 kB
SUnreclaim:       134864 kB
KernelStack:       36672 kB
PageTables:        51316 kB
NFS_Unstable:          0 kB
Bounce:                0 kB
WritebackTmp:          0 kB
CommitLimit:     7105828 kB
Committed_AS:   61874920 kB
VmallocTotal:   263061440 kB
VmallocUsed:       61756 kB
VmallocChunk:          0 kB
Percpu:             2208 kB
CmaTotal:         294912 kB
CmaFree:               0 kB
MemTotal:       12114512 kB
MemFree:         7560284 kB
MemAvailable:    8696824 kB
Buffers:            3748 kB
Cached:          1228268 kB
SwapCached:            0 kB
Active:          1054848 kB
Inactive:        1089300 kB
Active(anon):     916284 kB
Inactive(anon):    13352 kB
Active(file):     138564 kB
Inactive(file):  1075948 kB
Unevictable:        4112 kB
Mlocked:            4112 kB
SwapTotal:       1048572 kB
SwapFree:        1048572 kB
Dirty:              7152 kB
Writeback:             0 kB
AnonPages:        916416 kB
Mapped:           764620 kB
Shmem:             14260 kB
Slab:             180040 kB
SReclaimable:      45184 kB
SUnreclaim:       134856 kB
KernelStack:       36656 kB
PageTables:        51192 kB
NFS_Unstable:          0 kB
Bounce:                0 kB
WritebackTmp:          0 kB
CommitLimit:     7105828 kB
Committed_AS:   61869128 kB
VmallocTotal:   263061440 kB
VmallocUsed:       61740 kB
VmallocChunk:          0 kB
Percpu:             2208 kB
CmaTotal:         294912 kB
CmaFree:               0 kB
MemTotal:       12114512 kB
MemFree:         7558812 kB
MemAvailable:    8695356 kB
Buffers:            3748 kB
Cached:          1228272 kB
SwapCached:            0 kB
Active:          1056532 kB
Inactive:        1089304 kB
Active(anon):     917968 kB
Inactive(anon):    13352 kB
Active(file):     138564 kB
Inactive(file):  1075952 kB
Unevictable:        4112 kB
Mlocked:            4112 kB
SwapTotal:       1048572 kB
SwapFree:        1048572 kB
Dirty:              7152 kB
Writeback:             0 kB
AnonPages:        918080 kB
Mapped:           764648 kB
Shmem:             14260 kB
Slab:             180040 kB
SReclaimable:      45184 kB
SUnreclaim:       134856 kB
KernelStack:       36720 kB
PageTables:        51248 kB
NFS_Unstable:          0 kB
Bounce:                0 kB
WritebackTmp:          0 kB
CommitLimit:     7105828 kB
Committed_AS:   61875344 kB
VmallocTotal:   263061440 kB
VmallocUsed:       61740 kB
VmallocChunk:          0 kB
Percpu:             2208 kB
CmaTotal:         294912 kB
CmaFree:               0 kB
MemTotal:       12114512 kB
MemFree:         7560188 kB
MemAvailable:    8696800 kB
Buffers:            3748 kB
Cached:          1228336 kB
SwapCached:            0 kB
Active:          1054948 kB
Inactive:        1089364 kB
Active(anon):     916380 kB
Inactive(anon):    13352 kB
Active(file):     138568 kB
Inactive(file):  1076012 kB
Unevictable:        4112 kB
Mlocked:            4112 kB
SwapTotal:       1048572 kB
SwapFree:        1048572 kB
Dirty:              7220 kB
Writeback:             0 kB
AnonPages:        916004 kB
Mapped:           764796 kB
Shmem:             14260 kB
Slab:             180052 kB
SReclaimable:      45188 kB
SUnreclaim:       134864 kB
KernelStack:       36720 kB
PageTables:        51228 kB
NFS_Unstable:          0 kB
Bounce:                0 kB
WritebackTmp:          0 kB
CommitLimit:     7105828 kB
Committed_AS:   61875168 kB
VmallocTotal:   263061440 kB
VmallocUsed:       61724 kB
VmallocChunk:          0 kB
Percpu:             2208 kB
CmaTotal:         294912 kB
CmaFree:               0 kB
MemTotal:       12114512 kB
MemFree:         7560088 kB
MemAvailable:    8696712 kB
Buffers:            3752 kB
Cached:          1228344 kB
SwapCached:            0 kB
Active:          1055384 kB
Inactive:        1089376 kB
Active(anon):     916816 kB
Inactive(anon):    13352 kB
Active(file):     138568 kB
Inactive(file):  1076024 kB
Unevictable:        4112 kB
Mlocked:            4112 kB
SwapTotal:       1048572 kB
SwapFree:        1048572 kB
Dirty:              7232 kB
Writeback:             0 kB
AnonPages:        916928 kB
Mapped:           764736 kB
Shmem:             14260 kB
Slab:             180036 kB
SReclaimable:      45188 kB
SUnreclaim:       134848 kB
KernelStack:       36752 kB
PageTables:        51352 kB
NFS_Unstable:          0 kB
Bounce:                0 kB
WritebackTmp:          0 kB
CommitLimit:     7105828 kB
Committed_AS:   61864892 kB
VmallocTotal:   263061440 kB
VmallocUsed:       61724 kB
VmallocChunk:          0 kB
Percpu:             2208 kB
CmaTotal:         294912 kB
CmaFree:               0 kB
MemTotal:       12114512 kB
MemFree:         7560324 kB
MemAvailable:    8696980 kB
Buffers:            3752 kB
Cached:          1228376 kB
SwapCached:            0 kB
Active:          1055660 kB
Inactive:        1089404 kB
Active(anon):     917088 kB
Inactive(anon):    13352 kB
Active(file):     138572 kB
Inactive(file):  1076052 kB
Unevictable:        4112 kB
Mlocked:            4112 kB
SwapTotal:       1048572 kB
SwapFree:        1048572 kB
Dirty:              7280 kB
Writeback:             0 kB
AnonPages:        917044 kB
Mapped:           764616 kB
Shmem:             14260 kB
Slab:             180056 kB
SReclaimable:      45192 kB
SUnreclaim:       134864 kB
KernelStack:       36672 kB
PageTables:        51196 kB
NFS_Unstable:          0 kB
Bounce:                0 kB
WritebackTmp:          0 kB
CommitLimit:     7105828 kB
Committed_AS:   61864628 kB
VmallocTotal:   263061440 kB
VmallocUsed:       61740 kB
VmallocChunk:          0 kB
Percpu:             2208 kB
CmaTotal:         294912 kB
CmaFree:               0 kB
MemTotal:       12114512 kB
MemFree:         7560152 kB
MemAvailable:    8696808 kB
Buffers:            3752 kB
Cached:          1228376 kB
SwapCached:            0 kB
Active:          1055960 kB
Inactive:        1089404 kB
Active(anon):     917388 kB
Inactive(anon):    13352 kB
Active(file):     138572 kB
Inactive(file):  1076052 kB
Unevictable:        4112 kB
Mlocked:            4112 kB
SwapTotal:       1048572 kB
SwapFree:        1048572 kB
Dirty:              7212 kB
Writeback:             0 kB
AnonPages:        917260 kB
Mapped:           764760 kB
Shmem:             14260 kB
Slab:             180048 kB
SReclaimable:      45192 kB
SUnreclaim:       134856 kB
KernelStack:       36704 kB
PageTables:        51364 kB
NFS_Unstable:          0 kB
Bounce:                0 kB
WritebackTmp:          0 kB
CommitLimit:     7105828 kB
Committed_AS:   61863040 kB
VmallocTotal:   263061440 kB
VmallocUsed:       61740 kB
VmallocChunk:          0 kB
Percpu:             2208 kB
CmaTotal:         294912 kB
CmaFree:               0 kB
MemTotal:       12114512 kB
MemFree:         7560060 kB
MemAvailable:    8696724 kB
Buffers:            3752 kB
Cached:          1228384 kB
SwapCached:            0 kB
Active:          1056232 kB
Inactive:        1089412 kB
Active(anon):     917660 kB
Inactive(anon):    13352 kB
Active(file):     138572 kB
Inactive(file):  1076060 kB
Unevictable:        4112 kB
Mlocked:            4112 kB
SwapTotal:       1048572 kB
SwapFree:        1048572 kB
Dirty:              7236 kB
Writeback:             4 kB
AnonPages:        917512 kB
Mapped:           764612 kB
Shmem:             14260 kB
Slab:             180056 kB
SReclaimable:      45192 kB
SUnreclaim:       134864 kB
KernelStack:       36688 kB
PageTables:        51192 kB
NFS_Unstable:          0 kB
Bounce:                0 kB
WritebackTmp:          0 kB
CommitLimit:     7105828 kB
Committed_AS:   61863172 kB
VmallocTotal:   263061440 kB
VmallocUsed:       61740 kB
VmallocChunk:          0 kB
Percpu:             2208 kB
CmaTotal:         294912 kB
CmaFree:               0 kB
MemTotal:       12114512 kB
MemFree:         7559420 kB
MemAvailable:    8696188 kB
Buffers:            3752 kB
Cached:          1228488 kB
SwapCached:            0 kB
Active:          1056512 kB
Inactive:        1089516 kB
Active(anon):     917940 kB
Inactive(anon):    13352 kB
Active(file):     138572 kB
Inactive(file):  1076164 kB
Unevictable:        4112 kB
Mlocked:            4112 kB
SwapTotal:       1048572 kB
SwapFree:        1048572 kB
Dirty:              7132 kB
Writeback:             0 kB
AnonPages:        917916 kB
Mapped:           764612 kB
Shmem:             14260 kB
Slab:             180044 kB
SReclaimable:      45192 kB
SUnreclaim:       134852 kB
KernelStack:       36672 kB
PageTables:        51192 kB
NFS_Unstable:          0 kB
Bounce:                0 kB
WritebackTmp:          0 kB
CommitLimit:     7105828 kB
Committed_AS:   61862676 kB
VmallocTotal:   263061440 kB
VmallocUsed:       61708 kB
VmallocChunk:          0 kB
Percpu:             2208 kB
CmaTotal:         294912 kB
CmaFree:               0 kB
MemTotal:       12114512 kB
MemFree:         7559200 kB
MemAvailable:    8695976 kB
Buffers:            3752 kB
Cached:          1228496 kB
SwapCached:            0 kB
Active:          1056776 kB
Inactive:        1089524 kB
Active(anon):     918204 kB
Inactive(anon):    13352 kB
Active(file):     138572 kB
Inactive(file):  1076172 kB
Unevictable:        4112 kB
Mlocked:            4112 kB
SwapTotal:       1048572 kB
SwapFree:        1048572 kB
Dirty:              7160 kB
Writeback:             0 kB
AnonPages:        918172 kB
Mapped:           764840 kB
Shmem:             14260 kB
Slab:             180044 kB
SReclaimable:      45192 kB
SUnreclaim:       134852 kB
KernelStack:       36708 kB
PageTables:        51136 kB
NFS_Unstable:          0 kB
Bounce:                0 kB
WritebackTmp:          0 kB
CommitLimit:     7105828 kB
Committed_AS:   61862268 kB
VmallocTotal:   263061440 kB
VmallocUsed:       61756 kB
VmallocChunk:          0 kB
Percpu:             2208 kB
CmaTotal:         294912 kB
CmaFree:               0 kB
MemTotal:       12114512 kB
MemFree:         7559324 kB
MemAvailable:    8696116 kB
Buffers:            3752 kB
Cached:          1228512 kB
SwapCached:            0 kB
Active:          1056996 kB
Inactive:        1089540 kB
Active(anon):     918424 kB
Inactive(anon):    13352 kB
Active(file):     138572 kB
Inactive(file):  1076188 kB
Unevictable:        4112 kB
Mlocked:            4112 kB
SwapTotal:       1048572 kB
SwapFree:        1048572 kB
Dirty:               164 kB
Writeback:             0 kB
AnonPages:        918480 kB
Mapped:           764612 kB
Shmem:             14260 kB
Slab:             180052 kB
SReclaimable:      45192 kB
SUnreclaim:       134860 kB
KernelStack:       36704 kB
PageTables:        51316 kB
NFS_Unstable:          0 kB
Bounce:                0 kB
WritebackTmp:          0 kB
CommitLimit:     7105828 kB
Committed_AS:   61859072 kB
VmallocTotal:   263061440 kB
VmallocUsed:       61724 kB
VmallocChunk:          0 kB
Percpu:             2208 kB
CmaTotal:         294912 kB
CmaFree:               0 kB
MemTotal:       12114512 kB
MemFree:         7557828 kB
MemAvailable:    8694620 kB
Buffers:            3752 kB
Cached:          1228512 kB
SwapCached:            0 kB
Active:          1057556 kB
Inactive:        1089540 kB
Active(anon):     918984 kB
Inactive(anon):    13352 kB
Active(file):     138572 kB
Inactive(file):  1076188 kB
Unevictable:        4112 kB
Mlocked:            4112 kB
SwapTotal:       1048572 kB
SwapFree:        1048572 kB
Dirty:               164 kB
Writeback:             0 kB
AnonPages:        918752 kB
Mapped:           764840 kB
Shmem:             14260 kB
Slab:             180068 kB
SReclaimable:      45192 kB
SUnreclaim:       134876 kB
KernelStack:       36656 kB
PageTables:        51140 kB
NFS_Unstable:          0 kB
Bounce:                0 kB
WritebackTmp:          0 kB
CommitLimit:     7105828 kB
Committed_AS:   61861464 kB
VmallocTotal:   263061440 kB
VmallocUsed:       61692 kB
VmallocChunk:          0 kB
Percpu:             2208 kB
CmaTotal:         294912 kB
CmaFree:               0 kB
MemTotal:       12114512 kB
MemFree:         7558552 kB
MemAvailable:    8695348 kB
Buffers:            3752 kB
Cached:          1228516 kB
SwapCached:            0 kB
Active:          1057224 kB
Inactive:        1089544 kB
Active(anon):     918652 kB
Inactive(anon):    13352 kB
Active(file):     138572 kB
Inactive(file):  1076192 kB
Unevictable:        4112 kB
Mlocked:            4112 kB
SwapTotal:       1048572 kB
SwapFree:        1048572 kB
Dirty:               180 kB
Writeback:             0 kB
AnonPages:        919016 kB
Mapped:           764732 kB
Shmem:             14260 kB
Slab:             180040 kB
SReclaimable:      45192 kB
SUnreclaim:       134848 kB
KernelStack:       36608 kB
PageTables:        51184 kB
NFS_Unstable:          0 kB
Bounce:                0 kB
WritebackTmp:          0 kB
CommitLimit:     7105828 kB
Committed_AS:   61866860 kB
VmallocTotal:   263061440 kB
VmallocUsed:       61644 kB
VmallocChunk:          0 kB
Percpu:             2208 kB
CmaTotal:         294912 kB
CmaFree:               0 kB
MemTotal:       12114512 kB
MemFree:         7558192 kB
MemAvailable:    8694980 kB
Buffers:            3752 kB
Cached:          1228508 kB
SwapCached:            0 kB
Active:          1057248 kB
Inactive:        1089540 kB
Active(anon):     918680 kB
Inactive(anon):    13352 kB
Active(file):     138568 kB
Inactive(file):  1076188 kB
Unevictable:        4112 kB
Mlocked:            4112 kB
SwapTotal:       1048572 kB
SwapFree:        1048572 kB
Dirty:               172 kB
Writeback:            12 kB
AnonPages:        918832 kB
Mapped:           764616 kB
Shmem:             14260 kB
Slab:             180080 kB
SReclaimable:      45192 kB
SUnreclaim:       134888 kB
KernelStack:       36576 kB
PageTables:        51184 kB
NFS_Unstable:          0 kB
Bounce:                0 kB
WritebackTmp:          0 kB
CommitLimit:     7105828 kB
Committed_AS:   61866508 kB
VmallocTotal:   263061440 kB
VmallocUsed:       61644 kB
VmallocChunk:          0 kB
Percpu:             2208 kB
CmaTotal:         294912 kB
CmaFree:               0 kB
MemTotal:       12114512 kB
MemFree:         7544644 kB
MemAvailable:    8681444 kB
Buffers:            3760 kB
Cached:          1228512 kB
SwapCached:            0 kB
Active:          1070156 kB
Inactive:        1089548 kB
Active(anon):     931584 kB
Inactive(anon):    13352 kB
Active(file):     138572 kB
Inactive(file):  1076196 kB
Unevictable:        4112 kB
Mlocked:            4112 kB
SwapTotal:       1048572 kB
SwapFree:        1048572 kB
Dirty:               184 kB
Writeback:             0 kB
AnonPages:        931556 kB
Mapped:           764844 kB
Shmem:             14260 kB
Slab:             180048 kB
SReclaimable:      45192 kB
SUnreclaim:       134856 kB
KernelStack:       36576 kB
PageTables:        51272 kB
NFS_Unstable:          0 kB
Bounce:                0 kB
WritebackTmp:          0 kB
CommitLimit:     7105828 kB
Committed_AS:   61865268 kB
VmallocTotal:   263061440 kB
VmallocUsed:       61628 kB
VmallocChunk:          0 kB
Percpu:             2208 kB
CmaTotal:         294912 kB
CmaFree:               0 kB
MemTotal:       12114512 kB
MemFree:         7544744 kB
MemAvailable:    8681568 kB
Buffers:            3760 kB
Cached:          1228536 kB
SwapCached:            0 kB
Active:          1070588 kB
Inactive:        1089564 kB
Active(anon):     932008 kB
Inactive(anon):    13352 kB
Active(file):     138580 kB
Inactive(file):  1076212 kB
Unevictable:        4112 kB
Mlocked:            4112 kB
SwapTotal:       1048572 kB
SwapFree:        1048572 kB
Dirty:               164 kB
Writeback:             0 kB
AnonPages:        931964 kB
Mapped:           764612 kB
Shmem:             14260 kB
Slab:             180072 kB
SReclaimable:      45192 kB
SUnreclaim:       134880 kB
KernelStack:       36576 kB
PageTables:        51180 kB
NFS_Unstable:          0 kB
Bounce:                0 kB
WritebackTmp:          0 kB
CommitLimit:     7105828 kB
Committed_AS:   61870488 kB
VmallocTotal:   263061440 kB
VmallocUsed:       61612 kB
VmallocChunk:          0 kB
Percpu:             2208 kB
CmaTotal:         294912 kB
CmaFree:               0 kB
MemTotal:       12114512 kB
MemFree:         7546468 kB
MemAvailable:    8683296 kB
Buffers:            3760 kB
Cached:          1228540 kB
SwapCached:            0 kB
Active:          1070812 kB
Inactive:        1089568 kB
Active(anon):     932232 kB
Inactive(anon):    13352 kB
Active(file):     138580 kB
Inactive(file):  1076216 kB
Unevictable:        4112 kB
Mlocked:            4112 kB
SwapTotal:       1048572 kB
SwapFree:        1048572 kB
Dirty:               180 kB
Writeback:             0 kB
AnonPages:        932188 kB
Mapped:           764612 kB
Shmem:             14260 kB
Slab:             180008 kB
SReclaimable:      45192 kB
SUnreclaim:       134816 kB
KernelStack:       36576 kB
PageTables:        51180 kB
NFS_Unstable:          0 kB
Bounce:                0 kB
WritebackTmp:          0 kB
CommitLimit:     7105828 kB
Committed_AS:   61868572 kB
VmallocTotal:   263061440 kB
VmallocUsed:       61628 kB
VmallocChunk:          0 kB
Percpu:             2208 kB
CmaTotal:         294912 kB
CmaFree:               0 kB
MemTotal:       12114512 kB
MemFree:         7545472 kB
MemAvailable:    8682300 kB
Buffers:            3760 kB
Cached:          1228540 kB
SwapCached:            0 kB
Active:          1070396 kB
Inactive:        1089568 kB
Active(anon):     931816 kB
Inactive(anon):    13352 kB
Active(file):     138580 kB
Inactive(file):  1076216 kB
Unevictable:        4112 kB
Mlocked:            4112 kB
SwapTotal:       1048572 kB
SwapFree:        1048572 kB
Dirty:               180 kB
Writeback:             0 kB
AnonPages:        931948 kB
Mapped:           764616 kB
Shmem:             14260 kB
Slab:             180096 kB
SReclaimable:      45192 kB
SUnreclaim:       134904 kB
KernelStack:       36560 kB
PageTables:        51176 kB
NFS_Unstable:          0 kB
Bounce:                0 kB
WritebackTmp:          0 kB
CommitLimit:     7105828 kB
Committed_AS:   61878756 kB
VmallocTotal:   263061440 kB
VmallocUsed:       61580 kB
VmallocChunk:          0 kB
Percpu:             2208 kB
CmaTotal:         294912 kB
CmaFree:               0 kB
MemTotal:       12114512 kB
MemFree:         7546248 kB
MemAvailable:    8683076 kB
Buffers:            3760 kB
Cached:          1228540 kB
SwapCached:            0 kB
Active:          1070868 kB
Inactive:        1089568 kB
Active(anon):     932288 kB
Inactive(anon):    13352 kB
Active(file):     138580 kB
Inactive(file):  1076216 kB
Unevictable:        4112 kB
Mlocked:            4112 kB
SwapTotal:       1048572 kB
SwapFree:        1048572 kB
Dirty:               180 kB
Writeback:             0 kB
AnonPages:        932064 kB
Mapped:           764828 kB
Shmem:             14260 kB
Slab:             180144 kB
SReclaimable:      45192 kB
SUnreclaim:       134952 kB
KernelStack:       36560 kB
PageTables:        51216 kB
NFS_Unstable:          0 kB
Bounce:                0 kB
WritebackTmp:          0 kB
CommitLimit:     7105828 kB
Committed_AS:   61879636 kB
VmallocTotal:   263061440 kB
VmallocUsed:       61596 kB
VmallocChunk:          0 kB
Percpu:             2208 kB
CmaTotal:         294912 kB
CmaFree:               0 kB
MemTotal:       12114512 kB
MemFree:         7543304 kB
MemAvailable:    8680128 kB
Buffers:            3760 kB
Cached:          1228536 kB
SwapCached:            0 kB
Active:          1071076 kB
Inactive:        1089568 kB
Active(anon):     932500 kB
Inactive(anon):    13352 kB
Active(file):     138576 kB
Inactive(file):  1076216 kB
Unevictable:        4112 kB
Mlocked:            4112 kB
SwapTotal:       1048572 kB
SwapFree:        1048572 kB
Dirty:               176 kB
Writeback:             4 kB
AnonPages:        932340 kB
Mapped:           764840 kB
Shmem:             14260 kB
Slab:             180044 kB
SReclaimable:      45192 kB
SUnreclaim:       134852 kB
KernelStack:       36512 kB
PageTables:        51240 kB
NFS_Unstable:          0 kB
Bounce:                0 kB
WritebackTmp:          0 kB
CommitLimit:     7105828 kB
Committed_AS:   61863912 kB
VmallocTotal:   263061440 kB
VmallocUsed:       61580 kB
VmallocChunk:          0 kB
Percpu:             2208 kB
CmaTotal:         294912 kB
CmaFree:               0 kB
MemTotal:       12114512 kB
MemFree:         7544040 kB
MemAvailable:    8680872 kB
Buffers:            3760 kB
Cached:          1228544 kB
SwapCached:            0 kB
Active:          1071080 kB
Inactive:        1089572 kB
Active(anon):     932500 kB
Inactive(anon):    13352 kB
Active(file):     138580 kB
Inactive(file):  1076220 kB
Unevictable:        4112 kB
Mlocked:            4112 kB
SwapTotal:       1048572 kB
SwapFree:        1048572 kB
Dirty:               188 kB
Writeback:             0 kB
AnonPages:        932568 kB
Mapped:           764652 kB
Shmem:             14260 kB
Slab:             180044 kB
SReclaimable:      45192 kB
SUnreclaim:       134852 kB
KernelStack:       36560 kB
PageTables:        51232 kB
NFS_Unstable:          0 kB
Bounce:                0 kB
WritebackTmp:          0 kB
CommitLimit:     7105828 kB
Committed_AS:   61869132 kB
VmallocTotal:   263061440 kB
VmallocUsed:       61580 kB
VmallocChunk:          0 kB
Percpu:             2208 kB
CmaTotal:         294912 kB
CmaFree:              16 kB
MemTotal:       12114512 kB
MemFree:         7544088 kB
MemAvailable:    8680920 kB
Buffers:            3760 kB
Cached:          1228544 kB
SwapCached:            0 kB
Active:          1071712 kB
Inactive:        1089572 kB
Active(anon):     933132 kB
Inactive(anon):    13352 kB
Active(file):     138580 kB
Inactive(file):  1076220 kB
Unevictable:        4112 kB
Mlocked:            4112 kB
SwapTotal:       1048572 kB
SwapFree:        1048572 kB
Dirty:               164 kB
Writeback:             0 kB
AnonPages:        932784 kB
Mapped:           764616 kB
Shmem:             14260 kB
Slab:             180052 kB
SReclaimable:      45192 kB
SUnreclaim:       134860 kB
KernelStack:       36560 kB
PageTables:        51300 kB
NFS_Unstable:          0 kB
Bounce:                0 kB
WritebackTmp:          0 kB
CommitLimit:     7105828 kB
Committed_AS:   61858132 kB
VmallocTotal:   263061440 kB
VmallocUsed:       61500 kB
VmallocChunk:          0 kB
Percpu:             2208 kB
CmaTotal:         294912 kB
CmaFree:               0 kB
MemTotal:       12114512 kB
MemFree:         7544088 kB
MemAvailable:    8680920 kB
Buffers:            3760 kB
Cached:          1228544 kB
SwapCached:            0 kB
Active:          1071996 kB
Inactive:        1089572 kB
Active(anon):     933416 kB
Inactive(anon):    13352 kB
Active(file):     138580 kB
Inactive(file):  1076220 kB
Unevictable:        4112 kB
Mlocked:            4112 kB
SwapTotal:       1048572 kB
SwapFree:        1048572 kB
Dirty:               164 kB
Writeback:             0 kB
AnonPages:        933552 kB
Mapped:           764640 kB
Shmem:             14260 kB
Slab:             180044 kB
SReclaimable:      45192 kB
SUnreclaim:       134852 kB
KernelStack:       36560 kB
PageTables:        51200 kB
NFS_Unstable:          0 kB
Bounce:                0 kB
WritebackTmp:          0 kB
CommitLimit:     7105828 kB
Committed_AS:   61863352 kB
VmallocTotal:   263061440 kB
VmallocUsed:       61532 kB
VmallocChunk:          0 kB
Percpu:             2208 kB
CmaTotal:         294912 kB
CmaFree:               0 kB
MemTotal:       12114512 kB
MemFree:         7544724 kB
MemAvailable:    8681560 kB
Buffers:            3760 kB
Cached:          1228548 kB
SwapCached:            0 kB
Active:          1072284 kB
Inactive:        1089576 kB
Active(anon):     933704 kB
Inactive(anon):    13352 kB
Active(file):     138580 kB
Inactive(file):  1076224 kB
Unevictable:        4112 kB
Mlocked:            4112 kB
SwapTotal:       1048572 kB
SwapFree:        1048572 kB
Dirty:               180 kB
Writeback:             0 kB
AnonPages:        933592 kB
Mapped:           764612 kB
Shmem:             14260 kB
Slab:             180064 kB
SReclaimable:      45192 kB
SUnreclaim:       134872 kB
KernelStack:       36528 kB
PageTables:        51172 kB
NFS_Unstable:          0 kB
Bounce:                0 kB
WritebackTmp:          0 kB
CommitLimit:     7105828 kB
Committed_AS:   61861504 kB
VmallocTotal:   263061440 kB
VmallocUsed:       61548 kB
VmallocChunk:          0 kB
Percpu:             2208 kB
CmaTotal:         294912 kB
CmaFree:               0 kB
MemTotal:       12114512 kB
MemFree:         7554356 kB
MemAvailable:    8691192 kB
Buffers:            3760 kB
Cached:          1228548 kB
SwapCached:            0 kB
Active:          1060616 kB
Inactive:        1089576 kB
Active(anon):     922036 kB
Inactive(anon):    13352 kB
Active(file):     138580 kB
Inactive(file):  1076224 kB
Unevictable:        4112 kB
Mlocked:            4112 kB
SwapTotal:       1048572 kB
SwapFree:        1048572 kB
Dirty:               180 kB
Writeback:             0 kB
AnonPages:        921868 kB
Mapped:           764652 kB
Shmem:             14260 kB
Slab:             180056 kB
SReclaimable:      45192 kB
SUnreclaim:       134864 kB
KernelStack:       36560 kB
PageTables:        51272 kB
NFS_Unstable:          0 kB
Bounce:                0 kB
WritebackTmp:          0 kB
CommitLimit:     7105828 kB
Committed_AS:   61859236 kB
VmallocTotal:   263061440 kB
VmallocUsed:       61548 kB
VmallocChunk:          0 kB
Percpu:             2208 kB
CmaTotal:         294912 kB
CmaFree:               0 kB
MemTotal:       12114512 kB
MemFree:         7554388 kB
MemAvailable:    8691228 kB
Buffers:            3760 kB
Cached:          1228552 kB
SwapCached:            0 kB
Active:          1060748 kB
Inactive:        1089580 kB
Active(anon):     922168 kB
Inactive(anon):    13352 kB
Active(file):     138580 kB
Inactive(file):  1076228 kB
Unevictable:        4112 kB
Mlocked:            4112 kB
SwapTotal:       1048572 kB
SwapFree:        1048572 kB
Dirty:               164 kB
Writeback:            16 kB
AnonPages:        922392 kB
Mapped:           764612 kB
Shmem:             14260 kB
Slab:             180056 kB
SReclaimable:      45192 kB
SUnreclaim:       134864 kB
KernelStack:       36544 kB
PageTables:        51172 kB
NFS_Unstable:          0 kB
Bounce:                0 kB
WritebackTmp:          0 kB
CommitLimit:     7105828 kB
Committed_AS:   61859024 kB
VmallocTotal:   263061440 kB
VmallocUsed:       61596 kB
VmallocChunk:          0 kB
Percpu:             2208 kB
CmaTotal:         294912 kB
CmaFree:               0 kB
MemTotal:       12114512 kB
MemFree:         7555272 kB
MemAvailable:    8692104 kB
Buffers:            3760 kB
Cached:          1228544 kB
SwapCached:            0 kB
Active:          1061140 kB
Inactive:        1089576 kB
Active(anon):     922564 kB
Inactive(anon):    13352 kB
Active(file):     138576 kB
Inactive(file):  1076224 kB
Unevictable:        4112 kB
Mlocked:            4112 kB
SwapTotal:       1048572 kB
SwapFree:        1048572 kB
Dirty:               156 kB
Writeback:             0 kB
AnonPages:        922488 kB
Mapped:           764700 kB
Shmem:             14260 kB
Slab:             180056 kB
SReclaimable:      45192 kB
SUnreclaim:       134864 kB
KernelStack:       36528 kB
PageTables:        51284 kB
NFS_Unstable:          0 kB
Bounce:                0 kB
WritebackTmp:          0 kB
CommitLimit:     7105828 kB
Committed_AS:   61854464 kB
VmallocTotal:   263061440 kB
VmallocUsed:       61580 kB
VmallocChunk:          0 kB
Percpu:             2208 kB
CmaTotal:         294912 kB
CmaFree:               0 kB
MemTotal:       12114512 kB
MemFree:         7555124 kB
MemAvailable:    8691964 kB
Buffers:            3760 kB
Cached:          1228552 kB
SwapCached:            0 kB
Active:          1061224 kB
Inactive:        1089580 kB
Active(anon):     922644 kB
Inactive(anon):    13352 kB
Active(file):     138580 kB
Inactive(file):  1076228 kB
Unevictable:        4112 kB
Mlocked:            4112 kB
SwapTotal:       1048572 kB
SwapFree:        1048572 kB
Dirty:               164 kB
Writeback:             0 kB
AnonPages:        922660 kB
Mapped:           764612 kB
Shmem:             14260 kB
Slab:             180064 kB
SReclaimable:      45192 kB
SUnreclaim:       134872 kB
KernelStack:       36576 kB
PageTables:        51172 kB
NFS_Unstable:          0 kB
Bounce:                0 kB
WritebackTmp:          0 kB
CommitLimit:     7105828 kB
Committed_AS:   61854176 kB
VmallocTotal:   263061440 kB
VmallocUsed:       61612 kB
VmallocChunk:          0 kB
Percpu:             2208 kB
CmaTotal:         294912 kB
CmaFree:               0 kB
MemTotal:       12114512 kB
MemFree:         7554344 kB
MemAvailable:    8691184 kB
Buffers:            3760 kB
Cached:          1228552 kB
SwapCached:            0 kB
Active:          1061424 kB
Inactive:        1089580 kB
Active(anon):     922844 kB
Inactive(anon):    13352 kB
Active(file):     138580 kB
Inactive(file):  1076228 kB
Unevictable:        4112 kB
Mlocked:            4112 kB
SwapTotal:       1048572 kB
SwapFree:        1048572 kB
Dirty:               164 kB
Writeback:             0 kB
AnonPages:        923100 kB
Mapped:           764652 kB
Shmem:             14260 kB
Slab:             180064 kB
SReclaimable:      45192 kB
SUnreclaim:       134872 kB
KernelStack:       36576 kB
PageTables:        51228 kB
NFS_Unstable:          0 kB
Bounce:                0 kB
WritebackTmp:          0 kB
CommitLimit:     7105828 kB
Committed_AS:   61865272 kB
VmallocTotal:   263061440 kB
VmallocUsed:       61612 kB
VmallocChunk:          0 kB
Percpu:             2208 kB
CmaTotal:         294912 kB
CmaFree:               0 kB
MemTotal:       12114512 kB
MemFree:         7554348 kB
MemAvailable:    8691192 kB
Buffers:            3760 kB
Cached:          1228556 kB
SwapCached:            0 kB
Active:          1061320 kB
Inactive:        1089584 kB
Active(anon):     922740 kB
Inactive(anon):    13352 kB
Active(file):     138580 kB
Inactive(file):  1076232 kB
Unevictable:        4112 kB
Mlocked:            4112 kB
SwapTotal:       1048572 kB
SwapFree:        1048572 kB
Dirty:               180 kB
Writeback:             0 kB
AnonPages:        922776 kB
Mapped:           764616 kB
Shmem:             14260 kB
Slab:             180076 kB
SReclaimable:      45192 kB
SUnreclaim:       134884 kB
KernelStack:       36544 kB
PageTables:        51172 kB
NFS_Unstable:          0 kB
Bounce:                0 kB
WritebackTmp:          0 kB
CommitLimit:     7105828 kB
Committed_AS:   61870880 kB
VmallocTotal:   263061440 kB
VmallocUsed:       61596 kB
VmallocChunk:          0 kB
Percpu:             2208 kB
CmaTotal:         294912 kB
CmaFree:               0 kB
MemTotal:       12114512 kB
MemFree:         7554128 kB
MemAvailable:    8690972 kB
Buffers:            3760 kB
Cached:          1228556 kB
SwapCached:            0 kB
Active:          1062084 kB
Inactive:        1089584 kB
Active(anon):     923504 kB
Inactive(anon):    13352 kB
Active(file):     138580 kB
Inactive(file):  1076232 kB
Unevictable:        4112 kB
Mlocked:            4112 kB
SwapTotal:       1048572 kB
SwapFree:        1048572 kB
Dirty:               192 kB
Writeback:             0 kB
AnonPages:        923324 kB
Mapped:           764696 kB
Shmem:             14260 kB
Slab:             180068 kB
SReclaimable:      45192 kB
SUnreclaim:       134876 kB
KernelStack:       36560 kB
PageTables:        51156 kB
NFS_Unstable:          0 kB
Bounce:                0 kB
WritebackTmp:          0 kB
CommitLimit:     7105828 kB
Committed_AS:   61865008 kB
VmallocTotal:   263061440 kB
VmallocUsed:       61596 kB
VmallocChunk:          0 kB
Percpu:             2208 kB
CmaTotal:         294912 kB
CmaFree:               0 kB
MemTotal:       12114512 kB
MemFree:         7554040 kB
MemAvailable:    8690888 kB
Buffers:            3760 kB
Cached:          1228560 kB
SwapCached:            0 kB
Active:          1061744 kB
Inactive:        1089588 kB
Active(anon):     923164 kB
Inactive(anon):    13352 kB
Active(file):     138580 kB
Inactive(file):  1076236 kB
Unevictable:        4112 kB
Mlocked:            4112 kB
SwapTotal:       1048572 kB
SwapFree:        1048572 kB
Dirty:               168 kB
Writeback:             0 kB
AnonPages:        923240 kB
Mapped:           764712 kB
Shmem:             14260 kB
Slab:             180068 kB
SReclaimable:      45192 kB
SUnreclaim:       134876 kB
KernelStack:       36596 kB
PageTables:        51132 kB
NFS_Unstable:          0 kB
Bounce:                0 kB
WritebackTmp:          0 kB
CommitLimit:     7105828 kB
Committed_AS:   61865272 kB
VmallocTotal:   263061440 kB
VmallocUsed:       61612 kB
VmallocChunk:          0 kB
Percpu:             2208 kB
CmaTotal:         294912 kB
CmaFree:               0 kB
MemTotal:       12114512 kB
MemFree:         7553316 kB
MemAvailable:    8690176 kB
Buffers:            3760 kB
Cached:          1228572 kB
SwapCached:            0 kB
Active:          1063576 kB
Inactive:        1089600 kB
Active(anon):     924996 kB
Inactive(anon):    13352 kB
Active(file):     138580 kB
Inactive(file):  1076248 kB
Unevictable:        4112 kB
Mlocked:            4112 kB
SwapTotal:       1048572 kB
SwapFree:        1048572 kB
Dirty:               192 kB
Writeback:             0 kB
AnonPages:        924924 kB
Mapped:           764640 kB
Shmem:             14260 kB
Slab:             180072 kB
SReclaimable:      45192 kB
SUnreclaim:       134880 kB
KernelStack:       36608 kB
PageTables:        51352 kB
NFS_Unstable:          0 kB
Bounce:                0 kB
WritebackTmp:          0 kB
CommitLimit:     7105828 kB
Committed_AS:   61859568 kB
VmallocTotal:   263061440 kB
VmallocUsed:       61596 kB
VmallocChunk:          0 kB
Percpu:             2208 kB
CmaTotal:         294912 kB
CmaFree:               0 kB
MemTotal:       12114512 kB
MemFree:         7553996 kB
MemAvailable:    8690580 kB
Buffers:            3760 kB
Cached:          1228460 kB
SwapCached:            0 kB
Active:          1062616 kB
Inactive:        1089380 kB
Active(anon):     924040 kB
Inactive(anon):    13352 kB
Active(file):     138576 kB
Inactive(file):  1076028 kB
Unevictable:        4112 kB
Mlocked:            4112 kB
SwapTotal:       1048572 kB
SwapFree:        1048572 kB
Dirty:              6988 kB
Writeback:             0 kB
AnonPages:        923784 kB
Mapped:           764616 kB
Shmem:             14260 kB
Slab:             179968 kB
SReclaimable:      45084 kB
SUnreclaim:       134884 kB
KernelStack:       36560 kB
PageTables:        51176 kB
NFS_Unstable:          0 kB
Bounce:                0 kB
WritebackTmp:          0 kB
CommitLimit:     7105828 kB
Committed_AS:   61868956 kB
VmallocTotal:   263061440 kB
VmallocUsed:       61612 kB
VmallocChunk:          0 kB
Percpu:             2208 kB
CmaTotal:         294912 kB
CmaFree:               0 kB
MemTotal:       12114512 kB
MemFree:         7553044 kB
MemAvailable:    8689916 kB
Buffers:            3760 kB
Cached:          1228584 kB
SwapCached:            0 kB
Active:          1063004 kB
Inactive:        1089612 kB
Active(anon):     924424 kB
Inactive(anon):    13352 kB
Active(file):     138580 kB
Inactive(file):  1076260 kB
Unevictable:        4112 kB
Mlocked:            4112 kB
SwapTotal:       1048572 kB
SwapFree:        1048572 kB
Dirty:              7232 kB
Writeback:             0 kB
AnonPages:        924504 kB
Mapped:           764616 kB
Shmem:             14260 kB
Slab:             180084 kB
SReclaimable:      45192 kB
SUnreclaim:       134892 kB
KernelStack:       36576 kB
PageTables:        51296 kB
NFS_Unstable:          0 kB
Bounce:                0 kB
WritebackTmp:          0 kB
CommitLimit:     7105828 kB
Committed_AS:   61863032 kB
VmallocTotal:   263061440 kB
VmallocUsed:       61628 kB
VmallocChunk:          0 kB
Percpu:             2208 kB
CmaTotal:         294912 kB
CmaFree:               0 kB
MemTotal:       12114512 kB
MemFree:         7558756 kB
MemAvailable:    8695628 kB
Buffers:            3760 kB
Cached:          1228584 kB
SwapCached:            0 kB
Active:          1057488 kB
Inactive:        1089612 kB
Active(anon):     918908 kB
Inactive(anon):    13352 kB
Active(file):     138580 kB
Inactive(file):  1076260 kB
Unevictable:        4112 kB
Mlocked:            4112 kB
SwapTotal:       1048572 kB
SwapFree:        1048572 kB
Dirty:              7248 kB
Writeback:             0 kB
AnonPages:        918588 kB
Mapped:           764616 kB
Shmem:             14260 kB
Slab:             180076 kB
SReclaimable:      45192 kB
SUnreclaim:       134884 kB
KernelStack:       36544 kB
PageTables:        51172 kB
NFS_Unstable:          0 kB
Bounce:                0 kB
WritebackTmp:          0 kB
CommitLimit:     7105828 kB
Committed_AS:   61868344 kB
VmallocTotal:   263061440 kB
VmallocUsed:       61628 kB
VmallocChunk:          0 kB
Percpu:             2208 kB
CmaTotal:         294912 kB
CmaFree:               0 kB
MemTotal:       12114512 kB
MemFree:         7558836 kB
MemAvailable:    8695708 kB
Buffers:            3760 kB
Cached:          1228584 kB
SwapCached:            0 kB
Active:          1057456 kB
Inactive:        1089612 kB
Active(anon):     918876 kB
Inactive(anon):    13352 kB
Active(file):     138580 kB
Inactive(file):  1076260 kB
Unevictable:        4112 kB
Mlocked:            4112 kB
SwapTotal:       1048572 kB
SwapFree:        1048572 kB
Dirty:              7188 kB
Writeback:             0 kB
AnonPages:        918812 kB
Mapped:           764840 kB
Shmem:             14260 kB
Slab:             180076 kB
SReclaimable:      45192 kB
SUnreclaim:       134884 kB
KernelStack:       36596 kB
PageTables:        51116 kB
NFS_Unstable:          0 kB
Bounce:                0 kB
WritebackTmp:          0 kB
CommitLimit:     7105828 kB
Committed_AS:   61862692 kB
VmallocTotal:   263061440 kB
VmallocUsed:       61612 kB
VmallocChunk:          0 kB
Percpu:             2208 kB
CmaTotal:         294912 kB
CmaFree:              32 kB
MemTotal:       12114512 kB
MemFree:         7557828 kB
MemAvailable:    8694704 kB
Buffers:            3760 kB
Cached:          1228588 kB
SwapCached:            0 kB
Active:          1057688 kB
Inactive:        1089616 kB
Active(anon):     919108 kB
Inactive(anon):    13352 kB
Active(file):     138580 kB
Inactive(file):  1076264 kB
Unevictable:        4112 kB
Mlocked:            4112 kB
SwapTotal:       1048572 kB
SwapFree:        1048572 kB
Dirty:              7204 kB
Writeback:             0 kB
AnonPages:        919280 kB
Mapped:           764612 kB
Shmem:             14260 kB
Slab:             180072 kB
SReclaimable:      45192 kB
SUnreclaim:       134880 kB
KernelStack:       36576 kB
PageTables:        51172 kB
NFS_Unstable:          0 kB
Bounce:                0 kB
WritebackTmp:          0 kB
CommitLimit:     7105828 kB
Committed_AS:   61862476 kB
VmallocTotal:   263061440 kB
VmallocUsed:       61612 kB
VmallocChunk:          0 kB
Percpu:             2208 kB
CmaTotal:         294912 kB
CmaFree:               0 kB
MemTotal:       12114512 kB
MemFree:         7556832 kB
MemAvailable:    8694552 kB
Buffers:            3764 kB
Cached:          1229424 kB
SwapCached:            0 kB
Active:          1058064 kB
Inactive:        1090456 kB
Active(anon):     919484 kB
Inactive(anon):    13352 kB
Active(file):     138580 kB
Inactive(file):  1077104 kB
Unevictable:        4112 kB
Mlocked:            4112 kB
SwapTotal:       1048572 kB
SwapFree:        1048572 kB
Dirty:               212 kB
Writeback:            12 kB
AnonPages:        919408 kB
Mapped:           764612 kB
Shmem:             14260 kB
Slab:             180092 kB
SReclaimable:      45196 kB
SUnreclaim:       134896 kB
KernelStack:       36592 kB
PageTables:        51176 kB
NFS_Unstable:          0 kB
Bounce:                0 kB
WritebackTmp:          0 kB
CommitLimit:     7105828 kB
Committed_AS:   61863936 kB
VmallocTotal:   263061440 kB
VmallocUsed:       61612 kB
VmallocChunk:          0 kB
Percpu:             2208 kB
CmaTotal:         294912 kB
CmaFree:               0 kB
MemTotal:       12114512 kB
MemFree:         7557116 kB
MemAvailable:    8694856 kB
Buffers:            3764 kB
Cached:          1229444 kB
SwapCached:            0 kB
Active:          1058248 kB
Inactive:        1090472 kB
Active(anon):     919664 kB
Inactive(anon):    13352 kB
Active(file):     138584 kB
Inactive(file):  1077120 kB
Unevictable:        4112 kB
Mlocked:            4112 kB
SwapTotal:       1048572 kB
SwapFree:        1048572 kB
Dirty:               232 kB
Writeback:             0 kB
AnonPages:        919784 kB
Mapped:           764876 kB
Shmem:             14260 kB
Slab:             180100 kB
SReclaimable:      45196 kB
SUnreclaim:       134904 kB
KernelStack:       36576 kB
PageTables:        51168 kB
NFS_Unstable:          0 kB
Bounce:                0 kB
WritebackTmp:          0 kB
CommitLimit:     7105828 kB
Committed_AS:   61869508 kB
VmallocTotal:   263061440 kB
VmallocUsed:       61580 kB
VmallocChunk:          0 kB
Percpu:             2208 kB
CmaTotal:         294912 kB
CmaFree:               0 kB
MemTotal:       12114512 kB
MemFree:         7556680 kB
MemAvailable:    8694420 kB
Buffers:            3764 kB
Cached:          1229444 kB
SwapCached:            0 kB
Active:          1058432 kB
Inactive:        1090472 kB
Active(anon):     919848 kB
Inactive(anon):    13352 kB
Active(file):     138584 kB
Inactive(file):  1077120 kB
Unevictable:        4112 kB
Mlocked:            4112 kB
SwapTotal:       1048572 kB
SwapFree:        1048572 kB
Dirty:               236 kB
Writeback:             0 kB
AnonPages:        919612 kB
Mapped:           764640 kB
Shmem:             14260 kB
Slab:             180084 kB
SReclaimable:      45196 kB
SUnreclaim:       134888 kB
KernelStack:       36592 kB
PageTables:        51208 kB
NFS_Unstable:          0 kB
Bounce:                0 kB
WritebackTmp:          0 kB
CommitLimit:     7105828 kB
Committed_AS:   61863488 kB
VmallocTotal:   263061440 kB
VmallocUsed:       61580 kB
VmallocChunk:          0 kB
Percpu:             2208 kB
CmaTotal:         294912 kB
CmaFree:               0 kB
MemTotal:       12114512 kB
MemFree:         7559812 kB
MemAvailable:    8693752 kB
Buffers:            3764 kB
Cached:          1225832 kB
SwapCached:            0 kB
Active:          1059392 kB
Inactive:        1086856 kB
Active(anon):     920804 kB
Inactive(anon):    13352 kB
Active(file):     138588 kB
Inactive(file):  1073504 kB
Unevictable:        4112 kB
Mlocked:            4112 kB
SwapTotal:       1048572 kB
SwapFree:        1048572 kB
Dirty:              3628 kB
Writeback:             0 kB
AnonPages:        920764 kB
Mapped:           764840 kB
Shmem:             14260 kB
Slab:             179708 kB
SReclaimable:      44824 kB
SUnreclaim:       134884 kB
KernelStack:       36596 kB
PageTables:        51232 kB
NFS_Unstable:          0 kB
Bounce:                0 kB
WritebackTmp:          0 kB
CommitLimit:     7105828 kB
Committed_AS:   61858560 kB
VmallocTotal:   263061440 kB
VmallocUsed:       61548 kB
VmallocChunk:          0 kB
Percpu:             2208 kB
CmaTotal:         294912 kB
CmaFree:               0 kB
MemTotal:       12114512 kB
MemFree:         7555516 kB
MemAvailable:    8693272 kB
Buffers:            3764 kB
Cached:          1229460 kB
SwapCached:            0 kB
Active:          1058884 kB
Inactive:        1090484 kB
Active(anon):     920296 kB
Inactive(anon):    13352 kB
Active(file):     138588 kB
Inactive(file):  1077132 kB
Unevictable:        4112 kB
Mlocked:            4112 kB
SwapTotal:       1048572 kB
SwapFree:        1048572 kB
Dirty:              7268 kB
Writeback:             0 kB
AnonPages:        920220 kB
Mapped:           764728 kB
Shmem:             14260 kB
Slab:             180084 kB
SReclaimable:      45200 kB
SUnreclaim:       134884 kB
KernelStack:       36528 kB
PageTables:        51148 kB
NFS_Unstable:          0 kB
Bounce:                0 kB
WritebackTmp:          0 kB
CommitLimit:     7105828 kB
Committed_AS:   61863912 kB
VmallocTotal:   263061440 kB
VmallocUsed:       61564 kB
VmallocChunk:          0 kB
Percpu:             2208 kB
CmaTotal:         294912 kB
CmaFree:               0 kB
MemTotal:       12114512 kB
MemFree:         7555916 kB
MemAvailable:    8693680 kB
Buffers:            3764 kB
Cached:          1229464 kB
SwapCached:            0 kB
Active:          1059404 kB
Inactive:        1090488 kB
Active(anon):     920816 kB
Inactive(anon):    13352 kB
Active(file):     138588 kB
Inactive(file):  1077136 kB
Unevictable:        4112 kB
Mlocked:            4112 kB
SwapTotal:       1048572 kB
SwapFree:        1048572 kB
Dirty:              7272 kB
Writeback:             0 kB
AnonPages:        920592 kB
Mapped:           764840 kB
Shmem:             14260 kB
Slab:             180100 kB
SReclaimable:      45204 kB
SUnreclaim:       134896 kB
KernelStack:       36544 kB
PageTables:        51164 kB
NFS_Unstable:          0 kB
Bounce:                0 kB
WritebackTmp:          0 kB
CommitLimit:     7105828 kB
Committed_AS:   61863660 kB
VmallocTotal:   263061440 kB
VmallocUsed:       61564 kB
VmallocChunk:          0 kB
Percpu:             2208 kB
CmaTotal:         294912 kB
CmaFree:               0 kB
MemTotal:       12114512 kB
MemFree:         7555260 kB
MemAvailable:    8693016 kB
Buffers:            3768 kB
Cached:          1229452 kB
SwapCached:            0 kB
Active:          1059492 kB
Inactive:        1090484 kB
Active(anon):     920908 kB
Inactive(anon):    13352 kB
Active(file):     138584 kB
Inactive(file):  1077132 kB
Unevictable:        4112 kB
Mlocked:            4112 kB
SwapTotal:       1048572 kB
SwapFree:        1048572 kB
Dirty:              7208 kB
Writeback:            12 kB
AnonPages:        920804 kB
Mapped:           764700 kB
Shmem:             14260 kB
Slab:             180116 kB
SReclaimable:      45204 kB
SUnreclaim:       134912 kB
KernelStack:       36512 kB
PageTables:        51152 kB
NFS_Unstable:          0 kB
Bounce:                0 kB
WritebackTmp:          0 kB
CommitLimit:     7105828 kB
Committed_AS:   61868928 kB
VmallocTotal:   263061440 kB
VmallocUsed:       61580 kB
VmallocChunk:          0 kB
Percpu:             2208 kB
CmaTotal:         294912 kB
CmaFree:               0 kB
MemTotal:       12114512 kB
MemFree:         7554036 kB
MemAvailable:    8691824 kB
Buffers:            3768 kB
Cached:          1229484 kB
SwapCached:            0 kB
Active:          1059612 kB
Inactive:        1090512 kB
Active(anon):     921024 kB
Inactive(anon):    13352 kB
Active(file):     138588 kB
Inactive(file):  1077160 kB
Unevictable:        4112 kB
Mlocked:            4112 kB
SwapTotal:       1048572 kB
SwapFree:        1048572 kB
Dirty:              7300 kB
Writeback:             0 kB
AnonPages:        921200 kB
Mapped:           764616 kB
Shmem:             14260 kB
Slab:             180116 kB
SReclaimable:      45204 kB
SUnreclaim:       134912 kB
KernelStack:       36624 kB
PageTables:        51288 kB
NFS_Unstable:          0 kB
Bounce:                0 kB
WritebackTmp:          0 kB
CommitLimit:     7105828 kB
Committed_AS:   61863136 kB
VmallocTotal:   263061440 kB
VmallocUsed:       61628 kB
VmallocChunk:          0 kB
Percpu:             2208 kB
CmaTotal:         294912 kB
CmaFree:               0 kB
MemTotal:       12114512 kB
MemFree:         7554952 kB
MemAvailable:    8692752 kB
Buffers:            3768 kB
Cached:          1229496 kB
SwapCached:            0 kB
Active:          1059924 kB
Inactive:        1090520 kB
Active(anon):     921332 kB
Inactive(anon):    13352 kB
Active(file):     138592 kB
Inactive(file):  1077168 kB
Unevictable:        4112 kB
Mlocked:            4112 kB
SwapTotal:       1048572 kB
SwapFree:        1048572 kB
Dirty:              7284 kB
Writeback:             0 kB
AnonPages:        921272 kB
Mapped:           764760 kB
Shmem:             14260 kB
Slab:             180120 kB
SReclaimable:      45204 kB
SUnreclaim:       134916 kB
KernelStack:       36608 kB
PageTables:        51204 kB
NFS_Unstable:          0 kB
Bounce:                0 kB
WritebackTmp:          0 kB
CommitLimit:     7105828 kB
Committed_AS:   61862644 kB
VmallocTotal:   263061440 kB
VmallocUsed:       61628 kB
VmallocChunk:          0 kB
Percpu:             2208 kB
CmaTotal:         294912 kB
CmaFree:               0 kB
MemTotal:       12114512 kB
MemFree:         7548952 kB
MemAvailable:    8680776 kB
Buffers:            3768 kB
Cached:          1223904 kB
SwapCached:            0 kB
Active:          1072896 kB
Inactive:        1084808 kB
Active(anon):     934308 kB
Inactive(anon):    13352 kB
Active(file):     138588 kB
Inactive(file):  1071456 kB
Unevictable:        4112 kB
Mlocked:            4112 kB
SwapTotal:       1048572 kB
SwapFree:        1048572 kB
