MemTotal:       12114512 kB
MemFree:         6638096 kB
MemAvailable:    8430252 kB
Buffers:            4528 kB
Cached:          1256288 kB
SwapCached:            0 kB
Active:          1343520 kB
Inactive:        1021932 kB
Active(anon):    1108900 kB
Inactive(anon):    15016 kB
Active(file):     234620 kB
Inactive(file):  1006916 kB
Unevictable:        4124 kB
Mlocked:            4124 kB
SwapTotal:       1048572 kB
SwapFree:        1048572 kB
Dirty:               112 kB
Writeback:             0 kB
AnonPages:       1108816 kB
Mapped:           790844 kB
Shmem:             16024 kB
Slab:             183124 kB
SReclaimable:      46464 kB
SUnreclaim:       136660 kB
KernelStack:       37904 kB
PageTables:        49528 kB
NFS_Unstable:          0 kB
Bounce:                0 kB
WritebackTmp:          0 kB
CommitLimit:     7105828 kB
Committed_AS:   55554948 kB
VmallocTotal:   263061440 kB
VmallocUsed:       62936 kB
VmallocChunk:          0 kB
Percpu:             2304 kB
CmaTotal:         294912 kB
CmaFree:               0 kB
MemTotal:       12114512 kB
MemFree:         6636072 kB
MemAvailable:    8423392 kB
Buffers:            4528 kB
Cached:          1256308 kB
SwapCached:            0 kB
Active:          1343284 kB
Inactive:        1021948 kB
Active(anon):    1108660 kB
Inactive(anon):    15016 kB
Active(file):     234624 kB
Inactive(file):  1006932 kB
Unevictable:        4124 kB
Mlocked:            4124 kB
SwapTotal:       1048572 kB
SwapFree:        1048572 kB
Dirty:               128 kB
Writeback:             0 kB
AnonPages:       1108696 kB
Mapped:           790080 kB
Shmem:             16024 kB
Slab:             183128 kB
SReclaimable:      46464 kB
SUnreclaim:       136664 kB
KernelStack:       37936 kB
PageTables:        49572 kB
NFS_Unstable:          0 kB
Bounce:                0 kB
WritebackTmp:          0 kB
CommitLimit:     7105828 kB
Committed_AS:   55572560 kB
VmallocTotal:   263061440 kB
VmallocUsed:       62936 kB
VmallocChunk:          0 kB
Percpu:             2304 kB
CmaTotal:         294912 kB
CmaFree:               0 kB
MemTotal:       12114512 kB
MemFree:         6635236 kB
MemAvailable:    8422556 kB
Buffers:            4528 kB
Cached:          1256308 kB
SwapCached:            0 kB
Active:          1343560 kB
Inactive:        1021948 kB
Active(anon):    1108936 kB
Inactive(anon):    15016 kB
Active(file):     234624 kB
Inactive(file):  1006932 kB
Unevictable:        4124 kB
Mlocked:            4124 kB
SwapTotal:       1048572 kB
SwapFree:        1048572 kB
Dirty:               128 kB
Writeback:             0 kB
AnonPages:       1108812 kB
Mapped:           790080 kB
Shmem:             16024 kB
Slab:             183136 kB
SReclaimable:      46464 kB
SUnreclaim:       136672 kB
KernelStack:       37936 kB
PageTables:        49572 kB
NFS_Unstable:          0 kB
Bounce:                0 kB
WritebackTmp:          0 kB
CommitLimit:     7105828 kB
Committed_AS:   55572720 kB
VmallocTotal:   263061440 kB
VmallocUsed:       62952 kB
VmallocChunk:          0 kB
Percpu:             2304 kB
CmaTotal:         294912 kB
CmaFree:               0 kB
MemTotal:       12114512 kB
MemFree:         6634712 kB
MemAvailable:    8422032 kB
Buffers:            4528 kB
Cached:          1256308 kB
SwapCached:            0 kB
Active:          1343604 kB
Inactive:        1021948 kB
Active(anon):    1108980 kB
Inactive(anon):    15016 kB
Active(file):     234624 kB
Inactive(file):  1006932 kB
Unevictable:        4124 kB
Mlocked:            4124 kB
SwapTotal:       1048572 kB
SwapFree:        1048572 kB
Dirty:               132 kB
Writeback:             0 kB
AnonPages:       1108980 kB
Mapped:           790080 kB
Shmem:             16024 kB
Slab:             183140 kB
SReclaimable:      46464 kB
SUnreclaim:       136676 kB
KernelStack:       37936 kB
PageTables:        49572 kB
NFS_Unstable:          0 kB
Bounce:                0 kB
WritebackTmp:          0 kB
CommitLimit:     7105828 kB
Committed_AS:   55565012 kB
VmallocTotal:   263061440 kB
VmallocUsed:       62936 kB
VmallocChunk:          0 kB
Percpu:             2304 kB
CmaTotal:         294912 kB
CmaFree:               0 kB
MemTotal:       12114512 kB
MemFree:         6634264 kB
MemAvailable:    8421584 kB
Buffers:            4528 kB
Cached:          1256308 kB
SwapCached:            0 kB
Active:          1344032 kB
Inactive:        1021948 kB
Active(anon):    1109408 kB
Inactive(anon):    15016 kB
Active(file):     234624 kB
Inactive(file):  1006932 kB
Unevictable:        4124 kB
Mlocked:            4124 kB
SwapTotal:       1048572 kB
SwapFree:        1048572 kB
Dirty:                92 kB
Writeback:             0 kB
AnonPages:       1109016 kB
Mapped:           790180 kB
Shmem:             16024 kB
Slab:             183180 kB
SReclaimable:      46464 kB
SUnreclaim:       136716 kB
KernelStack:       37968 kB
PageTables:        49688 kB
NFS_Unstable:          0 kB
Bounce:                0 kB
WritebackTmp:          0 kB
CommitLimit:     7105828 kB
Committed_AS:   55563376 kB
VmallocTotal:   263061440 kB
VmallocUsed:       62984 kB
VmallocChunk:          0 kB
Percpu:             2304 kB
CmaTotal:         294912 kB
CmaFree:               0 kB
MemTotal:       12114512 kB
MemFree:         6634616 kB
MemAvailable:    8421936 kB
Buffers:            4528 kB
Cached:          1256312 kB
SwapCached:            0 kB
Active:          1344620 kB
Inactive:        1021952 kB
Active(anon):    1109996 kB
Inactive(anon):    15020 kB
Active(file):     234624 kB
Inactive(file):  1006932 kB
Unevictable:        4124 kB
Mlocked:            4124 kB
SwapTotal:       1048572 kB
SwapFree:        1048572 kB
Dirty:               104 kB
Writeback:             0 kB
AnonPages:       1109732 kB
Mapped:           790084 kB
Shmem:             16028 kB
Slab:             183140 kB
SReclaimable:      46464 kB
SUnreclaim:       136676 kB
KernelStack:       37936 kB
PageTables:        49572 kB
NFS_Unstable:          0 kB
Bounce:                0 kB
WritebackTmp:          0 kB
CommitLimit:     7105828 kB
Committed_AS:   55569244 kB
VmallocTotal:   263061440 kB
VmallocUsed:       62984 kB
VmallocChunk:          0 kB
Percpu:             2304 kB
CmaTotal:         294912 kB
CmaFree:               0 kB
MemTotal:       12114512 kB
MemFree:         6634112 kB
MemAvailable:    8421432 kB
Buffers:            4528 kB
Cached:          1256312 kB
SwapCached:            0 kB
Active:          1344764 kB
Inactive:        1021952 kB
Active(anon):    1110140 kB
Inactive(anon):    15020 kB
Active(file):     234624 kB
Inactive(file):  1006932 kB
Unevictable:        4124 kB
Mlocked:            4124 kB
SwapTotal:       1048572 kB
SwapFree:        1048572 kB
Dirty:               116 kB
Writeback:             0 kB
AnonPages:       1110016 kB
Mapped:           790084 kB
Shmem:             16028 kB
Slab:             183144 kB
SReclaimable:      46464 kB
SUnreclaim:       136680 kB
KernelStack:       37936 kB
PageTables:        49572 kB
NFS_Unstable:          0 kB
Bounce:                0 kB
WritebackTmp:          0 kB
CommitLimit:     7105828 kB
Committed_AS:   55565392 kB
VmallocTotal:   263061440 kB
VmallocUsed:       62968 kB
VmallocChunk:          0 kB
Percpu:             2304 kB
CmaTotal:         294912 kB
CmaFree:               0 kB
MemTotal:       12114512 kB
MemFree:         6635804 kB
MemAvailable:    8423124 kB
Buffers:            4528 kB
Cached:          1256312 kB
SwapCached:            0 kB
Active:          1342872 kB
Inactive:        1021948 kB
Active(anon):    1108244 kB
Inactive(anon):    15020 kB
Active(file):     234628 kB
Inactive(file):  1006928 kB
Unevictable:        4124 kB
Mlocked:            4124 kB
SwapTotal:       1048572 kB
SwapFree:        1048572 kB
Dirty:               120 kB
Writeback:             0 kB
AnonPages:       1108116 kB
Mapped:           790292 kB
Shmem:             16028 kB
Slab:             183148 kB
SReclaimable:      46464 kB
SUnreclaim:       136684 kB
KernelStack:       37968 kB
PageTables:        49600 kB
NFS_Unstable:          0 kB
Bounce:                0 kB
WritebackTmp:          0 kB
CommitLimit:     7105828 kB
Committed_AS:   55578132 kB
VmallocTotal:   263061440 kB
VmallocUsed:       63000 kB
VmallocChunk:          0 kB
Percpu:             2304 kB
CmaTotal:         294912 kB
CmaFree:               0 kB
MemTotal:       12114512 kB
MemFree:         6660636 kB
MemAvailable:    8447956 kB
Buffers:            4528 kB
Cached:          1256312 kB
SwapCached:            0 kB
Active:          1317308 kB
Inactive:        1021948 kB
Active(anon):    1082680 kB
Inactive(anon):    15020 kB
Active(file):     234628 kB
Inactive(file):  1006928 kB
Unevictable:        4124 kB
Mlocked:            4124 kB
SwapTotal:       1048572 kB
SwapFree:        1048572 kB
Dirty:               120 kB
Writeback:             0 kB
AnonPages:       1082588 kB
Mapped:           790084 kB
Shmem:             16028 kB
Slab:             183136 kB
SReclaimable:      46464 kB
SUnreclaim:       136672 kB
KernelStack:       37936 kB
PageTables:        49560 kB
NFS_Unstable:          0 kB
Bounce:                0 kB
WritebackTmp:          0 kB
CommitLimit:     7105828 kB
Committed_AS:   55574544 kB
VmallocTotal:   263061440 kB
VmallocUsed:       63016 kB
VmallocChunk:          0 kB
Percpu:             2304 kB
CmaTotal:         294912 kB
CmaFree:               0 kB
MemTotal:       12114512 kB
MemFree:         6660096 kB
MemAvailable:    8447416 kB
Buffers:            4528 kB
Cached:          1256312 kB
SwapCached:            0 kB
Active:          1318012 kB
Inactive:        1021948 kB
Active(anon):    1083384 kB
Inactive(anon):    15020 kB
Active(file):     234628 kB
Inactive(file):  1006928 kB
Unevictable:        4124 kB
Mlocked:            4124 kB
SwapTotal:       1048572 kB
SwapFree:        1048572 kB
Dirty:                72 kB
Writeback:             0 kB
AnonPages:       1083400 kB
Mapped:           790084 kB
Shmem:             16028 kB
Slab:             183140 kB
SReclaimable:      46464 kB
SUnreclaim:       136676 kB
KernelStack:       37936 kB
PageTables:        49572 kB
NFS_Unstable:          0 kB
Bounce:                0 kB
WritebackTmp:          0 kB
CommitLimit:     7105828 kB
Committed_AS:   55580308 kB
VmallocTotal:   263061440 kB
VmallocUsed:       63000 kB
VmallocChunk:          0 kB
Percpu:             2304 kB
CmaTotal:         294912 kB
CmaFree:               0 kB
MemTotal:       12114512 kB
MemFree:         6659376 kB
MemAvailable:    8446696 kB
Buffers:            4528 kB
Cached:          1256312 kB
SwapCached:            0 kB
Active:          1318612 kB
Inactive:        1021948 kB
Active(anon):    1083984 kB
Inactive(anon):    15020 kB
Active(file):     234628 kB
Inactive(file):  1006928 kB
Unevictable:        4124 kB
Mlocked:            4124 kB
SwapTotal:       1048572 kB
SwapFree:        1048572 kB
Dirty:               112 kB
Writeback:             0 kB
AnonPages:       1084012 kB
Mapped:           790084 kB
Shmem:             16028 kB
Slab:             183172 kB
SReclaimable:      46464 kB
SUnreclaim:       136708 kB
KernelStack:       37952 kB
PageTables:        49680 kB
NFS_Unstable:          0 kB
Bounce:                0 kB
WritebackTmp:          0 kB
CommitLimit:     7105828 kB
Committed_AS:   55570468 kB
VmallocTotal:   263061440 kB
VmallocUsed:       63016 kB
VmallocChunk:          0 kB
Percpu:             2304 kB
CmaTotal:         294912 kB
CmaFree:               0 kB
MemTotal:       12114512 kB
MemFree:         6659772 kB
MemAvailable:    8447092 kB
Buffers:            4528 kB
Cached:          1256312 kB
SwapCached:            0 kB
Active:          1318728 kB
Inactive:        1021948 kB
Active(anon):    1084100 kB
Inactive(anon):    15020 kB
Active(file):     234628 kB
Inactive(file):  1006928 kB
Unevictable:        4124 kB
Mlocked:            4124 kB
SwapTotal:       1048572 kB
SwapFree:        1048572 kB
Dirty:               116 kB
Writeback:             0 kB
AnonPages:       1084132 kB
Mapped:           790084 kB
Shmem:             16028 kB
Slab:             183140 kB
SReclaimable:      46464 kB
SUnreclaim:       136676 kB
KernelStack:       37936 kB
PageTables:        49572 kB
NFS_Unstable:          0 kB
Bounce:                0 kB
WritebackTmp:          0 kB
CommitLimit:     7105828 kB
Committed_AS:   55570428 kB
VmallocTotal:   263061440 kB
VmallocUsed:       63000 kB
VmallocChunk:          0 kB
Percpu:             2304 kB
CmaTotal:         294912 kB
CmaFree:               0 kB
MemTotal:       12114512 kB
MemFree:         6659164 kB
MemAvailable:    8446484 kB
Buffers:            4528 kB
Cached:          1256312 kB
SwapCached:            0 kB
Active:          1318632 kB
Inactive:        1021948 kB
Active(anon):    1084004 kB
Inactive(anon):    15020 kB
Active(file):     234628 kB
Inactive(file):  1006928 kB
Unevictable:        4124 kB
Mlocked:            4124 kB
SwapTotal:       1048572 kB
SwapFree:        1048572 kB
Dirty:               116 kB
Writeback:             0 kB
AnonPages:       1084028 kB
Mapped:           790076 kB
Shmem:             16028 kB
Slab:             183140 kB
SReclaimable:      46464 kB
SUnreclaim:       136676 kB
KernelStack:       37968 kB
PageTables:        49572 kB
NFS_Unstable:          0 kB
Bounce:                0 kB
WritebackTmp:          0 kB
CommitLimit:     7105828 kB
Committed_AS:   55564896 kB
VmallocTotal:   263061440 kB
VmallocUsed:       62984 kB
VmallocChunk:          0 kB
Percpu:             2304 kB
CmaTotal:         294912 kB
CmaFree:               8 kB
MemTotal:       12114512 kB
MemFree:         6660080 kB
MemAvailable:    8447400 kB
Buffers:            4528 kB
Cached:          1256312 kB
SwapCached:            0 kB
Active:          1318964 kB
Inactive:        1021948 kB
Active(anon):    1084336 kB
Inactive(anon):    15020 kB
Active(file):     234628 kB
Inactive(file):  1006928 kB
Unevictable:        4124 kB
Mlocked:            4124 kB
SwapTotal:       1048572 kB
SwapFree:        1048572 kB
Dirty:               128 kB
Writeback:             0 kB
AnonPages:       1084264 kB
Mapped:           790152 kB
Shmem:             16028 kB
Slab:             183148 kB
SReclaimable:      46464 kB
SUnreclaim:       136684 kB
KernelStack:       37968 kB
PageTables:        49608 kB
NFS_Unstable:          0 kB
Bounce:                0 kB
WritebackTmp:          0 kB
CommitLimit:     7105828 kB
Committed_AS:   55572032 kB
VmallocTotal:   263061440 kB
VmallocUsed:       62952 kB
VmallocChunk:          0 kB
Percpu:             2304 kB
CmaTotal:         294912 kB
CmaFree:               0 kB
MemTotal:       12114512 kB
MemFree:         6659792 kB
MemAvailable:    8447112 kB
Buffers:            4528 kB
Cached:          1256312 kB
SwapCached:            0 kB
Active:          1319832 kB
Inactive:        1021948 kB
Active(anon):    1085204 kB
Inactive(anon):    15020 kB
Active(file):     234628 kB
Inactive(file):  1006928 kB
Unevictable:        4124 kB
Mlocked:            4124 kB
SwapTotal:       1048572 kB
SwapFree:        1048572 kB
Dirty:               156 kB
Writeback:             0 kB
AnonPages:       1085076 kB
Mapped:           790184 kB
Shmem:             16028 kB
Slab:             183148 kB
SReclaimable:      46464 kB
SUnreclaim:       136684 kB
KernelStack:       37920 kB
PageTables:        49528 kB
NFS_Unstable:          0 kB
Bounce:                0 kB
WritebackTmp:          0 kB
CommitLimit:     7105828 kB
Committed_AS:   55560324 kB
VmallocTotal:   263061440 kB
VmallocUsed:       62952 kB
VmallocChunk:          0 kB
Percpu:             2304 kB
CmaTotal:         294912 kB
CmaFree:               0 kB
MemTotal:       12114512 kB
MemFree:         6664896 kB
MemAvailable:    8452216 kB
Buffers:            4528 kB
Cached:          1256312 kB
SwapCached:            0 kB
Active:          1313148 kB
Inactive:        1021948 kB
Active(anon):    1078520 kB
Inactive(anon):    15020 kB
Active(file):     234628 kB
Inactive(file):  1006928 kB
Unevictable:        4124 kB
Mlocked:            4124 kB
SwapTotal:       1048572 kB
SwapFree:        1048572 kB
Dirty:               260 kB
Writeback:             0 kB
AnonPages:       1078504 kB
Mapped:           790196 kB
Shmem:             16028 kB
Slab:             183180 kB
SReclaimable:      46464 kB
SUnreclaim:       136716 kB
KernelStack:       37988 kB
PageTables:        49640 kB
NFS_Unstable:          0 kB
Bounce:                0 kB
WritebackTmp:          0 kB
CommitLimit:     7105828 kB
Committed_AS:   55559928 kB
VmallocTotal:   263061440 kB
VmallocUsed:       62968 kB
VmallocChunk:          0 kB
Percpu:             2304 kB
CmaTotal:         294912 kB
CmaFree:             216 kB
MemTotal:       12114512 kB
MemFree:         6664656 kB
MemAvailable:    8451976 kB
Buffers:            4528 kB
Cached:          1256312 kB
SwapCached:            0 kB
Active:          1312572 kB
Inactive:        1021948 kB
Active(anon):    1077944 kB
Inactive(anon):    15020 kB
Active(file):     234628 kB
Inactive(file):  1006928 kB
Unevictable:        4124 kB
Mlocked:            4124 kB
SwapTotal:       1048572 kB
SwapFree:        1048572 kB
Dirty:               412 kB
Writeback:             0 kB
AnonPages:       1077844 kB
Mapped:           790112 kB
Shmem:             16028 kB
Slab:             183144 kB
SReclaimable:      46464 kB
SUnreclaim:       136680 kB
KernelStack:       37952 kB
PageTables:        49572 kB
NFS_Unstable:          0 kB
Bounce:                0 kB
WritebackTmp:          0 kB
CommitLimit:     7105828 kB
Committed_AS:   55570712 kB
VmallocTotal:   263061440 kB
VmallocUsed:       62968 kB
VmallocChunk:          0 kB
Percpu:             2304 kB
CmaTotal:         294912 kB
CmaFree:               0 kB
MemTotal:       12114512 kB
MemFree:         6665548 kB
MemAvailable:    8452868 kB
Buffers:            4528 kB
Cached:          1256312 kB
SwapCached:            0 kB
Active:          1312852 kB
Inactive:        1021948 kB
Active(anon):    1078224 kB
Inactive(anon):    15020 kB
Active(file):     234628 kB
Inactive(file):  1006928 kB
Unevictable:        4124 kB
Mlocked:            4124 kB
SwapTotal:       1048572 kB
SwapFree:        1048572 kB
Dirty:               416 kB
Writeback:             0 kB
AnonPages:       1077936 kB
Mapped:           790152 kB
Shmem:             16028 kB
Slab:             183148 kB
SReclaimable:      46464 kB
SUnreclaim:       136684 kB
KernelStack:       37984 kB
PageTables:        49608 kB
NFS_Unstable:          0 kB
Bounce:                0 kB
WritebackTmp:          0 kB
CommitLimit:     7105828 kB
Committed_AS:   55570360 kB
VmallocTotal:   263061440 kB
VmallocUsed:       62984 kB
VmallocChunk:          0 kB
Percpu:             2304 kB
CmaTotal:         294912 kB
CmaFree:               0 kB
MemTotal:       12114512 kB
MemFree:         6647768 kB
MemAvailable:    8435088 kB
Buffers:            4528 kB
Cached:          1256312 kB
SwapCached:            0 kB
Active:          1331248 kB
Inactive:        1021948 kB
Active(anon):    1096620 kB
Inactive(anon):    15020 kB
Active(file):     234628 kB
Inactive(file):  1006928 kB
Unevictable:        4124 kB
Mlocked:            4124 kB
SwapTotal:       1048572 kB
SwapFree:        1048572 kB
Dirty:               432 kB
Writeback:             0 kB
AnonPages:       1096684 kB
Mapped:           790112 kB
Shmem:             16028 kB
Slab:             183156 kB
SReclaimable:      46464 kB
SUnreclaim:       136692 kB
KernelStack:       38000 kB
PageTables:        49572 kB
NFS_Unstable:          0 kB
Bounce:                0 kB
WritebackTmp:          0 kB
CommitLimit:     7105828 kB
Committed_AS:   55577052 kB
VmallocTotal:   263061440 kB
VmallocUsed:       62984 kB
VmallocChunk:          0 kB
Percpu:             2304 kB
CmaTotal:         294912 kB
CmaFree:              60 kB
MemTotal:       12114512 kB
MemFree:         6636916 kB
MemAvailable:    8424236 kB
Buffers:            4528 kB
Cached:          1256312 kB
SwapCached:            0 kB
Active:          1339932 kB
Inactive:        1021948 kB
Active(anon):    1105304 kB
Inactive(anon):    15020 kB
Active(file):     234628 kB
Inactive(file):  1006928 kB
Unevictable:        4124 kB
Mlocked:            4124 kB
SwapTotal:       1048572 kB
SwapFree:        1048572 kB
Dirty:               108 kB
Writeback:             0 kB
AnonPages:       1104892 kB
Mapped:           790268 kB
Shmem:             16028 kB
Slab:             183156 kB
SReclaimable:      46464 kB
SUnreclaim:       136692 kB
KernelStack:       38000 kB
PageTables:        49612 kB
NFS_Unstable:          0 kB
Bounce:                0 kB
WritebackTmp:          0 kB
CommitLimit:     7105828 kB
Committed_AS:   55571744 kB
VmallocTotal:   263061440 kB
VmallocUsed:       63000 kB
VmallocChunk:          0 kB
Percpu:             2304 kB
CmaTotal:         294912 kB
CmaFree:               0 kB
MemTotal:       12114512 kB
MemFree:         6638508 kB
MemAvailable:    8425828 kB
Buffers:            4528 kB
Cached:          1256312 kB
SwapCached:            0 kB
Active:          1338680 kB
Inactive:        1021948 kB
Active(anon):    1104052 kB
Inactive(anon):    15020 kB
Active(file):     234628 kB
Inactive(file):  1006928 kB
Unevictable:        4124 kB
Mlocked:            4124 kB
SwapTotal:       1048572 kB
SwapFree:        1048572 kB
Dirty:               120 kB
Writeback:             0 kB
AnonPages:       1104084 kB
Mapped:           790112 kB
Shmem:             16028 kB
Slab:             183144 kB
SReclaimable:      46464 kB
SUnreclaim:       136680 kB
KernelStack:       37952 kB
PageTables:        49572 kB
NFS_Unstable:          0 kB
Bounce:                0 kB
WritebackTmp:          0 kB
CommitLimit:     7105828 kB
Committed_AS:   55571344 kB
VmallocTotal:   263061440 kB
VmallocUsed:       62968 kB
VmallocChunk:          0 kB
Percpu:             2304 kB
CmaTotal:         294912 kB
CmaFree:               0 kB
MemTotal:       12114512 kB
MemFree:         6636404 kB
MemAvailable:    8423724 kB
Buffers:            4528 kB
Cached:          1256312 kB
SwapCached:            0 kB
Active:          1340000 kB
Inactive:        1021948 kB
Active(anon):    1105372 kB
Inactive(anon):    15020 kB
Active(file):     234628 kB
Inactive(file):  1006928 kB
Unevictable:        4124 kB
Mlocked:            4124 kB
SwapTotal:       1048572 kB
SwapFree:        1048572 kB
Dirty:               120 kB
Writeback:             0 kB
AnonPages:       1105372 kB
Mapped:           790112 kB
Shmem:             16028 kB
Slab:             183144 kB
SReclaimable:      46464 kB
SUnreclaim:       136680 kB
KernelStack:       37952 kB
PageTables:        49572 kB
NFS_Unstable:          0 kB
Bounce:                0 kB
WritebackTmp:          0 kB
CommitLimit:     7105828 kB
Committed_AS:   55580512 kB
VmallocTotal:   263061440 kB
VmallocUsed:       62968 kB
VmallocChunk:          0 kB
Percpu:             2304 kB
CmaTotal:         294912 kB
CmaFree:               0 kB
MemTotal:       12114512 kB
MemFree:         6636532 kB
MemAvailable:    8423852 kB
Buffers:            4528 kB
Cached:          1256216 kB
SwapCached:            0 kB
Active:          1340148 kB
Inactive:        1021852 kB
Active(anon):    1105520 kB
Inactive(anon):    14924 kB
Active(file):     234628 kB
Inactive(file):  1006928 kB
Unevictable:        4124 kB
Mlocked:            4124 kB
SwapTotal:       1048572 kB
SwapFree:        1048572 kB
Dirty:               120 kB
Writeback:             0 kB
AnonPages:       1105244 kB
Mapped:           790136 kB
Shmem:             15932 kB
Slab:             183140 kB
SReclaimable:      46464 kB
SUnreclaim:       136676 kB
KernelStack:       37952 kB
PageTables:        49616 kB
NFS_Unstable:          0 kB
Bounce:                0 kB
WritebackTmp:          0 kB
CommitLimit:     7105828 kB
Committed_AS:   55586344 kB
VmallocTotal:   263061440 kB
VmallocUsed:       62984 kB
VmallocChunk:          0 kB
Percpu:             2304 kB
CmaTotal:         294912 kB
CmaFree:               0 kB
MemTotal:       12114512 kB
MemFree:         6638124 kB
MemAvailable:    8425444 kB
Buffers:            4528 kB
Cached:          1256216 kB
SwapCached:            0 kB
Active:          1340300 kB
Inactive:        1021852 kB
Active(anon):    1105672 kB
Inactive(anon):    14924 kB
Active(file):     234628 kB
Inactive(file):  1006928 kB
Unevictable:        4124 kB
Mlocked:            4124 kB
SwapTotal:       1048572 kB
SwapFree:        1048572 kB
Dirty:               124 kB
Writeback:             0 kB
AnonPages:       1105688 kB
Mapped:           790012 kB
Shmem:             15932 kB
Slab:             183144 kB
SReclaimable:      46464 kB
SUnreclaim:       136680 kB
KernelStack:       37936 kB
PageTables:        49572 kB
NFS_Unstable:          0 kB
Bounce:                0 kB
WritebackTmp:          0 kB
CommitLimit:     7105828 kB
Committed_AS:   55580732 kB
VmallocTotal:   263061440 kB
VmallocUsed:       62968 kB
VmallocChunk:          0 kB
Percpu:             2304 kB
CmaTotal:         294912 kB
CmaFree:               0 kB
MemTotal:       12114512 kB
MemFree:         6638984 kB
MemAvailable:    8426304 kB
Buffers:            4528 kB
Cached:          1256216 kB
SwapCached:            0 kB
Active:          1340920 kB
Inactive:        1021852 kB
Active(anon):    1106292 kB
Inactive(anon):    14924 kB
Active(file):     234628 kB
Inactive(file):  1006928 kB
Unevictable:        4124 kB
Mlocked:            4124 kB
SwapTotal:       1048572 kB
SwapFree:        1048572 kB
Dirty:                76 kB
Writeback:             0 kB
AnonPages:       1106288 kB
Mapped:           790016 kB
Shmem:             15932 kB
Slab:             183148 kB
SReclaimable:      46464 kB
SUnreclaim:       136684 kB
KernelStack:       37936 kB
PageTables:        49572 kB
NFS_Unstable:          0 kB
Bounce:                0 kB
WritebackTmp:          0 kB
CommitLimit:     7105828 kB
Committed_AS:   55569932 kB
VmallocTotal:   263061440 kB
VmallocUsed:       62952 kB
VmallocChunk:          0 kB
Percpu:             2304 kB
CmaTotal:         294912 kB
CmaFree:               0 kB
MemTotal:       12114512 kB
MemFree:         6638948 kB
MemAvailable:    8426268 kB
Buffers:            4528 kB
Cached:          1256216 kB
SwapCached:            0 kB
Active:          1341428 kB
Inactive:        1021852 kB
Active(anon):    1106800 kB
Inactive(anon):    14924 kB
Active(file):     234628 kB
Inactive(file):  1006928 kB
Unevictable:        4124 kB
Mlocked:            4124 kB
SwapTotal:       1048572 kB
SwapFree:        1048572 kB
Dirty:                76 kB
Writeback:             0 kB
AnonPages:       1106792 kB
Mapped:           790016 kB
Shmem:             15932 kB
Slab:             183152 kB
SReclaimable:      46464 kB
SUnreclaim:       136688 kB
KernelStack:       37936 kB
PageTables:        49572 kB
NFS_Unstable:          0 kB
Bounce:                0 kB
WritebackTmp:          0 kB
CommitLimit:     7105828 kB
Committed_AS:   55572352 kB
VmallocTotal:   263061440 kB
VmallocUsed:       62920 kB
VmallocChunk:          0 kB
Percpu:             2304 kB
CmaTotal:         294912 kB
CmaFree:               0 kB
MemTotal:       12114512 kB
MemFree:         6637688 kB
MemAvailable:    8425008 kB
Buffers:            4528 kB
Cached:          1256216 kB
SwapCached:            0 kB
Active:          1341968 kB
Inactive:        1021852 kB
Active(anon):    1107340 kB
Inactive(anon):    14924 kB
Active(file):     234628 kB
Inactive(file):  1006928 kB
Unevictable:        4124 kB
Mlocked:            4124 kB
SwapTotal:       1048572 kB
SwapFree:        1048572 kB
Dirty:                76 kB
Writeback:             0 kB
AnonPages:       1106620 kB
Mapped:           790112 kB
Shmem:             15932 kB
Slab:             183152 kB
SReclaimable:      46464 kB
SUnreclaim:       136688 kB
KernelStack:       38016 kB
PageTables:        49680 kB
NFS_Unstable:          0 kB
Bounce:                0 kB
WritebackTmp:          0 kB
CommitLimit:     7105828 kB
Committed_AS:   55564864 kB
VmallocTotal:   263061440 kB
VmallocUsed:       62952 kB
VmallocChunk:          0 kB
Percpu:             2304 kB
CmaTotal:         294912 kB
CmaFree:               0 kB
MemTotal:       12114512 kB
MemFree:         6638340 kB
MemAvailable:    8425660 kB
Buffers:            4528 kB
Cached:          1256216 kB
SwapCached:            0 kB
Active:          1340092 kB
Inactive:        1021852 kB
Active(anon):    1105464 kB
Inactive(anon):    14924 kB
Active(file):     234628 kB
Inactive(file):  1006928 kB
Unevictable:        4124 kB
Mlocked:            4124 kB
SwapTotal:       1048572 kB
SwapFree:        1048572 kB
Dirty:                76 kB
Writeback:             0 kB
AnonPages:       1105392 kB
Mapped:           790092 kB
Shmem:             15932 kB
Slab:             183164 kB
SReclaimable:      46464 kB
SUnreclaim:       136700 kB
KernelStack:       37968 kB
PageTables:        49604 kB
NFS_Unstable:          0 kB
Bounce:                0 kB
WritebackTmp:          0 kB
CommitLimit:     7105828 kB
Committed_AS:   55564688 kB
VmallocTotal:   263061440 kB
VmallocUsed:       62968 kB
VmallocChunk:          0 kB
Percpu:             2304 kB
CmaTotal:         294912 kB
CmaFree:             148 kB
MemTotal:       12114512 kB
MemFree:         6638420 kB
MemAvailable:    8425740 kB
Buffers:            4528 kB
Cached:          1256216 kB
SwapCached:            0 kB
Active:          1340184 kB
Inactive:        1021852 kB
Active(anon):    1105556 kB
Inactive(anon):    14924 kB
Active(file):     234628 kB
Inactive(file):  1006928 kB
Unevictable:        4124 kB
Mlocked:            4124 kB
SwapTotal:       1048572 kB
SwapFree:        1048572 kB
Dirty:               104 kB
Writeback:             0 kB
AnonPages:       1105476 kB
Mapped:           790016 kB
Shmem:             15932 kB
Slab:             183160 kB
SReclaimable:      46464 kB
SUnreclaim:       136696 kB
KernelStack:       37936 kB
PageTables:        49572 kB
NFS_Unstable:          0 kB
Bounce:                0 kB
WritebackTmp:          0 kB
CommitLimit:     7105828 kB
Committed_AS:   55564820 kB
VmallocTotal:   263061440 kB
VmallocUsed:       62968 kB
VmallocChunk:          0 kB
Percpu:             2304 kB
CmaTotal:         294912 kB
CmaFree:               0 kB
MemTotal:       12114512 kB
MemFree:         6637344 kB
MemAvailable:    8424664 kB
Buffers:            4528 kB
Cached:          1256216 kB
SwapCached:            0 kB
Active:          1341056 kB
Inactive:        1021852 kB
Active(anon):    1106428 kB
Inactive(anon):    14924 kB
Active(file):     234628 kB
Inactive(file):  1006928 kB
Unevictable:        4124 kB
Mlocked:            4124 kB
SwapTotal:       1048572 kB
SwapFree:        1048572 kB
Dirty:               104 kB
Writeback:             0 kB
AnonPages:       1106164 kB
Mapped:           790212 kB
Shmem:             15932 kB
Slab:             183168 kB
SReclaimable:      46464 kB
SUnreclaim:       136704 kB
KernelStack:       38016 kB
PageTables:        49676 kB
NFS_Unstable:          0 kB
Bounce:                0 kB
WritebackTmp:          0 kB
CommitLimit:     7105828 kB
Committed_AS:   55559864 kB
VmallocTotal:   263061440 kB
VmallocUsed:       62984 kB
VmallocChunk:          0 kB
Percpu:             2304 kB
CmaTotal:         294912 kB
CmaFree:               0 kB
MemTotal:       12114512 kB
MemFree:         6638784 kB
MemAvailable:    8426104 kB
Buffers:            4528 kB
Cached:          1256216 kB
SwapCached:            0 kB
Active:          1340344 kB
Inactive:        1021852 kB
Active(anon):    1105716 kB
Inactive(anon):    14924 kB
Active(file):     234628 kB
Inactive(file):  1006928 kB
Unevictable:        4124 kB
Mlocked:            4124 kB
SwapTotal:       1048572 kB
SwapFree:        1048572 kB
Dirty:               104 kB
Writeback:             0 kB
AnonPages:       1105708 kB
Mapped:           790016 kB
Shmem:             15932 kB
Slab:             183144 kB
SReclaimable:      46464 kB
SUnreclaim:       136680 kB
KernelStack:       37936 kB
PageTables:        49572 kB
NFS_Unstable:          0 kB
Bounce:                0 kB
WritebackTmp:          0 kB
CommitLimit:     7105828 kB
Committed_AS:   55564948 kB
VmallocTotal:   263061440 kB
VmallocUsed:       62984 kB
VmallocChunk:          0 kB
Percpu:             2304 kB
CmaTotal:         294912 kB
CmaFree:               0 kB
MemTotal:       12114512 kB
MemFree:         6641336 kB
MemAvailable:    8428656 kB
Buffers:            4528 kB
Cached:          1256120 kB
SwapCached:            0 kB
Active:          1337812 kB
Inactive:        1021756 kB
Active(anon):    1103184 kB
Inactive(anon):    14828 kB
Active(file):     234628 kB
Inactive(file):  1006928 kB
Unevictable:        4124 kB
Mlocked:            4124 kB
SwapTotal:       1048572 kB
SwapFree:        1048572 kB
Dirty:               104 kB
Writeback:             0 kB
AnonPages:       1103236 kB
Mapped:           789920 kB
Shmem:             15836 kB
Slab:             183172 kB
SReclaimable:      46464 kB
SUnreclaim:       136708 kB
KernelStack:       37920 kB
PageTables:        49664 kB
NFS_Unstable:          0 kB
Bounce:                0 kB
WritebackTmp:          0 kB
CommitLimit:     7105828 kB
Committed_AS:   55562032 kB
VmallocTotal:   263061440 kB
VmallocUsed:       62968 kB
VmallocChunk:          0 kB
Percpu:             2304 kB
CmaTotal:         294912 kB
CmaFree:               0 kB
MemTotal:       12114512 kB
MemFree:         6641128 kB
MemAvailable:    8428448 kB
Buffers:            4528 kB
Cached:          1256120 kB
SwapCached:            0 kB
Active:          1338368 kB
Inactive:        1021756 kB
Active(anon):    1103740 kB
Inactive(anon):    14828 kB
Active(file):     234628 kB
Inactive(file):  1006928 kB
Unevictable:        4124 kB
Mlocked:            4124 kB
SwapTotal:       1048572 kB
SwapFree:        1048572 kB
Dirty:               104 kB
Writeback:             0 kB
AnonPages:       1102788 kB
Mapped:           789908 kB
Shmem:             15836 kB
Slab:             183168 kB
SReclaimable:      46464 kB
SUnreclaim:       136704 kB
KernelStack:       37920 kB
PageTables:        49652 kB
NFS_Unstable:          0 kB
Bounce:                0 kB
WritebackTmp:          0 kB
CommitLimit:     7105828 kB
Committed_AS:   55556900 kB
VmallocTotal:   263061440 kB
VmallocUsed:       62936 kB
VmallocChunk:          0 kB
Percpu:             2304 kB
CmaTotal:         294912 kB
CmaFree:               0 kB
MemTotal:       12114512 kB
MemFree:         6641876 kB
MemAvailable:    8429196 kB
Buffers:            4528 kB
Cached:          1256120 kB
SwapCached:            0 kB
Active:          1338264 kB
Inactive:        1021756 kB
Active(anon):    1103636 kB
Inactive(anon):    14828 kB
Active(file):     234628 kB
Inactive(file):  1006928 kB
Unevictable:        4124 kB
Mlocked:            4124 kB
SwapTotal:       1048572 kB
SwapFree:        1048572 kB
Dirty:               104 kB
Writeback:             0 kB
AnonPages:       1103388 kB
Mapped:           789980 kB
Shmem:             15836 kB
Slab:             183164 kB
SReclaimable:      46464 kB
SUnreclaim:       136700 kB
KernelStack:       37936 kB
PageTables:        49576 kB
NFS_Unstable:          0 kB
Bounce:                0 kB
WritebackTmp:          0 kB
CommitLimit:     7105828 kB
Committed_AS:   55561696 kB
VmallocTotal:   263061440 kB
VmallocUsed:       62936 kB
VmallocChunk:          0 kB
Percpu:             2304 kB
CmaTotal:         294912 kB
CmaFree:              32 kB
MemTotal:       12114512 kB
MemFree:         6641356 kB
MemAvailable:    8428676 kB
Buffers:            4528 kB
Cached:          1256120 kB
SwapCached:            0 kB
Active:          1338792 kB
Inactive:        1021756 kB
Active(anon):    1104164 kB
Inactive(anon):    14828 kB
Active(file):     234628 kB
Inactive(file):  1006928 kB
Unevictable:        4124 kB
Mlocked:            4124 kB
SwapTotal:       1048572 kB
SwapFree:        1048572 kB
Dirty:                76 kB
Writeback:             0 kB
AnonPages:       1104192 kB
Mapped:           789920 kB
Shmem:             15836 kB
Slab:             183164 kB
SReclaimable:      46464 kB
SUnreclaim:       136700 kB
KernelStack:       37920 kB
PageTables:        49676 kB
NFS_Unstable:          0 kB
Bounce:                0 kB
WritebackTmp:          0 kB
CommitLimit:     7105828 kB
Committed_AS:   55555788 kB
VmallocTotal:   263061440 kB
VmallocUsed:       62904 kB
VmallocChunk:          0 kB
Percpu:             2304 kB
CmaTotal:         294912 kB
CmaFree:               0 kB
MemTotal:       12114512 kB
MemFree:         6640064 kB
MemAvailable:    8427384 kB
Buffers:            4528 kB
Cached:          1256120 kB
SwapCached:            0 kB
Active:          1338904 kB
Inactive:        1021756 kB
Active(anon):    1104276 kB
Inactive(anon):    14828 kB
Active(file):     234628 kB
Inactive(file):  1006928 kB
Unevictable:        4124 kB
Mlocked:            4124 kB
SwapTotal:       1048572 kB
SwapFree:        1048572 kB
Dirty:               104 kB
Writeback:             0 kB
AnonPages:       1104332 kB
Mapped:           789920 kB
Shmem:             15836 kB
Slab:             183160 kB
SReclaimable:      46464 kB
SUnreclaim:       136696 kB
KernelStack:       37920 kB
PageTables:        49676 kB
NFS_Unstable:          0 kB
Bounce:                0 kB
WritebackTmp:          0 kB
CommitLimit:     7105828 kB
Committed_AS:   55550344 kB
VmallocTotal:   263061440 kB
VmallocUsed:       62888 kB
VmallocChunk:          0 kB
Percpu:             2304 kB
CmaTotal:         294912 kB
CmaFree:               0 kB
MemTotal:       12114512 kB
MemFree:         6639268 kB
MemAvailable:    8426588 kB
Buffers:            4528 kB
Cached:          1256120 kB
SwapCached:            0 kB
Active:          1339180 kB
Inactive:        1021756 kB
Active(anon):    1104552 kB
Inactive(anon):    14828 kB
Active(file):     234628 kB
Inactive(file):  1006928 kB
Unevictable:        4124 kB
Mlocked:            4124 kB
SwapTotal:       1048572 kB
SwapFree:        1048572 kB
Dirty:               116 kB
Writeback:             0 kB
AnonPages:       1104552 kB
Mapped:           789920 kB
Shmem:             15836 kB
Slab:             183156 kB
SReclaimable:      46464 kB
SUnreclaim:       136692 kB
KernelStack:       37904 kB
PageTables:        49568 kB
NFS_Unstable:          0 kB
Bounce:                0 kB
WritebackTmp:          0 kB
CommitLimit:     7105828 kB
Committed_AS:   55555560 kB
VmallocTotal:   263061440 kB
VmallocUsed:       62936 kB
VmallocChunk:          0 kB
Percpu:             2304 kB
CmaTotal:         294912 kB
CmaFree:               0 kB
MemTotal:       12114512 kB
MemFree:         6638796 kB
MemAvailable:    8426116 kB
Buffers:            4528 kB
Cached:          1256120 kB
SwapCached:            0 kB
Active:          1339688 kB
Inactive:        1021756 kB
Active(anon):    1105060 kB
Inactive(anon):    14828 kB
Active(file):     234628 kB
Inactive(file):  1006928 kB
Unevictable:        4124 kB
Mlocked:            4124 kB
SwapTotal:       1048572 kB
SwapFree:        1048572 kB
Dirty:               140 kB
Writeback:             0 kB
AnonPages:       1104968 kB
Mapped:           789920 kB
Shmem:             15836 kB
Slab:             183156 kB
SReclaimable:      46464 kB
SUnreclaim:       136692 kB
KernelStack:       37904 kB
PageTables:        49568 kB
NFS_Unstable:          0 kB
Bounce:                0 kB
WritebackTmp:          0 kB
CommitLimit:     7105828 kB
Committed_AS:   55566656 kB
VmallocTotal:   263061440 kB
VmallocUsed:       62952 kB
VmallocChunk:          0 kB
Percpu:             2304 kB
CmaTotal:         294912 kB
CmaFree:               0 kB
MemTotal:       12114512 kB
MemFree:         6639112 kB
MemAvailable:    8426432 kB
Buffers:            4528 kB
Cached:          1256120 kB
SwapCached:            0 kB
Active:          1339904 kB
Inactive:        1021756 kB
Active(anon):    1105276 kB
Inactive(anon):    14828 kB
Active(file):     234628 kB
Inactive(file):  1006928 kB
Unevictable:        4124 kB
Mlocked:            4124 kB
SwapTotal:       1048572 kB
SwapFree:        1048572 kB
Dirty:               144 kB
Writeback:             0 kB
AnonPages:       1105228 kB
Mapped:           789920 kB
Shmem:             15836 kB
Slab:             183164 kB
SReclaimable:      46464 kB
SUnreclaim:       136700 kB
KernelStack:       37920 kB
PageTables:        49676 kB
NFS_Unstable:          0 kB
Bounce:                0 kB
WritebackTmp:          0 kB
CommitLimit:     7105828 kB
Committed_AS:   55560996 kB
VmallocTotal:   263061440 kB
VmallocUsed:       62984 kB
VmallocChunk:          0 kB
Percpu:             2304 kB
CmaTotal:         294912 kB
CmaFree:               0 kB
MemTotal:       12114512 kB
MemFree:         6639228 kB
MemAvailable:    8426548 kB
Buffers:            4528 kB
Cached:          1256120 kB
SwapCached:            0 kB
Active:          1340280 kB
Inactive:        1021756 kB
Active(anon):    1105652 kB
Inactive(anon):    14828 kB
Active(file):     234628 kB
Inactive(file):  1006928 kB
Unevictable:        4124 kB
Mlocked:            4124 kB
SwapTotal:       1048572 kB
SwapFree:        1048572 kB
Dirty:                76 kB
Writeback:             0 kB
AnonPages:       1105676 kB
Mapped:           789920 kB
Shmem:             15836 kB
Slab:             183160 kB
SReclaimable:      46464 kB
SUnreclaim:       136696 kB
KernelStack:       37904 kB
PageTables:        49568 kB
NFS_Unstable:          0 kB
Bounce:                0 kB
WritebackTmp:          0 kB
CommitLimit:     7105828 kB
Committed_AS:   55549980 kB
VmallocTotal:   263061440 kB
VmallocUsed:       62952 kB
VmallocChunk:          0 kB
Percpu:             2304 kB
CmaTotal:         294912 kB
CmaFree:               0 kB
MemTotal:       12114512 kB
MemFree:         6639292 kB
MemAvailable:    8426612 kB
Buffers:            4528 kB
Cached:          1256120 kB
SwapCached:            0 kB
Active:          1340552 kB
Inactive:        1021756 kB
Active(anon):    1105924 kB
Inactive(anon):    14828 kB
Active(file):     234628 kB
Inactive(file):  1006928 kB
Unevictable:        4124 kB
Mlocked:            4124 kB
SwapTotal:       1048572 kB
SwapFree:        1048572 kB
Dirty:               112 kB
Writeback:             0 kB
AnonPages:       1105972 kB
Mapped:           789920 kB
Shmem:             15836 kB
Slab:             183164 kB
SReclaimable:      46464 kB
SUnreclaim:       136700 kB
KernelStack:       37904 kB
PageTables:        49568 kB
NFS_Unstable:          0 kB
Bounce:                0 kB
WritebackTmp:          0 kB
CommitLimit:     7105828 kB
Committed_AS:   55547848 kB
VmallocTotal:   263061440 kB
VmallocUsed:       62888 kB
VmallocChunk:          0 kB
Percpu:             2304 kB
CmaTotal:         294912 kB
CmaFree:               0 kB
MemTotal:       12114512 kB
MemFree:         6638064 kB
MemAvailable:    8425384 kB
Buffers:            4528 kB
Cached:          1256120 kB
SwapCached:            0 kB
Active:          1340940 kB
Inactive:        1021756 kB
Active(anon):    1106312 kB
Inactive(anon):    14828 kB
Active(file):     234628 kB
Inactive(file):  1006928 kB
Unevictable:        4124 kB
Mlocked:            4124 kB
SwapTotal:       1048572 kB
SwapFree:        1048572 kB
Dirty:               112 kB
Writeback:             0 kB
AnonPages:       1106192 kB
Mapped:           789920 kB
Shmem:             15836 kB
Slab:             183164 kB
SReclaimable:      46464 kB
SUnreclaim:       136700 kB
KernelStack:       37920 kB
PageTables:        49676 kB
NFS_Unstable:          0 kB
Bounce:                0 kB
WritebackTmp:          0 kB
CommitLimit:     7105828 kB
Committed_AS:   55548052 kB
VmallocTotal:   263061440 kB
VmallocUsed:       62888 kB
VmallocChunk:          0 kB
Percpu:             2304 kB
CmaTotal:         294912 kB
CmaFree:               0 kB
MemTotal:       12114512 kB
MemFree:         6638588 kB
MemAvailable:    8425908 kB
Buffers:            4528 kB
Cached:          1256120 kB
SwapCached:            0 kB
Active:          1341068 kB
Inactive:        1021756 kB
Active(anon):    1106440 kB
Inactive(anon):    14828 kB
Active(file):     234628 kB
Inactive(file):  1006928 kB
Unevictable:        4124 kB
Mlocked:            4124 kB
SwapTotal:       1048572 kB
SwapFree:        1048572 kB
Dirty:               112 kB
Writeback:             0 kB
AnonPages:       1106212 kB
Mapped:           790072 kB
Shmem:             15836 kB
Slab:             183160 kB
SReclaimable:      46464 kB
SUnreclaim:       136696 kB
KernelStack:       37936 kB
PageTables:        49612 kB
NFS_Unstable:          0 kB
Bounce:                0 kB
WritebackTmp:          0 kB
CommitLimit:     7105828 kB
Committed_AS:   55548236 kB
VmallocTotal:   263061440 kB
VmallocUsed:       62888 kB
VmallocChunk:          0 kB
Percpu:             2304 kB
CmaTotal:         294912 kB
CmaFree:               8 kB
MemTotal:       12114512 kB
MemFree:         6638272 kB
MemAvailable:    8425592 kB
Buffers:            4528 kB
Cached:          1256120 kB
SwapCached:            0 kB
Active:          1341368 kB
Inactive:        1021756 kB
Active(anon):    1106740 kB
Inactive(anon):    14828 kB
Active(file):     234628 kB
Inactive(file):  1006928 kB
Unevictable:        4124 kB
Mlocked:            4124 kB
SwapTotal:       1048572 kB
SwapFree:        1048572 kB
Dirty:               112 kB
Writeback:             0 kB
AnonPages:       1106608 kB
Mapped:           789920 kB
Shmem:             15836 kB
Slab:             183152 kB
SReclaimable:      46464 kB
SUnreclaim:       136688 kB
KernelStack:       37920 kB
PageTables:        49568 kB
NFS_Unstable:          0 kB
Bounce:                0 kB
WritebackTmp:          0 kB
CommitLimit:     7105828 kB
Committed_AS:   55550460 kB
VmallocTotal:   263061440 kB
VmallocUsed:       62888 kB
VmallocChunk:          0 kB
Percpu:             2304 kB
CmaTotal:         294912 kB
CmaFree:               0 kB
MemTotal:       12114512 kB
MemFree:         6637420 kB
MemAvailable:    8424740 kB
Buffers:            4528 kB
Cached:          1256120 kB
SwapCached:            0 kB
Active:          1341800 kB
Inactive:        1021756 kB
Active(anon):    1107172 kB
Inactive(anon):    14828 kB
Active(file):     234628 kB
Inactive(file):  1006928 kB
Unevictable:        4124 kB
Mlocked:            4124 kB
SwapTotal:       1048572 kB
SwapFree:        1048572 kB
Dirty:                76 kB
Writeback:             0 kB
AnonPages:       1107040 kB
Mapped:           789916 kB
Shmem:             15836 kB
Slab:             183152 kB
SReclaimable:      46464 kB
SUnreclaim:       136688 kB
KernelStack:       37888 kB
PageTables:        49352 kB
NFS_Unstable:          0 kB
Bounce:                0 kB
WritebackTmp:          0 kB
CommitLimit:     7105828 kB
Committed_AS:   55542664 kB
VmallocTotal:   263061440 kB
VmallocUsed:       62872 kB
VmallocChunk:          0 kB
Percpu:             2304 kB
CmaTotal:         294912 kB
CmaFree:               0 kB
MemTotal:       12114512 kB
MemFree:         6637076 kB
MemAvailable:    8424396 kB
Buffers:            4528 kB
Cached:          1256120 kB
SwapCached:            0 kB
Active:          1342192 kB
Inactive:        1021756 kB
Active(anon):    1107564 kB
Inactive(anon):    14828 kB
Active(file):     234628 kB
Inactive(file):  1006928 kB
Unevictable:        4124 kB
Mlocked:            4124 kB
SwapTotal:       1048572 kB
SwapFree:        1048572 kB
Dirty:                76 kB
Writeback:             0 kB
AnonPages:       1107452 kB
Mapped:           789912 kB
Shmem:             15836 kB
Slab:             183152 kB
SReclaimable:      46464 kB
SUnreclaim:       136688 kB
KernelStack:       37968 kB
PageTables:        49476 kB
NFS_Unstable:          0 kB
Bounce:                0 kB
WritebackTmp:          0 kB
CommitLimit:     7105828 kB
Committed_AS:   55536916 kB
VmallocTotal:   263061440 kB
VmallocUsed:       62920 kB
VmallocChunk:          0 kB
Percpu:             2304 kB
CmaTotal:         294912 kB
CmaFree:               0 kB
MemTotal:       12114512 kB
MemFree:         6637168 kB
MemAvailable:    8424488 kB
Buffers:            4528 kB
Cached:          1256120 kB
SwapCached:            0 kB
Active:          1342380 kB
Inactive:        1021756 kB
Active(anon):    1107752 kB
Inactive(anon):    14828 kB
Active(file):     234628 kB
Inactive(file):  1006928 kB
Unevictable:        4124 kB
Mlocked:            4124 kB
SwapTotal:       1048572 kB
SwapFree:        1048572 kB
Dirty:                92 kB
Writeback:             0 kB
AnonPages:       1107684 kB
Mapped:           789920 kB
Shmem:             15836 kB
Slab:             183156 kB
SReclaimable:      46464 kB
SUnreclaim:       136692 kB
KernelStack:       37904 kB
PageTables:        49568 kB
NFS_Unstable:          0 kB
Bounce:                0 kB
WritebackTmp:          0 kB
CommitLimit:     7105828 kB
Committed_AS:   55542664 kB
VmallocTotal:   263061440 kB
VmallocUsed:       62888 kB
VmallocChunk:          0 kB
Percpu:             2304 kB
CmaTotal:         294912 kB
CmaFree:               0 kB
MemTotal:       12114512 kB
MemFree:         6636336 kB
MemAvailable:    8423656 kB
Buffers:            4528 kB
Cached:          1256120 kB
SwapCached:            0 kB
Active:          1342684 kB
Inactive:        1021756 kB
Active(anon):    1108056 kB
Inactive(anon):    14828 kB
Active(file):     234628 kB
Inactive(file):  1006928 kB
Unevictable:        4124 kB
Mlocked:            4124 kB
SwapTotal:       1048572 kB
SwapFree:        1048572 kB
Dirty:                92 kB
Writeback:             0 kB
AnonPages:       1108056 kB
Mapped:           789920 kB
Shmem:             15836 kB
Slab:             183156 kB
SReclaimable:      46464 kB
SUnreclaim:       136692 kB
KernelStack:       37904 kB
PageTables:        49568 kB
NFS_Unstable:          0 kB
Bounce:                0 kB
WritebackTmp:          0 kB
CommitLimit:     7105828 kB
Committed_AS:   55548108 kB
VmallocTotal:   263061440 kB
VmallocUsed:       62920 kB
VmallocChunk:          0 kB
Percpu:             2304 kB
CmaTotal:         294912 kB
CmaFree:               0 kB
MemTotal:       12114512 kB
MemFree:         6635304 kB
MemAvailable:    8422624 kB
Buffers:            4528 kB
Cached:          1255872 kB
SwapCached:            0 kB
Active:          1342212 kB
Inactive:        1021808 kB
Active(anon):    1107584 kB
Inactive(anon):    14880 kB
Active(file):     234628 kB
Inactive(file):  1006928 kB
Unevictable:        4124 kB
Mlocked:            4124 kB
SwapTotal:       1048572 kB
SwapFree:        1048572 kB
Dirty:               148 kB
Writeback:             0 kB
AnonPages:       1107312 kB
Mapped:           789964 kB
Shmem:             15588 kB
Slab:             183164 kB
SReclaimable:      46464 kB
SUnreclaim:       136700 kB
KernelStack:       37920 kB
PageTables:        49568 kB
NFS_Unstable:          0 kB
Bounce:                0 kB
WritebackTmp:          0 kB
CommitLimit:     7105828 kB
Committed_AS:   55564324 kB
VmallocTotal:   263061440 kB
VmallocUsed:       62952 kB
VmallocChunk:          0 kB
Percpu:             2304 kB
CmaTotal:         294912 kB
CmaFree:               4 kB
MemTotal:       12114512 kB
MemFree:         6628144 kB
MemAvailable:    8415464 kB
Buffers:            4528 kB
Cached:          1256120 kB
SwapCached:            0 kB
Active:          1352056 kB
Inactive:        1021756 kB
Active(anon):    1117428 kB
Inactive(anon):    14828 kB
Active(file):     234628 kB
Inactive(file):  1006928 kB
Unevictable:        4124 kB
Mlocked:            4124 kB
SwapTotal:       1048572 kB
SwapFree:        1048572 kB
Dirty:                76 kB
Writeback:             0 kB
AnonPages:       1117316 kB
Mapped:           789920 kB
Shmem:             15836 kB
Slab:             183160 kB
SReclaimable:      46464 kB
SUnreclaim:       136696 kB
KernelStack:       37824 kB
PageTables:        49568 kB
NFS_Unstable:          0 kB
Bounce:                0 kB
WritebackTmp:          0 kB
CommitLimit:     7105828 kB
Committed_AS:   55576864 kB
VmallocTotal:   263061440 kB
VmallocUsed:       62904 kB
VmallocChunk:          0 kB
Percpu:             2304 kB
CmaTotal:         294912 kB
CmaFree:               0 kB
MemTotal:       12114512 kB
MemFree:         6632548 kB
MemAvailable:    8408192 kB
Buffers:            4528 kB
Cached:          1256020 kB
SwapCached:            0 kB
Active:          1345872 kB
Inactive:        1021672 kB
Active(anon):    1111244 kB
Inactive(anon):    14744 kB
Active(file):     234628 kB
Inactive(file):  1006928 kB
Unevictable:        4124 kB
Mlocked:            4124 kB
SwapTotal:       1048572 kB
SwapFree:        1048572 kB
Dirty:                48 kB
Writeback:             0 kB
AnonPages:       1111204 kB
Mapped:           789848 kB
Shmem:             15736 kB
Slab:             183120 kB
SReclaimable:      46468 kB
SUnreclaim:       136652 kB
KernelStack:       37860 kB
PageTables:        49564 kB
NFS_Unstable:          0 kB
Bounce:                0 kB
WritebackTmp:          0 kB
CommitLimit:     7105828 kB
Committed_AS:   55580992 kB
VmallocTotal:   263061440 kB
VmallocUsed:       62856 kB
VmallocChunk:          0 kB
Percpu:             2304 kB
CmaTotal:         294912 kB
CmaFree:               0 kB
MemTotal:       12114512 kB
MemFree:         6630876 kB
MemAvailable:    8460860 kB
Buffers:            4528 kB
Cached:          1256124 kB
SwapCached:            0 kB
Active:          1349092 kB
Inactive:        1021772 kB
Active(anon):    1114452 kB
Inactive(anon):    14760 kB
Active(file):     234640 kB
Inactive(file):  1007012 kB
Unevictable:        4124 kB
Mlocked:            4124 kB
SwapTotal:       1048572 kB
SwapFree:        1048572 kB
Dirty:              6660 kB
Writeback:             0 kB
AnonPages:       1114352 kB
Mapped:           791056 kB
Shmem:             15744 kB
Slab:             183164 kB
SReclaimable:      46472 kB
SUnreclaim:       136692 kB
KernelStack:       37968 kB
PageTables:        49488 kB
NFS_Unstable:          0 kB
Bounce:                0 kB
WritebackTmp:          0 kB
CommitLimit:     7105828 kB
Committed_AS:   55574672 kB
VmallocTotal:   263061440 kB
VmallocUsed:       62936 kB
VmallocChunk:          0 kB
Percpu:             2304 kB
CmaTotal:         294912 kB
CmaFree:             268 kB
MemTotal:       12114512 kB
MemFree:         6635756 kB
MemAvailable:    8465740 kB
Buffers:            4528 kB
Cached:          1256124 kB
SwapCached:            0 kB
Active:          1345220 kB
Inactive:        1021772 kB
Active(anon):    1110580 kB
Inactive(anon):    14760 kB
Active(file):     234640 kB
Inactive(file):  1007012 kB
Unevictable:        4124 kB
Mlocked:            4124 kB
SwapTotal:       1048572 kB
SwapFree:        1048572 kB
Dirty:              6664 kB
Writeback:             0 kB
AnonPages:       1110496 kB
Mapped:           791056 kB
Shmem:             15744 kB
Slab:             183140 kB
SReclaimable:      46472 kB
SUnreclaim:       136668 kB
KernelStack:       37952 kB
PageTables:        49544 kB
NFS_Unstable:          0 kB
Bounce:                0 kB
WritebackTmp:          0 kB
CommitLimit:     7105828 kB
Committed_AS:   55573160 kB
VmallocTotal:   263061440 kB
VmallocUsed:       62952 kB
VmallocChunk:          0 kB
Percpu:             2304 kB
CmaTotal:         294912 kB
CmaFree:               0 kB
MemTotal:       12114512 kB
MemFree:         6634668 kB
MemAvailable:    8464652 kB
Buffers:            4528 kB
Cached:          1256124 kB
SwapCached:            0 kB
Active:          1345368 kB
Inactive:        1021772 kB
Active(anon):    1110728 kB
Inactive(anon):    14760 kB
Active(file):     234640 kB
Inactive(file):  1007012 kB
Unevictable:        4124 kB
Mlocked:            4124 kB
SwapTotal:       1048572 kB
SwapFree:        1048572 kB
Dirty:              6668 kB
Writeback:             0 kB
AnonPages:       1110692 kB
Mapped:           791056 kB
Shmem:             15744 kB
Slab:             183140 kB
SReclaimable:      46472 kB
SUnreclaim:       136668 kB
KernelStack:       37952 kB
PageTables:        49544 kB
NFS_Unstable:          0 kB
Bounce:                0 kB
WritebackTmp:          0 kB
CommitLimit:     7105828 kB
Committed_AS:   55566504 kB
VmallocTotal:   263061440 kB
VmallocUsed:       62984 kB
VmallocChunk:          0 kB
Percpu:             2304 kB
CmaTotal:         294912 kB
CmaFree:               0 kB
MemTotal:       12114512 kB
MemFree:         6634368 kB
MemAvailable:    8464352 kB
Buffers:            4528 kB
Cached:          1256124 kB
SwapCached:            0 kB
Active:          1344956 kB
Inactive:        1021772 kB
Active(anon):    1110316 kB
Inactive(anon):    14760 kB
Active(file):     234640 kB
Inactive(file):  1007012 kB
Unevictable:        4124 kB
Mlocked:            4124 kB
SwapTotal:       1048572 kB
SwapFree:        1048572 kB
Dirty:              6680 kB
Writeback:             0 kB
AnonPages:       1110244 kB
Mapped:           791056 kB
Shmem:             15744 kB
Slab:             183144 kB
SReclaimable:      46472 kB
SUnreclaim:       136672 kB
KernelStack:       37952 kB
PageTables:        49488 kB
NFS_Unstable:          0 kB
Bounce:                0 kB
WritebackTmp:          0 kB
CommitLimit:     7105828 kB
Committed_AS:   55560932 kB
VmallocTotal:   263061440 kB
VmallocUsed:       62952 kB
VmallocChunk:          0 kB
Percpu:             2304 kB
CmaTotal:         294912 kB
CmaFree:               0 kB
MemTotal:       12114512 kB
MemFree:         6660360 kB
MemAvailable:    8490344 kB
Buffers:            4528 kB
Cached:          1256124 kB
SwapCached:            0 kB
Active:          1318612 kB
Inactive:        1021772 kB
Active(anon):    1083972 kB
Inactive(anon):    14760 kB
Active(file):     234640 kB
Inactive(file):  1007012 kB
Unevictable:        4124 kB
Mlocked:            4124 kB
SwapTotal:       1048572 kB
SwapFree:        1048572 kB
Dirty:              6536 kB
Writeback:             0 kB
AnonPages:       1083860 kB
Mapped:           791056 kB
Shmem:             15744 kB
Slab:             183144 kB
SReclaimable:      46472 kB
SUnreclaim:       136672 kB
KernelStack:       37952 kB
PageTables:        49544 kB
NFS_Unstable:          0 kB
Bounce:                0 kB
WritebackTmp:          0 kB
CommitLimit:     7105828 kB
Committed_AS:   55563612 kB
VmallocTotal:   263061440 kB
VmallocUsed:       62968 kB
VmallocChunk:          0 kB
Percpu:             2304 kB
CmaTotal:         294912 kB
CmaFree:             108 kB
MemTotal:       12114512 kB
MemFree:         6660948 kB
MemAvailable:    8491064 kB
Buffers:            4532 kB
Cached:          1256252 kB
SwapCached:            0 kB
Active:          1318532 kB
Inactive:        1021900 kB
Active(anon):    1083888 kB
Inactive(anon):    14760 kB
Active(file):     234644 kB
Inactive(file):  1007140 kB
Unevictable:        4124 kB
Mlocked:            4124 kB
SwapTotal:       1048572 kB
SwapFree:        1048572 kB
Dirty:               172 kB
Writeback:             0 kB
AnonPages:       1083944 kB
Mapped:           791060 kB
Shmem:             15744 kB
Slab:             183144 kB
SReclaimable:      46472 kB
SUnreclaim:       136672 kB
KernelStack:       37952 kB
PageTables:        49544 kB
NFS_Unstable:          0 kB
Bounce:                0 kB
WritebackTmp:          0 kB
CommitLimit:     7105828 kB
Committed_AS:   55563700 kB
VmallocTotal:   263061440 kB
VmallocUsed:       62968 kB
VmallocChunk:          0 kB
Percpu:             2304 kB
CmaTotal:         294912 kB
CmaFree:              60 kB
MemTotal:       12114512 kB
MemFree:         6661100 kB
MemAvailable:    8491216 kB
Buffers:            4532 kB
Cached:          1256252 kB
SwapCached:            0 kB
Active:          1317800 kB
Inactive:        1021900 kB
Active(anon):    1083156 kB
Inactive(anon):    14760 kB
Active(file):     234644 kB
Inactive(file):  1007140 kB
Unevictable:        4124 kB
Mlocked:            4124 kB
SwapTotal:       1048572 kB
SwapFree:        1048572 kB
Dirty:               176 kB
Writeback:             0 kB
AnonPages:       1083068 kB
Mapped:           791060 kB
Shmem:             15744 kB
Slab:             183144 kB
SReclaimable:      46472 kB
SUnreclaim:       136672 kB
KernelStack:       37968 kB
PageTables:        49644 kB
NFS_Unstable:          0 kB
Bounce:                0 kB
WritebackTmp:          0 kB
CommitLimit:     7105828 kB
Committed_AS:   55562896 kB
VmallocTotal:   263061440 kB
VmallocUsed:       62952 kB
VmallocChunk:          0 kB
Percpu:             2304 kB
CmaTotal:         294912 kB
CmaFree:               0 kB
MemTotal:       12114512 kB
MemFree:         6660788 kB
MemAvailable:    8490904 kB
Buffers:            4532 kB
Cached:          1256252 kB
SwapCached:            0 kB
Active:          1318000 kB
Inactive:        1021900 kB
Active(anon):    1083356 kB
Inactive(anon):    14760 kB
Active(file):     234644 kB
Inactive(file):  1007140 kB
Unevictable:        4124 kB
Mlocked:            4124 kB
SwapTotal:       1048572 kB
SwapFree:        1048572 kB
Dirty:               192 kB
Writeback:             0 kB
AnonPages:       1083320 kB
Mapped:           791060 kB
Shmem:             15744 kB
Slab:             183144 kB
SReclaimable:      46472 kB
SUnreclaim:       136672 kB
KernelStack:       37968 kB
PageTables:        49600 kB
NFS_Unstable:          0 kB
Bounce:                0 kB
WritebackTmp:          0 kB
CommitLimit:     7105828 kB
Committed_AS:   55561472 kB
VmallocTotal:   263061440 kB
VmallocUsed:       62968 kB
VmallocChunk:          0 kB
Percpu:             2304 kB
CmaTotal:         294912 kB
CmaFree:               0 kB
MemTotal:       12114512 kB
MemFree:         6661164 kB
MemAvailable:    8491280 kB
Buffers:            4532 kB
Cached:          1256252 kB
SwapCached:            0 kB
Active:          1318132 kB
Inactive:        1021900 kB
Active(anon):    1083488 kB
Inactive(anon):    14760 kB
Active(file):     234644 kB
Inactive(file):  1007140 kB
Unevictable:        4124 kB
Mlocked:            4124 kB
SwapTotal:       1048572 kB
SwapFree:        1048572 kB
Dirty:               192 kB
Writeback:             0 kB
AnonPages:       1083500 kB
Mapped:           791060 kB
Shmem:             15744 kB
Slab:             183144 kB
SReclaimable:      46472 kB
SUnreclaim:       136672 kB
KernelStack:       37952 kB
PageTables:        49488 kB
NFS_Unstable:          0 kB
Bounce:                0 kB
WritebackTmp:          0 kB
CommitLimit:     7105828 kB
Committed_AS:   55555432 kB
VmallocTotal:   263061440 kB
VmallocUsed:       62968 kB
VmallocChunk:          0 kB
Percpu:             2304 kB
CmaTotal:         294912 kB
CmaFree:               0 kB
MemTotal:       12114512 kB
MemFree:         6660876 kB
MemAvailable:    8490992 kB
Buffers:            4532 kB
Cached:          1256252 kB
SwapCached:            0 kB
Active:          1319652 kB
Inactive:        1021900 kB
Active(anon):    1085008 kB
Inactive(anon):    14760 kB
Active(file):     234644 kB
Inactive(file):  1007140 kB
Unevictable:        4124 kB
Mlocked:            4124 kB
SwapTotal:       1048572 kB
SwapFree:        1048572 kB
Dirty:               152 kB
Writeback:             0 kB
AnonPages:       1084920 kB
Mapped:           791060 kB
Shmem:             15744 kB
Slab:             183144 kB
SReclaimable:      46472 kB
SUnreclaim:       136672 kB
KernelStack:       37952 kB
PageTables:        49488 kB
NFS_Unstable:          0 kB
Bounce:                0 kB
WritebackTmp:          0 kB
CommitLimit:     7105828 kB
Committed_AS:   55555344 kB
VmallocTotal:   263061440 kB
VmallocUsed:       62984 kB
VmallocChunk:          0 kB
Percpu:             2304 kB
CmaTotal:         294912 kB
CmaFree:               0 kB
MemTotal:       12114512 kB
MemFree:         6660024 kB
MemAvailable:    8490280 kB
Buffers:            4540 kB
Cached:          1256376 kB
SwapCached:            0 kB
Active:          1318944 kB
Inactive:        1022024 kB
Active(anon):    1084292 kB
Inactive(anon):    14760 kB
Active(file):     234652 kB
Inactive(file):  1007264 kB
Unevictable:        4124 kB
Mlocked:            4124 kB
SwapTotal:       1048572 kB
SwapFree:        1048572 kB
Dirty:              6700 kB
Writeback:             0 kB
AnonPages:       1084132 kB
Mapped:           791060 kB
Shmem:             15744 kB
Slab:             183156 kB
SReclaimable:      46484 kB
SUnreclaim:       136672 kB
KernelStack:       37984 kB
PageTables:        49504 kB
NFS_Unstable:          0 kB
Bounce:                0 kB
WritebackTmp:          0 kB
CommitLimit:     7105828 kB
Committed_AS:   55554948 kB
VmallocTotal:   263061440 kB
VmallocUsed:       63000 kB
VmallocChunk:          0 kB
Percpu:             2304 kB
CmaTotal:         294912 kB
CmaFree:               8 kB
MemTotal:       12114512 kB
MemFree:         6658948 kB
MemAvailable:    8489204 kB
Buffers:            4540 kB
Cached:          1256376 kB
SwapCached:            0 kB
Active:          1319032 kB
Inactive:        1022028 kB
Active(anon):    1084384 kB
Inactive(anon):    14760 kB
Active(file):     234648 kB
Inactive(file):  1007268 kB
Unevictable:        4124 kB
Mlocked:            4124 kB
SwapTotal:       1048572 kB
SwapFree:        1048572 kB
Dirty:              6700 kB
Writeback:             0 kB
AnonPages:       1084324 kB
Mapped:           791060 kB
Shmem:             15744 kB
Slab:             183156 kB
SReclaimable:      46484 kB
SUnreclaim:       136672 kB
KernelStack:       37952 kB
PageTables:        49488 kB
NFS_Unstable:          0 kB
Bounce:                0 kB
WritebackTmp:          0 kB
CommitLimit:     7105828 kB
Committed_AS:   55561072 kB
VmallocTotal:   263061440 kB
VmallocUsed:       63016 kB
VmallocChunk:          0 kB
Percpu:             2304 kB
CmaTotal:         294912 kB
CmaFree:               0 kB
MemTotal:       12114512 kB
MemFree:         6659204 kB
MemAvailable:    8489460 kB
Buffers:            4540 kB
Cached:          1256376 kB
SwapCached:            0 kB
Active:          1319268 kB
Inactive:        1022028 kB
Active(anon):    1084620 kB
Inactive(anon):    14760 kB
Active(file):     234648 kB
Inactive(file):  1007268 kB
Unevictable:        4124 kB
Mlocked:            4124 kB
SwapTotal:       1048572 kB
SwapFree:        1048572 kB
Dirty:              6700 kB
Writeback:             0 kB
AnonPages:       1084564 kB
Mapped:           791060 kB
Shmem:             15744 kB
Slab:             183156 kB
SReclaimable:      46484 kB
SUnreclaim:       136672 kB
KernelStack:       37936 kB
PageTables:        49488 kB
NFS_Unstable:          0 kB
Bounce:                0 kB
WritebackTmp:          0 kB
CommitLimit:     7105828 kB
Committed_AS:   55560684 kB
VmallocTotal:   263061440 kB
VmallocUsed:       63000 kB
VmallocChunk:          0 kB
Percpu:             2304 kB
CmaTotal:         294912 kB
CmaFree:               0 kB
MemTotal:       12114512 kB
MemFree:         6656096 kB
MemAvailable:    8486352 kB
Buffers:            4540 kB
Cached:          1256376 kB
SwapCached:            0 kB
Active:          1321556 kB
Inactive:        1022024 kB
Active(anon):    1086904 kB
Inactive(anon):    14760 kB
Active(file):     234652 kB
Inactive(file):  1007264 kB
Unevictable:        4124 kB
Mlocked:            4124 kB
SwapTotal:       1048572 kB
SwapFree:        1048572 kB
Dirty:              6704 kB
Writeback:             0 kB
AnonPages:       1086792 kB
Mapped:           791060 kB
Shmem:             15744 kB
Slab:             183156 kB
SReclaimable:      46484 kB
SUnreclaim:       136672 kB
KernelStack:       37968 kB
PageTables:        49488 kB
NFS_Unstable:          0 kB
Bounce:                0 kB
WritebackTmp:          0 kB
CommitLimit:     7105828 kB
Committed_AS:   55566456 kB
VmallocTotal:   263061440 kB
VmallocUsed:       63016 kB
VmallocChunk:          0 kB
Percpu:             2304 kB
CmaTotal:         294912 kB
CmaFree:               0 kB
MemTotal:       12114512 kB
MemFree:         6659144 kB
MemAvailable:    8489476 kB
Buffers:            4540 kB
Cached:          1256452 kB
SwapCached:            0 kB
Active:          1319428 kB
Inactive:        1022100 kB
Active(anon):    1084776 kB
Inactive(anon):    14760 kB
Active(file):     234652 kB
Inactive(file):  1007340 kB
Unevictable:        4124 kB
Mlocked:            4124 kB
SwapTotal:       1048572 kB
SwapFree:        1048572 kB
Dirty:              6760 kB
Writeback:             0 kB
AnonPages:       1084684 kB
Mapped:           791060 kB
Shmem:             15744 kB
Slab:             183160 kB
SReclaimable:      46488 kB
SUnreclaim:       136672 kB
KernelStack:       37952 kB
PageTables:        49488 kB
NFS_Unstable:          0 kB
Bounce:                0 kB
WritebackTmp:          0 kB
CommitLimit:     7105828 kB
Committed_AS:   55566632 kB
VmallocTotal:   263061440 kB
VmallocUsed:       63016 kB
VmallocChunk:          0 kB
Percpu:             2304 kB
CmaTotal:         294912 kB
CmaFree:               0 kB
MemTotal:       12114512 kB
MemFree:         6658684 kB
MemAvailable:    8489016 kB
Buffers:            4540 kB
Cached:          1256452 kB
SwapCached:            0 kB
Active:          1319596 kB
Inactive:        1022100 kB
Active(anon):    1084944 kB
Inactive(anon):    14760 kB
Active(file):     234652 kB
Inactive(file):  1007340 kB
Unevictable:        4124 kB
Mlocked:            4124 kB
SwapTotal:       1048572 kB
SwapFree:        1048572 kB
Dirty:              6756 kB
Writeback:             0 kB
AnonPages:       1084864 kB
Mapped:           791060 kB
Shmem:             15744 kB
Slab:             183160 kB
SReclaimable:      46488 kB
SUnreclaim:       136672 kB
KernelStack:       37952 kB
PageTables:        49488 kB
NFS_Unstable:          0 kB
Bounce:                0 kB
WritebackTmp:          0 kB
CommitLimit:     7105828 kB
Committed_AS:   55555664 kB
VmallocTotal:   263061440 kB
VmallocUsed:       63000 kB
VmallocChunk:          0 kB
Percpu:             2304 kB
CmaTotal:         294912 kB
CmaFree:               0 kB
MemTotal:       12114512 kB
MemFree:         6659364 kB
MemAvailable:    8489728 kB
Buffers:            4544 kB
Cached:          1256480 kB
SwapCached:            0 kB
Active:          1319052 kB
Inactive:        1022128 kB
Active(anon):    1084396 kB
Inactive(anon):    14760 kB
Active(file):     234656 kB
Inactive(file):  1007368 kB
Unevictable:        4124 kB
Mlocked:            4124 kB
SwapTotal:       1048572 kB
SwapFree:        1048572 kB
Dirty:              6824 kB
Writeback:             0 kB
AnonPages:       1084312 kB
Mapped:           791060 kB
Shmem:             15744 kB
Slab:             183156 kB
SReclaimable:      46488 kB
SUnreclaim:       136668 kB
KernelStack:       37952 kB
PageTables:        49488 kB
NFS_Unstable:          0 kB
Bounce:                0 kB
WritebackTmp:          0 kB
CommitLimit:     7105828 kB
Committed_AS:   55555028 kB
VmallocTotal:   263061440 kB
VmallocUsed:       62984 kB
VmallocChunk:          0 kB
Percpu:             2304 kB
CmaTotal:         294912 kB
CmaFree:               0 kB
MemTotal:       12114512 kB
MemFree:         6643932 kB
MemAvailable:    8474296 kB
Buffers:            4544 kB
Cached:          1256480 kB
SwapCached:            0 kB
Active:          1334928 kB
Inactive:        1022128 kB
Active(anon):    1100272 kB
Inactive(anon):    14760 kB
Active(file):     234656 kB
Inactive(file):  1007368 kB
Unevictable:        4124 kB
Mlocked:            4124 kB
SwapTotal:       1048572 kB
SwapFree:        1048572 kB
Dirty:              6824 kB
Writeback:             0 kB
AnonPages:       1100212 kB
Mapped:           791060 kB
Shmem:             15744 kB
Slab:             183148 kB
SReclaimable:      46488 kB
SUnreclaim:       136660 kB
KernelStack:       37952 kB
PageTables:        49488 kB
NFS_Unstable:          0 kB
Bounce:                0 kB
WritebackTmp:          0 kB
CommitLimit:     7105828 kB
Committed_AS:   55570212 kB
VmallocTotal:   263061440 kB
VmallocUsed:       63000 kB
VmallocChunk:          0 kB
Percpu:             2304 kB
CmaTotal:         294912 kB
CmaFree:               0 kB
MemTotal:       12114512 kB
MemFree:         6637096 kB
MemAvailable:    8467460 kB
Buffers:            4544 kB
Cached:          1256480 kB
SwapCached:            0 kB
Active:          1341196 kB
Inactive:        1022128 kB
Active(anon):    1106540 kB
Inactive(anon):    14760 kB
Active(file):     234656 kB
Inactive(file):  1007368 kB
Unevictable:        4124 kB
Mlocked:            4124 kB
SwapTotal:       1048572 kB
SwapFree:        1048572 kB
Dirty:              6828 kB
Writeback:             0 kB
AnonPages:       1106504 kB
Mapped:           791060 kB
Shmem:             15744 kB
Slab:             183140 kB
SReclaimable:      46488 kB
SUnreclaim:       136652 kB
KernelStack:       37952 kB
PageTables:        49488 kB
NFS_Unstable:          0 kB
Bounce:                0 kB
WritebackTmp:          0 kB
CommitLimit:     7105828 kB
Committed_AS:   55580032 kB
VmallocTotal:   263061440 kB
VmallocUsed:       63000 kB
VmallocChunk:          0 kB
Percpu:             2304 kB
CmaTotal:         294912 kB
CmaFree:               0 kB
MemTotal:       12114512 kB
MemFree:         6636800 kB
MemAvailable:    8467164 kB
Buffers:            4544 kB
Cached:          1256480 kB
SwapCached:            0 kB
Active:          1341316 kB
Inactive:        1022128 kB
Active(anon):    1106660 kB
Inactive(anon):    14760 kB
Active(file):     234656 kB
Inactive(file):  1007368 kB
Unevictable:        4124 kB
Mlocked:            4124 kB
SwapTotal:       1048572 kB
SwapFree:        1048572 kB
Dirty:              6816 kB
Writeback:             0 kB
AnonPages:       1106616 kB
Mapped:           791060 kB
Shmem:             15744 kB
Slab:             183148 kB
SReclaimable:      46488 kB
SUnreclaim:       136660 kB
KernelStack:       37952 kB
PageTables:        49488 kB
NFS_Unstable:          0 kB
Bounce:                0 kB
WritebackTmp:          0 kB
CommitLimit:     7105828 kB
Committed_AS:   55587324 kB
VmallocTotal:   263061440 kB
VmallocUsed:       63016 kB
VmallocChunk:          0 kB
Percpu:             2304 kB
CmaTotal:         294912 kB
CmaFree:               0 kB
MemTotal:       12114512 kB
MemFree:         6638196 kB
MemAvailable:    8468560 kB
Buffers:            4544 kB
Cached:          1256480 kB
SwapCached:            0 kB
Active:          1341672 kB
Inactive:        1022128 kB
Active(anon):    1107016 kB
Inactive(anon):    14760 kB
Active(file):     234656 kB
Inactive(file):  1007368 kB
Unevictable:        4124 kB
Mlocked:            4124 kB
SwapTotal:       1048572 kB
SwapFree:        1048572 kB
Dirty:              6732 kB
Writeback:             0 kB
AnonPages:       1106984 kB
Mapped:           791060 kB
Shmem:             15744 kB
Slab:             183156 kB
SReclaimable:      46488 kB
SUnreclaim:       136668 kB
KernelStack:       37952 kB
PageTables:        49488 kB
NFS_Unstable:          0 kB
Bounce:                0 kB
WritebackTmp:          0 kB
CommitLimit:     7105828 kB
Committed_AS:   55586980 kB
VmallocTotal:   263061440 kB
VmallocUsed:       63000 kB
VmallocChunk:          0 kB
Percpu:             2304 kB
CmaTotal:         294912 kB
CmaFree:               0 kB
MemTotal:       12114512 kB
MemFree:         6637820 kB
MemAvailable:    8468184 kB
Buffers:            4544 kB
Cached:          1256480 kB
SwapCached:            0 kB
Active:          1341848 kB
Inactive:        1022128 kB
Active(anon):    1107192 kB
Inactive(anon):    14760 kB
Active(file):     234656 kB
Inactive(file):  1007368 kB
Unevictable:        4124 kB
Mlocked:            4124 kB
SwapTotal:       1048572 kB
SwapFree:        1048572 kB
Dirty:              6736 kB
Writeback:             0 kB
AnonPages:       1107144 kB
Mapped:           791060 kB
Shmem:             15744 kB
Slab:             183152 kB
SReclaimable:      46488 kB
SUnreclaim:       136664 kB
KernelStack:       37952 kB
PageTables:        49488 kB
NFS_Unstable:          0 kB
Bounce:                0 kB
WritebackTmp:          0 kB
CommitLimit:     7105828 kB
Committed_AS:   55586628 kB
VmallocTotal:   263061440 kB
VmallocUsed:       63016 kB
VmallocChunk:          0 kB
Percpu:             2304 kB
CmaTotal:         294912 kB
CmaFree:               0 kB
MemTotal:       12114512 kB
MemFree:         6637416 kB
MemAvailable:    8467780 kB
Buffers:            4544 kB
Cached:          1256480 kB
SwapCached:            0 kB
Active:          1342056 kB
Inactive:        1022128 kB
Active(anon):    1107400 kB
Inactive(anon):    14760 kB
Active(file):     234656 kB
Inactive(file):  1007368 kB
Unevictable:        4124 kB
Mlocked:            4124 kB
SwapTotal:       1048572 kB
SwapFree:        1048572 kB
Dirty:              6736 kB
Writeback:             0 kB
AnonPages:       1107476 kB
Mapped:           791100 kB
Shmem:             15744 kB
Slab:             183144 kB
SReclaimable:      46488 kB
SUnreclaim:       136656 kB
KernelStack:       37984 kB
PageTables:        49504 kB
NFS_Unstable:          0 kB
Bounce:                0 kB
WritebackTmp:          0 kB
CommitLimit:     7105828 kB
Committed_AS:   55586724 kB
VmallocTotal:   263061440 kB
VmallocUsed:       63016 kB
VmallocChunk:          0 kB
Percpu:             2304 kB
CmaTotal:         294912 kB
CmaFree:               0 kB
MemTotal:       12114512 kB
MemFree:         6636512 kB
MemAvailable:    8466876 kB
Buffers:            4544 kB
Cached:          1256480 kB
SwapCached:            0 kB
Active:          1342468 kB
Inactive:        1022128 kB
Active(anon):    1107812 kB
Inactive(anon):    14760 kB
Active(file):     234656 kB
Inactive(file):  1007368 kB
Unevictable:        4124 kB
Mlocked:            4124 kB
SwapTotal:       1048572 kB
SwapFree:        1048572 kB
Dirty:              6736 kB
Writeback:             0 kB
AnonPages:       1107752 kB
Mapped:           791060 kB
Shmem:             15744 kB
Slab:             183140 kB
SReclaimable:      46488 kB
SUnreclaim:       136652 kB
KernelStack:       37968 kB
PageTables:        49600 kB
NFS_Unstable:          0 kB
Bounce:                0 kB
WritebackTmp:          0 kB
CommitLimit:     7105828 kB
Committed_AS:   55581196 kB
VmallocTotal:   263061440 kB
VmallocUsed:       63000 kB
VmallocChunk:          0 kB
Percpu:             2304 kB
CmaTotal:         294912 kB
CmaFree:               0 kB
MemTotal:       12114512 kB
MemFree:         6636100 kB
MemAvailable:    8466480 kB
Buffers:            4544 kB
Cached:          1256496 kB
SwapCached:            0 kB
Active:          1342708 kB
Inactive:        1022144 kB
Active(anon):    1108052 kB
Inactive(anon):    14760 kB
Active(file):     234656 kB
Inactive(file):  1007384 kB
Unevictable:        4124 kB
Mlocked:            4124 kB
SwapTotal:       1048572 kB
SwapFree:        1048572 kB
Dirty:               164 kB
Writeback:             0 kB
AnonPages:       1107952 kB
Mapped:           791060 kB
Shmem:             15744 kB
Slab:             183148 kB
SReclaimable:      46488 kB
SUnreclaim:       136660 kB
KernelStack:       37984 kB
PageTables:        49504 kB
NFS_Unstable:          0 kB
Bounce:                0 kB
WritebackTmp:          0 kB
CommitLimit:     7105828 kB
Committed_AS:   55575720 kB
VmallocTotal:   263061440 kB
VmallocUsed:       62984 kB
VmallocChunk:          0 kB
Percpu:             2304 kB
CmaTotal:         294912 kB
CmaFree:               0 kB
MemTotal:       12114512 kB
MemFree:         6636936 kB
MemAvailable:    8467316 kB
Buffers:            4544 kB
Cached:          1256496 kB
SwapCached:            0 kB
Active:          1341052 kB
Inactive:        1022144 kB
Active(anon):    1106396 kB
Inactive(anon):    14760 kB
Active(file):     234656 kB
Inactive(file):  1007384 kB
Unevictable:        4124 kB
Mlocked:            4124 kB
SwapTotal:       1048572 kB
SwapFree:        1048572 kB
Dirty:               260 kB
Writeback:             0 kB
AnonPages:       1106368 kB
Mapped:           791060 kB
Shmem:             15744 kB
Slab:             183140 kB
SReclaimable:      46488 kB
SUnreclaim:       136652 kB
KernelStack:       37952 kB
PageTables:        49488 kB
NFS_Unstable:          0 kB
Bounce:                0 kB
WritebackTmp:          0 kB
CommitLimit:     7105828 kB
Committed_AS:   55571080 kB
VmallocTotal:   263061440 kB
VmallocUsed:       63016 kB
VmallocChunk:          0 kB
Percpu:             2304 kB
CmaTotal:         294912 kB
CmaFree:               4 kB
MemTotal:       12114512 kB
MemFree:         6637576 kB
MemAvailable:    8467980 kB
Buffers:            4552 kB
Cached:          1256512 kB
SwapCached:            0 kB
Active:          1341060 kB
Inactive:        1022160 kB
Active(anon):    1106396 kB
Inactive(anon):    14760 kB
Active(file):     234664 kB
Inactive(file):  1007400 kB
Unevictable:        4124 kB
Mlocked:            4124 kB
SwapTotal:       1048572 kB
SwapFree:        1048572 kB
Dirty:               344 kB
Writeback:             0 kB
AnonPages:       1106332 kB
Mapped:           791060 kB
Shmem:             15744 kB
Slab:             183136 kB
SReclaimable:      46488 kB
SUnreclaim:       136648 kB
KernelStack:       37968 kB
PageTables:        49488 kB
NFS_Unstable:          0 kB
Bounce:                0 kB
WritebackTmp:          0 kB
CommitLimit:     7105828 kB
Committed_AS:   55565264 kB
VmallocTotal:   263061440 kB
VmallocUsed:       62984 kB
VmallocChunk:          0 kB
Percpu:             2304 kB
CmaTotal:         294912 kB
CmaFree:               0 kB
MemTotal:       12114512 kB
MemFree:         6637408 kB
MemAvailable:    8467812 kB
Buffers:            4552 kB
Cached:          1256512 kB
SwapCached:            0 kB
Active:          1341276 kB
Inactive:        1022160 kB
Active(anon):    1106612 kB
Inactive(anon):    14760 kB
Active(file):     234664 kB
Inactive(file):  1007400 kB
Unevictable:        4124 kB
Mlocked:            4124 kB
SwapTotal:       1048572 kB
SwapFree:        1048572 kB
Dirty:               344 kB
Writeback:             0 kB
AnonPages:       1106636 kB
Mapped:           791060 kB
Shmem:             15744 kB
Slab:             183144 kB
SReclaimable:      46488 kB
SUnreclaim:       136656 kB
KernelStack:       37952 kB
PageTables:        49488 kB
NFS_Unstable:          0 kB
Bounce:                0 kB
WritebackTmp:          0 kB
CommitLimit:     7105828 kB
Committed_AS:   55564824 kB
VmallocTotal:   263061440 kB
VmallocUsed:       62984 kB
VmallocChunk:          0 kB
Percpu:             2304 kB
CmaTotal:         294912 kB
CmaFree:               0 kB
MemTotal:       12114512 kB
MemFree:         6638016 kB
MemAvailable:    8468420 kB
Buffers:            4552 kB
Cached:          1256512 kB
SwapCached:            0 kB
Active:          1341648 kB
Inactive:        1022160 kB
Active(anon):    1106984 kB
Inactive(anon):    14760 kB
Active(file):     234664 kB
Inactive(file):  1007400 kB
Unevictable:        4124 kB
Mlocked:            4124 kB
SwapTotal:       1048572 kB
SwapFree:        1048572 kB
Dirty:               348 kB
Writeback:             0 kB
AnonPages:       1107008 kB
Mapped:           791060 kB
Shmem:             15744 kB
Slab:             183136 kB
SReclaimable:      46488 kB
SUnreclaim:       136648 kB
KernelStack:       37952 kB
PageTables:        49488 kB
NFS_Unstable:          0 kB
Bounce:                0 kB
WritebackTmp:          0 kB
CommitLimit:     7105828 kB
Committed_AS:   55565576 kB
VmallocTotal:   263061440 kB
VmallocUsed:       63000 kB
VmallocChunk:          0 kB
Percpu:             2304 kB
CmaTotal:         294912 kB
CmaFree:               0 kB
MemTotal:       12114512 kB
MemFree:         6637380 kB
MemAvailable:    8467784 kB
Buffers:            4552 kB
Cached:          1256512 kB
SwapCached:            0 kB
Active:          1341928 kB
Inactive:        1022156 kB
Active(anon):    1107260 kB
Inactive(anon):    14760 kB
Active(file):     234668 kB
Inactive(file):  1007396 kB
Unevictable:        4124 kB
Mlocked:            4124 kB
SwapTotal:       1048572 kB
SwapFree:        1048572 kB
Dirty:               156 kB
Writeback:             0 kB
AnonPages:       1107188 kB
Mapped:           791060 kB
Shmem:             15744 kB
Slab:             183144 kB
SReclaimable:      46488 kB
SUnreclaim:       136656 kB
KernelStack:       37952 kB
PageTables:        49488 kB
NFS_Unstable:          0 kB
Bounce:                0 kB
WritebackTmp:          0 kB
CommitLimit:     7105828 kB
Committed_AS:   55565620 kB
VmallocTotal:   263061440 kB
VmallocUsed:       63016 kB
VmallocChunk:          0 kB
Percpu:             2304 kB
CmaTotal:         294912 kB
CmaFree:               0 kB
MemTotal:       12114512 kB
MemFree:         6637884 kB
MemAvailable:    8468288 kB
Buffers:            4552 kB
Cached:          1256512 kB
SwapCached:            0 kB
Active:          1342132 kB
Inactive:        1022156 kB
Active(anon):    1107464 kB
Inactive(anon):    14760 kB
Active(file):     234668 kB
Inactive(file):  1007396 kB
Unevictable:        4124 kB
Mlocked:            4124 kB
SwapTotal:       1048572 kB
SwapFree:        1048572 kB
Dirty:               160 kB
Writeback:             0 kB
AnonPages:       1107456 kB
Mapped:           791060 kB
Shmem:             15744 kB
Slab:             183144 kB
SReclaimable:      46488 kB
SUnreclaim:       136656 kB
KernelStack:       37952 kB
PageTables:        49488 kB
NFS_Unstable:          0 kB
Bounce:                0 kB
WritebackTmp:          0 kB
CommitLimit:     7105828 kB
Committed_AS:   55571148 kB
VmallocTotal:   263061440 kB
VmallocUsed:       63016 kB
VmallocChunk:          0 kB
Percpu:             2304 kB
CmaTotal:         294912 kB
CmaFree:               0 kB
MemTotal:       12114512 kB
MemFree:         6637080 kB
MemAvailable:    8467484 kB
Buffers:            4552 kB
Cached:          1256512 kB
SwapCached:            0 kB
Active:          1342280 kB
Inactive:        1022156 kB
Active(anon):    1107612 kB
Inactive(anon):    14760 kB
Active(file):     234668 kB
Inactive(file):  1007396 kB
Unevictable:        4124 kB
Mlocked:            4124 kB
SwapTotal:       1048572 kB
SwapFree:        1048572 kB
Dirty:               160 kB
Writeback:             0 kB
AnonPages:       1107528 kB
Mapped:           791060 kB
Shmem:             15744 kB
Slab:             183152 kB
SReclaimable:      46488 kB
SUnreclaim:       136664 kB
KernelStack:       37952 kB
PageTables:        49488 kB
NFS_Unstable:          0 kB
Bounce:                0 kB
WritebackTmp:          0 kB
CommitLimit:     7105828 kB
Committed_AS:   55570848 kB
VmallocTotal:   263061440 kB
VmallocUsed:       63016 kB
VmallocChunk:          0 kB
Percpu:             2304 kB
CmaTotal:         294912 kB
CmaFree:               0 kB
MemTotal:       12114512 kB
MemFree:         6636236 kB
MemAvailable:    8466640 kB
Buffers:            4552 kB
Cached:          1256512 kB
SwapCached:            0 kB
Active:          1341992 kB
Inactive:        1022156 kB
Active(anon):    1107324 kB
Inactive(anon):    14760 kB
Active(file):     234668 kB
Inactive(file):  1007396 kB
Unevictable:        4124 kB
Mlocked:            4124 kB
SwapTotal:       1048572 kB
SwapFree:        1048572 kB
Dirty:               164 kB
Writeback:             0 kB
AnonPages:       1107268 kB
Mapped:           791060 kB
Shmem:             15744 kB
Slab:             183136 kB
SReclaimable:      46488 kB
SUnreclaim:       136648 kB
KernelStack:       37968 kB
PageTables:        49600 kB
NFS_Unstable:          0 kB
Bounce:                0 kB
WritebackTmp:          0 kB
CommitLimit:     7105828 kB
Committed_AS:   55569596 kB
VmallocTotal:   263061440 kB
VmallocUsed:       63016 kB
VmallocChunk:          0 kB
Percpu:             2304 kB
CmaTotal:         294912 kB
CmaFree:               0 kB
MemTotal:       12114512 kB
MemFree:         6638016 kB
MemAvailable:    8468420 kB
Buffers:            4552 kB
Cached:          1256512 kB
SwapCached:            0 kB
Active:          1342808 kB
Inactive:        1022156 kB
Active(anon):    1108140 kB
Inactive(anon):    14760 kB
Active(file):     234668 kB
Inactive(file):  1007396 kB
Unevictable:        4124 kB
Mlocked:            4124 kB
SwapTotal:       1048572 kB
SwapFree:        1048572 kB
Dirty:               204 kB
Writeback:             0 kB
AnonPages:       1108152 kB
Mapped:           791060 kB
Shmem:             15744 kB
Slab:             183144 kB
SReclaimable:      46488 kB
SUnreclaim:       136656 kB
KernelStack:       37984 kB
PageTables:        49696 kB
NFS_Unstable:          0 kB
Bounce:                0 kB
WritebackTmp:          0 kB
CommitLimit:     7105828 kB
Committed_AS:   55559728 kB
VmallocTotal:   263061440 kB
VmallocUsed:       62968 kB
VmallocChunk:          0 kB
Percpu:             2304 kB
CmaTotal:         294912 kB
CmaFree:               0 kB
MemTotal:       12114512 kB
MemFree:         6639152 kB
MemAvailable:    8469536 kB
Buffers:            4552 kB
Cached:          1256512 kB
SwapCached:            0 kB
Active:          1343064 kB
Inactive:        1022156 kB
Active(anon):    1108396 kB
Inactive(anon):    14760 kB
Active(file):     234668 kB
Inactive(file):  1007396 kB
Unevictable:        4124 kB
Mlocked:            4124 kB
SwapTotal:       1048572 kB
SwapFree:        1048572 kB
Dirty:               144 kB
Writeback:             0 kB
AnonPages:       1108372 kB
Mapped:           791060 kB
Shmem:             15744 kB
Slab:             183108 kB
SReclaimable:      46448 kB
SUnreclaim:       136660 kB
KernelStack:       37968 kB
PageTables:        49600 kB
NFS_Unstable:          0 kB
Bounce:                0 kB
WritebackTmp:          0 kB
CommitLimit:     7105828 kB
Committed_AS:   55560648 kB
VmallocTotal:   263061440 kB
VmallocUsed:       62968 kB
VmallocChunk:          0 kB
Percpu:             2304 kB
CmaTotal:         294912 kB
CmaFree:               0 kB
MemTotal:       12114512 kB
MemFree:         6638540 kB
MemAvailable:    8468924 kB
Buffers:            4552 kB
Cached:          1256512 kB
SwapCached:            0 kB
Active:          1342864 kB
Inactive:        1022156 kB
Active(anon):    1108196 kB
Inactive(anon):    14760 kB
Active(file):     234668 kB
Inactive(file):  1007396 kB
Unevictable:        4124 kB
Mlocked:            4124 kB
SwapTotal:       1048572 kB
SwapFree:        1048572 kB
Dirty:               144 kB
Writeback:             0 kB
AnonPages:       1108208 kB
Mapped:           791060 kB
Shmem:             15744 kB
Slab:             183100 kB
SReclaimable:      46448 kB
SUnreclaim:       136652 kB
KernelStack:       37968 kB
PageTables:        49600 kB
NFS_Unstable:          0 kB
Bounce:                0 kB
WritebackTmp:          0 kB
CommitLimit:     7105828 kB
Committed_AS:   55555472 kB
VmallocTotal:   263061440 kB
VmallocUsed:       62984 kB
VmallocChunk:          0 kB
Percpu:             2304 kB
CmaTotal:         294912 kB
CmaFree:               0 kB
MemTotal:       12114512 kB
MemFree:         6639344 kB
MemAvailable:    8469728 kB
Buffers:            4552 kB
Cached:          1256512 kB
SwapCached:            0 kB
Active:          1342904 kB
Inactive:        1022156 kB
Active(anon):    1108236 kB
Inactive(anon):    14760 kB
Active(file):     234668 kB
Inactive(file):  1007396 kB
Unevictable:        4124 kB
Mlocked:            4124 kB
SwapTotal:       1048572 kB
SwapFree:        1048572 kB
Dirty:               144 kB
Writeback:             0 kB
AnonPages:       1108244 kB
Mapped:           791060 kB
Shmem:             15744 kB
Slab:             183104 kB
SReclaimable:      46448 kB
SUnreclaim:       136656 kB
KernelStack:       37952 kB
PageTables:        49488 kB
NFS_Unstable:          0 kB
Bounce:                0 kB
WritebackTmp:          0 kB
CommitLimit:     7105828 kB
Committed_AS:   55555508 kB
VmallocTotal:   263061440 kB
VmallocUsed:       62984 kB
VmallocChunk:          0 kB
Percpu:             2304 kB
CmaTotal:         294912 kB
CmaFree:               0 kB
MemTotal:       12114512 kB
MemFree:         6639416 kB
MemAvailable:    8469800 kB
Buffers:            4552 kB
Cached:          1256512 kB
SwapCached:            0 kB
Active:          1343376 kB
Inactive:        1022156 kB
Active(anon):    1108708 kB
Inactive(anon):    14760 kB
Active(file):     234668 kB
Inactive(file):  1007396 kB
Unevictable:        4124 kB
Mlocked:            4124 kB
SwapTotal:       1048572 kB
SwapFree:        1048572 kB
Dirty:               148 kB
Writeback:             0 kB
AnonPages:       1108700 kB
Mapped:           791060 kB
Shmem:             15744 kB
Slab:             183104 kB
SReclaimable:      46448 kB
SUnreclaim:       136656 kB
KernelStack:       37952 kB
PageTables:        49488 kB
NFS_Unstable:          0 kB
Bounce:                0 kB
WritebackTmp:          0 kB
CommitLimit:     7105828 kB
Committed_AS:   55560668 kB
VmallocTotal:   263061440 kB
VmallocUsed:       62984 kB
VmallocChunk:          0 kB
Percpu:             2304 kB
CmaTotal:         294912 kB
CmaFree:               0 kB
MemTotal:       12114512 kB
MemFree:         6639064 kB
MemAvailable:    8469448 kB
Buffers:            4552 kB
Cached:          1256512 kB
SwapCached:            0 kB
Active:          1343668 kB
Inactive:        1022156 kB
Active(anon):    1109000 kB
Inactive(anon):    14760 kB
Active(file):     234668 kB
Inactive(file):  1007396 kB
Unevictable:        4124 kB
Mlocked:            4124 kB
SwapTotal:       1048572 kB
SwapFree:        1048572 kB
Dirty:               148 kB
Writeback:             0 kB
AnonPages:       1108924 kB
Mapped:           791060 kB
Shmem:             15744 kB
Slab:             183104 kB
SReclaimable:      46448 kB
SUnreclaim:       136656 kB
KernelStack:       37984 kB
PageTables:        49500 kB
NFS_Unstable:          0 kB
Bounce:                0 kB
WritebackTmp:          0 kB
CommitLimit:     7105828 kB
Committed_AS:   55566240 kB
VmallocTotal:   263061440 kB
VmallocUsed:       63000 kB
VmallocChunk:          0 kB
Percpu:             2304 kB
CmaTotal:         294912 kB
CmaFree:               0 kB
MemTotal:       12114512 kB
MemFree:         6644288 kB
MemAvailable:    8474672 kB
Buffers:            4552 kB
Cached:          1256512 kB
SwapCached:            0 kB
Active:          1337468 kB
Inactive:        1022156 kB
Active(anon):    1102800 kB
Inactive(anon):    14760 kB
Active(file):     234668 kB
Inactive(file):  1007396 kB
Unevictable:        4124 kB
Mlocked:            4124 kB
SwapTotal:       1048572 kB
SwapFree:        1048572 kB
Dirty:               132 kB
Writeback:             0 kB
AnonPages:       1102716 kB
Mapped:           791060 kB
Shmem:             15744 kB
Slab:             183104 kB
SReclaimable:      46448 kB
SUnreclaim:       136656 kB
KernelStack:       37952 kB
PageTables:        49488 kB
NFS_Unstable:          0 kB
Bounce:                0 kB
WritebackTmp:          0 kB
CommitLimit:     7105828 kB
Committed_AS:   55561724 kB
VmallocTotal:   263061440 kB
VmallocUsed:       63000 kB
VmallocChunk:          0 kB
Percpu:             2304 kB
CmaTotal:         294912 kB
CmaFree:               0 kB
MemTotal:       12114512 kB
MemFree:         6644336 kB
MemAvailable:    8474720 kB
Buffers:            4552 kB
Cached:          1256512 kB
SwapCached:            0 kB
Active:          1337832 kB
Inactive:        1022156 kB
Active(anon):    1103164 kB
Inactive(anon):    14760 kB
Active(file):     234668 kB
Inactive(file):  1007396 kB
Unevictable:        4124 kB
Mlocked:            4124 kB
SwapTotal:       1048572 kB
SwapFree:        1048572 kB
Dirty:               148 kB
Writeback:             0 kB
AnonPages:       1102972 kB
Mapped:           791060 kB
Shmem:             15744 kB
Slab:             183096 kB
SReclaimable:      46448 kB
SUnreclaim:       136648 kB
KernelStack:       37968 kB
PageTables:        49504 kB
NFS_Unstable:          0 kB
Bounce:                0 kB
WritebackTmp:          0 kB
CommitLimit:     7105828 kB
Committed_AS:   55561616 kB
VmallocTotal:   263061440 kB
VmallocUsed:       62952 kB
VmallocChunk:          0 kB
Percpu:             2304 kB
CmaTotal:         294912 kB
CmaFree:               0 kB
MemTotal:       12114512 kB
MemFree:         6644184 kB
MemAvailable:    8474568 kB
Buffers:            4552 kB
Cached:          1256512 kB
SwapCached:            0 kB
Active:          1337968 kB
Inactive:        1022156 kB
Active(anon):    1103300 kB
Inactive(anon):    14760 kB
Active(file):     234668 kB
Inactive(file):  1007396 kB
Unevictable:        4124 kB
Mlocked:            4124 kB
SwapTotal:       1048572 kB
SwapFree:        1048572 kB
Dirty:               148 kB
Writeback:             0 kB
AnonPages:       1103292 kB
Mapped:           791060 kB
Shmem:             15744 kB
Slab:             183108 kB
SReclaimable:      46448 kB
SUnreclaim:       136660 kB
KernelStack:       37952 kB
PageTables:        49488 kB
NFS_Unstable:          0 kB
Bounce:                0 kB
WritebackTmp:          0 kB
CommitLimit:     7105828 kB
Committed_AS:   55561228 kB
VmallocTotal:   263061440 kB
VmallocUsed:       62936 kB
VmallocChunk:          0 kB
Percpu:             2304 kB
CmaTotal:         294912 kB
CmaFree:               0 kB
MemTotal:       12114512 kB
MemFree:         6644104 kB
MemAvailable:    8474488 kB
Buffers:            4552 kB
Cached:          1256512 kB
SwapCached:            0 kB
Active:          1338256 kB
Inactive:        1022156 kB
Active(anon):    1103588 kB
Inactive(anon):    14760 kB
Active(file):     234668 kB
Inactive(file):  1007396 kB
Unevictable:        4124 kB
Mlocked:            4124 kB
SwapTotal:       1048572 kB
SwapFree:        1048572 kB
Dirty:               148 kB
Writeback:             0 kB
AnonPages:       1103500 kB
Mapped:           791060 kB
Shmem:             15744 kB
Slab:             183100 kB
SReclaimable:      46448 kB
SUnreclaim:       136652 kB
KernelStack:       37952 kB
PageTables:        49488 kB
NFS_Unstable:          0 kB
Bounce:                0 kB
WritebackTmp:          0 kB
CommitLimit:     7105828 kB
Committed_AS:   55560796 kB
VmallocTotal:   263061440 kB
VmallocUsed:       62936 kB
VmallocChunk:          0 kB
Percpu:             2304 kB
CmaTotal:         294912 kB
CmaFree:               0 kB
MemTotal:       12114512 kB
MemFree:         6643792 kB
MemAvailable:    8474176 kB
Buffers:            4552 kB
Cached:          1256512 kB
SwapCached:            0 kB
Active:          1338516 kB
Inactive:        1022156 kB
Active(anon):    1103848 kB
Inactive(anon):    14760 kB
Active(file):     234668 kB
Inactive(file):  1007396 kB
Unevictable:        4124 kB
Mlocked:            4124 kB
SwapTotal:       1048572 kB
SwapFree:        1048572 kB
Dirty:               152 kB
Writeback:             0 kB
AnonPages:       1103772 kB
Mapped:           791060 kB
Shmem:             15744 kB
Slab:             183108 kB
SReclaimable:      46448 kB
SUnreclaim:       136660 kB
KernelStack:       37920 kB
PageTables:        49488 kB
NFS_Unstable:          0 kB
Bounce:                0 kB
WritebackTmp:          0 kB
CommitLimit:     7105828 kB
Committed_AS:   55560400 kB
VmallocTotal:   263061440 kB
VmallocUsed:       62920 kB
VmallocChunk:          0 kB
Percpu:             2304 kB
CmaTotal:         294912 kB
CmaFree:               0 kB
MemTotal:       12114512 kB
MemFree:         6643408 kB
MemAvailable:    8473792 kB
Buffers:            4552 kB
Cached:          1256512 kB
SwapCached:            0 kB
Active:          1338772 kB
Inactive:        1022156 kB
Active(anon):    1104104 kB
Inactive(anon):    14760 kB
Active(file):     234668 kB
Inactive(file):  1007396 kB
Unevictable:        4124 kB
Mlocked:            4124 kB
SwapTotal:       1048572 kB
SwapFree:        1048572 kB
Dirty:               132 kB
Writeback:             0 kB
AnonPages:       1104256 kB
Mapped:           791060 kB
Shmem:             15744 kB
Slab:             183104 kB
SReclaimable:      46448 kB
SUnreclaim:       136656 kB
KernelStack:       37920 kB
PageTables:        49488 kB
NFS_Unstable:          0 kB
Bounce:                0 kB
WritebackTmp:          0 kB
CommitLimit:     7105828 kB
Committed_AS:   55561000 kB
VmallocTotal:   263061440 kB
VmallocUsed:       62936 kB
VmallocChunk:          0 kB
Percpu:             2304 kB
CmaTotal:         294912 kB
CmaFree:               0 kB
MemTotal:       12114512 kB
MemFree:         6639220 kB
MemAvailable:    8469604 kB
Buffers:            4552 kB
Cached:          1256512 kB
SwapCached:            0 kB
Active:          1343452 kB
Inactive:        1022156 kB
Active(anon):    1108784 kB
Inactive(anon):    14760 kB
Active(file):     234668 kB
Inactive(file):  1007396 kB
Unevictable:        4124 kB
Mlocked:            4124 kB
SwapTotal:       1048572 kB
SwapFree:        1048572 kB
