MemTotal:       12114512 kB
MemFree:         7433740 kB
MemAvailable:    9104672 kB
Buffers:            4180 kB
Cached:          1252260 kB
SwapCached:            0 kB
Active:          1147780 kB
Inactive:        1045204 kB
Active(anon):     940836 kB
Inactive(anon):    13312 kB
Active(file):     206944 kB
Inactive(file):  1031892 kB
Unevictable:        4112 kB
Mlocked:            4112 kB
SwapTotal:       1048572 kB
SwapFree:        1048572 kB
Dirty:                60 kB
Writeback:             0 kB
AnonPages:        940396 kB
Mapped:           772716 kB
Shmem:             14360 kB
Slab:             179308 kB
SReclaimable:      45316 kB
SUnreclaim:       133992 kB
KernelStack:       38192 kB
PageTables:        48776 kB
NFS_Unstable:          0 kB
Bounce:                0 kB
WritebackTmp:          0 kB
CommitLimit:     7105828 kB
Committed_AS:   59058976 kB
VmallocTotal:   263061440 kB
VmallocUsed:       63168 kB
VmallocChunk:          0 kB
Percpu:             2272 kB
CmaTotal:         294912 kB
CmaFree:             320 kB
MemTotal:       12114512 kB
MemFree:         7436704 kB
MemAvailable:    9131576 kB
Buffers:            4180 kB
Cached:          1252092 kB
SwapCached:            0 kB
Active:          1143488 kB
Inactive:        1046160 kB
Active(anon):     937664 kB
Inactive(anon):    13176 kB
Active(file):     205824 kB
Inactive(file):  1032984 kB
Unevictable:        4112 kB
Mlocked:            4112 kB
SwapTotal:       1048572 kB
SwapFree:        1048572 kB
Dirty:              1676 kB
Writeback:             0 kB
AnonPages:        937176 kB
Mapped:           772524 kB
Shmem:             14192 kB
Slab:             179212 kB
SReclaimable:      45332 kB
SUnreclaim:       133880 kB
KernelStack:       38192 kB
PageTables:        48940 kB
NFS_Unstable:          0 kB
Bounce:                0 kB
WritebackTmp:          0 kB
CommitLimit:     7105828 kB
Committed_AS:   59071528 kB
VmallocTotal:   263061440 kB
VmallocUsed:       63232 kB
VmallocChunk:          0 kB
Percpu:             2272 kB
CmaTotal:         294912 kB
CmaFree:             408 kB
MemTotal:       12114512 kB
MemFree:         7452380 kB
MemAvailable:    9199424 kB
Buffers:            4180 kB
Cached:          1252028 kB
SwapCached:            0 kB
Active:          1130960 kB
Inactive:        1045016 kB
Active(anon):     924016 kB
Inactive(anon):    13124 kB
Active(file):     206944 kB
Inactive(file):  1031892 kB
Unevictable:        4112 kB
Mlocked:            4112 kB
SwapTotal:       1048572 kB
SwapFree:        1048572 kB
Dirty:              1684 kB
Writeback:             0 kB
AnonPages:        923816 kB
Mapped:           772600 kB
Shmem:             14128 kB
Slab:             179100 kB
SReclaimable:      45332 kB
SUnreclaim:       133768 kB
KernelStack:       38192 kB
PageTables:        49028 kB
NFS_Unstable:          0 kB
Bounce:                0 kB
WritebackTmp:          0 kB
CommitLimit:     7105828 kB
Committed_AS:   59061728 kB
VmallocTotal:   263061440 kB
VmallocUsed:       62928 kB
VmallocChunk:          0 kB
Percpu:             2272 kB
CmaTotal:         294912 kB
CmaFree:              16 kB
MemTotal:       12114512 kB
MemFree:         7435940 kB
MemAvailable:    9121656 kB
Buffers:            4180 kB
Cached:          1252036 kB
SwapCached:            0 kB
Active:          1146672 kB
Inactive:        1045028 kB
Active(anon):     939728 kB
Inactive(anon):    13136 kB
Active(file):     206944 kB
Inactive(file):  1031892 kB
Unevictable:        4112 kB
Mlocked:            4112 kB
SwapTotal:       1048572 kB
SwapFree:        1048572 kB
Dirty:              1684 kB
Writeback:             0 kB
AnonPages:        939584 kB
Mapped:           772456 kB
Shmem:             14136 kB
Slab:             179156 kB
SReclaimable:      45332 kB
SUnreclaim:       133824 kB
KernelStack:       38208 kB
PageTables:        48940 kB
NFS_Unstable:          0 kB
Bounce:                0 kB
WritebackTmp:          0 kB
CommitLimit:     7105828 kB
Committed_AS:   59061464 kB
VmallocTotal:   263061440 kB
VmallocUsed:       63136 kB
VmallocChunk:          0 kB
Percpu:             2272 kB
CmaTotal:         294912 kB
CmaFree:               0 kB
MemTotal:       12114512 kB
MemFree:         7436072 kB
MemAvailable:    9121788 kB
Buffers:            4180 kB
Cached:          1251968 kB
SwapCached:            0 kB
Active:          1146132 kB
Inactive:        1044956 kB
Active(anon):     939188 kB
Inactive(anon):    13064 kB
Active(file):     206944 kB
Inactive(file):  1031892 kB
Unevictable:        4112 kB
Mlocked:            4112 kB
SwapTotal:       1048572 kB
SwapFree:        1048572 kB
Dirty:               128 kB
Writeback:             0 kB
AnonPages:        939196 kB
Mapped:           772412 kB
Shmem:             14068 kB
Slab:             179220 kB
SReclaimable:      45332 kB
SUnreclaim:       133888 kB
KernelStack:       38240 kB
PageTables:        49116 kB
NFS_Unstable:          0 kB
Bounce:                0 kB
WritebackTmp:          0 kB
CommitLimit:     7105828 kB
Committed_AS:   59055412 kB
VmallocTotal:   263061440 kB
VmallocUsed:       63152 kB
VmallocChunk:          0 kB
Percpu:             2272 kB
CmaTotal:         294912 kB
CmaFree:              16 kB
MemTotal:       12114512 kB
MemFree:         7433048 kB
MemAvailable:    9127952 kB
Buffers:            4180 kB
Cached:          1252004 kB
SwapCached:            0 kB
Active:          1150332 kB
Inactive:        1044984 kB
Active(anon):     943380 kB
Inactive(anon):    13096 kB
Active(file):     206952 kB
Inactive(file):  1031888 kB
Unevictable:        4112 kB
Mlocked:            4112 kB
SwapTotal:       1048572 kB
SwapFree:        1048572 kB
Dirty:                72 kB
Writeback:             0 kB
AnonPages:        943428 kB
Mapped:           772688 kB
Shmem:             14100 kB
Slab:             179268 kB
SReclaimable:      45332 kB
SUnreclaim:       133936 kB
KernelStack:       38240 kB
PageTables:        49048 kB
NFS_Unstable:          0 kB
Bounce:                0 kB
WritebackTmp:          0 kB
CommitLimit:     7105828 kB
Committed_AS:   59059516 kB
VmallocTotal:   263061440 kB
VmallocUsed:       63120 kB
VmallocChunk:          0 kB
Percpu:             2272 kB
CmaTotal:         294912 kB
CmaFree:              28 kB
MemTotal:       12114512 kB
MemFree:         7432632 kB
MemAvailable:    9127560 kB
Buffers:            4180 kB
Cached:          1252008 kB
SwapCached:            0 kB
Active:          1148448 kB
Inactive:        1044988 kB
Active(anon):     941496 kB
Inactive(anon):    13100 kB
Active(file):     206952 kB
Inactive(file):  1031888 kB
Unevictable:        4112 kB
Mlocked:            4112 kB
SwapTotal:       1048572 kB
SwapFree:        1048572 kB
Dirty:               116 kB
Writeback:             0 kB
AnonPages:        941476 kB
Mapped:           772524 kB
Shmem:             14104 kB
Slab:             179356 kB
SReclaimable:      45380 kB
SUnreclaim:       133976 kB
KernelStack:       38192 kB
PageTables:        48996 kB
NFS_Unstable:          0 kB
Bounce:                0 kB
WritebackTmp:          0 kB
CommitLimit:     7105828 kB
Committed_AS:   59060096 kB
VmallocTotal:   263061440 kB
VmallocUsed:       63200 kB
VmallocChunk:          0 kB
Percpu:             2272 kB
CmaTotal:         294912 kB
CmaFree:               0 kB
MemTotal:       12114512 kB
MemFree:         7432032 kB
MemAvailable:    9129792 kB
Buffers:            4180 kB
Cached:          1252024 kB
SwapCached:            0 kB
Active:          1149036 kB
Inactive:        1043980 kB
Active(anon):     941040 kB
Inactive(anon):    13136 kB
Active(file):     207996 kB
Inactive(file):  1030844 kB
Unevictable:        4112 kB
Mlocked:            4112 kB
SwapTotal:       1048572 kB
SwapFree:        1048572 kB
Dirty:               124 kB
Writeback:             0 kB
AnonPages:        941048 kB
Mapped:           772464 kB
Shmem:             14120 kB
Slab:             179416 kB
SReclaimable:      45412 kB
SUnreclaim:       134004 kB
KernelStack:       38208 kB
PageTables:        49176 kB
NFS_Unstable:          0 kB
Bounce:                0 kB
WritebackTmp:          0 kB
CommitLimit:     7105828 kB
Committed_AS:   59054936 kB
VmallocTotal:   263061440 kB
VmallocUsed:       63168 kB
VmallocChunk:          0 kB
Percpu:             2272 kB
CmaTotal:         294912 kB
CmaFree:               0 kB
MemTotal:       12114512 kB
MemFree:         7434384 kB
MemAvailable:    9132144 kB
Buffers:            4180 kB
Cached:          1252048 kB
SwapCached:            0 kB
Active:          1147600 kB
Inactive:        1044004 kB
Active(anon):     939604 kB
Inactive(anon):    13160 kB
Active(file):     207996 kB
Inactive(file):  1030844 kB
Unevictable:        4112 kB
Mlocked:            4112 kB
SwapTotal:       1048572 kB
SwapFree:        1048572 kB
Dirty:                68 kB
Writeback:             0 kB
AnonPages:        939564 kB
Mapped:           772740 kB
Shmem:             14144 kB
Slab:             179384 kB
SReclaimable:      45412 kB
SUnreclaim:       133972 kB
KernelStack:       38192 kB
PageTables:        48616 kB
NFS_Unstable:          0 kB
Bounce:                0 kB
WritebackTmp:          0 kB
CommitLimit:     7105828 kB
Committed_AS:   59045304 kB
VmallocTotal:   263061440 kB
VmallocUsed:       63152 kB
VmallocChunk:          0 kB
Percpu:             2272 kB
CmaTotal:         294912 kB
CmaFree:             124 kB
MemTotal:       12114512 kB
MemFree:         7432704 kB
MemAvailable:    9131232 kB
Buffers:            4180 kB
Cached:          1252068 kB
SwapCached:            0 kB
Active:          1148892 kB
Inactive:        1044024 kB
Active(anon):     940896 kB
Inactive(anon):    13180 kB
Active(file):     207996 kB
Inactive(file):  1030844 kB
Unevictable:        4112 kB
Mlocked:            4112 kB
SwapTotal:       1048572 kB
SwapFree:        1048572 kB
Dirty:               140 kB
Writeback:             0 kB
AnonPages:        940816 kB
Mapped:           772052 kB
Shmem:             14164 kB
Slab:             179384 kB
SReclaimable:      45412 kB
SUnreclaim:       133972 kB
KernelStack:       38240 kB
PageTables:        49180 kB
NFS_Unstable:          0 kB
Bounce:                0 kB
WritebackTmp:          0 kB
CommitLimit:     7105828 kB
Committed_AS:   59041284 kB
VmallocTotal:   263061440 kB
VmallocUsed:       63216 kB
VmallocChunk:          0 kB
Percpu:             2272 kB
CmaTotal:         294912 kB
CmaFree:              16 kB
MemTotal:       12114512 kB
MemFree:         7431860 kB
MemAvailable:    9130372 kB
Buffers:            4180 kB
Cached:          1251988 kB
SwapCached:            0 kB
Active:          1149396 kB
Inactive:        1043944 kB
Active(anon):     941400 kB
Inactive(anon):    13100 kB
Active(file):     207996 kB
Inactive(file):  1030844 kB
Unevictable:        4112 kB
Mlocked:            4112 kB
SwapTotal:       1048572 kB
SwapFree:        1048572 kB
Dirty:               140 kB
Writeback:             0 kB
AnonPages:        941064 kB
Mapped:           771704 kB
Shmem:             14084 kB
Slab:             179512 kB
SReclaimable:      45380 kB
SUnreclaim:       134132 kB
KernelStack:       38288 kB
PageTables:        48932 kB
NFS_Unstable:          0 kB
Bounce:                0 kB
WritebackTmp:          0 kB
CommitLimit:     7105828 kB
Committed_AS:   59056900 kB
VmallocTotal:   263061440 kB
VmallocUsed:       63232 kB
VmallocChunk:          0 kB
Percpu:             2272 kB
CmaTotal:         294912 kB
CmaFree:             252 kB
MemTotal:       12114512 kB
MemFree:         7435200 kB
MemAvailable:    9133712 kB
Buffers:            4180 kB
Cached:          1252104 kB
SwapCached:            0 kB
Active:          1146788 kB
Inactive:        1044060 kB
Active(anon):     938792 kB
Inactive(anon):    13216 kB
Active(file):     207996 kB
Inactive(file):  1030844 kB
Unevictable:        4112 kB
Mlocked:            4112 kB
SwapTotal:       1048572 kB
SwapFree:        1048572 kB
Dirty:               148 kB
Writeback:             0 kB
AnonPages:        938552 kB
Mapped:           772060 kB
Shmem:             14200 kB
Slab:             179384 kB
SReclaimable:      45380 kB
SUnreclaim:       134004 kB
KernelStack:       38244 kB
PageTables:        48952 kB
NFS_Unstable:          0 kB
Bounce:                0 kB
WritebackTmp:          0 kB
CommitLimit:     7105828 kB
Committed_AS:   59054400 kB
VmallocTotal:   263061440 kB
VmallocUsed:       63248 kB
VmallocChunk:          0 kB
Percpu:             2272 kB
CmaTotal:         294912 kB
CmaFree:               0 kB
MemTotal:       12114512 kB
MemFree:         7451156 kB
MemAvailable:    9201676 kB
Buffers:            4180 kB
Cached:          1251984 kB
SwapCached:            0 kB
Active:          1129876 kB
Inactive:        1043940 kB
Active(anon):     921880 kB
Inactive(anon):    13232 kB
Active(file):     207996 kB
Inactive(file):  1030708 kB
Unevictable:        4112 kB
Mlocked:            4112 kB
SwapTotal:       1048572 kB
SwapFree:        1048572 kB
Dirty:               164 kB
Writeback:             0 kB
AnonPages:        921700 kB
Mapped:           771736 kB
Shmem:             14216 kB
Slab:             179384 kB
SReclaimable:      45380 kB
SUnreclaim:       134004 kB
KernelStack:       38132 kB
PageTables:        49080 kB
NFS_Unstable:          0 kB
Bounce:                0 kB
WritebackTmp:          0 kB
CommitLimit:     7105828 kB
Committed_AS:   59059760 kB
VmallocTotal:   263061440 kB
VmallocUsed:       62960 kB
VmallocChunk:          0 kB
Percpu:             2272 kB
CmaTotal:         294912 kB
CmaFree:             680 kB
MemTotal:       12114512 kB
MemFree:         7451244 kB
MemAvailable:    9201944 kB
Buffers:            4180 kB
Cached:          1252104 kB
SwapCached:            0 kB
Active:          1129724 kB
Inactive:        1044060 kB
Active(anon):     921728 kB
Inactive(anon):    13172 kB
Active(file):     207996 kB
Inactive(file):  1030888 kB
Unevictable:        4112 kB
Mlocked:            4112 kB
SwapTotal:       1048572 kB
SwapFree:        1048572 kB
Dirty:               116 kB
Writeback:             0 kB
AnonPages:        921648 kB
Mapped:           771776 kB
Shmem:             14156 kB
Slab:             179256 kB
SReclaimable:      45380 kB
SUnreclaim:       133876 kB
KernelStack:       38128 kB
PageTables:        48824 kB
NFS_Unstable:          0 kB
Bounce:                0 kB
WritebackTmp:          0 kB
CommitLimit:     7105828 kB
Committed_AS:   59067696 kB
VmallocTotal:   263061440 kB
VmallocUsed:       62928 kB
VmallocChunk:          0 kB
Percpu:             2272 kB
CmaTotal:         294912 kB
CmaFree:               0 kB
MemTotal:       12114512 kB
MemFree:         7452516 kB
MemAvailable:    9203216 kB
Buffers:            4180 kB
Cached:          1252120 kB
SwapCached:            0 kB
Active:          1129816 kB
Inactive:        1044076 kB
Active(anon):     921820 kB
Inactive(anon):    13188 kB
Active(file):     207996 kB
Inactive(file):  1030888 kB
Unevictable:        4112 kB
Mlocked:            4112 kB
SwapTotal:       1048572 kB
SwapFree:        1048572 kB
Dirty:               128 kB
Writeback:             0 kB
AnonPages:        921856 kB
Mapped:           771692 kB
Shmem:             14172 kB
Slab:             179248 kB
SReclaimable:      45380 kB
SUnreclaim:       133868 kB
KernelStack:       38020 kB
PageTables:        48772 kB
NFS_Unstable:          0 kB
Bounce:                0 kB
WritebackTmp:          0 kB
CommitLimit:     7105828 kB
Committed_AS:   59062788 kB
VmallocTotal:   263061440 kB
VmallocUsed:       62944 kB
VmallocChunk:          0 kB
Percpu:             2272 kB
CmaTotal:         294912 kB
CmaFree:             264 kB
MemTotal:       12114512 kB
MemFree:         7453132 kB
MemAvailable:    9203832 kB
Buffers:            4180 kB
Cached:          1252136 kB
SwapCached:            0 kB
Active:          1129256 kB
Inactive:        1044092 kB
Active(anon):     921260 kB
Inactive(anon):    13204 kB
Active(file):     207996 kB
Inactive(file):  1030888 kB
Unevictable:        4112 kB
Mlocked:            4112 kB
SwapTotal:       1048572 kB
SwapFree:        1048572 kB
Dirty:               128 kB
Writeback:             0 kB
AnonPages:        921416 kB
Mapped:           771740 kB
Shmem:             14188 kB
Slab:             179248 kB
SReclaimable:      45380 kB
SUnreclaim:       133868 kB
KernelStack:       38020 kB
PageTables:        48712 kB
NFS_Unstable:          0 kB
Bounce:                0 kB
WritebackTmp:          0 kB
CommitLimit:     7105828 kB
Committed_AS:   59064760 kB
VmallocTotal:   263061440 kB
VmallocUsed:       62944 kB
VmallocChunk:          0 kB
Percpu:             2272 kB
CmaTotal:         294912 kB
CmaFree:             236 kB
MemTotal:       12114512 kB
MemFree:         7454852 kB
MemAvailable:    9205632 kB
Buffers:            4180 kB
Cached:          1252212 kB
SwapCached:            0 kB
Active:          1127460 kB
Inactive:        1044164 kB
Active(anon):     919460 kB
Inactive(anon):    13224 kB
Active(file):     208000 kB
Inactive(file):  1030940 kB
Unevictable:        4112 kB
Mlocked:            4112 kB
SwapTotal:       1048572 kB
SwapFree:        1048572 kB
Dirty:               140 kB
Writeback:             0 kB
AnonPages:        919364 kB
Mapped:           771800 kB
Shmem:             14208 kB
Slab:             179248 kB
SReclaimable:      45380 kB
SUnreclaim:       133868 kB
KernelStack:       38068 kB
PageTables:        48764 kB
NFS_Unstable:          0 kB
Bounce:                0 kB
WritebackTmp:          0 kB
CommitLimit:     7105828 kB
Committed_AS:   59064452 kB
VmallocTotal:   263061440 kB
VmallocUsed:       62928 kB
VmallocChunk:          0 kB
Percpu:             2272 kB
CmaTotal:         294912 kB
CmaFree:             188 kB
MemTotal:       12114512 kB
MemFree:         7455148 kB
MemAvailable:    9205964 kB
Buffers:            4180 kB
Cached:          1252268 kB
SwapCached:            0 kB
Active:          1127316 kB
Inactive:        1044212 kB
Active(anon):     919308 kB
Inactive(anon):    13244 kB
Active(file):     208008 kB
Inactive(file):  1030968 kB
Unevictable:        4112 kB
Mlocked:            4112 kB
SwapTotal:       1048572 kB
SwapFree:        1048572 kB
Dirty:               136 kB
Writeback:             0 kB
AnonPages:        919368 kB
Mapped:           771812 kB
Shmem:             14228 kB
Slab:             179248 kB
SReclaimable:      45380 kB
SUnreclaim:       133868 kB
KernelStack:       38084 kB
PageTables:        48760 kB
NFS_Unstable:          0 kB
Bounce:                0 kB
WritebackTmp:          0 kB
CommitLimit:     7105828 kB
Committed_AS:   59060928 kB
VmallocTotal:   263061440 kB
VmallocUsed:       62912 kB
VmallocChunk:          0 kB
Percpu:             2272 kB
CmaTotal:         294912 kB
CmaFree:               0 kB
MemTotal:       12114512 kB
MemFree:         7455268 kB
MemAvailable:    9211096 kB
Buffers:            4180 kB
Cached:          1252300 kB
SwapCached:            0 kB
Active:          1127172 kB
Inactive:        1044244 kB
Active(anon):     919164 kB
Inactive(anon):    13276 kB
Active(file):     208008 kB
Inactive(file):  1030968 kB
Unevictable:        4112 kB
Mlocked:            4112 kB
SwapTotal:       1048572 kB
SwapFree:        1048572 kB
Dirty:               116 kB
Writeback:             0 kB
AnonPages:        919248 kB
Mapped:           771816 kB
Shmem:             14260 kB
Slab:             179248 kB
SReclaimable:      45380 kB
SUnreclaim:       133868 kB
KernelStack:       37980 kB
PageTables:        48828 kB
NFS_Unstable:          0 kB
Bounce:                0 kB
WritebackTmp:          0 kB
CommitLimit:     7105828 kB
Committed_AS:   59052408 kB
VmallocTotal:   263061440 kB
VmallocUsed:       62832 kB
VmallocChunk:          0 kB
Percpu:             2272 kB
CmaTotal:         294912 kB
CmaFree:             192 kB
MemTotal:       12114512 kB
MemFree:         7447124 kB
MemAvailable:    9163036 kB
Buffers:            4180 kB
Cached:          1252324 kB
SwapCached:            0 kB
Active:          1136632 kB
Inactive:        1044268 kB
Active(anon):     928624 kB
Inactive(anon):    13300 kB
Active(file):     208008 kB
Inactive(file):  1030968 kB
Unevictable:        4112 kB
Mlocked:            4112 kB
SwapTotal:       1048572 kB
SwapFree:        1048572 kB
Dirty:               116 kB
Writeback:             0 kB
AnonPages:        928264 kB
Mapped:           771840 kB
Shmem:             14284 kB
Slab:             179312 kB
SReclaimable:      45380 kB
SUnreclaim:       133932 kB
KernelStack:       38064 kB
PageTables:        48960 kB
NFS_Unstable:          0 kB
Bounce:                0 kB
WritebackTmp:          0 kB
CommitLimit:     7105828 kB
Committed_AS:   59064408 kB
VmallocTotal:   263061440 kB
VmallocUsed:       62912 kB
VmallocChunk:          0 kB
Percpu:             2272 kB
CmaTotal:         294912 kB
CmaFree:               0 kB
MemTotal:       12114512 kB
MemFree:         7435304 kB
MemAvailable:    9113644 kB
Buffers:            4180 kB
Cached:          1252684 kB
SwapCached:            0 kB
Active:          1145772 kB
Inactive:        1044360 kB
Active(anon):     937764 kB
Inactive(anon):    13368 kB
Active(file):     208008 kB
Inactive(file):  1030992 kB
Unevictable:        4112 kB
Mlocked:            4112 kB
SwapTotal:       1048572 kB
SwapFree:        1048572 kB
Dirty:              5460 kB
Writeback:           176 kB
AnonPages:        937612 kB
Mapped:           772052 kB
Shmem:             14364 kB
Slab:             179316 kB
SReclaimable:      45312 kB
SUnreclaim:       134004 kB
KernelStack:       38192 kB
PageTables:        48752 kB
NFS_Unstable:          0 kB
Bounce:                0 kB
WritebackTmp:          0 kB
CommitLimit:     7105828 kB
Committed_AS:   59054764 kB
VmallocTotal:   263061440 kB
VmallocUsed:       63200 kB
VmallocChunk:          0 kB
Percpu:             2272 kB
CmaTotal:         294912 kB
CmaFree:             596 kB
MemTotal:       12114512 kB
MemFree:         7440456 kB
MemAvailable:    9118516 kB
Buffers:            4180 kB
Cached:          1252644 kB
SwapCached:            0 kB
Active:          1144140 kB
Inactive:        1044572 kB
Active(anon):     936128 kB
Inactive(anon):    13392 kB
Active(file):     208012 kB
Inactive(file):  1031180 kB
Unevictable:        4112 kB
Mlocked:            4112 kB
SwapTotal:       1048572 kB
SwapFree:        1048572 kB
Dirty:              6004 kB
Writeback:             0 kB
AnonPages:        936092 kB
Mapped:           772028 kB
Shmem:             14388 kB
Slab:             179424 kB
SReclaimable:      45388 kB
SUnreclaim:       134036 kB
KernelStack:       38272 kB
PageTables:        48948 kB
NFS_Unstable:          0 kB
Bounce:                0 kB
WritebackTmp:          0 kB
CommitLimit:     7105828 kB
Committed_AS:   59065608 kB
VmallocTotal:   263061440 kB
VmallocUsed:       63168 kB
VmallocChunk:          0 kB
Percpu:             2272 kB
CmaTotal:         294912 kB
CmaFree:             236 kB
MemTotal:       12114512 kB
MemFree:         7437368 kB
MemAvailable:    9115432 kB
Buffers:            4180 kB
Cached:          1252668 kB
SwapCached:            0 kB
Active:          1143920 kB
Inactive:        1044584 kB
Active(anon):     935908 kB
Inactive(anon):    13400 kB
Active(file):     208012 kB
Inactive(file):  1031184 kB
Unevictable:        4112 kB
Mlocked:            4112 kB
SwapTotal:       1048572 kB
SwapFree:        1048572 kB
Dirty:              5916 kB
Writeback:             0 kB
AnonPages:        935844 kB
Mapped:           772252 kB
Shmem:             14408 kB
Slab:             179424 kB
SReclaimable:      45388 kB
SUnreclaim:       134036 kB
KernelStack:       38224 kB
PageTables:        49044 kB
NFS_Unstable:          0 kB
Bounce:                0 kB
WritebackTmp:          0 kB
CommitLimit:     7105828 kB
Committed_AS:   59054988 kB
VmallocTotal:   263061440 kB
VmallocUsed:       63136 kB
VmallocChunk:          0 kB
Percpu:             2272 kB
CmaTotal:         294912 kB
CmaFree:               0 kB
MemTotal:       12114512 kB
MemFree:         7436104 kB
MemAvailable:    9114168 kB
Buffers:            4180 kB
Cached:          1252704 kB
SwapCached:            0 kB
Active:          1144120 kB
Inactive:        1044620 kB
Active(anon):     936108 kB
Inactive(anon):    13436 kB
Active(file):     208012 kB
Inactive(file):  1031184 kB
Unevictable:        4112 kB
Mlocked:            4112 kB
SwapTotal:       1048572 kB
SwapFree:        1048572 kB
Dirty:              5952 kB
Writeback:             0 kB
AnonPages:        936304 kB
Mapped:           772272 kB
Shmem:             14444 kB
Slab:             179424 kB
SReclaimable:      45388 kB
SUnreclaim:       134036 kB
KernelStack:       38224 kB
PageTables:        49064 kB
NFS_Unstable:          0 kB
Bounce:                0 kB
WritebackTmp:          0 kB
CommitLimit:     7105828 kB
Committed_AS:   59067144 kB
VmallocTotal:   263061440 kB
VmallocUsed:       63200 kB
VmallocChunk:          0 kB
Percpu:             2272 kB
CmaTotal:         294912 kB
CmaFree:              52 kB
MemTotal:       12114512 kB
MemFree:         7435408 kB
MemAvailable:    9113480 kB
Buffers:            4180 kB
Cached:          1252712 kB
SwapCached:            0 kB
Active:          1145232 kB
Inactive:        1044628 kB
Active(anon):     937220 kB
Inactive(anon):    13444 kB
Active(file):     208012 kB
Inactive(file):  1031184 kB
Unevictable:        4112 kB
Mlocked:            4112 kB
SwapTotal:       1048572 kB
SwapFree:        1048572 kB
Dirty:              5956 kB
Writeback:             0 kB
AnonPages:        936592 kB
Mapped:           772116 kB
Shmem:             14452 kB
Slab:             179440 kB
SReclaimable:      45404 kB
SUnreclaim:       134036 kB
KernelStack:       38272 kB
PageTables:        48776 kB
NFS_Unstable:          0 kB
Bounce:                0 kB
WritebackTmp:          0 kB
CommitLimit:     7105828 kB
Committed_AS:   59054668 kB
VmallocTotal:   263061440 kB
VmallocUsed:       63184 kB
VmallocChunk:          0 kB
Percpu:             2272 kB
CmaTotal:         294912 kB
CmaFree:               0 kB
MemTotal:       12114512 kB
MemFree:         7434740 kB
MemAvailable:    9112860 kB
Buffers:            4188 kB
Cached:          1252792 kB
SwapCached:            0 kB
Active:          1145620 kB
Inactive:        1044708 kB
Active(anon):     937600 kB
Inactive(anon):    13484 kB
Active(file):     208020 kB
Inactive(file):  1031224 kB
Unevictable:        4112 kB
Mlocked:            4112 kB
SwapTotal:       1048572 kB
SwapFree:        1048572 kB
Dirty:               476 kB
Writeback:             0 kB
AnonPages:        937448 kB
Mapped:           772112 kB
Shmem:             14492 kB
Slab:             179476 kB
SReclaimable:      45408 kB
SUnreclaim:       134068 kB
KernelStack:       38256 kB
PageTables:        49120 kB
NFS_Unstable:          0 kB
Bounce:                0 kB
WritebackTmp:          0 kB
CommitLimit:     7105828 kB
Committed_AS:   59057516 kB
VmallocTotal:   263061440 kB
VmallocUsed:       63200 kB
VmallocChunk:          0 kB
Percpu:             2272 kB
CmaTotal:         294912 kB
CmaFree:               0 kB
MemTotal:       12114512 kB
MemFree:         7433768 kB
MemAvailable:    9111888 kB
Buffers:            4188 kB
Cached:          1252804 kB
SwapCached:            0 kB
Active:          1146296 kB
Inactive:        1044712 kB
Active(anon):     938276 kB
Inactive(anon):    13488 kB
Active(file):     208020 kB
Inactive(file):  1031224 kB
Unevictable:        4112 kB
Mlocked:            4112 kB
SwapTotal:       1048572 kB
SwapFree:        1048572 kB
Dirty:               480 kB
Writeback:             0 kB
AnonPages:        938336 kB
Mapped:           772348 kB
Shmem:             14504 kB
Slab:             179468 kB
SReclaimable:      45408 kB
SUnreclaim:       134060 kB
KernelStack:       38352 kB
PageTables:        48932 kB
NFS_Unstable:          0 kB
Bounce:                0 kB
WritebackTmp:          0 kB
CommitLimit:     7105828 kB
Committed_AS:   59053876 kB
VmallocTotal:   263061440 kB
VmallocUsed:       63280 kB
VmallocChunk:          0 kB
Percpu:             2272 kB
CmaTotal:         294912 kB
CmaFree:             208 kB
MemTotal:       12114512 kB
MemFree:         7432760 kB
MemAvailable:    9110880 kB
Buffers:            4188 kB
Cached:          1252700 kB
SwapCached:            0 kB
Active:          1146452 kB
Inactive:        1044616 kB
Active(anon):     938432 kB
Inactive(anon):    13392 kB
Active(file):     208020 kB
Inactive(file):  1031224 kB
Unevictable:        4112 kB
Mlocked:            4112 kB
SwapTotal:       1048572 kB
SwapFree:        1048572 kB
Dirty:               224 kB
Writeback:             0 kB
AnonPages:        938272 kB
Mapped:           772180 kB
Shmem:             14400 kB
Slab:             179468 kB
SReclaimable:      45408 kB
SUnreclaim:       134060 kB
KernelStack:       38400 kB
PageTables:        48920 kB
NFS_Unstable:          0 kB
Bounce:                0 kB
WritebackTmp:          0 kB
CommitLimit:     7105828 kB
Committed_AS:   59049564 kB
VmallocTotal:   263061440 kB
VmallocUsed:       63328 kB
VmallocChunk:          0 kB
Percpu:             2272 kB
CmaTotal:         294912 kB
CmaFree:               0 kB
MemTotal:       12114512 kB
MemFree:         7433800 kB
MemAvailable:    9111920 kB
Buffers:            4188 kB
Cached:          1252728 kB
SwapCached:            0 kB
Active:          1146696 kB
Inactive:        1044644 kB
Active(anon):     938676 kB
Inactive(anon):    13420 kB
Active(file):     208020 kB
Inactive(file):  1031224 kB
Unevictable:        4112 kB
Mlocked:            4112 kB
SwapTotal:       1048572 kB
SwapFree:        1048572 kB
Dirty:               192 kB
Writeback:             0 kB
AnonPages:        938568 kB
Mapped:           772116 kB
Shmem:             14428 kB
Slab:             179468 kB
SReclaimable:      45408 kB
SUnreclaim:       134060 kB
KernelStack:       38304 kB
PageTables:        49092 kB
NFS_Unstable:          0 kB
Bounce:                0 kB
WritebackTmp:          0 kB
CommitLimit:     7105828 kB
Committed_AS:   59050948 kB
VmallocTotal:   263061440 kB
VmallocUsed:       63328 kB
VmallocChunk:          0 kB
Percpu:             2272 kB
CmaTotal:         294912 kB
CmaFree:               0 kB
MemTotal:       12114512 kB
MemFree:         7433216 kB
MemAvailable:    9111336 kB
Buffers:            4188 kB
Cached:          1252736 kB
SwapCached:            0 kB
Active:          1147564 kB
Inactive:        1044652 kB
Active(anon):     939544 kB
Inactive(anon):    13428 kB
Active(file):     208020 kB
Inactive(file):  1031224 kB
Unevictable:        4112 kB
Mlocked:            4112 kB
SwapTotal:       1048572 kB
SwapFree:        1048572 kB
Dirty:               208 kB
Writeback:             0 kB
AnonPages:        939144 kB
Mapped:           772356 kB
Shmem:             14436 kB
Slab:             179500 kB
SReclaimable:      45408 kB
SUnreclaim:       134092 kB
KernelStack:       38384 kB
PageTables:        49180 kB
NFS_Unstable:          0 kB
Bounce:                0 kB
WritebackTmp:          0 kB
CommitLimit:     7105828 kB
Committed_AS:   59045596 kB
VmallocTotal:   263061440 kB
VmallocUsed:       63376 kB
VmallocChunk:          0 kB
Percpu:             2272 kB
CmaTotal:         294912 kB
CmaFree:               0 kB
MemTotal:       12114512 kB
MemFree:         7432972 kB
MemAvailable:    9111092 kB
Buffers:            4188 kB
Cached:          1252776 kB
SwapCached:            0 kB
Active:          1147588 kB
Inactive:        1044692 kB
Active(anon):     939568 kB
Inactive(anon):    13468 kB
Active(file):     208020 kB
Inactive(file):  1031224 kB
Unevictable:        4112 kB
Mlocked:            4112 kB
SwapTotal:       1048572 kB
SwapFree:        1048572 kB
Dirty:               236 kB
Writeback:             0 kB
AnonPages:        939388 kB
Mapped:           772152 kB
Shmem:             14476 kB
Slab:             179492 kB
SReclaimable:      45408 kB
SUnreclaim:       134084 kB
KernelStack:       38304 kB
PageTables:        48820 kB
NFS_Unstable:          0 kB
Bounce:                0 kB
WritebackTmp:          0 kB
CommitLimit:     7105828 kB
Committed_AS:   59040032 kB
VmallocTotal:   263061440 kB
VmallocUsed:       63360 kB
VmallocChunk:          0 kB
Percpu:             2272 kB
CmaTotal:         294912 kB
CmaFree:              32 kB
MemTotal:       12114512 kB
MemFree:         7433184 kB
MemAvailable:    9111304 kB
Buffers:            4188 kB
Cached:          1252796 kB
SwapCached:            0 kB
Active:          1147924 kB
Inactive:        1044712 kB
Active(anon):     939904 kB
Inactive(anon):    13488 kB
Active(file):     208020 kB
Inactive(file):  1031224 kB
Unevictable:        4112 kB
Mlocked:            4112 kB
SwapTotal:       1048572 kB
SwapFree:        1048572 kB
Dirty:               240 kB
Writeback:             0 kB
AnonPages:        939912 kB
Mapped:           772116 kB
Shmem:             14496 kB
Slab:             179496 kB
SReclaimable:      45408 kB
SUnreclaim:       134088 kB
KernelStack:       38352 kB
PageTables:        49128 kB
NFS_Unstable:          0 kB
Bounce:                0 kB
WritebackTmp:          0 kB
CommitLimit:     7105828 kB
Committed_AS:   59045960 kB
VmallocTotal:   263061440 kB
VmallocUsed:       63344 kB
VmallocChunk:          0 kB
Percpu:             2272 kB
CmaTotal:         294912 kB
CmaFree:               0 kB
MemTotal:       12114512 kB
MemFree:         7433676 kB
MemAvailable:    9111796 kB
Buffers:            4188 kB
Cached:          1252812 kB
SwapCached:            0 kB
Active:          1148120 kB
Inactive:        1044728 kB
Active(anon):     940100 kB
Inactive(anon):    13504 kB
Active(file):     208020 kB
Inactive(file):  1031224 kB
Unevictable:        4112 kB
Mlocked:            4112 kB
SwapTotal:       1048572 kB
SwapFree:        1048572 kB
Dirty:               244 kB
Writeback:             0 kB
AnonPages:        939784 kB
Mapped:           772152 kB
Shmem:             14512 kB
Slab:             179496 kB
SReclaimable:      45408 kB
SUnreclaim:       134088 kB
KernelStack:       38336 kB
PageTables:        48756 kB
NFS_Unstable:          0 kB
Bounce:                0 kB
WritebackTmp:          0 kB
CommitLimit:     7105828 kB
Committed_AS:   59034508 kB
VmallocTotal:   263061440 kB
VmallocUsed:       63328 kB
VmallocChunk:          0 kB
Percpu:             2272 kB
CmaTotal:         294912 kB
CmaFree:               8 kB
MemTotal:       12114512 kB
MemFree:         7433988 kB
MemAvailable:    9109296 kB
Buffers:            4188 kB
Cached:          1252840 kB
SwapCached:            0 kB
Active:          1146256 kB
Inactive:        1044752 kB
Active(anon):     938232 kB
Inactive(anon):    13532 kB
Active(file):     208024 kB
Inactive(file):  1031220 kB
Unevictable:        4112 kB
Mlocked:            4112 kB
SwapTotal:       1048572 kB
SwapFree:        1048572 kB
Dirty:                40 kB
Writeback:             0 kB
AnonPages:        938176 kB
Mapped:           772272 kB
Shmem:             14540 kB
Slab:             179504 kB
SReclaimable:      45412 kB
SUnreclaim:       134092 kB
KernelStack:       38384 kB
PageTables:        49252 kB
NFS_Unstable:          0 kB
Bounce:                0 kB
WritebackTmp:          0 kB
CommitLimit:     7105828 kB
Committed_AS:   59040932 kB
VmallocTotal:   263061440 kB
VmallocUsed:       63312 kB
VmallocChunk:          0 kB
Percpu:             2272 kB
CmaTotal:         294912 kB
CmaFree:              20 kB
MemTotal:       12114512 kB
MemFree:         7436940 kB
MemAvailable:    9110660 kB
Buffers:            4188 kB
Cached:          1251152 kB
SwapCached:            0 kB
Active:          1144360 kB
Inactive:        1044644 kB
Active(anon):     937924 kB
Inactive(anon):    13424 kB
Active(file):     206436 kB
Inactive(file):  1031220 kB
Unevictable:        4112 kB
Mlocked:            4112 kB
SwapTotal:       1048572 kB
SwapFree:        1048572 kB
Dirty:                64 kB
Writeback:             0 kB
AnonPages:        937668 kB
Mapped:           772152 kB
Shmem:             14440 kB
Slab:             179508 kB
SReclaimable:      45412 kB
SUnreclaim:       134096 kB
KernelStack:       38336 kB
PageTables:        49128 kB
NFS_Unstable:          0 kB
Bounce:                0 kB
WritebackTmp:          0 kB
CommitLimit:     7105828 kB
Committed_AS:   59039776 kB
VmallocTotal:   263061440 kB
VmallocUsed:       63312 kB
VmallocChunk:          0 kB
Percpu:             2272 kB
CmaTotal:         294912 kB
CmaFree:              56 kB
MemTotal:       12114512 kB
MemFree:         7435924 kB
MemAvailable:    9109652 kB
Buffers:            4188 kB
Cached:          1251152 kB
SwapCached:            0 kB
Active:          1144612 kB
Inactive:        1044644 kB
Active(anon):     938176 kB
Inactive(anon):    13424 kB
Active(file):     206436 kB
Inactive(file):  1031220 kB
Unevictable:        4112 kB
Mlocked:            4112 kB
SwapTotal:       1048572 kB
SwapFree:        1048572 kB
Dirty:                72 kB
Writeback:             0 kB
AnonPages:        938332 kB
Mapped:           772140 kB
Shmem:             14440 kB
Slab:             179524 kB
SReclaimable:      45428 kB
SUnreclaim:       134096 kB
KernelStack:       38384 kB
PageTables:        49164 kB
NFS_Unstable:          0 kB
Bounce:                0 kB
WritebackTmp:          0 kB
CommitLimit:     7105828 kB
Committed_AS:   59034272 kB
VmallocTotal:   263061440 kB
VmallocUsed:       63344 kB
VmallocChunk:          0 kB
Percpu:             2272 kB
CmaTotal:         294912 kB
CmaFree:               0 kB
MemTotal:       12114512 kB
MemFree:         7435504 kB
MemAvailable:    9109232 kB
Buffers:            4188 kB
Cached:          1251152 kB
SwapCached:            0 kB
Active:          1145004 kB
Inactive:        1044644 kB
Active(anon):     938568 kB
Inactive(anon):    13424 kB
Active(file):     206436 kB
Inactive(file):  1031220 kB
Unevictable:        4112 kB
Mlocked:            4112 kB
SwapTotal:       1048572 kB
SwapFree:        1048572 kB
Dirty:                72 kB
Writeback:             0 kB
AnonPages:        938324 kB
Mapped:           772344 kB
Shmem:             14440 kB
Slab:             179524 kB
SReclaimable:      45428 kB
SUnreclaim:       134096 kB
KernelStack:       38400 kB
PageTables:        49096 kB
NFS_Unstable:          0 kB
Bounce:                0 kB
WritebackTmp:          0 kB
CommitLimit:     7105828 kB
Committed_AS:   59042660 kB
VmallocTotal:   263061440 kB
VmallocUsed:       63344 kB
VmallocChunk:          0 kB
Percpu:             2272 kB
CmaTotal:         294912 kB
CmaFree:              36 kB
MemTotal:       12114512 kB
MemFree:         7436424 kB
MemAvailable:    9110152 kB
Buffers:            4188 kB
Cached:          1251056 kB
SwapCached:            0 kB
Active:          1145124 kB
Inactive:        1044548 kB
Active(anon):     938688 kB
Inactive(anon):    13328 kB
Active(file):     206436 kB
Inactive(file):  1031220 kB
Unevictable:        4112 kB
Mlocked:            4112 kB
SwapTotal:       1048572 kB
SwapFree:        1048572 kB
Dirty:                72 kB
Writeback:             0 kB
AnonPages:        938824 kB
Mapped:           772004 kB
Shmem:             14344 kB
Slab:             179524 kB
SReclaimable:      45428 kB
SUnreclaim:       134096 kB
KernelStack:       38336 kB
PageTables:        49044 kB
NFS_Unstable:          0 kB
Bounce:                0 kB
WritebackTmp:          0 kB
CommitLimit:     7105828 kB
Committed_AS:   59061504 kB
VmallocTotal:   263061440 kB
VmallocUsed:       63312 kB
VmallocChunk:          0 kB
Percpu:             2272 kB
CmaTotal:         294912 kB
CmaFree:               0 kB
MemTotal:       12114512 kB
MemFree:         7434676 kB
MemAvailable:    9108700 kB
Buffers:            4188 kB
Cached:          1251288 kB
SwapCached:            0 kB
Active:          1151032 kB
Inactive:        1044484 kB
Active(anon):     944300 kB
Inactive(anon):    13264 kB
Active(file):     206732 kB
Inactive(file):  1031220 kB
Unevictable:        4112 kB
Mlocked:            4112 kB
SwapTotal:       1048572 kB
SwapFree:        1048572 kB
Dirty:               372 kB
Writeback:             0 kB
AnonPages:        944200 kB
Mapped:           772092 kB
Shmem:             14280 kB
Slab:             179524 kB
SReclaimable:      45428 kB
SUnreclaim:       134096 kB
KernelStack:       38368 kB
PageTables:        49128 kB
NFS_Unstable:          0 kB
Bounce:                0 kB
WritebackTmp:          0 kB
CommitLimit:     7105828 kB
Committed_AS:   59060196 kB
VmallocTotal:   263061440 kB
VmallocUsed:       63312 kB
VmallocChunk:          0 kB
Percpu:             2272 kB
CmaTotal:         294912 kB
CmaFree:               0 kB
MemTotal:       12114512 kB
MemFree:         7432340 kB
MemAvailable:    9106364 kB
Buffers:            4188 kB
Cached:          1251320 kB
SwapCached:            0 kB
Active:          1149008 kB
Inactive:        1044516 kB
Active(anon):     942276 kB
Inactive(anon):    13296 kB
Active(file):     206732 kB
Inactive(file):  1031220 kB
Unevictable:        4112 kB
Mlocked:            4112 kB
SwapTotal:       1048572 kB
SwapFree:        1048572 kB
Dirty:               372 kB
Writeback:             0 kB
AnonPages:        942264 kB
Mapped:           772120 kB
Shmem:             14312 kB
Slab:             179524 kB
SReclaimable:      45428 kB
SUnreclaim:       134096 kB
KernelStack:       38352 kB
PageTables:        48876 kB
NFS_Unstable:          0 kB
Bounce:                0 kB
WritebackTmp:          0 kB
CommitLimit:     7105828 kB
Committed_AS:   59050180 kB
VmallocTotal:   263061440 kB
VmallocUsed:       63328 kB
VmallocChunk:          0 kB
Percpu:             2272 kB
CmaTotal:         294912 kB
CmaFree:             348 kB
MemTotal:       12114512 kB
MemFree:         7445804 kB
MemAvailable:    9119828 kB
Buffers:            4188 kB
Cached:          1251280 kB
SwapCached:            0 kB
Active:          1134224 kB
Inactive:        1044476 kB
Active(anon):     927492 kB
Inactive(anon):    13256 kB
Active(file):     206732 kB
Inactive(file):  1031220 kB
Unevictable:        4112 kB
Mlocked:            4112 kB
SwapTotal:       1048572 kB
SwapFree:        1048572 kB
Dirty:               372 kB
Writeback:             0 kB
AnonPages:        927508 kB
Mapped:           772176 kB
Shmem:             14272 kB
Slab:             179524 kB
SReclaimable:      45428 kB
SUnreclaim:       134096 kB
KernelStack:       38368 kB
PageTables:        49088 kB
NFS_Unstable:          0 kB
Bounce:                0 kB
WritebackTmp:          0 kB
CommitLimit:     7105828 kB
Committed_AS:   59054260 kB
VmallocTotal:   263061440 kB
VmallocUsed:       63360 kB
VmallocChunk:          0 kB
Percpu:             2272 kB
CmaTotal:         294912 kB
CmaFree:            3608 kB
MemTotal:       12114512 kB
MemFree:         7448020 kB
MemAvailable:    9121852 kB
Buffers:            4188 kB
Cached:          1250996 kB
SwapCached:            0 kB
Active:          1131236 kB
Inactive:        1044452 kB
Active(anon):     924764 kB
Inactive(anon):    13232 kB
Active(file):     206472 kB
Inactive(file):  1031220 kB
Unevictable:        4112 kB
Mlocked:            4112 kB
SwapTotal:       1048572 kB
SwapFree:        1048572 kB
Dirty:               388 kB
Writeback:             0 kB
AnonPages:        924616 kB
Mapped:           772484 kB
Shmem:             14248 kB
Slab:             179524 kB
SReclaimable:      45428 kB
SUnreclaim:       134096 kB
KernelStack:       38384 kB
PageTables:        49036 kB
NFS_Unstable:          0 kB
Bounce:                0 kB
WritebackTmp:          0 kB
CommitLimit:     7105828 kB
Committed_AS:   59046004 kB
VmallocTotal:   263061440 kB
VmallocUsed:       63328 kB
VmallocChunk:          0 kB
Percpu:             2272 kB
CmaTotal:         294912 kB
CmaFree:            1932 kB
MemTotal:       12114512 kB
MemFree:         7448560 kB
MemAvailable:    9122356 kB
Buffers:            4188 kB
Cached:          1250960 kB
SwapCached:            0 kB
Active:          1130344 kB
Inactive:        1044452 kB
Active(anon):     923908 kB
Inactive(anon):    13232 kB
Active(file):     206436 kB
Inactive(file):  1031220 kB
Unevictable:        4112 kB
Mlocked:            4112 kB
SwapTotal:       1048572 kB
SwapFree:        1048572 kB
Dirty:               388 kB
Writeback:             0 kB
AnonPages:        923952 kB
Mapped:           772128 kB
Shmem:             14248 kB
Slab:             179524 kB
SReclaimable:      45428 kB
SUnreclaim:       134096 kB
KernelStack:       38320 kB
PageTables:        48996 kB
NFS_Unstable:          0 kB
Bounce:                0 kB
WritebackTmp:          0 kB
CommitLimit:     7105828 kB
Committed_AS:   59049400 kB
VmallocTotal:   263061440 kB
VmallocUsed:       63360 kB
VmallocChunk:          0 kB
Percpu:             2272 kB
CmaTotal:         294912 kB
CmaFree:            1220 kB
MemTotal:       12114512 kB
MemFree:         7448572 kB
MemAvailable:    9122372 kB
Buffers:            4188 kB
Cached:          1250960 kB
SwapCached:            0 kB
Active:          1130916 kB
Inactive:        1044456 kB
Active(anon):     924480 kB
Inactive(anon):    13232 kB
Active(file):     206436 kB
Inactive(file):  1031224 kB
Unevictable:        4112 kB
Mlocked:            4112 kB
SwapTotal:       1048572 kB
SwapFree:        1048572 kB
Dirty:               132 kB
Writeback:             0 kB
AnonPages:        924268 kB
Mapped:           772292 kB
Shmem:             14244 kB
Slab:             179524 kB
SReclaimable:      45428 kB
SUnreclaim:       134096 kB
KernelStack:       38224 kB
PageTables:        49040 kB
NFS_Unstable:          0 kB
Bounce:                0 kB
WritebackTmp:          0 kB
CommitLimit:     7105828 kB
Committed_AS:   59056416 kB
VmallocTotal:   263061440 kB
VmallocUsed:       63200 kB
VmallocChunk:          0 kB
Percpu:             2272 kB
CmaTotal:         294912 kB
CmaFree:               0 kB
MemTotal:       12114512 kB
MemFree:         7452352 kB
MemAvailable:    9126152 kB
Buffers:            4188 kB
Cached:          1250948 kB
SwapCached:            0 kB
Active:          1128332 kB
Inactive:        1044440 kB
Active(anon):     921896 kB
Inactive(anon):    13216 kB
Active(file):     206436 kB
Inactive(file):  1031224 kB
Unevictable:        4112 kB
Mlocked:            4112 kB
SwapTotal:       1048572 kB
SwapFree:        1048572 kB
Dirty:               144 kB
Writeback:             0 kB
AnonPages:        921668 kB
Mapped:           772160 kB
Shmem:             14232 kB
Slab:             179228 kB
SReclaimable:      45428 kB
SUnreclaim:       133800 kB
KernelStack:       38056 kB
PageTables:        48388 kB
NFS_Unstable:          0 kB
Bounce:                0 kB
WritebackTmp:          0 kB
CommitLimit:     7105828 kB
Committed_AS:   57675528 kB
VmallocTotal:   263061440 kB
VmallocUsed:       62956 kB
VmallocChunk:          0 kB
Percpu:             2272 kB
CmaTotal:         294912 kB
CmaFree:             388 kB
MemTotal:       12114512 kB
MemFree:         7463068 kB
MemAvailable:    9132420 kB
Buffers:            4188 kB
Cached:          1246692 kB
SwapCached:            0 kB
Active:          1126748 kB
Inactive:        1040116 kB
Active(anon):     920244 kB
Inactive(anon):    13192 kB
Active(file):     206504 kB
Inactive(file):  1026924 kB
Unevictable:        4112 kB
Mlocked:            4112 kB
SwapTotal:       1048572 kB
SwapFree:        1048572 kB
Dirty:              1472 kB
Writeback:             0 kB
AnonPages:        920384 kB
Mapped:           771976 kB
Shmem:             14208 kB
Slab:             178396 kB
SReclaimable:      45000 kB
SUnreclaim:       133396 kB
KernelStack:       37696 kB
PageTables:        47704 kB
NFS_Unstable:          0 kB
Bounce:                0 kB
WritebackTmp:          0 kB
CommitLimit:     7105828 kB
Committed_AS:   56312704 kB
VmallocTotal:   263061440 kB
VmallocUsed:       62700 kB
VmallocChunk:          0 kB
Percpu:             2272 kB
CmaTotal:         294912 kB
CmaFree:             240 kB
MemTotal:       12114512 kB
MemFree:         7449732 kB
MemAvailable:    9123472 kB
Buffers:            4188 kB
Cached:          1250884 kB
SwapCached:            0 kB
Active:          1134132 kB
Inactive:        1044048 kB
Active(anon):     927368 kB
Inactive(anon):    13208 kB
Active(file):     206764 kB
Inactive(file):  1030840 kB
Unevictable:        4112 kB
Mlocked:            4112 kB
SwapTotal:       1048572 kB
SwapFree:        1048572 kB
Dirty:              5652 kB
Writeback:             0 kB
AnonPages:        926512 kB
Mapped:           771764 kB
Shmem:             14224 kB
Slab:             178516 kB
SReclaimable:      45424 kB
SUnreclaim:       133092 kB
KernelStack:       37376 kB
PageTables:        46864 kB
NFS_Unstable:          0 kB
Bounce:                0 kB
WritebackTmp:          0 kB
CommitLimit:     7105828 kB
Committed_AS:   54954500 kB
VmallocTotal:   263061440 kB
VmallocUsed:       62312 kB
VmallocChunk:          0 kB
Percpu:             2272 kB
CmaTotal:         294912 kB
CmaFree:               0 kB
MemTotal:       12114512 kB
MemFree:         7460128 kB
MemAvailable:    9153768 kB
Buffers:            4188 kB
Cached:          1252180 kB
SwapCached:            0 kB
Active:          1134604 kB
Inactive:        1043788 kB
Active(anon):     926272 kB
Inactive(anon):    12928 kB
Active(file):     208332 kB
Inactive(file):  1030860 kB
Unevictable:        4112 kB
Mlocked:            4112 kB
SwapTotal:       1048572 kB
SwapFree:        1048572 kB
Dirty:              7276 kB
Writeback:             0 kB
AnonPages:        926092 kB
Mapped:           771476 kB
Shmem:             13932 kB
Slab:             178348 kB
SReclaimable:      45388 kB
SUnreclaim:       132960 kB
KernelStack:       37204 kB
PageTables:        47008 kB
NFS_Unstable:          0 kB
Bounce:                0 kB
WritebackTmp:          0 kB
CommitLimit:     7105828 kB
Committed_AS:   54958216 kB
VmallocTotal:   263061440 kB
VmallocUsed:       62196 kB
VmallocChunk:          0 kB
Percpu:             2272 kB
CmaTotal:         294912 kB
CmaFree:               0 kB
MemTotal:       12114512 kB
MemFree:         7469568 kB
MemAvailable:    9215352 kB
Buffers:            4188 kB
Cached:          1252128 kB
SwapCached:            0 kB
Active:          1121676 kB
Inactive:        1043696 kB
Active(anon):     913320 kB
Inactive(anon):    12860 kB
Active(file):     208356 kB
Inactive(file):  1030836 kB
Unevictable:        4112 kB
Mlocked:            4112 kB
SwapTotal:       1048572 kB
SwapFree:        1048572 kB
Dirty:              7176 kB
Writeback:             0 kB
AnonPages:        913184 kB
Mapped:           771208 kB
Shmem:             13880 kB
Slab:             178212 kB
SReclaimable:      45388 kB
SUnreclaim:       132824 kB
KernelStack:       37112 kB
PageTables:        46740 kB
NFS_Unstable:          0 kB
Bounce:                0 kB
WritebackTmp:          0 kB
CommitLimit:     7105828 kB
Committed_AS:   54955196 kB
VmallocTotal:   263061440 kB
VmallocUsed:       61892 kB
VmallocChunk:          0 kB
Percpu:             2272 kB
CmaTotal:         294912 kB
CmaFree:             212 kB
MemTotal:       12114512 kB
MemFree:         7468352 kB
MemAvailable:    9214136 kB
Buffers:            4188 kB
Cached:          1252148 kB
SwapCached:            0 kB
Active:          1122664 kB
Inactive:        1043716 kB
Active(anon):     914308 kB
Inactive(anon):    12880 kB
Active(file):     208356 kB
Inactive(file):  1030836 kB
Unevictable:        4112 kB
Mlocked:            4112 kB
SwapTotal:       1048572 kB
SwapFree:        1048572 kB
Dirty:              7176 kB
Writeback:             0 kB
AnonPages:        914128 kB
Mapped:           771264 kB
Shmem:             13900 kB
Slab:             178212 kB
SReclaimable:      45388 kB
SUnreclaim:       132824 kB
KernelStack:       37076 kB
PageTables:        46920 kB
NFS_Unstable:          0 kB
Bounce:                0 kB
WritebackTmp:          0 kB
CommitLimit:     7105828 kB
Committed_AS:   54957508 kB
VmallocTotal:   263061440 kB
VmallocUsed:       61876 kB
VmallocChunk:          0 kB
Percpu:             2272 kB
CmaTotal:         294912 kB
CmaFree:               0 kB
MemTotal:       12114512 kB
MemFree:         7466388 kB
MemAvailable:    9212024 kB
Buffers:            4188 kB
Cached:          1252360 kB
SwapCached:            0 kB
Active:          1123348 kB
Inactive:        1043676 kB
Active(anon):     914992 kB
Inactive(anon):    12916 kB
Active(file):     208356 kB
Inactive(file):  1030760 kB
Unevictable:        4112 kB
Mlocked:            4112 kB
SwapTotal:       1048572 kB
SwapFree:        1048572 kB
Dirty:              7104 kB
Writeback:             0 kB
AnonPages:        914432 kB
Mapped:           771296 kB
Shmem:             13936 kB
Slab:             178072 kB
SReclaimable:      45248 kB
SUnreclaim:       132824 kB
KernelStack:       37060 kB
PageTables:        46792 kB
NFS_Unstable:          0 kB
Bounce:                0 kB
WritebackTmp:          0 kB
CommitLimit:     7105828 kB
Committed_AS:   54954608 kB
VmallocTotal:   263061440 kB
VmallocUsed:       61892 kB
VmallocChunk:          0 kB
Percpu:             2272 kB
CmaTotal:         294912 kB
CmaFree:             104 kB
MemTotal:       12114512 kB
MemFree:         7466572 kB
MemAvailable:    9212436 kB
Buffers:            4192 kB
Cached:          1252276 kB
SwapCached:            0 kB
Active:          1122924 kB
Inactive:        1043848 kB
Active(anon):     914568 kB
Inactive(anon):    12936 kB
Active(file):     208356 kB
Inactive(file):  1030912 kB
Unevictable:        4112 kB
Mlocked:            4112 kB
SwapTotal:       1048572 kB
SwapFree:        1048572 kB
Dirty:              7304 kB
Writeback:             0 kB
AnonPages:        914260 kB
Mapped:           771320 kB
Shmem:             13956 kB
Slab:             178220 kB
SReclaimable:      45396 kB
SUnreclaim:       132824 kB
KernelStack:       36964 kB
PageTables:        46792 kB
NFS_Unstable:          0 kB
Bounce:                0 kB
WritebackTmp:          0 kB
CommitLimit:     7105828 kB
Committed_AS:   54953900 kB
VmallocTotal:   263061440 kB
VmallocUsed:       61812 kB
VmallocChunk:          0 kB
Percpu:             2272 kB
CmaTotal:         294912 kB
CmaFree:               0 kB
MemTotal:       12114512 kB
MemFree:         7468572 kB
MemAvailable:    9214492 kB
Buffers:            4192 kB
Cached:          1252324 kB
SwapCached:            0 kB
Active:          1120428 kB
Inactive:        1043892 kB
Active(anon):     912068 kB
Inactive(anon):    12952 kB
Active(file):     208360 kB
Inactive(file):  1030940 kB
Unevictable:        4112 kB
Mlocked:            4112 kB
SwapTotal:       1048572 kB
SwapFree:        1048572 kB
Dirty:              7380 kB
Writeback:             0 kB
AnonPages:        911668 kB
Mapped:           771296 kB
Shmem:             13972 kB
Slab:             178220 kB
SReclaimable:      45396 kB
SUnreclaim:       132824 kB
KernelStack:       36920 kB
PageTables:        46724 kB
NFS_Unstable:          0 kB
Bounce:                0 kB
WritebackTmp:          0 kB
CommitLimit:     7105828 kB
Committed_AS:   54954336 kB
VmallocTotal:   263061440 kB
VmallocUsed:       61764 kB
VmallocChunk:          0 kB
Percpu:             2272 kB
CmaTotal:         294912 kB
CmaFree:             128 kB
MemTotal:       12114512 kB
MemFree:         7468532 kB
MemAvailable:    9214452 kB
Buffers:            4192 kB
Cached:          1252340 kB
SwapCached:            0 kB
Active:          1119776 kB
Inactive:        1043904 kB
Active(anon):     911412 kB
Inactive(anon):    12968 kB
Active(file):     208364 kB
Inactive(file):  1030936 kB
Unevictable:        4112 kB
Mlocked:            4112 kB
SwapTotal:       1048572 kB
SwapFree:        1048572 kB
Dirty:              5728 kB
Writeback:             0 kB
AnonPages:        911268 kB
Mapped:           771212 kB
Shmem:             13988 kB
Slab:             178220 kB
SReclaimable:      45396 kB
SUnreclaim:       132824 kB
KernelStack:       36932 kB
PageTables:        46884 kB
NFS_Unstable:          0 kB
Bounce:                0 kB
WritebackTmp:          0 kB
CommitLimit:     7105828 kB
Committed_AS:   54949160 kB
VmallocTotal:   263061440 kB
VmallocUsed:       61764 kB
VmallocChunk:          0 kB
Percpu:             2272 kB
CmaTotal:         294912 kB
CmaFree:               0 kB
MemTotal:       12114512 kB
MemFree:         7469392 kB
MemAvailable:    9220324 kB
Buffers:            4192 kB
Cached:          1252372 kB
SwapCached:            0 kB
Active:          1119808 kB
Inactive:        1043936 kB
Active(anon):     911444 kB
Inactive(anon):    13000 kB
Active(file):     208364 kB
Inactive(file):  1030936 kB
Unevictable:        4112 kB
Mlocked:            4112 kB
SwapTotal:       1048572 kB
SwapFree:        1048572 kB
Dirty:              5768 kB
Writeback:             0 kB
AnonPages:        911628 kB
Mapped:           771400 kB
Shmem:             14020 kB
Slab:             178220 kB
SReclaimable:      45396 kB
SUnreclaim:       132824 kB
KernelStack:       36832 kB
PageTables:        46772 kB
NFS_Unstable:          0 kB
Bounce:                0 kB
WritebackTmp:          0 kB
CommitLimit:     7105828 kB
Committed_AS:   54948544 kB
VmallocTotal:   263061440 kB
VmallocUsed:       61636 kB
VmallocChunk:          0 kB
Percpu:             2272 kB
CmaTotal:         294912 kB
CmaFree:               0 kB
MemTotal:       12114512 kB
MemFree:         7468988 kB
MemAvailable:    9219920 kB
Buffers:            4192 kB
Cached:          1252396 kB
SwapCached:            0 kB
Active:          1120652 kB
Inactive:        1043960 kB
Active(anon):     912288 kB
Inactive(anon):    13024 kB
Active(file):     208364 kB
Inactive(file):  1030936 kB
Unevictable:        4112 kB
Mlocked:            4112 kB
SwapTotal:       1048572 kB
SwapFree:        1048572 kB
Dirty:              5516 kB
Writeback:             0 kB
AnonPages:        912120 kB
Mapped:           771388 kB
Shmem:             14044 kB
Slab:             178220 kB
SReclaimable:      45396 kB
SUnreclaim:       132824 kB
KernelStack:       36772 kB
PageTables:        46708 kB
NFS_Unstable:          0 kB
Bounce:                0 kB
WritebackTmp:          0 kB
CommitLimit:     7105828 kB
Committed_AS:   54948368 kB
VmallocTotal:   263061440 kB
VmallocUsed:       61588 kB
VmallocChunk:          0 kB
Percpu:             2272 kB
CmaTotal:         294912 kB
CmaFree:             128 kB
MemTotal:       12114512 kB
MemFree:         7469288 kB
MemAvailable:    9220220 kB
Buffers:            4192 kB
Cached:          1252416 kB
SwapCached:            0 kB
Active:          1121348 kB
Inactive:        1043980 kB
Active(anon):     912984 kB
Inactive(anon):    13044 kB
Active(file):     208364 kB
Inactive(file):  1030936 kB
Unevictable:        4112 kB
Mlocked:            4112 kB
SwapTotal:       1048572 kB
SwapFree:        1048572 kB
Dirty:              5668 kB
Writeback:             0 kB
AnonPages:        912592 kB
Mapped:           771440 kB
Shmem:             14064 kB
Slab:             178220 kB
SReclaimable:      45396 kB
SUnreclaim:       132824 kB
KernelStack:       36820 kB
PageTables:        46872 kB
NFS_Unstable:          0 kB
Bounce:                0 kB
WritebackTmp:          0 kB
CommitLimit:     7105828 kB
Committed_AS:   54945704 kB
VmallocTotal:   263061440 kB
VmallocUsed:       61604 kB
VmallocChunk:          0 kB
Percpu:             2272 kB
CmaTotal:         294912 kB
CmaFree:             128 kB
MemTotal:       12114512 kB
MemFree:         7468220 kB
MemAvailable:    9219152 kB
Buffers:            4192 kB
Cached:          1252432 kB
SwapCached:            0 kB
Active:          1120936 kB
Inactive:        1043996 kB
Active(anon):     912572 kB
Inactive(anon):    13060 kB
Active(file):     208364 kB
Inactive(file):  1030936 kB
Unevictable:        4112 kB
Mlocked:            4112 kB
SwapTotal:       1048572 kB
SwapFree:        1048572 kB
Dirty:              5668 kB
Writeback:             0 kB
AnonPages:        912360 kB
Mapped:           771368 kB
Shmem:             14080 kB
Slab:             178220 kB
SReclaimable:      45396 kB
SUnreclaim:       132824 kB
KernelStack:       36772 kB
PageTables:        46804 kB
NFS_Unstable:          0 kB
Bounce:                0 kB
WritebackTmp:          0 kB
CommitLimit:     7105828 kB
Committed_AS:   54948432 kB
VmallocTotal:   263061440 kB
VmallocUsed:       61636 kB
VmallocChunk:          0 kB
Percpu:             2272 kB
CmaTotal:         294912 kB
CmaFree:              44 kB
MemTotal:       12114512 kB
MemFree:         7468312 kB
MemAvailable:    9219256 kB
Buffers:            4192 kB
Cached:          1252472 kB
SwapCached:            0 kB
Active:          1121144 kB
Inactive:        1044036 kB
Active(anon):     912780 kB
Inactive(anon):    13088 kB
Active(file):     208364 kB
Inactive(file):  1030948 kB
Unevictable:        4112 kB
Mlocked:            4112 kB
SwapTotal:       1048572 kB
SwapFree:        1048572 kB
Dirty:               124 kB
Writeback:             0 kB
AnonPages:        912560 kB
Mapped:           771412 kB
Shmem:             14108 kB
Slab:             178220 kB
SReclaimable:      45396 kB
SUnreclaim:       132824 kB
KernelStack:       36792 kB
PageTables:        47020 kB
NFS_Unstable:          0 kB
Bounce:                0 kB
WritebackTmp:          0 kB
CommitLimit:     7105828 kB
Committed_AS:   54950624 kB
VmallocTotal:   263061440 kB
VmallocUsed:       61652 kB
VmallocChunk:          0 kB
Percpu:             2272 kB
CmaTotal:         294912 kB
CmaFree:             320 kB
MemTotal:       12114512 kB
MemFree:         7470840 kB
MemAvailable:    9221400 kB
Buffers:            4192 kB
Cached:          1252468 kB
SwapCached:            0 kB
Active:          1117328 kB
Inactive:        1044048 kB
Active(anon):     908960 kB
Inactive(anon):    13104 kB
Active(file):     208368 kB
Inactive(file):  1030944 kB
Unevictable:        4112 kB
Mlocked:            4112 kB
SwapTotal:       1048572 kB
SwapFree:        1048572 kB
Dirty:               156 kB
Writeback:             0 kB
AnonPages:        908808 kB
Mapped:           771248 kB
Shmem:             14104 kB
Slab:             178220 kB
SReclaimable:      45396 kB
SUnreclaim:       132824 kB
KernelStack:       36816 kB
PageTables:        46796 kB
NFS_Unstable:          0 kB
Bounce:                0 kB
WritebackTmp:          0 kB
CommitLimit:     7105828 kB
Committed_AS:   54959784 kB
VmallocTotal:   263061440 kB
VmallocUsed:       61636 kB
VmallocChunk:          0 kB
Percpu:             2272 kB
CmaTotal:         294912 kB
CmaFree:            1120 kB
MemTotal:       12114512 kB
MemFree:         7466660 kB
MemAvailable:    9200100 kB
Buffers:            4192 kB
Cached:          1252812 kB
SwapCached:            0 kB
Active:          1123196 kB
Inactive:        1044292 kB
Active(anon):     914800 kB
Inactive(anon):    13344 kB
Active(file):     208396 kB
Inactive(file):  1030948 kB
Unevictable:        4112 kB
Mlocked:            4112 kB
SwapTotal:       1048572 kB
SwapFree:        1048572 kB
Dirty:               224 kB
Writeback:             0 kB
AnonPages:        914716 kB
Mapped:           771724 kB
Shmem:             14416 kB
Slab:             178208 kB
SReclaimable:      45396 kB
SUnreclaim:       132812 kB
KernelStack:       36864 kB
PageTables:        46820 kB
NFS_Unstable:          0 kB
Bounce:                0 kB
WritebackTmp:          0 kB
CommitLimit:     7105828 kB
Committed_AS:   54949972 kB
VmallocTotal:   263061440 kB
VmallocUsed:       61684 kB
VmallocChunk:          0 kB
Percpu:             2272 kB
CmaTotal:         294912 kB
CmaFree:             136 kB
MemTotal:       12114512 kB
MemFree:         7464364 kB
MemAvailable:    9176656 kB
Buffers:            4200 kB
Cached:          1252976 kB
SwapCached:            0 kB
Active:          1124712 kB
Inactive:        1044436 kB
Active(anon):     916296 kB
Inactive(anon):    13488 kB
Active(file):     208416 kB
Inactive(file):  1030948 kB
Unevictable:        4112 kB
Mlocked:            4112 kB
SwapTotal:       1048572 kB
SwapFree:        1048572 kB
Dirty:               220 kB
Writeback:             0 kB
AnonPages:        916136 kB
Mapped:           771952 kB
Shmem:             14568 kB
Slab:             178216 kB
SReclaimable:      45396 kB
SUnreclaim:       132820 kB
KernelStack:       36896 kB
PageTables:        46880 kB
NFS_Unstable:          0 kB
Bounce:                0 kB
WritebackTmp:          0 kB
CommitLimit:     7105828 kB
Committed_AS:   54955424 kB
VmallocTotal:   263061440 kB
VmallocUsed:       61668 kB
VmallocChunk:          0 kB
Percpu:             2272 kB
CmaTotal:         294912 kB
CmaFree:             212 kB
MemTotal:       12114512 kB
MemFree:         7457740 kB
MemAvailable:    9207624 kB
Buffers:            4200 kB
Cached:          1253060 kB
SwapCached:            0 kB
Active:          1132216 kB
Inactive:        1044268 kB
Active(anon):     923556 kB
Inactive(anon):    13540 kB
Active(file):     208660 kB
Inactive(file):  1030728 kB
Unevictable:        4112 kB
Mlocked:            4112 kB
SwapTotal:       1048572 kB
SwapFree:        1048572 kB
Dirty:               292 kB
Writeback:             0 kB
AnonPages:        923716 kB
Mapped:           775816 kB
Shmem:             14628 kB
Slab:             178256 kB
SReclaimable:      45400 kB
SUnreclaim:       132856 kB
KernelStack:       37136 kB
PageTables:        47468 kB
NFS_Unstable:          0 kB
Bounce:                0 kB
WritebackTmp:          0 kB
CommitLimit:     7105828 kB
Committed_AS:   56342512 kB
VmallocTotal:   263061440 kB
VmallocUsed:       61976 kB
VmallocChunk:          0 kB
Percpu:             2272 kB
CmaTotal:         294912 kB
CmaFree:               0 kB
MemTotal:       12114512 kB
MemFree:         7466296 kB
MemAvailable:    9218700 kB
Buffers:            4200 kB
Cached:          1253276 kB
SwapCached:            0 kB
Active:          1123832 kB
Inactive:        1044476 kB
Active(anon):     915160 kB
Inactive(anon):    13772 kB
Active(file):     208672 kB
Inactive(file):  1030704 kB
Unevictable:        4112 kB
Mlocked:            4112 kB
SwapTotal:       1048572 kB
SwapFree:        1048572 kB
Dirty:               104 kB
Writeback:             0 kB
AnonPages:        914948 kB
Mapped:           778784 kB
Shmem:             14856 kB
Slab:             178268 kB
SReclaimable:      45396 kB
SUnreclaim:       132872 kB
KernelStack:       37392 kB
PageTables:        47600 kB
NFS_Unstable:          0 kB
Bounce:                0 kB
WritebackTmp:          0 kB
CommitLimit:     7105828 kB
Committed_AS:   56326468 kB
VmallocTotal:   263061440 kB
VmallocUsed:       62088 kB
VmallocChunk:          0 kB
Percpu:             2272 kB
CmaTotal:         294912 kB
CmaFree:               0 kB
MemTotal:       12114512 kB
MemFree:         7428152 kB
MemAvailable:    8605092 kB
Buffers:            4200 kB
Cached:          1253568 kB
SwapCached:            0 kB
Active:          1154296 kB
Inactive:        1044436 kB
Active(anon):     945288 kB
Inactive(anon):    14072 kB
Active(file):     209008 kB
Inactive(file):  1030364 kB
Unevictable:        4112 kB
Mlocked:            4112 kB
SwapTotal:       1048572 kB
SwapFree:        1048572 kB
Dirty:               196 kB
Writeback:             0 kB
AnonPages:        944896 kB
Mapped:           781724 kB
Shmem:             15152 kB
Slab:             178716 kB
SReclaimable:      45488 kB
SUnreclaim:       133228 kB
KernelStack:       38236 kB
PageTables:        49152 kB
NFS_Unstable:          0 kB
Bounce:                0 kB
WritebackTmp:          0 kB
CommitLimit:     7105828 kB
Committed_AS:   56576220 kB
VmallocTotal:   263061440 kB
VmallocUsed:       63144 kB
VmallocChunk:          0 kB
Percpu:             2272 kB
CmaTotal:         294912 kB
CmaFree:             288 kB
MemTotal:       12114512 kB
MemFree:         7431156 kB
MemAvailable:    8606868 kB
Buffers:            4200 kB
Cached:          1252764 kB
SwapCached:            0 kB
Active:          1154432 kB
Inactive:        1043940 kB
Active(anon):     945716 kB
Inactive(anon):    13560 kB
Active(file):     208716 kB
Inactive(file):  1030380 kB
Unevictable:        4112 kB
Mlocked:            4112 kB
SwapTotal:       1048572 kB
SwapFree:        1048572 kB
Dirty:               228 kB
Writeback:             0 kB
AnonPages:        945444 kB
Mapped:           781652 kB
Shmem:             14624 kB
Slab:             178744 kB
SReclaimable:      45492 kB
SUnreclaim:       133252 kB
KernelStack:       38224 kB
PageTables:        49520 kB
NFS_Unstable:          0 kB
Bounce:                0 kB
WritebackTmp:          0 kB
CommitLimit:     7105828 kB
Committed_AS:   56552424 kB
VmallocTotal:   263061440 kB
VmallocUsed:       63112 kB
VmallocChunk:          0 kB
Percpu:             2272 kB
CmaTotal:         294912 kB
CmaFree:             252 kB
MemTotal:       12114512 kB
MemFree:         7429436 kB
MemAvailable:    8658924 kB
Buffers:            4200 kB
Cached:          1252680 kB
SwapCached:            0 kB
Active:          1154532 kB
Inactive:        1043840 kB
Active(anon):     945816 kB
Inactive(anon):    13460 kB
Active(file):     208716 kB
Inactive(file):  1030380 kB
Unevictable:        4112 kB
Mlocked:            4112 kB
SwapTotal:       1048572 kB
SwapFree:        1048572 kB
Dirty:               244 kB
Writeback:             0 kB
AnonPages:        945328 kB
Mapped:           781752 kB
Shmem:             14540 kB
Slab:             178724 kB
SReclaimable:      45492 kB
SUnreclaim:       133232 kB
KernelStack:       38208 kB
PageTables:        49364 kB
NFS_Unstable:          0 kB
Bounce:                0 kB
WritebackTmp:          0 kB
CommitLimit:     7105828 kB
Committed_AS:   56548836 kB
VmallocTotal:   263061440 kB
VmallocUsed:       63176 kB
VmallocChunk:          0 kB
Percpu:             2272 kB
CmaTotal:         294912 kB
CmaFree:               0 kB
MemTotal:       12114512 kB
MemFree:         7428752 kB
MemAvailable:    8658232 kB
Buffers:            4200 kB
Cached:          1252656 kB
SwapCached:            0 kB
Active:          1155144 kB
Inactive:        1043820 kB
Active(anon):     946432 kB
Inactive(anon):    13444 kB
Active(file):     208712 kB
Inactive(file):  1030376 kB
Unevictable:        4112 kB
Mlocked:            4112 kB
SwapTotal:       1048572 kB
SwapFree:        1048572 kB
Dirty:               244 kB
Writeback:             0 kB
AnonPages:        946304 kB
Mapped:           781964 kB
Shmem:             14524 kB
Slab:             178712 kB
SReclaimable:      45492 kB
SUnreclaim:       133220 kB
KernelStack:       38128 kB
PageTables:        49364 kB
NFS_Unstable:          0 kB
Bounce:                0 kB
WritebackTmp:          0 kB
CommitLimit:     7105828 kB
Committed_AS:   56554568 kB
VmallocTotal:   263061440 kB
VmallocUsed:       63096 kB
VmallocChunk:          0 kB
Percpu:             2272 kB
CmaTotal:         294912 kB
CmaFree:               0 kB
MemTotal:       12114512 kB
MemFree:         7428216 kB
MemAvailable:    8657688 kB
Buffers:            4200 kB
Cached:          1252656 kB
SwapCached:            0 kB
Active:          1155768 kB
Inactive:        1043820 kB
Active(anon):     947056 kB
Inactive(anon):    13444 kB
Active(file):     208712 kB
Inactive(file):  1030376 kB
Unevictable:        4112 kB
Mlocked:            4112 kB
SwapTotal:       1048572 kB
SwapFree:        1048572 kB
Dirty:               132 kB
Writeback:             0 kB
AnonPages:        946776 kB
Mapped:           782224 kB
Shmem:             14524 kB
Slab:             178712 kB
SReclaimable:      45492 kB
SUnreclaim:       133220 kB
KernelStack:       38112 kB
PageTables:        49180 kB
NFS_Unstable:          0 kB
Bounce:                0 kB
WritebackTmp:          0 kB
CommitLimit:     7105828 kB
Committed_AS:   56553924 kB
VmallocTotal:   263061440 kB
VmallocUsed:       63112 kB
VmallocChunk:          0 kB
Percpu:             2272 kB
CmaTotal:         294912 kB
CmaFree:               0 kB
MemTotal:       12114512 kB
MemFree:         7430544 kB
MemAvailable:    8666960 kB
Buffers:            4200 kB
Cached:          1252516 kB
SwapCached:            0 kB
Active:          1152072 kB
Inactive:        1043804 kB
Active(anon):     943360 kB
Inactive(anon):    13428 kB
Active(file):     208712 kB
Inactive(file):  1030376 kB
Unevictable:        4112 kB
Mlocked:            4112 kB
SwapTotal:       1048572 kB
SwapFree:        1048572 kB
Dirty:               132 kB
Writeback:             0 kB
AnonPages:        943264 kB
Mapped:           781972 kB
Shmem:             14384 kB
Slab:             178712 kB
SReclaimable:      45492 kB
SUnreclaim:       133220 kB
KernelStack:       38048 kB
PageTables:        49236 kB
NFS_Unstable:          0 kB
Bounce:                0 kB
WritebackTmp:          0 kB
CommitLimit:     7105828 kB
Committed_AS:   56549964 kB
VmallocTotal:   263061440 kB
VmallocUsed:       63096 kB
VmallocChunk:          0 kB
Percpu:             2272 kB
CmaTotal:         294912 kB
CmaFree:             312 kB
MemTotal:       12114512 kB
MemFree:         7430244 kB
MemAvailable:    8666660 kB
Buffers:            4200 kB
Cached:          1252516 kB
SwapCached:            0 kB
Active:          1152956 kB
Inactive:        1043804 kB
Active(anon):     944244 kB
Inactive(anon):    13428 kB
Active(file):     208712 kB
Inactive(file):  1030376 kB
Unevictable:        4112 kB
Mlocked:            4112 kB
SwapTotal:       1048572 kB
SwapFree:        1048572 kB
Dirty:               140 kB
Writeback:             0 kB
AnonPages:        944472 kB
Mapped:           781960 kB
Shmem:             14384 kB
Slab:             178712 kB
SReclaimable:      45492 kB
SUnreclaim:       133220 kB
KernelStack:       38064 kB
PageTables:        49360 kB
NFS_Unstable:          0 kB
Bounce:                0 kB
WritebackTmp:          0 kB
CommitLimit:     7105828 kB
Committed_AS:   56554504 kB
VmallocTotal:   263061440 kB
VmallocUsed:       63096 kB
VmallocChunk:          0 kB
Percpu:             2272 kB
CmaTotal:         294912 kB
CmaFree:               8 kB
MemTotal:       12114512 kB
MemFree:         7435824 kB
MemAvailable:    8672240 kB
Buffers:            4200 kB
Cached:          1252516 kB
SwapCached:            0 kB
Active:          1147280 kB
Inactive:        1043804 kB
Active(anon):     938568 kB
Inactive(anon):    13428 kB
Active(file):     208712 kB
Inactive(file):  1030376 kB
Unevictable:        4112 kB
Mlocked:            4112 kB
SwapTotal:       1048572 kB
SwapFree:        1048572 kB
Dirty:               148 kB
Writeback:             8 kB
AnonPages:        938348 kB
Mapped:           781880 kB
Shmem:             14384 kB
Slab:             178712 kB
SReclaimable:      45492 kB
SUnreclaim:       133220 kB
KernelStack:       38080 kB
PageTables:        49416 kB
NFS_Unstable:          0 kB
Bounce:                0 kB
WritebackTmp:          0 kB
CommitLimit:     7105828 kB
Committed_AS:   56546192 kB
VmallocTotal:   263061440 kB
VmallocUsed:       63096 kB
VmallocChunk:          0 kB
Percpu:             2272 kB
CmaTotal:         294912 kB
CmaFree:               0 kB
MemTotal:       12114512 kB
MemFree:         7435128 kB
MemAvailable:    8671544 kB
Buffers:            4200 kB
Cached:          1252516 kB
SwapCached:            0 kB
Active:          1148060 kB
Inactive:        1043804 kB
Active(anon):     939348 kB
Inactive(anon):    13428 kB
Active(file):     208712 kB
Inactive(file):  1030376 kB
Unevictable:        4112 kB
Mlocked:            4112 kB
SwapTotal:       1048572 kB
SwapFree:        1048572 kB
Dirty:               152 kB
Writeback:             0 kB
AnonPages:        939388 kB
Mapped:           782052 kB
Shmem:             14384 kB
Slab:             178712 kB
SReclaimable:      45492 kB
SUnreclaim:       133220 kB
KernelStack:       38032 kB
PageTables:        49304 kB
NFS_Unstable:          0 kB
Bounce:                0 kB
WritebackTmp:          0 kB
CommitLimit:     7105828 kB
Committed_AS:   56552124 kB
VmallocTotal:   263061440 kB
VmallocUsed:       63112 kB
VmallocChunk:          0 kB
Percpu:             2272 kB
CmaTotal:         294912 kB
CmaFree:               0 kB
MemTotal:       12114512 kB
MemFree:         7432672 kB
MemAvailable:    8663488 kB
Buffers:            4200 kB
Cached:          1247176 kB
SwapCached:            0 kB
Active:          1157660 kB
Inactive:        1038340 kB
Active(anon):     948952 kB
Inactive(anon):    13428 kB
Active(file):     208708 kB
Inactive(file):  1024912 kB
Unevictable:        4112 kB
Mlocked:            4112 kB
SwapTotal:       1048572 kB
SwapFree:        1048572 kB
Dirty:               264 kB
Writeback:             0 kB
AnonPages:        948996 kB
Mapped:           781880 kB
Shmem:             14384 kB
Slab:             178484 kB
SReclaimable:      45232 kB
SUnreclaim:       133252 kB
KernelStack:       38080 kB
PageTables:        49416 kB
NFS_Unstable:          0 kB
Bounce:                0 kB
WritebackTmp:          0 kB
CommitLimit:     7105828 kB
Committed_AS:   56546760 kB
VmallocTotal:   263061440 kB
VmallocUsed:       63064 kB
VmallocChunk:          0 kB
Percpu:             2272 kB
CmaTotal:         294912 kB
CmaFree:               0 kB
MemTotal:       12114512 kB
MemFree:         7425808 kB
MemAvailable:    8662380 kB
Buffers:            4200 kB
Cached:          1252664 kB
SwapCached:            0 kB
Active:          1157236 kB
Inactive:        1043952 kB
Active(anon):     948524 kB
Inactive(anon):    13428 kB
Active(file):     208712 kB
Inactive(file):  1030524 kB
Unevictable:        4112 kB
Mlocked:            4112 kB
SwapTotal:       1048572 kB
SwapFree:        1048572 kB
Dirty:              6084 kB
Writeback:             0 kB
AnonPages:        948284 kB
Mapped:           781644 kB
Shmem:             14384 kB
Slab:             178728 kB
SReclaimable:      45508 kB
SUnreclaim:       133220 kB
KernelStack:       38148 kB
PageTables:        49492 kB
NFS_Unstable:          0 kB
Bounce:                0 kB
WritebackTmp:          0 kB
CommitLimit:     7105828 kB
Committed_AS:   56541476 kB
VmallocTotal:   263061440 kB
VmallocUsed:       63048 kB
VmallocChunk:          0 kB
Percpu:             2272 kB
CmaTotal:         294912 kB
CmaFree:              32 kB
MemTotal:       12114512 kB
MemFree:         7426216 kB
MemAvailable:    8662788 kB
Buffers:            4200 kB
Cached:          1252664 kB
SwapCached:            0 kB
Active:          1157256 kB
Inactive:        1043952 kB
Active(anon):     948544 kB
Inactive(anon):    13428 kB
Active(file):     208712 kB
Inactive(file):  1030524 kB
Unevictable:        4112 kB
Mlocked:            4112 kB
SwapTotal:       1048572 kB
SwapFree:        1048572 kB
Dirty:              6156 kB
Writeback:             0 kB
AnonPages:        948760 kB
Mapped:           781880 kB
Shmem:             14384 kB
Slab:             178672 kB
SReclaimable:      45508 kB
SUnreclaim:       133164 kB
KernelStack:       38080 kB
PageTables:        49300 kB
NFS_Unstable:          0 kB
Bounce:                0 kB
WritebackTmp:          0 kB
CommitLimit:     7105828 kB
Committed_AS:   56541980 kB
VmallocTotal:   263061440 kB
VmallocUsed:       63096 kB
VmallocChunk:          0 kB
Percpu:             2272 kB
CmaTotal:         294912 kB
CmaFree:              12 kB
MemTotal:       12114512 kB
MemFree:         7424204 kB
MemAvailable:    8660780 kB
Buffers:            4200 kB
Cached:          1252668 kB
SwapCached:            0 kB
Active:          1158208 kB
Inactive:        1043956 kB
Active(anon):     949496 kB
Inactive(anon):    13428 kB
Active(file):     208712 kB
Inactive(file):  1030528 kB
Unevictable:        4112 kB
Mlocked:            4112 kB
SwapTotal:       1048572 kB
SwapFree:        1048572 kB
Dirty:              6256 kB
Writeback:             0 kB
AnonPages:        949332 kB
Mapped:           782076 kB
Shmem:             14384 kB
Slab:             178720 kB
SReclaimable:      45508 kB
SUnreclaim:       133212 kB
KernelStack:       38100 kB
PageTables:        49192 kB
NFS_Unstable:          0 kB
Bounce:                0 kB
WritebackTmp:          0 kB
CommitLimit:     7105828 kB
Committed_AS:   56547040 kB
VmallocTotal:   263061440 kB
VmallocUsed:       63144 kB
VmallocChunk:          0 kB
Percpu:             2272 kB
CmaTotal:         294912 kB
CmaFree:               4 kB
MemTotal:       12114512 kB
MemFree:         7427272 kB
MemAvailable:    8663848 kB
Buffers:            4200 kB
Cached:          1252668 kB
SwapCached:            0 kB
Active:          1154104 kB
Inactive:        1043956 kB
Active(anon):     945392 kB
Inactive(anon):    13428 kB
Active(file):     208712 kB
Inactive(file):  1030528 kB
Unevictable:        4112 kB
Mlocked:            4112 kB
SwapTotal:       1048572 kB
SwapFree:        1048572 kB
Dirty:              6256 kB
Writeback:             0 kB
AnonPages:        945664 kB
Mapped:           781912 kB
Shmem:             14384 kB
Slab:             178728 kB
SReclaimable:      45508 kB
SUnreclaim:       133220 kB
KernelStack:       38096 kB
PageTables:        49304 kB
NFS_Unstable:          0 kB
Bounce:                0 kB
WritebackTmp:          0 kB
CommitLimit:     7105828 kB
Committed_AS:   56544988 kB
VmallocTotal:   263061440 kB
VmallocUsed:       63160 kB
VmallocChunk:          0 kB
Percpu:             2272 kB
CmaTotal:         294912 kB
CmaFree:             244 kB
MemTotal:       12114512 kB
MemFree:         7427944 kB
MemAvailable:    8664524 kB
Buffers:            4204 kB
Cached:          1252668 kB
SwapCached:            0 kB
Active:          1153860 kB
Inactive:        1043960 kB
Active(anon):     945148 kB
Inactive(anon):    13428 kB
Active(file):     208712 kB
Inactive(file):  1030532 kB
Unevictable:        4112 kB
Mlocked:            4112 kB
SwapTotal:       1048572 kB
SwapFree:        1048572 kB
Dirty:               400 kB
Writeback:          3380 kB
AnonPages:        945212 kB
Mapped:           781952 kB
Shmem:             14384 kB
Slab:             178772 kB
SReclaimable:      45508 kB
SUnreclaim:       133264 kB
KernelStack:       38144 kB
PageTables:        49292 kB
NFS_Unstable:          0 kB
Bounce:                0 kB
WritebackTmp:          0 kB
CommitLimit:     7105828 kB
Committed_AS:   56544344 kB
VmallocTotal:   263061440 kB
VmallocUsed:       63144 kB
VmallocChunk:          0 kB
Percpu:             2272 kB
CmaTotal:         294912 kB
CmaFree:               0 kB
MemTotal:       12114512 kB
MemFree:         7422672 kB
MemAvailable:    8659296 kB
Buffers:            4204 kB
Cached:          1252712 kB
SwapCached:            0 kB
Active:          1160024 kB
Inactive:        1044200 kB
Active(anon):     951308 kB
Inactive(anon):    13628 kB
Active(file):     208716 kB
Inactive(file):  1030572 kB
Unevictable:        4112 kB
Mlocked:            4112 kB
SwapTotal:       1048572 kB
SwapFree:        1048572 kB
Dirty:               188 kB
Writeback:             0 kB
AnonPages:        951296 kB
Mapped:           782192 kB
Shmem:             14384 kB
Slab:             178744 kB
SReclaimable:      45512 kB
SUnreclaim:       133232 kB
KernelStack:       38116 kB
PageTables:        49144 kB
NFS_Unstable:          0 kB
Bounce:                0 kB
WritebackTmp:          0 kB
CommitLimit:     7105828 kB
Committed_AS:   56562872 kB
VmallocTotal:   263061440 kB
VmallocUsed:       63128 kB
VmallocChunk:          0 kB
Percpu:             2272 kB
CmaTotal:         294912 kB
CmaFree:             156 kB
MemTotal:       12114512 kB
MemFree:         7423532 kB
MemAvailable:    8660156 kB
Buffers:            4204 kB
Cached:          1252712 kB
SwapCached:            0 kB
Active:          1159376 kB
Inactive:        1044000 kB
Active(anon):     950660 kB
Inactive(anon):    13428 kB
Active(file):     208716 kB
Inactive(file):  1030572 kB
Unevictable:        4112 kB
Mlocked:            4112 kB
SwapTotal:       1048572 kB
SwapFree:        1048572 kB
Dirty:               188 kB
Writeback:             0 kB
AnonPages:        950808 kB
Mapped:           781916 kB
Shmem:             14384 kB
Slab:             178688 kB
SReclaimable:      45512 kB
SUnreclaim:       133176 kB
KernelStack:       38112 kB
PageTables:        49236 kB
NFS_Unstable:          0 kB
Bounce:                0 kB
WritebackTmp:          0 kB
CommitLimit:     7105828 kB
Committed_AS:   56553380 kB
VmallocTotal:   263061440 kB
VmallocUsed:       63144 kB
VmallocChunk:          0 kB
Percpu:             2272 kB
CmaTotal:         294912 kB
CmaFree:             128 kB
MemTotal:       12114512 kB
MemFree:         7422084 kB
MemAvailable:    8658700 kB
Buffers:            4204 kB
Cached:          1252868 kB
SwapCached:            0 kB
Active:          1159856 kB
Inactive:        1044032 kB
Active(anon):     951140 kB
Inactive(anon):    13428 kB
Active(file):     208716 kB
Inactive(file):  1030604 kB
Unevictable:        4112 kB
Mlocked:            4112 kB
SwapTotal:       1048572 kB
SwapFree:        1048572 kB
Dirty:              5952 kB
Writeback:             0 kB
AnonPages:        950996 kB
Mapped:           781908 kB
Shmem:             14384 kB
Slab:             178708 kB
SReclaimable:      45428 kB
SUnreclaim:       133280 kB
KernelStack:       38144 kB
PageTables:        49236 kB
NFS_Unstable:          0 kB
Bounce:                0 kB
WritebackTmp:          0 kB
CommitLimit:     7105828 kB
Committed_AS:   56553028 kB
VmallocTotal:   263061440 kB
VmallocUsed:       63144 kB
VmallocChunk:          0 kB
Percpu:             2272 kB
CmaTotal:         294912 kB
CmaFree:             356 kB
MemTotal:       12114512 kB
MemFree:         7422688 kB
MemAvailable:    8659436 kB
Buffers:            4204 kB
Cached:          1252832 kB
SwapCached:            0 kB
Active:          1159744 kB
Inactive:        1044120 kB
Active(anon):     951028 kB
Inactive(anon):    13428 kB
Active(file):     208716 kB
Inactive(file):  1030692 kB
Unevictable:        4112 kB
Mlocked:            4112 kB
SwapTotal:       1048572 kB
SwapFree:        1048572 kB
Dirty:              6040 kB
Writeback:             0 kB
AnonPages:        950736 kB
Mapped:           781980 kB
Shmem:             14384 kB
Slab:             178752 kB
SReclaimable:      45520 kB
SUnreclaim:       133232 kB
KernelStack:       38128 kB
PageTables:        49292 kB
NFS_Unstable:          0 kB
Bounce:                0 kB
WritebackTmp:          0 kB
CommitLimit:     7105828 kB
Committed_AS:   56559608 kB
VmallocTotal:   263061440 kB
VmallocUsed:       63112 kB
VmallocChunk:          0 kB
Percpu:             2272 kB
CmaTotal:         294912 kB
CmaFree:               0 kB
MemTotal:       12114512 kB
MemFree:         7423112 kB
MemAvailable:    8659868 kB
Buffers:            4204 kB
Cached:          1252840 kB
SwapCached:            0 kB
Active:          1159672 kB
Inactive:        1044124 kB
Active(anon):     950952 kB
Inactive(anon):    13428 kB
Active(file):     208720 kB
Inactive(file):  1030696 kB
Unevictable:        4112 kB
Mlocked:            4112 kB
SwapTotal:       1048572 kB
SwapFree:        1048572 kB
Dirty:              6004 kB
Writeback:            12 kB
AnonPages:        950828 kB
Mapped:           782088 kB
Shmem:             14384 kB
Slab:             178768 kB
SReclaimable:      45520 kB
SUnreclaim:       133248 kB
KernelStack:       38160 kB
PageTables:        49276 kB
NFS_Unstable:          0 kB
Bounce:                0 kB
WritebackTmp:          0 kB
CommitLimit:     7105828 kB
Committed_AS:   56553656 kB
VmallocTotal:   263061440 kB
VmallocUsed:       63128 kB
VmallocChunk:          0 kB
Percpu:             2272 kB
CmaTotal:         294912 kB
CmaFree:               0 kB
MemTotal:       12114512 kB
MemFree:         7422228 kB
MemAvailable:    8659020 kB
Buffers:            4208 kB
Cached:          1252872 kB
SwapCached:            0 kB
Active:          1160216 kB
Inactive:        1044160 kB
Active(anon):     951496 kB
Inactive(anon):    13428 kB
Active(file):     208720 kB
Inactive(file):  1030732 kB
Unevictable:        4112 kB
Mlocked:            4112 kB
SwapTotal:       1048572 kB
SwapFree:        1048572 kB
Dirty:               316 kB
Writeback:             0 kB
AnonPages:        951464 kB
Mapped:           782148 kB
Shmem:             14384 kB
Slab:             178784 kB
SReclaimable:      45520 kB
SUnreclaim:       133264 kB
KernelStack:       38116 kB
PageTables:        49192 kB
NFS_Unstable:          0 kB
Bounce:                0 kB
WritebackTmp:          0 kB
CommitLimit:     7105828 kB
Committed_AS:   56561400 kB
VmallocTotal:   263061440 kB
VmallocUsed:       63112 kB
VmallocChunk:          0 kB
Percpu:             2272 kB
CmaTotal:         294912 kB
CmaFree:               0 kB
MemTotal:       12114512 kB
MemFree:         7421572 kB
MemAvailable:    8658368 kB
Buffers:            4208 kB
Cached:          1252876 kB
SwapCached:            0 kB
Active:          1160512 kB
Inactive:        1044164 kB
Active(anon):     951792 kB
Inactive(anon):    13428 kB
Active(file):     208720 kB
Inactive(file):  1030736 kB
Unevictable:        4112 kB
Mlocked:            4112 kB
SwapTotal:       1048572 kB
SwapFree:        1048572 kB
Dirty:               212 kB
Writeback:             4 kB
AnonPages:        951684 kB
Mapped:           782152 kB
Shmem:             14384 kB
Slab:             178768 kB
SReclaimable:      45520 kB
SUnreclaim:       133248 kB
KernelStack:       38132 kB
PageTables:        49192 kB
NFS_Unstable:          0 kB
Bounce:                0 kB
WritebackTmp:          0 kB
CommitLimit:     7105828 kB
Committed_AS:   56558392 kB
VmallocTotal:   263061440 kB
VmallocUsed:       63144 kB
VmallocChunk:          0 kB
Percpu:             2272 kB
CmaTotal:         294912 kB
CmaFree:             256 kB
MemTotal:       12114512 kB
MemFree:         7422192 kB
MemAvailable:    8658988 kB
Buffers:            4208 kB
Cached:          1252876 kB
SwapCached:            0 kB
Active:          1160632 kB
Inactive:        1044164 kB
Active(anon):     951912 kB
Inactive(anon):    13428 kB
Active(file):     208720 kB
Inactive(file):  1030736 kB
Unevictable:        4112 kB
Mlocked:            4112 kB
SwapTotal:       1048572 kB
SwapFree:        1048572 kB
Dirty:               212 kB
Writeback:             0 kB
AnonPages:        952008 kB
Mapped:           781916 kB
Shmem:             14384 kB
Slab:             178784 kB
SReclaimable:      45520 kB
SUnreclaim:       133264 kB
KernelStack:       38064 kB
PageTables:        49236 kB
NFS_Unstable:          0 kB
Bounce:                0 kB
WritebackTmp:          0 kB
CommitLimit:     7105828 kB
Committed_AS:   56558228 kB
VmallocTotal:   263061440 kB
VmallocUsed:       63112 kB
VmallocChunk:          0 kB
Percpu:             2272 kB
CmaTotal:         294912 kB
CmaFree:               0 kB
MemTotal:       12114512 kB
MemFree:         7421452 kB
MemAvailable:    8658248 kB
Buffers:            4208 kB
Cached:          1252876 kB
SwapCached:            0 kB
Active:          1160528 kB
Inactive:        1044164 kB
Active(anon):     951808 kB
Inactive(anon):    13428 kB
Active(file):     208720 kB
Inactive(file):  1030736 kB
Unevictable:        4112 kB
Mlocked:            4112 kB
SwapTotal:       1048572 kB
SwapFree:        1048572 kB
Dirty:               212 kB
Writeback:             0 kB
AnonPages:        951728 kB
Mapped:           781912 kB
Shmem:             14384 kB
Slab:             178816 kB
SReclaimable:      45520 kB
SUnreclaim:       133296 kB
KernelStack:       38080 kB
PageTables:        49232 kB
NFS_Unstable:          0 kB
Bounce:                0 kB
WritebackTmp:          0 kB
CommitLimit:     7105828 kB
Committed_AS:   56548924 kB
VmallocTotal:   263061440 kB
VmallocUsed:       63096 kB
VmallocChunk:          0 kB
Percpu:             2272 kB
CmaTotal:         294912 kB
CmaFree:             116 kB
MemTotal:       12114512 kB
MemFree:         7422152 kB
MemAvailable:    8658948 kB
Buffers:            4208 kB
Cached:          1252876 kB
SwapCached:            0 kB
Active:          1161132 kB
Inactive:        1044164 kB
Active(anon):     952412 kB
Inactive(anon):    13428 kB
Active(file):     208720 kB
Inactive(file):  1030736 kB
Unevictable:        4112 kB
Mlocked:            4112 kB
SwapTotal:       1048572 kB
SwapFree:        1048572 kB
Dirty:               192 kB
Writeback:             0 kB
AnonPages:        952568 kB
Mapped:           781916 kB
Shmem:             14384 kB
Slab:             178832 kB
SReclaimable:      45520 kB
SUnreclaim:       133312 kB
KernelStack:       38064 kB
PageTables:        49236 kB
NFS_Unstable:          0 kB
Bounce:                0 kB
WritebackTmp:          0 kB
CommitLimit:     7105828 kB
Committed_AS:   56543836 kB
VmallocTotal:   263061440 kB
VmallocUsed:       63064 kB
VmallocChunk:          0 kB
Percpu:             2272 kB
CmaTotal:         294912 kB
CmaFree:               0 kB
MemTotal:       12114512 kB
MemFree:         7421420 kB
MemAvailable:    8658236 kB
Buffers:            4212 kB
Cached:          1252892 kB
SwapCached:            0 kB
Active:          1161128 kB
Inactive:        1044176 kB
Active(anon):     952400 kB
Inactive(anon):    13428 kB
Active(file):     208728 kB
Inactive(file):  1030748 kB
Unevictable:        4112 kB
Mlocked:            4112 kB
SwapTotal:       1048572 kB
SwapFree:        1048572 kB
Dirty:               176 kB
Writeback:            12 kB
AnonPages:        952164 kB
Mapped:           782092 kB
Shmem:             14384 kB
Slab:             178816 kB
SReclaimable:      45520 kB
SUnreclaim:       133296 kB
KernelStack:       38032 kB
PageTables:        49196 kB
NFS_Unstable:          0 kB
Bounce:                0 kB
WritebackTmp:          0 kB
CommitLimit:     7105828 kB
Committed_AS:   56549444 kB
VmallocTotal:   263061440 kB
VmallocUsed:       63064 kB
VmallocChunk:          0 kB
Percpu:             2272 kB
CmaTotal:         294912 kB
CmaFree:               0 kB
MemTotal:       12114512 kB
MemFree:         7432972 kB
MemAvailable:    8669772 kB
Buffers:            4212 kB
Cached:          1252876 kB
SwapCached:            0 kB
Active:          1148344 kB
Inactive:        1044168 kB
Active(anon):     939624 kB
Inactive(anon):    13428 kB
Active(file):     208720 kB
Inactive(file):  1030740 kB
Unevictable:        4112 kB
Mlocked:            4112 kB
SwapTotal:       1048572 kB
SwapFree:        1048572 kB
Dirty:               220 kB
Writeback:             0 kB
AnonPages:        939640 kB
Mapped:           781720 kB
Shmem:             14384 kB
Slab:             178808 kB
SReclaimable:      45520 kB
SUnreclaim:       133288 kB
KernelStack:       38096 kB
PageTables:        49380 kB
NFS_Unstable:          0 kB
Bounce:                0 kB
WritebackTmp:          0 kB
CommitLimit:     7105828 kB
Committed_AS:   56549064 kB
VmallocTotal:   263061440 kB
VmallocUsed:       63080 kB
VmallocChunk:          0 kB
Percpu:             2272 kB
CmaTotal:         294912 kB
CmaFree:               0 kB
MemTotal:       12114512 kB
MemFree:         7426052 kB
MemAvailable:    8658052 kB
Buffers:            4212 kB
Cached:          1248328 kB
SwapCached:            0 kB
Active:          1161608 kB
Inactive:        1039492 kB
Active(anon):     952884 kB
Inactive(anon):    13428 kB
Active(file):     208724 kB
Inactive(file):  1026064 kB
Unevictable:        4112 kB
Mlocked:            4112 kB
SwapTotal:       1048572 kB
SwapFree:        1048572 kB
Dirty:              1532 kB
Writeback:            16 kB
AnonPages:        952796 kB
Mapped:           781928 kB
Shmem:             14384 kB
Slab:             178532 kB
SReclaimable:      45260 kB
SUnreclaim:       133272 kB
KernelStack:       38080 kB
PageTables:        49432 kB
NFS_Unstable:          0 kB
Bounce:                0 kB
WritebackTmp:          0 kB
CommitLimit:     7105828 kB
Committed_AS:   56550056 kB
VmallocTotal:   263061440 kB
VmallocUsed:       63032 kB
VmallocChunk:          0 kB
Percpu:             2272 kB
CmaTotal:         294912 kB
CmaFree:               0 kB
MemTotal:       12114512 kB
MemFree:         7420884 kB
MemAvailable:    8657488 kB
Buffers:            4212 kB
Cached:          1253196 kB
SwapCached:            0 kB
Active:          1162496 kB
Inactive:        1044268 kB
Active(anon):     953784 kB
Inactive(anon):    13568 kB
Active(file):     208712 kB
Inactive(file):  1030700 kB
Unevictable:        4112 kB
Mlocked:            4112 kB
SwapTotal:       1048572 kB
SwapFree:        1048572 kB
Dirty:              6096 kB
Writeback:             0 kB
AnonPages:        953620 kB
Mapped:           782272 kB
Shmem:             14492 kB
Slab:             178792 kB
SReclaimable:      45536 kB
SUnreclaim:       133256 kB
KernelStack:       38124 kB
PageTables:        49244 kB
NFS_Unstable:          0 kB
Bounce:                0 kB
WritebackTmp:          0 kB
CommitLimit:     7105828 kB
Committed_AS:   56564232 kB
VmallocTotal:   263061440 kB
VmallocUsed:       63048 kB
VmallocChunk:          0 kB
Percpu:             2272 kB
CmaTotal:         294912 kB
CmaFree:               0 kB
MemTotal:       12114512 kB
MemFree:         7422620 kB
MemAvailable:    8640764 kB
Buffers:            4212 kB
Cached:          1253148 kB
SwapCached:            0 kB
Active:          1161332 kB
Inactive:        1044416 kB
Active(anon):     952612 kB
Inactive(anon):    13696 kB
Active(file):     208720 kB
Inactive(file):  1030720 kB
Unevictable:        4112 kB
Mlocked:            4112 kB
SwapTotal:       1048572 kB
SwapFree:        1048572 kB
Dirty:              5988 kB
Writeback:             0 kB
AnonPages:        952528 kB
Mapped:           782532 kB
Shmem:             14676 kB
Slab:             178824 kB
SReclaimable:      45552 kB
SUnreclaim:       133272 kB
KernelStack:       38176 kB
PageTables:        49600 kB
NFS_Unstable:          0 kB
Bounce:                0 kB
WritebackTmp:          0 kB
CommitLimit:     7105828 kB
Committed_AS:   56560692 kB
VmallocTotal:   263061440 kB
VmallocUsed:       63048 kB
VmallocChunk:          0 kB
Percpu:             2272 kB
CmaTotal:         294912 kB
CmaFree:               0 kB
MemTotal:       12114512 kB
MemFree:         7427192 kB
MemAvailable:    8639040 kB
Buffers:            4212 kB
Cached:          1247468 kB
SwapCached:            0 kB
Active:          1161472 kB
Inactive:        1038736 kB
Active(anon):     952752 kB
Inactive(anon):    13696 kB
Active(file):     208720 kB
Inactive(file):  1025040 kB
Unevictable:        4112 kB
Mlocked:            4112 kB
SwapTotal:       1048572 kB
SwapFree:        1048572 kB
Dirty:              6092 kB
Writeback:            64 kB
AnonPages:        952464 kB
Mapped:           782652 kB
Shmem:             14676 kB
Slab:             178376 kB
SReclaimable:      45104 kB
SUnreclaim:       133272 kB
KernelStack:       38096 kB
PageTables:        49224 kB
NFS_Unstable:          0 kB
Bounce:                0 kB
WritebackTmp:          0 kB
CommitLimit:     7105828 kB
Committed_AS:   56559148 kB
VmallocTotal:   263061440 kB
VmallocUsed:       63096 kB
VmallocChunk:          0 kB
Percpu:             2272 kB
CmaTotal:         294912 kB
CmaFree:               0 kB
MemTotal:       12114512 kB
MemFree:         7419432 kB
MemAvailable:    8636956 kB
Buffers:            4212 kB
Cached:          1253216 kB
SwapCached:            0 kB
Active:          1164968 kB
Inactive:        1044228 kB
Active(anon):     956248 kB
Inactive(anon):    13696 kB
Active(file):     208720 kB
Inactive(file):  1030532 kB
Unevictable:        4112 kB
Mlocked:            4112 kB
SwapTotal:       1048572 kB
SwapFree:        1048572 kB
Dirty:             11608 kB
Writeback:             0 kB
AnonPages:        955940 kB
Mapped:           782876 kB
Shmem:             14676 kB
Slab:             178744 kB
SReclaimable:      45472 kB
SUnreclaim:       133272 kB
KernelStack:       38160 kB
PageTables:        49528 kB
NFS_Unstable:          0 kB
Bounce:                0 kB
WritebackTmp:          0 kB
CommitLimit:     7105828 kB
Committed_AS:   56558972 kB
VmallocTotal:   263061440 kB
VmallocUsed:       63080 kB
VmallocChunk:          0 kB
Percpu:             2272 kB
CmaTotal:         294912 kB
CmaFree:               0 kB
MemTotal:       12114512 kB
MemFree:         7421908 kB
MemAvailable:    8639456 kB
Buffers:            4212 kB
Cached:          1252944 kB
SwapCached:            0 kB
Active:          1161276 kB
Inactive:        1044208 kB
Active(anon):     952556 kB
Inactive(anon):    13696 kB
Active(file):     208720 kB
Inactive(file):  1030512 kB
Unevictable:        4112 kB
Mlocked:            4112 kB
SwapTotal:       1048572 kB
SwapFree:        1048572 kB
