MemTotal:       12114512 kB
MemFree:         3740264 kB
MemAvailable:    8688328 kB
Buffers:            4528 kB
Cached:          3692156 kB
SwapCached:            0 kB
Active:          1734284 kB
Inactive:        3170844 kB
Active(anon):    1212900 kB
Inactive(anon):    15448 kB
Active(file):     521384 kB
Inactive(file):  3155396 kB
Unevictable:        4104 kB
Mlocked:            4104 kB
SwapTotal:       1048572 kB
SwapFree:        1048572 kB
Dirty:               108 kB
Writeback:             0 kB
AnonPages:       1213124 kB
Mapped:           813916 kB
Shmem:             16664 kB
Slab:             187240 kB
SReclaimable:      52352 kB
SUnreclaim:       134888 kB
KernelStack:       37168 kB
PageTables:        47464 kB
NFS_Unstable:          0 kB
Bounce:                0 kB
WritebackTmp:          0 kB
CommitLimit:     7105828 kB
Committed_AS:   54136476 kB
VmallocTotal:   263061440 kB
VmallocUsed:       62192 kB
VmallocChunk:          0 kB
Percpu:             2336 kB
CmaTotal:         294912 kB
CmaFree:               0 kB
MemTotal:       12114512 kB
MemFree:         3741052 kB
MemAvailable:    8689116 kB
Buffers:            4528 kB
Cached:          3692172 kB
SwapCached:            0 kB
Active:          1733372 kB
Inactive:        3170860 kB
Active(anon):    1211988 kB
Inactive(anon):    15464 kB
Active(file):     521384 kB
Inactive(file):  3155396 kB
Unevictable:        4104 kB
Mlocked:            4104 kB
SwapTotal:       1048572 kB
SwapFree:        1048572 kB
Dirty:               132 kB
Writeback:            44 kB
AnonPages:       1212016 kB
Mapped:           813932 kB
Shmem:             16680 kB
Slab:             187228 kB
SReclaimable:      52352 kB
SUnreclaim:       134876 kB
KernelStack:       37168 kB
PageTables:        47464 kB
NFS_Unstable:          0 kB
Bounce:                0 kB
WritebackTmp:          0 kB
CommitLimit:     7105828 kB
Committed_AS:   54136852 kB
VmallocTotal:   263061440 kB
VmallocUsed:       62240 kB
VmallocChunk:          0 kB
Percpu:             2336 kB
CmaTotal:         294912 kB
CmaFree:               0 kB
MemTotal:       12114512 kB
MemFree:         3743312 kB
MemAvailable:    8691080 kB
Buffers:            4528 kB
Cached:          3691568 kB
SwapCached:            0 kB
Active:          1732552 kB
Inactive:        3170552 kB
Active(anon):    1211464 kB
Inactive(anon):    15156 kB
Active(file):     521088 kB
Inactive(file):  3155396 kB
Unevictable:        4104 kB
Mlocked:            4104 kB
SwapTotal:       1048572 kB
SwapFree:        1048572 kB
Dirty:                64 kB
Writeback:            84 kB
AnonPages:       1211260 kB
Mapped:           813624 kB
Shmem:             16372 kB
Slab:             187232 kB
SReclaimable:      52352 kB
SUnreclaim:       134880 kB
KernelStack:       37136 kB
PageTables:        47464 kB
NFS_Unstable:          0 kB
Bounce:                0 kB
WritebackTmp:          0 kB
CommitLimit:     7105828 kB
Committed_AS:   54139528 kB
VmallocTotal:   263061440 kB
VmallocUsed:       62240 kB
VmallocChunk:          0 kB
Percpu:             2336 kB
CmaTotal:         294912 kB
CmaFree:               0 kB
MemTotal:       12114512 kB
MemFree:         3743884 kB
MemAvailable:    8691652 kB
Buffers:            4528 kB
Cached:          3691568 kB
SwapCached:            0 kB
Active:          1732296 kB
Inactive:        3170552 kB
Active(anon):    1211208 kB
Inactive(anon):    15156 kB
Active(file):     521088 kB
Inactive(file):  3155396 kB
Unevictable:        4104 kB
Mlocked:            4104 kB
SwapTotal:       1048572 kB
SwapFree:        1048572 kB
Dirty:                72 kB
Writeback:             0 kB
AnonPages:       1210764 kB
Mapped:           813624 kB
Shmem:             16372 kB
Slab:             187272 kB
SReclaimable:      52352 kB
SUnreclaim:       134920 kB
KernelStack:       37120 kB
PageTables:        47460 kB
NFS_Unstable:          0 kB
Bounce:                0 kB
WritebackTmp:          0 kB
CommitLimit:     7105828 kB
Committed_AS:   54141372 kB
VmallocTotal:   263061440 kB
VmallocUsed:       62208 kB
VmallocChunk:          0 kB
Percpu:             2336 kB
CmaTotal:         294912 kB
CmaFree:               0 kB
MemTotal:       12114512 kB
MemFree:         3743116 kB
MemAvailable:    8690884 kB
Buffers:            4528 kB
Cached:          3691568 kB
SwapCached:            0 kB
Active:          1732372 kB
Inactive:        3170552 kB
Active(anon):    1211284 kB
Inactive(anon):    15156 kB
Active(file):     521088 kB
Inactive(file):  3155396 kB
Unevictable:        4104 kB
Mlocked:            4104 kB
SwapTotal:       1048572 kB
SwapFree:        1048572 kB
Dirty:                76 kB
Writeback:             0 kB
AnonPages:       1210764 kB
Mapped:           813624 kB
Shmem:             16372 kB
Slab:             187264 kB
SReclaimable:      52352 kB
SUnreclaim:       134912 kB
KernelStack:       37120 kB
PageTables:        47460 kB
NFS_Unstable:          0 kB
Bounce:                0 kB
WritebackTmp:          0 kB
CommitLimit:     7105828 kB
Committed_AS:   54141020 kB
VmallocTotal:   263061440 kB
VmallocUsed:       62208 kB
VmallocChunk:          0 kB
Percpu:             2336 kB
CmaTotal:         294912 kB
CmaFree:               0 kB
MemTotal:       12114512 kB
MemFree:         3743608 kB
MemAvailable:    8691376 kB
Buffers:            4528 kB
Cached:          3691568 kB
SwapCached:            0 kB
Active:          1733208 kB
Inactive:        3170552 kB
Active(anon):    1212120 kB
Inactive(anon):    15156 kB
Active(file):     521088 kB
Inactive(file):  3155396 kB
Unevictable:        4104 kB
Mlocked:            4104 kB
SwapTotal:       1048572 kB
SwapFree:        1048572 kB
Dirty:                84 kB
Writeback:             0 kB
AnonPages:       1211900 kB
Mapped:           813664 kB
Shmem:             16372 kB
Slab:             187276 kB
SReclaimable:      52352 kB
SUnreclaim:       134924 kB
KernelStack:       37120 kB
PageTables:        47468 kB
NFS_Unstable:          0 kB
Bounce:                0 kB
WritebackTmp:          0 kB
CommitLimit:     7105828 kB
Committed_AS:   54146060 kB
VmallocTotal:   263061440 kB
VmallocUsed:       62224 kB
VmallocChunk:          0 kB
Percpu:             2336 kB
CmaTotal:         294912 kB
CmaFree:               0 kB
MemTotal:       12114512 kB
MemFree:         3741592 kB
MemAvailable:    8689360 kB
Buffers:            4528 kB
Cached:          3691568 kB
SwapCached:            0 kB
Active:          1735140 kB
Inactive:        3170552 kB
Active(anon):    1214052 kB
Inactive(anon):    15156 kB
Active(file):     521088 kB
Inactive(file):  3155396 kB
Unevictable:        4104 kB
Mlocked:            4104 kB
SwapTotal:       1048572 kB
SwapFree:        1048572 kB
Dirty:                84 kB
Writeback:             0 kB
AnonPages:       1213644 kB
Mapped:           813920 kB
Shmem:             16372 kB
Slab:             187276 kB
SReclaimable:      52352 kB
SUnreclaim:       134924 kB
KernelStack:       37104 kB
PageTables:        47468 kB
NFS_Unstable:          0 kB
Bounce:                0 kB
WritebackTmp:          0 kB
CommitLimit:     7105828 kB
Committed_AS:   54145924 kB
VmallocTotal:   263061440 kB
VmallocUsed:       62208 kB
VmallocChunk:          0 kB
Percpu:             2336 kB
CmaTotal:         294912 kB
CmaFree:               4 kB
MemTotal:       12114512 kB
MemFree:         3742796 kB
MemAvailable:    8690568 kB
Buffers:            4528 kB
Cached:          3691476 kB
SwapCached:            0 kB
Active:          1733604 kB
Inactive:        3170460 kB
Active(anon):    1212516 kB
Inactive(anon):    15060 kB
Active(file):     521088 kB
Inactive(file):  3155400 kB
Unevictable:        4104 kB
Mlocked:            4104 kB
SwapTotal:       1048572 kB
SwapFree:        1048572 kB
Dirty:              7336 kB
Writeback:             0 kB
AnonPages:       1212052 kB
Mapped:           813568 kB
Shmem:             16276 kB
Slab:             187264 kB
SReclaimable:      52348 kB
SUnreclaim:       134916 kB
KernelStack:       37104 kB
PageTables:        47468 kB
NFS_Unstable:          0 kB
Bounce:                0 kB
WritebackTmp:          0 kB
CommitLimit:     7105828 kB
Committed_AS:   54145592 kB
VmallocTotal:   263061440 kB
VmallocUsed:       62192 kB
VmallocChunk:          0 kB
Percpu:             2336 kB
CmaTotal:         294912 kB
CmaFree:               0 kB
MemTotal:       12114512 kB
MemFree:         3742544 kB
MemAvailable:    8690316 kB
Buffers:            4528 kB
Cached:          3691476 kB
SwapCached:            0 kB
Active:          1734008 kB
Inactive:        3170460 kB
Active(anon):    1212920 kB
Inactive(anon):    15060 kB
Active(file):     521088 kB
Inactive(file):  3155400 kB
Unevictable:        4104 kB
Mlocked:            4104 kB
SwapTotal:       1048572 kB
SwapFree:        1048572 kB
Dirty:              7288 kB
Writeback:             0 kB
AnonPages:       1212496 kB
Mapped:           813568 kB
Shmem:             16276 kB
Slab:             187264 kB
SReclaimable:      52348 kB
SUnreclaim:       134916 kB
KernelStack:       37104 kB
PageTables:        47468 kB
NFS_Unstable:          0 kB
Bounce:                0 kB
WritebackTmp:          0 kB
CommitLimit:     7105828 kB
Committed_AS:   54145240 kB
VmallocTotal:   263061440 kB
VmallocUsed:       62208 kB
VmallocChunk:          0 kB
Percpu:             2336 kB
CmaTotal:         294912 kB
CmaFree:               0 kB
MemTotal:       12114512 kB
MemFree:         3727692 kB
MemAvailable:    8674508 kB
Buffers:            4528 kB
Cached:          3691476 kB
SwapCached:            0 kB
Active:          1749976 kB
Inactive:        3170460 kB
Active(anon):    1228888 kB
Inactive(anon):    15060 kB
Active(file):     521088 kB
Inactive(file):  3155400 kB
Unevictable:        4104 kB
Mlocked:            4104 kB
SwapTotal:       1048572 kB
SwapFree:        1048572 kB
Dirty:              7340 kB
Writeback:             0 kB
AnonPages:       1228464 kB
Mapped:           813688 kB
Shmem:             16276 kB
Slab:             187300 kB
SReclaimable:      52348 kB
SUnreclaim:       134952 kB
KernelStack:       37072 kB
PageTables:        47472 kB
NFS_Unstable:          0 kB
Bounce:                0 kB
WritebackTmp:          0 kB
CommitLimit:     7105828 kB
Committed_AS:   54141424 kB
VmallocTotal:   263061440 kB
VmallocUsed:       62128 kB
VmallocChunk:          0 kB
Percpu:             2336 kB
CmaTotal:         294912 kB
CmaFree:               0 kB
MemTotal:       12114512 kB
MemFree:         3728232 kB
MemAvailable:    8675036 kB
Buffers:            4528 kB
Cached:          3691476 kB
SwapCached:            0 kB
Active:          1749932 kB
Inactive:        3170460 kB
Active(anon):    1228844 kB
Inactive(anon):    15060 kB
Active(file):     521088 kB
Inactive(file):  3155400 kB
Unevictable:        4104 kB
Mlocked:            4104 kB
SwapTotal:       1048572 kB
SwapFree:        1048572 kB
Dirty:              7352 kB
Writeback:             0 kB
AnonPages:       1228664 kB
Mapped:           813892 kB
Shmem:             16276 kB
Slab:             187276 kB
SReclaimable:      52348 kB
SUnreclaim:       134928 kB
KernelStack:       37104 kB
PageTables:        47512 kB
NFS_Unstable:          0 kB
Bounce:                0 kB
WritebackTmp:          0 kB
CommitLimit:     7105828 kB
Committed_AS:   54142100 kB
VmallocTotal:   263061440 kB
VmallocUsed:       62144 kB
VmallocChunk:          0 kB
Percpu:             2336 kB
CmaTotal:         294912 kB
CmaFree:               0 kB
MemTotal:       12114512 kB
MemFree:         3727676 kB
MemAvailable:    8674480 kB
Buffers:            4528 kB
Cached:          3691472 kB
SwapCached:            0 kB
Active:          1748912 kB
Inactive:        3170460 kB
Active(anon):    1227824 kB
Inactive(anon):    15060 kB
Active(file):     521088 kB
Inactive(file):  3155400 kB
Unevictable:        4104 kB
Mlocked:            4104 kB
SwapTotal:       1048572 kB
SwapFree:        1048572 kB
Dirty:              7420 kB
Writeback:             0 kB
AnonPages:       1227496 kB
Mapped:           813768 kB
Shmem:             16272 kB
Slab:             187276 kB
SReclaimable:      52348 kB
SUnreclaim:       134928 kB
KernelStack:       37072 kB
PageTables:        47472 kB
NFS_Unstable:          0 kB
Bounce:                0 kB
WritebackTmp:          0 kB
CommitLimit:     7105828 kB
Committed_AS:   54142012 kB
VmallocTotal:   263061440 kB
VmallocUsed:       62176 kB
VmallocChunk:          0 kB
Percpu:             2336 kB
CmaTotal:         294912 kB
CmaFree:               0 kB
MemTotal:       12114512 kB
MemFree:         3726652 kB
MemAvailable:    8673052 kB
Buffers:            4532 kB
Cached:          3691836 kB
SwapCached:            0 kB
Active:          1749492 kB
Inactive:        3170820 kB
Active(anon):    1228400 kB
Inactive(anon):    15060 kB
Active(file):     521092 kB
Inactive(file):  3155760 kB
Unevictable:        4104 kB
Mlocked:            4104 kB
SwapTotal:       1048572 kB
SwapFree:        1048572 kB
Dirty:               272 kB
Writeback:             0 kB
AnonPages:       1227852 kB
Mapped:           813772 kB
Shmem:             16276 kB
Slab:             187376 kB
SReclaimable:      52352 kB
SUnreclaim:       135024 kB
KernelStack:       37072 kB
PageTables:        47472 kB
NFS_Unstable:          0 kB
Bounce:                0 kB
WritebackTmp:          0 kB
CommitLimit:     7105828 kB
Committed_AS:   54140104 kB
VmallocTotal:   263061440 kB
VmallocUsed:       62160 kB
VmallocChunk:          0 kB
Percpu:             2336 kB
CmaTotal:         294912 kB
CmaFree:               0 kB
MemTotal:       12114512 kB
MemFree:         3735448 kB
MemAvailable:    8751288 kB
Buffers:            4532 kB
Cached:          3692124 kB
SwapCached:            0 kB
Active:          1745204 kB
Inactive:        3170124 kB
Active(anon):    1223148 kB
Inactive(anon):    14352 kB
Active(file):     522056 kB
Inactive(file):  3155772 kB
Unevictable:        4104 kB
Mlocked:            4104 kB
SwapTotal:       1048572 kB
SwapFree:        1048572 kB
Dirty:              1160 kB
Writeback:             0 kB
AnonPages:       1222772 kB
Mapped:           812240 kB
Shmem:             15588 kB
Slab:             187272 kB
SReclaimable:      52352 kB
SUnreclaim:       134920 kB
KernelStack:       36960 kB
PageTables:        47284 kB
NFS_Unstable:          0 kB
Bounce:                0 kB
WritebackTmp:          0 kB
CommitLimit:     7105828 kB
Committed_AS:   54154496 kB
VmallocTotal:   263061440 kB
VmallocUsed:       61840 kB
VmallocChunk:          0 kB
Percpu:             2336 kB
CmaTotal:         294912 kB
CmaFree:               0 kB
MemTotal:       12114512 kB
MemFree:         3735576 kB
MemAvailable:    8751416 kB
Buffers:            4532 kB
Cached:          3692144 kB
SwapCached:            0 kB
Active:          1744108 kB
Inactive:        3170144 kB
Active(anon):    1222052 kB
Inactive(anon):    14372 kB
Active(file):     522056 kB
Inactive(file):  3155772 kB
Unevictable:        4104 kB
Mlocked:            4104 kB
SwapTotal:       1048572 kB
SwapFree:        1048572 kB
Dirty:              1164 kB
Writeback:             0 kB
AnonPages:       1221604 kB
Mapped:           812260 kB
Shmem:             15608 kB
Slab:             187032 kB
SReclaimable:      52352 kB
SUnreclaim:       134680 kB
KernelStack:       36960 kB
PageTables:        47288 kB
NFS_Unstable:          0 kB
Bounce:                0 kB
WritebackTmp:          0 kB
CommitLimit:     7105828 kB
Committed_AS:   54159384 kB
VmallocTotal:   263061440 kB
VmallocUsed:       61808 kB
VmallocChunk:          0 kB
Percpu:             2336 kB
CmaTotal:         294912 kB
CmaFree:               0 kB
MemTotal:       12114512 kB
MemFree:         3735412 kB
MemAvailable:    8751252 kB
Buffers:            4532 kB
Cached:          3692168 kB
SwapCached:            0 kB
Active:          1744220 kB
Inactive:        3170168 kB
Active(anon):    1222164 kB
Inactive(anon):    14396 kB
Active(file):     522056 kB
Inactive(file):  3155772 kB
Unevictable:        4104 kB
Mlocked:            4104 kB
SwapTotal:       1048572 kB
SwapFree:        1048572 kB
Dirty:              1172 kB
Writeback:             0 kB
AnonPages:       1221868 kB
Mapped:           812284 kB
Shmem:             15632 kB
Slab:             187188 kB
SReclaimable:      52352 kB
SUnreclaim:       134836 kB
KernelStack:       36928 kB
PageTables:        47288 kB
NFS_Unstable:          0 kB
Bounce:                0 kB
WritebackTmp:          0 kB
CommitLimit:     7105828 kB
Committed_AS:   54154736 kB
VmallocTotal:   263061440 kB
VmallocUsed:       61792 kB
VmallocChunk:          0 kB
Percpu:             2336 kB
CmaTotal:         294912 kB
CmaFree:               0 kB
MemTotal:       12114512 kB
MemFree:         3736136 kB
MemAvailable:    8751976 kB
Buffers:            4540 kB
Cached:          3692096 kB
SwapCached:            0 kB
Active:          1742748 kB
Inactive:        3170100 kB
Active(anon):    1220692 kB
Inactive(anon):    14328 kB
Active(file):     522056 kB
Inactive(file):  3155772 kB
Unevictable:        4104 kB
Mlocked:            4104 kB
SwapTotal:       1048572 kB
SwapFree:        1048572 kB
Dirty:               172 kB
Writeback:             0 kB
AnonPages:       1220508 kB
Mapped:           812220 kB
Shmem:             15568 kB
Slab:             187188 kB
SReclaimable:      52352 kB
SUnreclaim:       134836 kB
KernelStack:       36912 kB
PageTables:        47284 kB
NFS_Unstable:          0 kB
Bounce:                0 kB
WritebackTmp:          0 kB
CommitLimit:     7105828 kB
Committed_AS:   54146960 kB
VmallocTotal:   263061440 kB
VmallocUsed:       61792 kB
VmallocChunk:          0 kB
Percpu:             2336 kB
CmaTotal:         294912 kB
CmaFree:               8 kB
MemTotal:       12114512 kB
MemFree:         3737292 kB
MemAvailable:    8753176 kB
Buffers:            4540 kB
Cached:          3692136 kB
SwapCached:            0 kB
Active:          1740420 kB
Inactive:        3170136 kB
Active(anon):    1218356 kB
Inactive(anon):    14352 kB
Active(file):     522064 kB
Inactive(file):  3155784 kB
Unevictable:        4104 kB
Mlocked:            4104 kB
SwapTotal:       1048572 kB
SwapFree:        1048572 kB
Dirty:               140 kB
Writeback:             0 kB
AnonPages:       1217960 kB
Mapped:           812240 kB
Shmem:             15588 kB
Slab:             187384 kB
SReclaimable:      52352 kB
SUnreclaim:       135032 kB
KernelStack:       36912 kB
PageTables:        47284 kB
NFS_Unstable:          0 kB
Bounce:                0 kB
WritebackTmp:          0 kB
CommitLimit:     7105828 kB
Committed_AS:   54156140 kB
VmallocTotal:   263061440 kB
VmallocUsed:       61792 kB
VmallocChunk:          0 kB
Percpu:             2336 kB
CmaTotal:         294912 kB
CmaFree:              20 kB
MemTotal:       12114512 kB
MemFree:         3739444 kB
MemAvailable:    8755328 kB
Buffers:            4540 kB
Cached:          3692156 kB
SwapCached:            0 kB
Active:          1739924 kB
Inactive:        3170156 kB
Active(anon):    1217860 kB
Inactive(anon):    14372 kB
Active(file):     522064 kB
Inactive(file):  3155784 kB
Unevictable:        4104 kB
Mlocked:            4104 kB
SwapTotal:       1048572 kB
SwapFree:        1048572 kB
Dirty:               144 kB
Writeback:             0 kB
AnonPages:       1217548 kB
Mapped:           812252 kB
Shmem:             15608 kB
Slab:             187176 kB
SReclaimable:      52352 kB
SUnreclaim:       134824 kB
KernelStack:       36912 kB
PageTables:        47280 kB
NFS_Unstable:          0 kB
Bounce:                0 kB
WritebackTmp:          0 kB
CommitLimit:     7105828 kB
Committed_AS:   54155788 kB
VmallocTotal:   263061440 kB
VmallocUsed:       61792 kB
VmallocChunk:          0 kB
Percpu:             2336 kB
CmaTotal:         294912 kB
CmaFree:               0 kB
MemTotal:       12114512 kB
MemFree:         3738308 kB
MemAvailable:    8759204 kB
Buffers:            4540 kB
Cached:          3692184 kB
SwapCached:            0 kB
Active:          1740632 kB
Inactive:        3170184 kB
Active(anon):    1218568 kB
Inactive(anon):    14400 kB
Active(file):     522064 kB
Inactive(file):  3155784 kB
Unevictable:        4104 kB
Mlocked:            4104 kB
SwapTotal:       1048572 kB
SwapFree:        1048572 kB
Dirty:               148 kB
Writeback:             0 kB
AnonPages:       1218208 kB
Mapped:           812408 kB
Shmem:             15636 kB
Slab:             187176 kB
SReclaimable:      52352 kB
SUnreclaim:       134824 kB
KernelStack:       36800 kB
PageTables:        47264 kB
NFS_Unstable:          0 kB
Bounce:                0 kB
WritebackTmp:          0 kB
CommitLimit:     7105828 kB
Committed_AS:   54155664 kB
VmallocTotal:   263061440 kB
VmallocUsed:       61664 kB
VmallocChunk:          0 kB
Percpu:             2336 kB
CmaTotal:         294912 kB
CmaFree:               0 kB
MemTotal:       12114512 kB
MemFree:         3736468 kB
MemAvailable:    8757364 kB
Buffers:            4540 kB
Cached:          3692204 kB
SwapCached:            0 kB
Active:          1741012 kB
Inactive:        3170204 kB
Active(anon):    1218948 kB
Inactive(anon):    14420 kB
Active(file):     522064 kB
Inactive(file):  3155784 kB
Unevictable:        4104 kB
Mlocked:            4104 kB
SwapTotal:       1048572 kB
SwapFree:        1048572 kB
Dirty:               180 kB
Writeback:             0 kB
AnonPages:       1218720 kB
Mapped:           812428 kB
Shmem:             15656 kB
Slab:             186864 kB
SReclaimable:      52352 kB
SUnreclaim:       134512 kB
KernelStack:       36800 kB
PageTables:        47268 kB
NFS_Unstable:          0 kB
Bounce:                0 kB
WritebackTmp:          0 kB
CommitLimit:     7105828 kB
Committed_AS:   54147528 kB
VmallocTotal:   263061440 kB
VmallocUsed:       61680 kB
VmallocChunk:          0 kB
Percpu:             2336 kB
CmaTotal:         294912 kB
CmaFree:               0 kB
MemTotal:       12114512 kB
MemFree:         3738152 kB
MemAvailable:    8759048 kB
Buffers:            4540 kB
Cached:          3692228 kB
SwapCached:            0 kB
Active:          1739808 kB
Inactive:        3170228 kB
Active(anon):    1217744 kB
Inactive(anon):    14444 kB
Active(file):     522064 kB
Inactive(file):  3155784 kB
Unevictable:        4104 kB
Mlocked:            4104 kB
SwapTotal:       1048572 kB
SwapFree:        1048572 kB
Dirty:               180 kB
Writeback:             0 kB
AnonPages:       1217356 kB
Mapped:           812452 kB
Shmem:             15680 kB
Slab:             187184 kB
SReclaimable:      52352 kB
SUnreclaim:       134832 kB
KernelStack:       36800 kB
PageTables:        47268 kB
NFS_Unstable:          0 kB
Bounce:                0 kB
WritebackTmp:          0 kB
CommitLimit:     7105828 kB
Committed_AS:   54142016 kB
VmallocTotal:   263061440 kB
VmallocUsed:       61680 kB
VmallocChunk:          0 kB
Percpu:             2336 kB
CmaTotal:         294912 kB
CmaFree:               0 kB
MemTotal:       12114512 kB
MemFree:         3737272 kB
MemAvailable:    8758168 kB
Buffers:            4540 kB
Cached:          3692252 kB
SwapCached:            0 kB
Active:          1740464 kB
Inactive:        3170252 kB
Active(anon):    1218400 kB
Inactive(anon):    14468 kB
Active(file):     522064 kB
Inactive(file):  3155784 kB
Unevictable:        4104 kB
Mlocked:            4104 kB
SwapTotal:       1048572 kB
SwapFree:        1048572 kB
Dirty:                96 kB
Writeback:             0 kB
AnonPages:       1218088 kB
Mapped:           812476 kB
Shmem:             15704 kB
Slab:             187184 kB
SReclaimable:      52352 kB
SUnreclaim:       134832 kB
KernelStack:       36800 kB
PageTables:        47268 kB
NFS_Unstable:          0 kB
Bounce:                0 kB
WritebackTmp:          0 kB
CommitLimit:     7105828 kB
Committed_AS:   54148476 kB
VmallocTotal:   263061440 kB
VmallocUsed:       61696 kB
VmallocChunk:          0 kB
Percpu:             2336 kB
CmaTotal:         294912 kB
CmaFree:               0 kB
MemTotal:       12114512 kB
MemFree:         3737336 kB
MemAvailable:    8758232 kB
Buffers:            4540 kB
Cached:          3692272 kB
SwapCached:            0 kB
Active:          1740400 kB
Inactive:        3170272 kB
Active(anon):    1218336 kB
Inactive(anon):    14488 kB
Active(file):     522064 kB
Inactive(file):  3155784 kB
Unevictable:        4104 kB
Mlocked:            4104 kB
SwapTotal:       1048572 kB
SwapFree:        1048572 kB
Dirty:                96 kB
Writeback:             0 kB
AnonPages:       1217988 kB
Mapped:           812496 kB
Shmem:             15724 kB
Slab:             187184 kB
SReclaimable:      52352 kB
SUnreclaim:       134832 kB
KernelStack:       36800 kB
PageTables:        47268 kB
NFS_Unstable:          0 kB
Bounce:                0 kB
WritebackTmp:          0 kB
CommitLimit:     7105828 kB
Committed_AS:   54147332 kB
VmallocTotal:   263061440 kB
VmallocUsed:       61728 kB
VmallocChunk:          0 kB
Percpu:             2336 kB
CmaTotal:         294912 kB
CmaFree:               0 kB
MemTotal:       12114512 kB
MemFree:         3736852 kB
MemAvailable:    8757748 kB
Buffers:            4540 kB
Cached:          3692296 kB
SwapCached:            0 kB
Active:          1740796 kB
Inactive:        3170296 kB
Active(anon):    1218732 kB
Inactive(anon):    14512 kB
Active(file):     522064 kB
Inactive(file):  3155784 kB
Unevictable:        4104 kB
Mlocked:            4104 kB
SwapTotal:       1048572 kB
SwapFree:        1048572 kB
Dirty:               112 kB
Writeback:             0 kB
AnonPages:       1218476 kB
Mapped:           812520 kB
Shmem:             15748 kB
Slab:             187184 kB
SReclaimable:      52352 kB
SUnreclaim:       134832 kB
KernelStack:       36800 kB
PageTables:        47268 kB
NFS_Unstable:          0 kB
Bounce:                0 kB
WritebackTmp:          0 kB
CommitLimit:     7105828 kB
Committed_AS:   54146988 kB
VmallocTotal:   263061440 kB
VmallocUsed:       61728 kB
VmallocChunk:          0 kB
Percpu:             2336 kB
CmaTotal:         294912 kB
CmaFree:               8 kB
MemTotal:       12114512 kB
MemFree:         3736072 kB
MemAvailable:    8756968 kB
Buffers:            4540 kB
Cached:          3692320 kB
SwapCached:            0 kB
Active:          1741144 kB
Inactive:        3170320 kB
Active(anon):    1219080 kB
Inactive(anon):    14536 kB
Active(file):     522064 kB
Inactive(file):  3155784 kB
Unevictable:        4104 kB
Mlocked:            4104 kB
SwapTotal:       1048572 kB
SwapFree:        1048572 kB
Dirty:               128 kB
Writeback:             0 kB
AnonPages:       1218724 kB
Mapped:           812544 kB
Shmem:             15772 kB
Slab:             187184 kB
SReclaimable:      52352 kB
SUnreclaim:       134832 kB
KernelStack:       36800 kB
PageTables:        47268 kB
NFS_Unstable:          0 kB
Bounce:                0 kB
WritebackTmp:          0 kB
CommitLimit:     7105828 kB
Committed_AS:   54147176 kB
VmallocTotal:   263061440 kB
VmallocUsed:       61728 kB
VmallocChunk:          0 kB
Percpu:             2336 kB
CmaTotal:         294912 kB
CmaFree:               0 kB
MemTotal:       12114512 kB
MemFree:         3736820 kB
MemAvailable:    8757716 kB
Buffers:            4540 kB
Cached:          3692340 kB
SwapCached:            0 kB
Active:          1741104 kB
Inactive:        3170340 kB
Active(anon):    1219040 kB
Inactive(anon):    14556 kB
Active(file):     522064 kB
Inactive(file):  3155784 kB
Unevictable:        4104 kB
Mlocked:            4104 kB
SwapTotal:       1048572 kB
SwapFree:        1048572 kB
Dirty:               132 kB
Writeback:             0 kB
AnonPages:       1218532 kB
Mapped:           812564 kB
Shmem:             15792 kB
Slab:             187184 kB
SReclaimable:      52352 kB
SUnreclaim:       134832 kB
KernelStack:       36800 kB
PageTables:        47268 kB
NFS_Unstable:          0 kB
Bounce:                0 kB
WritebackTmp:          0 kB
CommitLimit:     7105828 kB
Committed_AS:   54142808 kB
VmallocTotal:   263061440 kB
VmallocUsed:       61712 kB
VmallocChunk:          0 kB
Percpu:             2336 kB
CmaTotal:         294912 kB
CmaFree:               8 kB
MemTotal:       12114512 kB
MemFree:         3736608 kB
MemAvailable:    8757504 kB
Buffers:            4540 kB
Cached:          3692368 kB
SwapCached:            0 kB
Active:          1741396 kB
Inactive:        3170368 kB
Active(anon):    1219332 kB
Inactive(anon):    14584 kB
Active(file):     522064 kB
Inactive(file):  3155784 kB
Unevictable:        4104 kB
Mlocked:            4104 kB
SwapTotal:       1048572 kB
SwapFree:        1048572 kB
Dirty:               104 kB
Writeback:             0 kB
AnonPages:       1219024 kB
Mapped:           812592 kB
Shmem:             15820 kB
Slab:             187176 kB
SReclaimable:      52352 kB
SUnreclaim:       134824 kB
KernelStack:       36800 kB
PageTables:        47268 kB
NFS_Unstable:          0 kB
Bounce:                0 kB
WritebackTmp:          0 kB
CommitLimit:     7105828 kB
Committed_AS:   54142464 kB
VmallocTotal:   263061440 kB
VmallocUsed:       61680 kB
VmallocChunk:          0 kB
Percpu:             2336 kB
CmaTotal:         294912 kB
CmaFree:               0 kB
MemTotal:       12114512 kB
MemFree:         3736848 kB
MemAvailable:    8757744 kB
Buffers:            4540 kB
Cached:          3692388 kB
SwapCached:            0 kB
Active:          1741612 kB
Inactive:        3170388 kB
Active(anon):    1219548 kB
Inactive(anon):    14604 kB
Active(file):     522064 kB
Inactive(file):  3155784 kB
Unevictable:        4104 kB
Mlocked:            4104 kB
SwapTotal:       1048572 kB
SwapFree:        1048572 kB
Dirty:               104 kB
Writeback:             0 kB
AnonPages:       1218964 kB
Mapped:           812612 kB
Shmem:             15840 kB
Slab:             187176 kB
SReclaimable:      52352 kB
SUnreclaim:       134824 kB
KernelStack:       36816 kB
PageTables:        47268 kB
NFS_Unstable:          0 kB
Bounce:                0 kB
WritebackTmp:          0 kB
CommitLimit:     7105828 kB
Committed_AS:   54142288 kB
VmallocTotal:   263061440 kB
VmallocUsed:       61680 kB
VmallocChunk:          0 kB
Percpu:             2336 kB
CmaTotal:         294912 kB
CmaFree:               0 kB
MemTotal:       12114512 kB
MemFree:         3736608 kB
MemAvailable:    8757504 kB
Buffers:            4540 kB
Cached:          3692416 kB
SwapCached:            0 kB
Active:          1742368 kB
Inactive:        3170416 kB
Active(anon):    1220304 kB
Inactive(anon):    14632 kB
Active(file):     522064 kB
Inactive(file):  3155784 kB
Unevictable:        4104 kB
Mlocked:            4104 kB
SwapTotal:       1048572 kB
SwapFree:        1048572 kB
Dirty:               104 kB
Writeback:             0 kB
AnonPages:       1219868 kB
Mapped:           812640 kB
Shmem:             15868 kB
Slab:             187176 kB
SReclaimable:      52352 kB
SUnreclaim:       134824 kB
KernelStack:       36800 kB
PageTables:        47268 kB
NFS_Unstable:          0 kB
Bounce:                0 kB
WritebackTmp:          0 kB
CommitLimit:     7105828 kB
Committed_AS:   54141948 kB
VmallocTotal:   263061440 kB
VmallocUsed:       61664 kB
VmallocChunk:          0 kB
Percpu:             2336 kB
CmaTotal:         294912 kB
CmaFree:               0 kB
MemTotal:       12114512 kB
MemFree:         3735216 kB
MemAvailable:    8756112 kB
Buffers:            4540 kB
Cached:          3692436 kB
SwapCached:            0 kB
Active:          1742916 kB
Inactive:        3170436 kB
Active(anon):    1220852 kB
Inactive(anon):    14652 kB
Active(file):     522064 kB
Inactive(file):  3155784 kB
Unevictable:        4104 kB
Mlocked:            4104 kB
SwapTotal:       1048572 kB
SwapFree:        1048572 kB
Dirty:               164 kB
Writeback:             0 kB
AnonPages:       1219988 kB
Mapped:           812724 kB
Shmem:             15888 kB
Slab:             187176 kB
SReclaimable:      52352 kB
SUnreclaim:       134824 kB
KernelStack:       36800 kB
PageTables:        47268 kB
NFS_Unstable:          0 kB
Bounce:                0 kB
WritebackTmp:          0 kB
CommitLimit:     7105828 kB
Committed_AS:   54141704 kB
VmallocTotal:   263061440 kB
VmallocUsed:       61712 kB
VmallocChunk:          0 kB
Percpu:             2336 kB
CmaTotal:         294912 kB
CmaFree:               0 kB
MemTotal:       12114512 kB
MemFree:         3734964 kB
MemAvailable:    8755860 kB
Buffers:            4540 kB
Cached:          3692456 kB
SwapCached:            0 kB
Active:          1742908 kB
Inactive:        3170456 kB
Active(anon):    1220844 kB
Inactive(anon):    14672 kB
Active(file):     522064 kB
Inactive(file):  3155784 kB
Unevictable:        4104 kB
Mlocked:            4104 kB
SwapTotal:       1048572 kB
SwapFree:        1048572 kB
Dirty:               168 kB
Writeback:             0 kB
AnonPages:       1220428 kB
Mapped:           812744 kB
Shmem:             15908 kB
Slab:             187176 kB
SReclaimable:      52352 kB
SUnreclaim:       134824 kB
KernelStack:       36800 kB
PageTables:        47268 kB
NFS_Unstable:          0 kB
Bounce:                0 kB
WritebackTmp:          0 kB
CommitLimit:     7105828 kB
Committed_AS:   54141360 kB
VmallocTotal:   263061440 kB
VmallocUsed:       61728 kB
VmallocChunk:          0 kB
Percpu:             2336 kB
CmaTotal:         294912 kB
CmaFree:               0 kB
MemTotal:       12114512 kB
MemFree:         3734292 kB
MemAvailable:    8755188 kB
Buffers:            4540 kB
Cached:          3692484 kB
SwapCached:            0 kB
Active:          1742432 kB
Inactive:        3170484 kB
Active(anon):    1220368 kB
Inactive(anon):    14700 kB
Active(file):     522064 kB
Inactive(file):  3155784 kB
Unevictable:        4104 kB
Mlocked:            4104 kB
SwapTotal:       1048572 kB
SwapFree:        1048572 kB
Dirty:                92 kB
Writeback:             0 kB
AnonPages:       1220032 kB
Mapped:           812772 kB
Shmem:             15936 kB
Slab:             187144 kB
SReclaimable:      52352 kB
SUnreclaim:       134792 kB
KernelStack:       36800 kB
PageTables:        47268 kB
NFS_Unstable:          0 kB
Bounce:                0 kB
WritebackTmp:          0 kB
CommitLimit:     7105828 kB
Committed_AS:   54141940 kB
VmallocTotal:   263061440 kB
VmallocUsed:       61712 kB
VmallocChunk:          0 kB
Percpu:             2336 kB
CmaTotal:         294912 kB
CmaFree:               0 kB
MemTotal:       12114512 kB
MemFree:         3735100 kB
MemAvailable:    8755996 kB
Buffers:            4540 kB
Cached:          3692512 kB
SwapCached:            0 kB
Active:          1743276 kB
Inactive:        3170512 kB
Active(anon):    1221212 kB
Inactive(anon):    14728 kB
Active(file):     522064 kB
Inactive(file):  3155784 kB
Unevictable:        4104 kB
Mlocked:            4104 kB
SwapTotal:       1048572 kB
SwapFree:        1048572 kB
Dirty:               128 kB
Writeback:             0 kB
AnonPages:       1221012 kB
Mapped:           813040 kB
Shmem:             15964 kB
Slab:             187136 kB
SReclaimable:      52352 kB
SUnreclaim:       134784 kB
KernelStack:       36816 kB
PageTables:        47188 kB
NFS_Unstable:          0 kB
Bounce:                0 kB
WritebackTmp:          0 kB
CommitLimit:     7105828 kB
Committed_AS:   54142452 kB
VmallocTotal:   263061440 kB
VmallocUsed:       61712 kB
VmallocChunk:          0 kB
Percpu:             2336 kB
CmaTotal:         294912 kB
CmaFree:               0 kB
MemTotal:       12114512 kB
MemFree:         3735080 kB
MemAvailable:    8755976 kB
Buffers:            4540 kB
Cached:          3692524 kB
SwapCached:            0 kB
Active:          1741728 kB
Inactive:        3170524 kB
Active(anon):    1219664 kB
Inactive(anon):    14740 kB
Active(file):     522064 kB
Inactive(file):  3155784 kB
Unevictable:        4104 kB
Mlocked:            4104 kB
SwapTotal:       1048572 kB
SwapFree:        1048572 kB
Dirty:               128 kB
Writeback:             0 kB
AnonPages:       1219148 kB
Mapped:           812812 kB
Shmem:             15976 kB
Slab:             187136 kB
SReclaimable:      52352 kB
SUnreclaim:       134784 kB
KernelStack:       36800 kB
PageTables:        47268 kB
NFS_Unstable:          0 kB
Bounce:                0 kB
WritebackTmp:          0 kB
CommitLimit:     7105828 kB
Committed_AS:   54142056 kB
VmallocTotal:   263061440 kB
VmallocUsed:       61728 kB
VmallocChunk:          0 kB
Percpu:             2336 kB
CmaTotal:         294912 kB
CmaFree:               0 kB
MemTotal:       12114512 kB
MemFree:         3733956 kB
MemAvailable:    8754852 kB
Buffers:            4540 kB
Cached:          3692556 kB
SwapCached:            0 kB
Active:          1742736 kB
Inactive:        3170556 kB
Active(anon):    1220672 kB
Inactive(anon):    14772 kB
Active(file):     522064 kB
Inactive(file):  3155784 kB
Unevictable:        4104 kB
Mlocked:            4104 kB
SwapTotal:       1048572 kB
SwapFree:        1048572 kB
Dirty:               132 kB
Writeback:             0 kB
AnonPages:       1220228 kB
Mapped:           812844 kB
Shmem:             16008 kB
Slab:             187080 kB
SReclaimable:      52352 kB
SUnreclaim:       134728 kB
KernelStack:       36800 kB
PageTables:        47268 kB
NFS_Unstable:          0 kB
Bounce:                0 kB
WritebackTmp:          0 kB
CommitLimit:     7105828 kB
Committed_AS:   54148936 kB
VmallocTotal:   263061440 kB
VmallocUsed:       61728 kB
VmallocChunk:          0 kB
Percpu:             2336 kB
CmaTotal:         294912 kB
CmaFree:               0 kB
MemTotal:       12114512 kB
MemFree:         3734852 kB
MemAvailable:    8755748 kB
Buffers:            4540 kB
Cached:          3692572 kB
SwapCached:            0 kB
Active:          1742416 kB
Inactive:        3170572 kB
Active(anon):    1220352 kB
Inactive(anon):    14788 kB
Active(file):     522064 kB
Inactive(file):  3155784 kB
Unevictable:        4104 kB
Mlocked:            4104 kB
SwapTotal:       1048572 kB
SwapFree:        1048572 kB
Dirty:               144 kB
Writeback:             0 kB
AnonPages:       1219904 kB
Mapped:           812860 kB
Shmem:             16024 kB
Slab:             187144 kB
SReclaimable:      52352 kB
SUnreclaim:       134792 kB
KernelStack:       36800 kB
PageTables:        47268 kB
NFS_Unstable:          0 kB
Bounce:                0 kB
WritebackTmp:          0 kB
CommitLimit:     7105828 kB
Committed_AS:   54148584 kB
VmallocTotal:   263061440 kB
VmallocUsed:       61728 kB
VmallocChunk:          0 kB
Percpu:             2336 kB
CmaTotal:         294912 kB
CmaFree:               0 kB
MemTotal:       12114512 kB
MemFree:         3735320 kB
MemAvailable:    8756216 kB
Buffers:            4540 kB
Cached:          3692604 kB
SwapCached:            0 kB
Active:          1741656 kB
Inactive:        3170604 kB
Active(anon):    1219592 kB
Inactive(anon):    14820 kB
Active(file):     522064 kB
Inactive(file):  3155784 kB
Unevictable:        4104 kB
Mlocked:            4104 kB
SwapTotal:       1048572 kB
SwapFree:        1048572 kB
Dirty:               136 kB
Writeback:             0 kB
AnonPages:       1219168 kB
Mapped:           812892 kB
Shmem:             16056 kB
Slab:             187144 kB
SReclaimable:      52352 kB
SUnreclaim:       134792 kB
KernelStack:       36784 kB
PageTables:        47268 kB
NFS_Unstable:          0 kB
Bounce:                0 kB
WritebackTmp:          0 kB
CommitLimit:     7105828 kB
Committed_AS:   54148256 kB
VmallocTotal:   263061440 kB
VmallocUsed:       61712 kB
VmallocChunk:          0 kB
Percpu:             2336 kB
CmaTotal:         294912 kB
CmaFree:               0 kB
MemTotal:       12114512 kB
MemFree:         3735156 kB
MemAvailable:    8756052 kB
Buffers:            4540 kB
Cached:          3692616 kB
SwapCached:            0 kB
Active:          1741844 kB
Inactive:        3170616 kB
Active(anon):    1219780 kB
Inactive(anon):    14832 kB
Active(file):     522064 kB
Inactive(file):  3155784 kB
Unevictable:        4104 kB
Mlocked:            4104 kB
SwapTotal:       1048572 kB
SwapFree:        1048572 kB
Dirty:               136 kB
Writeback:             0 kB
AnonPages:       1219652 kB
Mapped:           812904 kB
Shmem:             16068 kB
Slab:             187152 kB
SReclaimable:      52352 kB
SUnreclaim:       134800 kB
KernelStack:       36784 kB
PageTables:        47268 kB
NFS_Unstable:          0 kB
Bounce:                0 kB
WritebackTmp:          0 kB
CommitLimit:     7105828 kB
Committed_AS:   54147940 kB
VmallocTotal:   263061440 kB
VmallocUsed:       61680 kB
VmallocChunk:          0 kB
Percpu:             2336 kB
CmaTotal:         294912 kB
CmaFree:               0 kB
MemTotal:       12114512 kB
MemFree:         3754004 kB
MemAvailable:    8774900 kB
Buffers:            4540 kB
Cached:          3692644 kB
SwapCached:            0 kB
Active:          1723348 kB
Inactive:        3170644 kB
Active(anon):    1201284 kB
Inactive(anon):    14860 kB
Active(file):     522064 kB
Inactive(file):  3155784 kB
Unevictable:        4104 kB
Mlocked:            4104 kB
SwapTotal:       1048572 kB
SwapFree:        1048572 kB
Dirty:               140 kB
Writeback:             0 kB
AnonPages:       1200768 kB
Mapped:           812932 kB
Shmem:             16096 kB
Slab:             187152 kB
SReclaimable:      52352 kB
SUnreclaim:       134800 kB
KernelStack:       36784 kB
PageTables:        47268 kB
NFS_Unstable:          0 kB
Bounce:                0 kB
WritebackTmp:          0 kB
CommitLimit:     7105828 kB
Committed_AS:   54144124 kB
VmallocTotal:   263061440 kB
VmallocUsed:       61680 kB
VmallocChunk:          0 kB
Percpu:             2336 kB
CmaTotal:         294912 kB
CmaFree:               0 kB
MemTotal:       12114512 kB
MemFree:         3754904 kB
MemAvailable:    8775800 kB
Buffers:            4540 kB
Cached:          3692676 kB
SwapCached:            0 kB
Active:          1724068 kB
Inactive:        3170676 kB
Active(anon):    1202004 kB
Inactive(anon):    14892 kB
Active(file):     522064 kB
Inactive(file):  3155784 kB
Unevictable:        4104 kB
Mlocked:            4104 kB
SwapTotal:       1048572 kB
SwapFree:        1048572 kB
Dirty:               156 kB
Writeback:             0 kB
AnonPages:       1201488 kB
Mapped:           813000 kB
Shmem:             16128 kB
Slab:             187152 kB
SReclaimable:      52352 kB
SUnreclaim:       134800 kB
KernelStack:       36784 kB
PageTables:        47268 kB
NFS_Unstable:          0 kB
Bounce:                0 kB
WritebackTmp:          0 kB
CommitLimit:     7105828 kB
Committed_AS:   54144664 kB
VmallocTotal:   263061440 kB
VmallocUsed:       61696 kB
VmallocChunk:          0 kB
Percpu:             2336 kB
CmaTotal:         294912 kB
CmaFree:               0 kB
MemTotal:       12114512 kB
MemFree:         3737728 kB
MemAvailable:    8758624 kB
Buffers:            4540 kB
Cached:          3692696 kB
SwapCached:            0 kB
Active:          1738316 kB
Inactive:        3170696 kB
Active(anon):    1216252 kB
Inactive(anon):    14912 kB
Active(file):     522064 kB
Inactive(file):  3155784 kB
Unevictable:        4104 kB
Mlocked:            4104 kB
SwapTotal:       1048572 kB
SwapFree:        1048572 kB
Dirty:               156 kB
Writeback:             0 kB
AnonPages:       1215720 kB
Mapped:           813024 kB
Shmem:             16148 kB
Slab:             187376 kB
SReclaimable:      52352 kB
SUnreclaim:       135024 kB
KernelStack:       36784 kB
PageTables:        47268 kB
NFS_Unstable:          0 kB
Bounce:                0 kB
WritebackTmp:          0 kB
CommitLimit:     7105828 kB
Committed_AS:   54153660 kB
VmallocTotal:   263061440 kB
VmallocUsed:       61712 kB
VmallocChunk:          0 kB
Percpu:             2336 kB
CmaTotal:         294912 kB
CmaFree:              20 kB
MemTotal:       12114512 kB
MemFree:         3738660 kB
MemAvailable:    8759556 kB
Buffers:            4540 kB
Cached:          3692724 kB
SwapCached:            0 kB
Active:          1738840 kB
Inactive:        3170724 kB
Active(anon):    1216776 kB
Inactive(anon):    14940 kB
Active(file):     522064 kB
Inactive(file):  3155784 kB
Unevictable:        4104 kB
Mlocked:            4104 kB
SwapTotal:       1048572 kB
SwapFree:        1048572 kB
Dirty:               136 kB
Writeback:             0 kB
AnonPages:       1216416 kB
Mapped:           813052 kB
Shmem:             16176 kB
Slab:             187176 kB
SReclaimable:      52352 kB
SUnreclaim:       134824 kB
KernelStack:       36784 kB
PageTables:        47268 kB
NFS_Unstable:          0 kB
Bounce:                0 kB
WritebackTmp:          0 kB
CommitLimit:     7105828 kB
Committed_AS:   54149812 kB
VmallocTotal:   263061440 kB
VmallocUsed:       61696 kB
VmallocChunk:          0 kB
Percpu:             2336 kB
CmaTotal:         294912 kB
CmaFree:               0 kB
MemTotal:       12114512 kB
MemFree:         3739148 kB
MemAvailable:    8760060 kB
Buffers:            4540 kB
Cached:          3692740 kB
SwapCached:            0 kB
Active:          1739464 kB
Inactive:        3170740 kB
Active(anon):    1217400 kB
Inactive(anon):    14956 kB
Active(file):     522064 kB
Inactive(file):  3155784 kB
Unevictable:        4104 kB
Mlocked:            4104 kB
SwapTotal:       1048572 kB
SwapFree:        1048572 kB
Dirty:               136 kB
Writeback:             0 kB
AnonPages:       1216956 kB
Mapped:           813116 kB
Shmem:             16192 kB
Slab:             187176 kB
SReclaimable:      52352 kB
SUnreclaim:       134824 kB
KernelStack:       36768 kB
PageTables:        47268 kB
NFS_Unstable:          0 kB
Bounce:                0 kB
WritebackTmp:          0 kB
CommitLimit:     7105828 kB
Committed_AS:   54149504 kB
VmallocTotal:   263061440 kB
VmallocUsed:       61680 kB
VmallocChunk:          0 kB
Percpu:             2336 kB
CmaTotal:         294912 kB
CmaFree:               0 kB
MemTotal:       12114512 kB
MemFree:         3739028 kB
MemAvailable:    8757444 kB
Buffers:            4540 kB
Cached:          3692788 kB
SwapCached:            0 kB
Active:          1739012 kB
Inactive:        3170804 kB
Active(anon):    1216948 kB
Inactive(anon):    15020 kB
Active(file):     522064 kB
Inactive(file):  3155784 kB
Unevictable:        4104 kB
Mlocked:            4104 kB
SwapTotal:       1048572 kB
SwapFree:        1048572 kB
Dirty:               168 kB
Writeback:             0 kB
AnonPages:       1216524 kB
Mapped:           813540 kB
Shmem:             16240 kB
Slab:             187280 kB
SReclaimable:      52352 kB
SUnreclaim:       134928 kB
KernelStack:       36768 kB
PageTables:        47280 kB
NFS_Unstable:          0 kB
Bounce:                0 kB
WritebackTmp:          0 kB
CommitLimit:     7105828 kB
Committed_AS:   54149804 kB
VmallocTotal:   263061440 kB
VmallocUsed:       61680 kB
VmallocChunk:          0 kB
Percpu:             2336 kB
CmaTotal:         294912 kB
CmaFree:               0 kB
MemTotal:       12114512 kB
MemFree:         3739356 kB
MemAvailable:    8759436 kB
Buffers:            4540 kB
Cached:          3692852 kB
SwapCached:            0 kB
Active:          1739456 kB
Inactive:        3170812 kB
Active(anon):    1217392 kB
Inactive(anon):    15028 kB
Active(file):     522064 kB
Inactive(file):  3155784 kB
Unevictable:        4104 kB
Mlocked:            4104 kB
SwapTotal:       1048572 kB
SwapFree:        1048572 kB
Dirty:               176 kB
Writeback:             0 kB
AnonPages:       1216760 kB
Mapped:           813604 kB
Shmem:             16304 kB
Slab:             187144 kB
SReclaimable:      52352 kB
SUnreclaim:       134792 kB
KernelStack:       36768 kB
PageTables:        47276 kB
NFS_Unstable:          0 kB
Bounce:                0 kB
WritebackTmp:          0 kB
CommitLimit:     7105828 kB
Committed_AS:   54155740 kB
VmallocTotal:   263061440 kB
VmallocUsed:       61664 kB
VmallocChunk:          0 kB
Percpu:             2336 kB
CmaTotal:         294912 kB
CmaFree:               0 kB
MemTotal:       12114512 kB
MemFree:         3738600 kB
MemAvailable:    8757912 kB
Buffers:            4540 kB
Cached:          3692876 kB
SwapCached:            0 kB
Active:          1739696 kB
Inactive:        3170836 kB
Active(anon):    1217632 kB
Inactive(anon):    15052 kB
Active(file):     522064 kB
Inactive(file):  3155784 kB
Unevictable:        4104 kB
Mlocked:            4104 kB
SwapTotal:       1048572 kB
SwapFree:        1048572 kB
Dirty:               176 kB
Writeback:             0 kB
AnonPages:       1217240 kB
Mapped:           813948 kB
Shmem:             16328 kB
Slab:             187144 kB
SReclaimable:      52352 kB
SUnreclaim:       134792 kB
KernelStack:       36768 kB
PageTables:        47276 kB
NFS_Unstable:          0 kB
Bounce:                0 kB
WritebackTmp:          0 kB
CommitLimit:     7105828 kB
Committed_AS:   54155396 kB
VmallocTotal:   263061440 kB
VmallocUsed:       61680 kB
VmallocChunk:          0 kB
Percpu:             2336 kB
CmaTotal:         294912 kB
CmaFree:               0 kB
MemTotal:       12114512 kB
MemFree:         3741036 kB
MemAvailable:    8760600 kB
Buffers:            4540 kB
Cached:          3692876 kB
SwapCached:            0 kB
Active:          1736444 kB
Inactive:        3170856 kB
Active(anon):    1214380 kB
Inactive(anon):    15072 kB
Active(file):     522064 kB
Inactive(file):  3155784 kB
Unevictable:        4104 kB
Mlocked:            4104 kB
SwapTotal:       1048572 kB
SwapFree:        1048572 kB
Dirty:                96 kB
Writeback:             0 kB
AnonPages:       1213984 kB
Mapped:           813968 kB
Shmem:             16328 kB
Slab:             187144 kB
SReclaimable:      52352 kB
SUnreclaim:       134792 kB
KernelStack:       36768 kB
PageTables:        47276 kB
NFS_Unstable:          0 kB
Bounce:                0 kB
WritebackTmp:          0 kB
CommitLimit:     7105828 kB
Committed_AS:   54151036 kB
VmallocTotal:   263061440 kB
VmallocUsed:       61664 kB
VmallocChunk:          0 kB
Percpu:             2336 kB
CmaTotal:         294912 kB
CmaFree:               0 kB
MemTotal:       12114512 kB
MemFree:         3741336 kB
MemAvailable:    8761760 kB
Buffers:            4540 kB
Cached:          3692992 kB
SwapCached:            0 kB
Active:          1735384 kB
Inactive:        3170972 kB
Active(anon):    1213320 kB
Inactive(anon):    15100 kB
Active(file):     522064 kB
Inactive(file):  3155872 kB
Unevictable:        4104 kB
Mlocked:            4104 kB
SwapTotal:       1048572 kB
SwapFree:        1048572 kB
Dirty:              7416 kB
Writeback:             0 kB
AnonPages:       1212908 kB
Mapped:           813496 kB
Shmem:             16356 kB
Slab:             187148 kB
SReclaimable:      52356 kB
SUnreclaim:       134792 kB
KernelStack:       36768 kB
PageTables:        47276 kB
NFS_Unstable:          0 kB
Bounce:                0 kB
WritebackTmp:          0 kB
CommitLimit:     7105828 kB
Committed_AS:   54146696 kB
VmallocTotal:   263061440 kB
VmallocUsed:       61664 kB
VmallocChunk:          0 kB
Percpu:             2336 kB
CmaTotal:         294912 kB
CmaFree:               0 kB
MemTotal:       12114512 kB
MemFree:         3741576 kB
MemAvailable:    8762000 kB
Buffers:            4540 kB
Cached:          3693012 kB
SwapCached:            0 kB
Active:          1735376 kB
Inactive:        3170992 kB
Active(anon):    1213312 kB
Inactive(anon):    15120 kB
Active(file):     522064 kB
Inactive(file):  3155872 kB
Unevictable:        4104 kB
Mlocked:            4104 kB
SwapTotal:       1048572 kB
SwapFree:        1048572 kB
Dirty:              7436 kB
Writeback:             0 kB
AnonPages:       1212836 kB
Mapped:           813516 kB
Shmem:             16376 kB
Slab:             187148 kB
SReclaimable:      52356 kB
SUnreclaim:       134792 kB
KernelStack:       36768 kB
PageTables:        47276 kB
NFS_Unstable:          0 kB
Bounce:                0 kB
WritebackTmp:          0 kB
CommitLimit:     7105828 kB
Committed_AS:   54146300 kB
VmallocTotal:   263061440 kB
VmallocUsed:       61696 kB
VmallocChunk:          0 kB
Percpu:             2336 kB
CmaTotal:         294912 kB
CmaFree:               0 kB
MemTotal:       12114512 kB
MemFree:         3742112 kB
MemAvailable:    8762536 kB
Buffers:            4540 kB
Cached:          3693032 kB
SwapCached:            0 kB
Active:          1735264 kB
Inactive:        3171012 kB
Active(anon):    1213200 kB
Inactive(anon):    15140 kB
Active(file):     522064 kB
Inactive(file):  3155872 kB
Unevictable:        4104 kB
Mlocked:            4104 kB
SwapTotal:       1048572 kB
SwapFree:        1048572 kB
Dirty:              7452 kB
Writeback:             0 kB
AnonPages:       1212752 kB
Mapped:           813796 kB
Shmem:             16396 kB
Slab:             187148 kB
SReclaimable:      52356 kB
SUnreclaim:       134792 kB
KernelStack:       36768 kB
PageTables:        47276 kB
NFS_Unstable:          0 kB
Bounce:                0 kB
WritebackTmp:          0 kB
CommitLimit:     7105828 kB
Committed_AS:   54145948 kB
VmallocTotal:   263061440 kB
VmallocUsed:       61664 kB
VmallocChunk:          0 kB
Percpu:             2336 kB
CmaTotal:         294912 kB
CmaFree:               0 kB
MemTotal:       12114512 kB
MemFree:         3742364 kB
MemAvailable:    8762788 kB
Buffers:            4540 kB
Cached:          3693052 kB
SwapCached:            0 kB
Active:          1735796 kB
Inactive:        3171032 kB
Active(anon):    1213732 kB
Inactive(anon):    15160 kB
Active(file):     522064 kB
Inactive(file):  3155872 kB
Unevictable:        4104 kB
Mlocked:            4104 kB
SwapTotal:       1048572 kB
SwapFree:        1048572 kB
Dirty:              7452 kB
Writeback:             0 kB
AnonPages:       1212896 kB
Mapped:           813584 kB
Shmem:             16416 kB
Slab:             187148 kB
SReclaimable:      52356 kB
SUnreclaim:       134792 kB
KernelStack:       36768 kB
PageTables:        47276 kB
NFS_Unstable:          0 kB
Bounce:                0 kB
WritebackTmp:          0 kB
CommitLimit:     7105828 kB
Committed_AS:   54145596 kB
VmallocTotal:   263061440 kB
VmallocUsed:       61680 kB
VmallocChunk:          0 kB
Percpu:             2336 kB
CmaTotal:         294912 kB
CmaFree:               0 kB
MemTotal:       12114512 kB
MemFree:         3740600 kB
MemAvailable:    8761024 kB
Buffers:            4540 kB
Cached:          3693080 kB
SwapCached:            0 kB
Active:          1736264 kB
Inactive:        3171060 kB
Active(anon):    1214200 kB
Inactive(anon):    15188 kB
Active(file):     522064 kB
Inactive(file):  3155872 kB
Unevictable:        4104 kB
Mlocked:            4104 kB
SwapTotal:       1048572 kB
SwapFree:        1048572 kB
Dirty:              7416 kB
Writeback:             0 kB
AnonPages:       1213788 kB
Mapped:           813860 kB
Shmem:             16444 kB
Slab:             187148 kB
SReclaimable:      52356 kB
SUnreclaim:       134792 kB
KernelStack:       36768 kB
PageTables:        47276 kB
NFS_Unstable:          0 kB
Bounce:                0 kB
WritebackTmp:          0 kB
CommitLimit:     7105828 kB
Committed_AS:   54145044 kB
VmallocTotal:   263061440 kB
VmallocUsed:       61680 kB
VmallocChunk:          0 kB
Percpu:             2336 kB
CmaTotal:         294912 kB
CmaFree:               0 kB
MemTotal:       12114512 kB
MemFree:         3739868 kB
MemAvailable:    8760348 kB
Buffers:            4548 kB
Cached:          3693148 kB
SwapCached:            0 kB
Active:          1736768 kB
Inactive:        3171128 kB
Active(anon):    1214696 kB
Inactive(anon):    15208 kB
Active(file):     522072 kB
Inactive(file):  3155920 kB
Unevictable:        4104 kB
Mlocked:            4104 kB
SwapTotal:       1048572 kB
SwapFree:        1048572 kB
Dirty:               168 kB
Writeback:             0 kB
AnonPages:       1214532 kB
Mapped:           813880 kB
Shmem:             16464 kB
Slab:             187152 kB
SReclaimable:      52360 kB
SUnreclaim:       134792 kB
KernelStack:       36768 kB
PageTables:        47276 kB
NFS_Unstable:          0 kB
Bounce:                0 kB
WritebackTmp:          0 kB
CommitLimit:     7105828 kB
Committed_AS:   54143504 kB
VmallocTotal:   263061440 kB
VmallocUsed:       61680 kB
VmallocChunk:          0 kB
Percpu:             2336 kB
CmaTotal:         294912 kB
CmaFree:               0 kB
MemTotal:       12114512 kB
MemFree:         3739584 kB
MemAvailable:    8760064 kB
Buffers:            4548 kB
Cached:          3693176 kB
SwapCached:            0 kB
Active:          1736980 kB
Inactive:        3171156 kB
Active(anon):    1214908 kB
Inactive(anon):    15236 kB
Active(file):     522072 kB
Inactive(file):  3155920 kB
Unevictable:        4104 kB
Mlocked:            4104 kB
SwapTotal:       1048572 kB
SwapFree:        1048572 kB
Dirty:               168 kB
Writeback:             0 kB
AnonPages:       1214424 kB
Mapped:           813908 kB
Shmem:             16492 kB
Slab:             187152 kB
SReclaimable:      52360 kB
SUnreclaim:       134792 kB
KernelStack:       36768 kB
PageTables:        47276 kB
NFS_Unstable:          0 kB
Bounce:                0 kB
WritebackTmp:          0 kB
CommitLimit:     7105828 kB
Committed_AS:   54144156 kB
VmallocTotal:   263061440 kB
VmallocUsed:       61696 kB
VmallocChunk:          0 kB
Percpu:             2336 kB
CmaTotal:         294912 kB
CmaFree:               0 kB
MemTotal:       12114512 kB
MemFree:         3740336 kB
MemAvailable:    8760816 kB
Buffers:            4548 kB
Cached:          3693188 kB
SwapCached:            0 kB
Active:          1736788 kB
Inactive:        3171168 kB
Active(anon):    1214716 kB
Inactive(anon):    15248 kB
Active(file):     522072 kB
Inactive(file):  3155920 kB
Unevictable:        4104 kB
Mlocked:            4104 kB
SwapTotal:       1048572 kB
SwapFree:        1048572 kB
Dirty:               168 kB
Writeback:             0 kB
AnonPages:       1214312 kB
Mapped:           813920 kB
Shmem:             16504 kB
Slab:             187152 kB
SReclaimable:      52360 kB
SUnreclaim:       134792 kB
KernelStack:       36768 kB
PageTables:        47276 kB
NFS_Unstable:          0 kB
Bounce:                0 kB
WritebackTmp:          0 kB
CommitLimit:     7105828 kB
Committed_AS:   54144008 kB
VmallocTotal:   263061440 kB
VmallocUsed:       61680 kB
VmallocChunk:          0 kB
Percpu:             2336 kB
CmaTotal:         294912 kB
CmaFree:               0 kB
MemTotal:       12114512 kB
MemFree:         3739036 kB
MemAvailable:    8759516 kB
Buffers:            4548 kB
Cached:          3693224 kB
SwapCached:            0 kB
Active:          1736428 kB
Inactive:        3171204 kB
Active(anon):    1214356 kB
Inactive(anon):    15284 kB
Active(file):     522072 kB
Inactive(file):  3155920 kB
Unevictable:        4104 kB
Mlocked:            4104 kB
SwapTotal:       1048572 kB
SwapFree:        1048572 kB
Dirty:               184 kB
Writeback:             0 kB
AnonPages:       1214204 kB
Mapped:           813956 kB
Shmem:             16540 kB
Slab:             187152 kB
SReclaimable:      52360 kB
SUnreclaim:       134792 kB
KernelStack:       36768 kB
PageTables:        47276 kB
NFS_Unstable:          0 kB
Bounce:                0 kB
WritebackTmp:          0 kB
CommitLimit:     7105828 kB
Committed_AS:   54141340 kB
VmallocTotal:   263061440 kB
VmallocUsed:       61664 kB
VmallocChunk:          0 kB
Percpu:             2336 kB
CmaTotal:         294912 kB
CmaFree:               0 kB
MemTotal:       12114512 kB
MemFree:         3740060 kB
MemAvailable:    8760540 kB
Buffers:            4548 kB
Cached:          3693244 kB
SwapCached:            0 kB
Active:          1736512 kB
Inactive:        3171224 kB
Active(anon):    1214440 kB
Inactive(anon):    15304 kB
Active(file):     522072 kB
Inactive(file):  3155920 kB
Unevictable:        4104 kB
Mlocked:            4104 kB
SwapTotal:       1048572 kB
SwapFree:        1048572 kB
Dirty:               152 kB
Writeback:             0 kB
AnonPages:       1214044 kB
Mapped:           813976 kB
Shmem:             16560 kB
Slab:             187152 kB
SReclaimable:      52360 kB
SUnreclaim:       134792 kB
KernelStack:       36768 kB
PageTables:        47276 kB
NFS_Unstable:          0 kB
Bounce:                0 kB
WritebackTmp:          0 kB
CommitLimit:     7105828 kB
Committed_AS:   54143380 kB
VmallocTotal:   263061440 kB
VmallocUsed:       61680 kB
VmallocChunk:          0 kB
Percpu:             2336 kB
CmaTotal:         294912 kB
CmaFree:               0 kB
MemTotal:       12114512 kB
MemFree:         3739444 kB
MemAvailable:    8759924 kB
Buffers:            4552 kB
Cached:          3693268 kB
SwapCached:            0 kB
Active:          1737432 kB
Inactive:        3171252 kB
Active(anon):    1215360 kB
Inactive(anon):    15332 kB
Active(file):     522072 kB
Inactive(file):  3155920 kB
Unevictable:        4104 kB
Mlocked:            4104 kB
SwapTotal:       1048572 kB
SwapFree:        1048572 kB
Dirty:               152 kB
Writeback:             0 kB
AnonPages:       1214980 kB
Mapped:           814004 kB
Shmem:             16588 kB
Slab:             187152 kB
SReclaimable:      52360 kB
SUnreclaim:       134792 kB
KernelStack:       36768 kB
PageTables:        47276 kB
NFS_Unstable:          0 kB
Bounce:                0 kB
WritebackTmp:          0 kB
CommitLimit:     7105828 kB
Committed_AS:   54143716 kB
VmallocTotal:   263061440 kB
VmallocUsed:       61664 kB
VmallocChunk:          0 kB
Percpu:             2336 kB
CmaTotal:         294912 kB
CmaFree:               0 kB
MemTotal:       12114512 kB
MemFree:         3739800 kB
MemAvailable:    8760296 kB
Buffers:            4552 kB
Cached:          3693296 kB
SwapCached:            0 kB
Active:          1737096 kB
Inactive:        3171276 kB
Active(anon):    1215020 kB
Inactive(anon):    15344 kB
Active(file):     522076 kB
Inactive(file):  3155932 kB
Unevictable:        4104 kB
Mlocked:            4104 kB
SwapTotal:       1048572 kB
SwapFree:        1048572 kB
Dirty:               124 kB
Writeback:             0 kB
AnonPages:       1214524 kB
Mapped:           814016 kB
Shmem:             16600 kB
Slab:             187152 kB
SReclaimable:      52360 kB
SUnreclaim:       134792 kB
KernelStack:       36768 kB
PageTables:        47276 kB
NFS_Unstable:          0 kB
Bounce:                0 kB
WritebackTmp:          0 kB
CommitLimit:     7105828 kB
Committed_AS:   54143364 kB
VmallocTotal:   263061440 kB
VmallocUsed:       61664 kB
VmallocChunk:          0 kB
Percpu:             2336 kB
CmaTotal:         294912 kB
CmaFree:               0 kB
MemTotal:       12114512 kB
MemFree:         3739516 kB
MemAvailable:    8760012 kB
Buffers:            4552 kB
Cached:          3693328 kB
SwapCached:            0 kB
Active:          1736940 kB
Inactive:        3171308 kB
Active(anon):    1214864 kB
Inactive(anon):    15376 kB
Active(file):     522076 kB
Inactive(file):  3155932 kB
Unevictable:        4104 kB
Mlocked:            4104 kB
SwapTotal:       1048572 kB
SwapFree:        1048572 kB
Dirty:               124 kB
Writeback:             0 kB
AnonPages:       1214516 kB
Mapped:           814048 kB
Shmem:             16632 kB
Slab:             187152 kB
SReclaimable:      52360 kB
SUnreclaim:       134792 kB
KernelStack:       36768 kB
PageTables:        47276 kB
NFS_Unstable:          0 kB
Bounce:                0 kB
WritebackTmp:          0 kB
CommitLimit:     7105828 kB
Committed_AS:   54143100 kB
VmallocTotal:   263061440 kB
VmallocUsed:       61664 kB
VmallocChunk:          0 kB
Percpu:             2336 kB
CmaTotal:         294912 kB
CmaFree:               0 kB
MemTotal:       12114512 kB
MemFree:         3740524 kB
MemAvailable:    8761020 kB
Buffers:            4552 kB
Cached:          3693352 kB
SwapCached:            0 kB
Active:          1736920 kB
Inactive:        3171332 kB
Active(anon):    1214844 kB
Inactive(anon):    15400 kB
Active(file):     522076 kB
Inactive(file):  3155932 kB
Unevictable:        4104 kB
Mlocked:            4104 kB
SwapTotal:       1048572 kB
SwapFree:        1048572 kB
Dirty:               160 kB
Writeback:             0 kB
AnonPages:       1214380 kB
Mapped:           814312 kB
Shmem:             16656 kB
Slab:             187152 kB
SReclaimable:      52360 kB
SUnreclaim:       134792 kB
KernelStack:       36768 kB
PageTables:        47200 kB
NFS_Unstable:          0 kB
Bounce:                0 kB
WritebackTmp:          0 kB
CommitLimit:     7105828 kB
Committed_AS:   54139800 kB
VmallocTotal:   263061440 kB
VmallocUsed:       61664 kB
VmallocChunk:          0 kB
Percpu:             2336 kB
CmaTotal:         294912 kB
CmaFree:               0 kB
MemTotal:       12114512 kB
MemFree:         3739780 kB
MemAvailable:    8760276 kB
Buffers:            4552 kB
Cached:          3693372 kB
SwapCached:            0 kB
Active:          1737360 kB
Inactive:        3171352 kB
Active(anon):    1215284 kB
Inactive(anon):    15420 kB
Active(file):     522076 kB
Inactive(file):  3155932 kB
Unevictable:        4104 kB
Mlocked:            4104 kB
SwapTotal:       1048572 kB
SwapFree:        1048572 kB
Dirty:               156 kB
Writeback:             0 kB
AnonPages:       1214896 kB
Mapped:           814092 kB
Shmem:             16676 kB
Slab:             187152 kB
SReclaimable:      52360 kB
SUnreclaim:       134792 kB
KernelStack:       36752 kB
PageTables:        47268 kB
NFS_Unstable:          0 kB
Bounce:                0 kB
WritebackTmp:          0 kB
CommitLimit:     7105828 kB
Committed_AS:   54138968 kB
VmallocTotal:   263061440 kB
VmallocUsed:       61632 kB
VmallocChunk:          0 kB
Percpu:             2336 kB
CmaTotal:         294912 kB
CmaFree:               0 kB
MemTotal:       12114512 kB
MemFree:         3739948 kB
MemAvailable:    8760444 kB
Buffers:            4552 kB
Cached:          3693396 kB
SwapCached:            0 kB
Active:          1736004 kB
Inactive:        3171376 kB
Active(anon):    1213928 kB
Inactive(anon):    15444 kB
Active(file):     522076 kB
Inactive(file):  3155932 kB
Unevictable:        4104 kB
Mlocked:            4104 kB
SwapTotal:       1048572 kB
SwapFree:        1048572 kB
Dirty:               156 kB
Writeback:             0 kB
AnonPages:       1213396 kB
Mapped:           814116 kB
Shmem:             16700 kB
Slab:             187148 kB
SReclaimable:      52360 kB
SUnreclaim:       134788 kB
KernelStack:       36752 kB
PageTables:        47268 kB
NFS_Unstable:          0 kB
Bounce:                0 kB
WritebackTmp:          0 kB
CommitLimit:     7105828 kB
Committed_AS:   54140388 kB
VmallocTotal:   263061440 kB
VmallocUsed:       61616 kB
VmallocChunk:          0 kB
Percpu:             2336 kB
CmaTotal:         294912 kB
CmaFree:               0 kB
MemTotal:       12114512 kB
MemFree:         3740248 kB
MemAvailable:    8760744 kB
Buffers:            4552 kB
Cached:          3693424 kB
SwapCached:            0 kB
Active:          1736620 kB
Inactive:        3171404 kB
Active(anon):    1214544 kB
Inactive(anon):    15472 kB
Active(file):     522076 kB
Inactive(file):  3155932 kB
Unevictable:        4104 kB
Mlocked:            4104 kB
SwapTotal:       1048572 kB
SwapFree:        1048572 kB
Dirty:               156 kB
Writeback:             0 kB
AnonPages:       1214164 kB
Mapped:           814144 kB
Shmem:             16728 kB
Slab:             187148 kB
SReclaimable:      52360 kB
SUnreclaim:       134788 kB
KernelStack:       36752 kB
PageTables:        47268 kB
NFS_Unstable:          0 kB
Bounce:                0 kB
WritebackTmp:          0 kB
CommitLimit:     7105828 kB
Committed_AS:   54140008 kB
VmallocTotal:   263061440 kB
VmallocUsed:       61632 kB
VmallocChunk:          0 kB
Percpu:             2336 kB
CmaTotal:         294912 kB
CmaFree:               0 kB
MemTotal:       12114512 kB
MemFree:         3740484 kB
MemAvailable:    8760980 kB
Buffers:            4552 kB
Cached:          3693440 kB
SwapCached:            0 kB
Active:          1736588 kB
Inactive:        3171420 kB
Active(anon):    1214512 kB
Inactive(anon):    15488 kB
Active(file):     522076 kB
Inactive(file):  3155932 kB
Unevictable:        4104 kB
Mlocked:            4104 kB
SwapTotal:       1048572 kB
SwapFree:        1048572 kB
Dirty:               156 kB
Writeback:             0 kB
AnonPages:       1214028 kB
Mapped:           814160 kB
Shmem:             16744 kB
Slab:             187148 kB
SReclaimable:      52360 kB
SUnreclaim:       134788 kB
KernelStack:       36752 kB
PageTables:        47268 kB
NFS_Unstable:          0 kB
Bounce:                0 kB
WritebackTmp:          0 kB
CommitLimit:     7105828 kB
Committed_AS:   54137608 kB
VmallocTotal:   263061440 kB
VmallocUsed:       61632 kB
VmallocChunk:          0 kB
Percpu:             2336 kB
CmaTotal:         294912 kB
CmaFree:               0 kB
MemTotal:       12114512 kB
MemFree:         3739980 kB
MemAvailable:    8760476 kB
Buffers:            4552 kB
Cached:          3693472 kB
SwapCached:            0 kB
Active:          1736780 kB
Inactive:        3171452 kB
Active(anon):    1214704 kB
Inactive(anon):    15520 kB
Active(file):     522076 kB
Inactive(file):  3155932 kB
Unevictable:        4104 kB
Mlocked:            4104 kB
SwapTotal:       1048572 kB
SwapFree:        1048572 kB
Dirty:               156 kB
Writeback:             0 kB
AnonPages:       1214408 kB
Mapped:           814192 kB
Shmem:             16776 kB
Slab:             187148 kB
SReclaimable:      52360 kB
SUnreclaim:       134788 kB
KernelStack:       36752 kB
PageTables:        47268 kB
NFS_Unstable:          0 kB
Bounce:                0 kB
WritebackTmp:          0 kB
CommitLimit:     7105828 kB
Committed_AS:   54137256 kB
VmallocTotal:   263061440 kB
VmallocUsed:       61632 kB
VmallocChunk:          0 kB
Percpu:             2336 kB
CmaTotal:         294912 kB
CmaFree:               0 kB
MemTotal:       12114512 kB
MemFree:         3740256 kB
MemAvailable:    8760752 kB
Buffers:            4552 kB
Cached:          3693488 kB
SwapCached:            0 kB
Active:          1736868 kB
Inactive:        3171468 kB
Active(anon):    1214792 kB
Inactive(anon):    15536 kB
Active(file):     522076 kB
Inactive(file):  3155932 kB
Unevictable:        4104 kB
Mlocked:            4104 kB
SwapTotal:       1048572 kB
SwapFree:        1048572 kB
Dirty:               108 kB
Writeback:             0 kB
AnonPages:       1214380 kB
Mapped:           814208 kB
Shmem:             16792 kB
Slab:             187148 kB
SReclaimable:      52360 kB
SUnreclaim:       134788 kB
KernelStack:       36752 kB
PageTables:        47268 kB
NFS_Unstable:          0 kB
Bounce:                0 kB
WritebackTmp:          0 kB
CommitLimit:     7105828 kB
Committed_AS:   54136948 kB
VmallocTotal:   263061440 kB
VmallocUsed:       61632 kB
VmallocChunk:          0 kB
Percpu:             2336 kB
CmaTotal:         294912 kB
CmaFree:               4 kB
MemTotal:       12114512 kB
MemFree:         3739588 kB
MemAvailable:    8760084 kB
Buffers:            4552 kB
Cached:          3693516 kB
SwapCached:            0 kB
Active:          1737532 kB
Inactive:        3171496 kB
Active(anon):    1215456 kB
Inactive(anon):    15564 kB
Active(file):     522076 kB
Inactive(file):  3155932 kB
Unevictable:        4104 kB
Mlocked:            4104 kB
SwapTotal:       1048572 kB
SwapFree:        1048572 kB
Dirty:               108 kB
Writeback:             0 kB
AnonPages:       1215040 kB
Mapped:           814236 kB
Shmem:             16820 kB
Slab:             187148 kB
SReclaimable:      52360 kB
SUnreclaim:       134788 kB
KernelStack:       36752 kB
PageTables:        47268 kB
NFS_Unstable:          0 kB
Bounce:                0 kB
WritebackTmp:          0 kB
CommitLimit:     7105828 kB
Committed_AS:   54136556 kB
VmallocTotal:   263061440 kB
VmallocUsed:       61648 kB
VmallocChunk:          0 kB
Percpu:             2336 kB
CmaTotal:         294912 kB
CmaFree:               0 kB
MemTotal:       12114512 kB
MemFree:         3738824 kB
MemAvailable:    8759320 kB
Buffers:            4552 kB
Cached:          3693536 kB
SwapCached:            0 kB
Active:          1737912 kB
Inactive:        3171516 kB
Active(anon):    1215836 kB
Inactive(anon):    15584 kB
Active(file):     522076 kB
Inactive(file):  3155932 kB
Unevictable:        4104 kB
Mlocked:            4104 kB
SwapTotal:       1048572 kB
SwapFree:        1048572 kB
Dirty:               128 kB
Writeback:             0 kB
AnonPages:       1215104 kB
Mapped:           814316 kB
Shmem:             16840 kB
Slab:             187144 kB
SReclaimable:      52356 kB
SUnreclaim:       134788 kB
KernelStack:       36752 kB
PageTables:        47268 kB
NFS_Unstable:          0 kB
Bounce:                0 kB
WritebackTmp:          0 kB
CommitLimit:     7105828 kB
Committed_AS:   54138876 kB
VmallocTotal:   263061440 kB
VmallocUsed:       61632 kB
VmallocChunk:          0 kB
Percpu:             2336 kB
CmaTotal:         294912 kB
CmaFree:               0 kB
MemTotal:       12114512 kB
MemFree:         3738344 kB
MemAvailable:    8758068 kB
Buffers:            4552 kB
Cached:          3693564 kB
SwapCached:            0 kB
Active:          1738060 kB
Inactive:        3171544 kB
Active(anon):    1215984 kB
Inactive(anon):    15612 kB
Active(file):     522076 kB
Inactive(file):  3155932 kB
Unevictable:        4104 kB
Mlocked:            4104 kB
SwapTotal:       1048572 kB
SwapFree:        1048572 kB
Dirty:               164 kB
Writeback:             0 kB
AnonPages:       1215592 kB
Mapped:           814920 kB
Shmem:             16868 kB
Slab:             187140 kB
SReclaimable:      52352 kB
SUnreclaim:       134788 kB
KernelStack:       36736 kB
PageTables:        47268 kB
NFS_Unstable:          0 kB
Bounce:                0 kB
WritebackTmp:          0 kB
CommitLimit:     7105828 kB
Committed_AS:   54140480 kB
VmallocTotal:   263061440 kB
VmallocUsed:       61648 kB
VmallocChunk:          0 kB
Percpu:             2336 kB
CmaTotal:         294912 kB
CmaFree:               0 kB
MemTotal:       12114512 kB
MemFree:         3736072 kB
MemAvailable:    8756572 kB
Buffers:            4552 kB
Cached:          3693584 kB
SwapCached:            0 kB
Active:          1740308 kB
Inactive:        3171576 kB
Active(anon):    1218232 kB
Inactive(anon):    15644 kB
Active(file):     522076 kB
Inactive(file):  3155932 kB
Unevictable:        4104 kB
Mlocked:            4104 kB
SwapTotal:       1048572 kB
SwapFree:        1048572 kB
Dirty:               180 kB
Writeback:             0 kB
AnonPages:       1217764 kB
Mapped:           814204 kB
Shmem:             16888 kB
Slab:             187140 kB
SReclaimable:      52352 kB
SUnreclaim:       134788 kB
KernelStack:       36736 kB
PageTables:        47276 kB
NFS_Unstable:          0 kB
Bounce:                0 kB
WritebackTmp:          0 kB
CommitLimit:     7105828 kB
Committed_AS:   54140368 kB
VmallocTotal:   263061440 kB
VmallocUsed:       61648 kB
VmallocChunk:          0 kB
Percpu:             2336 kB
CmaTotal:         294912 kB
CmaFree:               0 kB
MemTotal:       12114512 kB
MemFree:         3734812 kB
MemAvailable:    8754548 kB
Buffers:            4552 kB
Cached:          3693612 kB
SwapCached:            0 kB
Active:          1742456 kB
Inactive:        3171604 kB
Active(anon):    1220380 kB
Inactive(anon):    15672 kB
Active(file):     522076 kB
Inactive(file):  3155932 kB
Unevictable:        4104 kB
Mlocked:            4104 kB
SwapTotal:       1048572 kB
SwapFree:        1048572 kB
Dirty:               112 kB
Writeback:             0 kB
AnonPages:       1220056 kB
Mapped:           814020 kB
Shmem:             16916 kB
Slab:             187140 kB
SReclaimable:      52352 kB
SUnreclaim:       134788 kB
KernelStack:       36736 kB
PageTables:        47280 kB
NFS_Unstable:          0 kB
Bounce:                0 kB
WritebackTmp:          0 kB
CommitLimit:     7105828 kB
Committed_AS:   54140092 kB
VmallocTotal:   263061440 kB
VmallocUsed:       61616 kB
VmallocChunk:          0 kB
Percpu:             2336 kB
CmaTotal:         294912 kB
CmaFree:               0 kB
MemTotal:       12114512 kB
MemFree:         3734324 kB
MemAvailable:    8754560 kB
Buffers:            4552 kB
Cached:          3693632 kB
SwapCached:            0 kB
Active:          1743288 kB
Inactive:        3171608 kB
Active(anon):    1221212 kB
Inactive(anon):    15676 kB
Active(file):     522076 kB
Inactive(file):  3155932 kB
Unevictable:        4104 kB
Mlocked:            4104 kB
SwapTotal:       1048572 kB
SwapFree:        1048572 kB
Dirty:               140 kB
Writeback:             0 kB
AnonPages:       1220896 kB
Mapped:           814376 kB
Shmem:             16936 kB
Slab:             187140 kB
SReclaimable:      52352 kB
SUnreclaim:       134788 kB
KernelStack:       36736 kB
PageTables:        47280 kB
NFS_Unstable:          0 kB
Bounce:                0 kB
WritebackTmp:          0 kB
CommitLimit:     7105828 kB
Committed_AS:   54139604 kB
VmallocTotal:   263061440 kB
VmallocUsed:       61584 kB
VmallocChunk:          0 kB
Percpu:             2336 kB
CmaTotal:         294912 kB
CmaFree:               0 kB
MemTotal:       12114512 kB
MemFree:         3734120 kB
MemAvailable:    8753844 kB
Buffers:            4552 kB
Cached:          3693660 kB
SwapCached:            0 kB
Active:          1743636 kB
Inactive:        3171636 kB
Active(anon):    1221560 kB
Inactive(anon):    15704 kB
Active(file):     522076 kB
Inactive(file):  3155932 kB
Unevictable:        4104 kB
Mlocked:            4104 kB
SwapTotal:       1048572 kB
SwapFree:        1048572 kB
Dirty:               144 kB
Writeback:             0 kB
AnonPages:       1221100 kB
Mapped:           814832 kB
Shmem:             16964 kB
Slab:             187140 kB
SReclaimable:      52352 kB
SUnreclaim:       134788 kB
KernelStack:       36736 kB
PageTables:        47280 kB
NFS_Unstable:          0 kB
Bounce:                0 kB
WritebackTmp:          0 kB
CommitLimit:     7105828 kB
Committed_AS:   54139164 kB
VmallocTotal:   263061440 kB
VmallocUsed:       61600 kB
VmallocChunk:          0 kB
Percpu:             2336 kB
CmaTotal:         294912 kB
CmaFree:               0 kB
MemTotal:       12114512 kB
MemFree:         3745708 kB
MemAvailable:    8766192 kB
Buffers:            4552 kB
Cached:          3693676 kB
SwapCached:            0 kB
Active:          1731392 kB
Inactive:        3171652 kB
Active(anon):    1209316 kB
Inactive(anon):    15720 kB
Active(file):     522076 kB
Inactive(file):  3155932 kB
Unevictable:        4104 kB
Mlocked:            4104 kB
SwapTotal:       1048572 kB
SwapFree:        1048572 kB
Dirty:               144 kB
Writeback:             0 kB
AnonPages:       1208836 kB
Mapped:           814384 kB
Shmem:             16980 kB
Slab:             187144 kB
SReclaimable:      52352 kB
SUnreclaim:       134792 kB
KernelStack:       36752 kB
PageTables:        47284 kB
NFS_Unstable:          0 kB
Bounce:                0 kB
WritebackTmp:          0 kB
CommitLimit:     7105828 kB
Committed_AS:   54154656 kB
VmallocTotal:   263061440 kB
VmallocUsed:       61648 kB
VmallocChunk:          0 kB
Percpu:             2336 kB
CmaTotal:         294912 kB
CmaFree:             188 kB
MemTotal:       12114512 kB
MemFree:         3744244 kB
MemAvailable:    8763816 kB
Buffers:            4552 kB
Cached:          3693704 kB
SwapCached:            0 kB
Active:          1732192 kB
Inactive:        3171680 kB
Active(anon):    1210116 kB
Inactive(anon):    15748 kB
Active(file):     522076 kB
Inactive(file):  3155932 kB
Unevictable:        4104 kB
Mlocked:            4104 kB
SwapTotal:       1048572 kB
SwapFree:        1048572 kB
Dirty:               164 kB
Writeback:             0 kB
AnonPages:       1209796 kB
Mapped:           814688 kB
Shmem:             17008 kB
Slab:             187144 kB
SReclaimable:      52352 kB
SUnreclaim:       134792 kB
KernelStack:       36752 kB
PageTables:        47288 kB
NFS_Unstable:          0 kB
Bounce:                0 kB
WritebackTmp:          0 kB
CommitLimit:     7105828 kB
Committed_AS:   54154604 kB
VmallocTotal:   263061440 kB
VmallocUsed:       61664 kB
VmallocChunk:          0 kB
Percpu:             2336 kB
CmaTotal:         294912 kB
CmaFree:               0 kB
MemTotal:       12114512 kB
MemFree:         3742588 kB
MemAvailable:    8741776 kB
Buffers:            4552 kB
Cached:          3693848 kB
SwapCached:            0 kB
Active:          1735040 kB
Inactive:        3171800 kB
Active(anon):    1212964 kB
Inactive(anon):    15868 kB
Active(file):     522076 kB
Inactive(file):  3155932 kB
Unevictable:        4104 kB
Mlocked:            4104 kB
SwapTotal:       1048572 kB
SwapFree:        1048572 kB
Dirty:               168 kB
Writeback:             0 kB
AnonPages:       1212560 kB
Mapped:           814468 kB
Shmem:             17152 kB
Slab:             187144 kB
SReclaimable:      52352 kB
SUnreclaim:       134792 kB
KernelStack:       36784 kB
PageTables:        47356 kB
NFS_Unstable:          0 kB
Bounce:                0 kB
WritebackTmp:          0 kB
CommitLimit:     7105828 kB
Committed_AS:   54160564 kB
VmallocTotal:   263061440 kB
VmallocUsed:       61632 kB
VmallocChunk:          0 kB
Percpu:             2336 kB
CmaTotal:         294912 kB
CmaFree:               0 kB
MemTotal:       12114512 kB
MemFree:         3742700 kB
MemAvailable:    8741888 kB
Buffers:            4552 kB
Cached:          3693868 kB
SwapCached:            0 kB
Active:          1734312 kB
Inactive:        3171820 kB
Active(anon):    1212236 kB
Inactive(anon):    15888 kB
Active(file):     522076 kB
Inactive(file):  3155932 kB
Unevictable:        4104 kB
Mlocked:            4104 kB
SwapTotal:       1048572 kB
SwapFree:        1048572 kB
Dirty:               168 kB
Writeback:             0 kB
AnonPages:       1212036 kB
Mapped:           814488 kB
Shmem:             17172 kB
Slab:             187144 kB
SReclaimable:      52352 kB
SUnreclaim:       134792 kB
KernelStack:       36768 kB
PageTables:        47356 kB
NFS_Unstable:          0 kB
Bounce:                0 kB
WritebackTmp:          0 kB
CommitLimit:     7105828 kB
Committed_AS:   54160212 kB
VmallocTotal:   263061440 kB
VmallocUsed:       61600 kB
VmallocChunk:          0 kB
Percpu:             2336 kB
CmaTotal:         294912 kB
CmaFree:               0 kB
MemTotal:       12114512 kB
MemFree:         3739220 kB
MemAvailable:    8734792 kB
Buffers:            4552 kB
Cached:          3693952 kB
SwapCached:            0 kB
Active:          1738076 kB
Inactive:        3171900 kB
Active(anon):    1216000 kB
Inactive(anon):    15968 kB
Active(file):     522076 kB
Inactive(file):  3155932 kB
Unevictable:        4104 kB
Mlocked:            4104 kB
SwapTotal:       1048572 kB
SwapFree:        1048572 kB
Dirty:               232 kB
Writeback:             0 kB
AnonPages:       1215468 kB
Mapped:           815728 kB
Shmem:             17256 kB
Slab:             187152 kB
SReclaimable:      52352 kB
SUnreclaim:       134800 kB
KernelStack:       36704 kB
PageTables:        47304 kB
NFS_Unstable:          0 kB
Bounce:                0 kB
WritebackTmp:          0 kB
CommitLimit:     7105828 kB
Committed_AS:   54146972 kB
VmallocTotal:   263061440 kB
VmallocUsed:       61520 kB
VmallocChunk:          0 kB
Percpu:             2336 kB
CmaTotal:         294912 kB
CmaFree:               8 kB
MemTotal:       12114512 kB
MemFree:         3737692 kB
MemAvailable:    8733008 kB
Buffers:            4552 kB
Cached:          3693984 kB
SwapCached:            0 kB
Active:          1739696 kB
Inactive:        3171936 kB
Active(anon):    1217620 kB
Inactive(anon):    16004 kB
Active(file):     522076 kB
Inactive(file):  3155932 kB
Unevictable:        4104 kB
Mlocked:            4104 kB
SwapTotal:       1048572 kB
SwapFree:        1048572 kB
Dirty:               112 kB
Writeback:             0 kB
AnonPages:       1217424 kB
Mapped:           815900 kB
Shmem:             17288 kB
Slab:             187148 kB
SReclaimable:      52352 kB
SUnreclaim:       134796 kB
KernelStack:       36752 kB
PageTables:        47360 kB
NFS_Unstable:          0 kB
Bounce:                0 kB
WritebackTmp:          0 kB
CommitLimit:     7105828 kB
Committed_AS:   54149348 kB
VmallocTotal:   263061440 kB
VmallocUsed:       61600 kB
VmallocChunk:          0 kB
Percpu:             2336 kB
CmaTotal:         294912 kB
CmaFree:               0 kB
MemTotal:       12114512 kB
MemFree:         3736300 kB
MemAvailable:    8731612 kB
Buffers:            4552 kB
Cached:          3694012 kB
SwapCached:            0 kB
Active:          1739800 kB
Inactive:        3171960 kB
Active(anon):    1217724 kB
Inactive(anon):    16028 kB
Active(file):     522076 kB
Inactive(file):  3155932 kB
Unevictable:        4104 kB
Mlocked:            4104 kB
SwapTotal:       1048572 kB
SwapFree:        1048572 kB
Dirty:               140 kB
Writeback:             0 kB
AnonPages:       1217452 kB
Mapped:           815972 kB
Shmem:             17316 kB
Slab:             187152 kB
SReclaimable:      52352 kB
SUnreclaim:       134800 kB
KernelStack:       36752 kB
PageTables:        47364 kB
NFS_Unstable:          0 kB
Bounce:                0 kB
WritebackTmp:          0 kB
CommitLimit:     7105828 kB
Committed_AS:   54148776 kB
VmallocTotal:   263061440 kB
VmallocUsed:       61632 kB
VmallocChunk:          0 kB
Percpu:             2336 kB
CmaTotal:         294912 kB
CmaFree:               0 kB
MemTotal:       12114512 kB
MemFree:         3735496 kB
MemAvailable:    8730808 kB
Buffers:            4552 kB
Cached:          3694032 kB
SwapCached:            0 kB
Active:          1740432 kB
Inactive:        3171980 kB
Active(anon):    1218356 kB
Inactive(anon):    16048 kB
Active(file):     522076 kB
Inactive(file):  3155932 kB
Unevictable:        4104 kB
Mlocked:            4104 kB
SwapTotal:       1048572 kB
SwapFree:        1048572 kB
Dirty:               144 kB
Writeback:             0 kB
AnonPages:       1217908 kB
Mapped:           815992 kB
Shmem:             17336 kB
Slab:             187152 kB
SReclaimable:      52352 kB
SUnreclaim:       134800 kB
KernelStack:       36784 kB
PageTables:        47368 kB
NFS_Unstable:          0 kB
Bounce:                0 kB
WritebackTmp:          0 kB
CommitLimit:     7105828 kB
Committed_AS:   54148496 kB
VmallocTotal:   263061440 kB
VmallocUsed:       61648 kB
VmallocChunk:          0 kB
Percpu:             2336 kB
CmaTotal:         294912 kB
CmaFree:               0 kB
MemTotal:       12114512 kB
MemFree:         3734952 kB
MemAvailable:    8730264 kB
Buffers:            4552 kB
Cached:          3694060 kB
SwapCached:            0 kB
Active:          1740472 kB
Inactive:        3172008 kB
Active(anon):    1218396 kB
Inactive(anon):    16076 kB
Active(file):     522076 kB
Inactive(file):  3155932 kB
Unevictable:        4104 kB
Mlocked:            4104 kB
SwapTotal:       1048572 kB
SwapFree:        1048572 kB
Dirty:               144 kB
Writeback:             0 kB
AnonPages:       1217984 kB
Mapped:           816020 kB
Shmem:             17364 kB
Slab:             187152 kB
SReclaimable:      52352 kB
SUnreclaim:       134800 kB
KernelStack:       36784 kB
PageTables:        47368 kB
NFS_Unstable:          0 kB
Bounce:                0 kB
WritebackTmp:          0 kB
CommitLimit:     7105828 kB
Committed_AS:   54153576 kB
VmallocTotal:   263061440 kB
VmallocUsed:       61648 kB
VmallocChunk:          0 kB
Percpu:             2336 kB
CmaTotal:         294912 kB
CmaFree:               0 kB
MemTotal:       12114512 kB
MemFree:         3736684 kB
MemAvailable:    8824884 kB
Buffers:            4552 kB
Cached:          3693624 kB
SwapCached:            0 kB
Active:          1740584 kB
Inactive:        3170344 kB
Active(anon):    1217048 kB
Inactive(anon):    15892 kB
Active(file):     523536 kB
Inactive(file):  3154452 kB
Unevictable:        4104 kB
Mlocked:            4104 kB
SwapTotal:       1048572 kB
SwapFree:        1048572 kB
Dirty:               220 kB
Writeback:           144 kB
AnonPages:       1216652 kB
Mapped:           815784 kB
Shmem:             16948 kB
Slab:             187616 kB
SReclaimable:      52352 kB
SUnreclaim:       135264 kB
KernelStack:       37112 kB
PageTables:        48008 kB
NFS_Unstable:          0 kB
Bounce:                0 kB
WritebackTmp:          0 kB
CommitLimit:     7105828 kB
Committed_AS:   55532896 kB
VmallocTotal:   263061440 kB
VmallocUsed:       61956 kB
VmallocChunk:          0 kB
Percpu:             2336 kB
CmaTotal:         294912 kB
CmaFree:               0 kB
MemTotal:       12114512 kB
MemFree:         3729232 kB
MemAvailable:    8820464 kB
Buffers:            4552 kB
Cached:          3693940 kB
SwapCached:            0 kB
Active:          1746620 kB
Inactive:        3170440 kB
Active(anon):    1222912 kB
Inactive(anon):    16160 kB
Active(file):     523708 kB
Inactive(file):  3154280 kB
Unevictable:        4104 kB
Mlocked:            4104 kB
SwapTotal:       1048572 kB
SwapFree:        1048572 kB
Dirty:                72 kB
Writeback:             0 kB
AnonPages:       1222580 kB
Mapped:           820212 kB
Shmem:             17264 kB
Slab:             188104 kB
SReclaimable:      52348 kB
SUnreclaim:       135756 kB
KernelStack:       37428 kB
PageTables:        48380 kB
NFS_Unstable:          0 kB
Bounce:                0 kB
WritebackTmp:          0 kB
CommitLimit:     7105828 kB
Committed_AS:   55543008 kB
VmallocTotal:   263061440 kB
VmallocUsed:       62228 kB
VmallocChunk:          0 kB
Percpu:             2336 kB
CmaTotal:         294912 kB
CmaFree:              24 kB
MemTotal:       12114512 kB
MemFree:         3727976 kB
MemAvailable:    8819232 kB
Buffers:            4552 kB
Cached:          3693988 kB
SwapCached:            0 kB
Active:          1747980 kB
Inactive:        3170492 kB
Active(anon):    1224272 kB
Inactive(anon):    16188 kB
Active(file):     523708 kB
Inactive(file):  3154304 kB
Unevictable:        4104 kB
Mlocked:            4104 kB
SwapTotal:       1048572 kB
SwapFree:        1048572 kB
Dirty:                76 kB
Writeback:             0 kB
AnonPages:       1224132 kB
Mapped:           822400 kB
Shmem:             17288 kB
Slab:             188108 kB
SReclaimable:      52352 kB
SUnreclaim:       135756 kB
KernelStack:       37376 kB
PageTables:        48420 kB
NFS_Unstable:          0 kB
Bounce:                0 kB
WritebackTmp:          0 kB
CommitLimit:     7105828 kB
Committed_AS:   55532764 kB
VmallocTotal:   263061440 kB
VmallocUsed:       62244 kB
VmallocChunk:          0 kB
Percpu:             2336 kB
CmaTotal:         294912 kB
CmaFree:               0 kB
MemTotal:       12114512 kB
MemFree:         3696276 kB
MemAvailable:    8355796 kB
Buffers:            4552 kB
Cached:          3694224 kB
SwapCached:            0 kB
Active:          1775024 kB
Inactive:        3170404 kB
Active(anon):    1251032 kB
Inactive(anon):    16440 kB
Active(file):     523992 kB
Inactive(file):  3153964 kB
Unevictable:        4104 kB
Mlocked:            4104 kB
SwapTotal:       1048572 kB
SwapFree:        1048572 kB
Dirty:               196 kB
Writeback:             0 kB
AnonPages:       1250716 kB
Mapped:           824924 kB
Shmem:             17580 kB
Slab:             188924 kB
SReclaimable:      52484 kB
SUnreclaim:       136440 kB
KernelStack:       38624 kB
PageTables:        49196 kB
NFS_Unstable:          0 kB
Bounce:                0 kB
WritebackTmp:          0 kB
CommitLimit:     7105828 kB
Committed_AS:   55766224 kB
VmallocTotal:   263061440 kB
VmallocUsed:       63636 kB
VmallocChunk:          0 kB
Percpu:             2336 kB
CmaTotal:         294912 kB
CmaFree:               0 kB
MemTotal:       12114512 kB
MemFree:         3711904 kB
MemAvailable:    8371136 kB
Buffers:            4552 kB
Cached:          3693160 kB
SwapCached:            0 kB
Active:          1758568 kB
Inactive:        3169656 kB
Active(anon):    1234876 kB
Inactive(anon):    15696 kB
Active(file):     523692 kB
Inactive(file):  3153960 kB
Unevictable:        4104 kB
Mlocked:            4104 kB
SwapTotal:       1048572 kB
SwapFree:        1048572 kB
Dirty:               220 kB
Writeback:             0 kB
AnonPages:       1234412 kB
Mapped:           824724 kB
Shmem:             16820 kB
Slab:             188956 kB
SReclaimable:      52516 kB
SUnreclaim:       136440 kB
KernelStack:       38608 kB
PageTables:        49316 kB
NFS_Unstable:          0 kB
Bounce:                0 kB
WritebackTmp:          0 kB
CommitLimit:     7105828 kB
Committed_AS:   55764828 kB
VmallocTotal:   263061440 kB
VmallocUsed:       63684 kB
VmallocChunk:          0 kB
Percpu:             2336 kB
CmaTotal:         294912 kB
CmaFree:              60 kB
MemTotal:       12114512 kB
MemFree:         3719100 kB
MemAvailable:    8469956 kB
Buffers:            4552 kB
Cached:          3693144 kB
SwapCached:            0 kB
Active:          1752300 kB
Inactive:        3169640 kB
Active(anon):    1228608 kB
Inactive(anon):    15680 kB
Active(file):     523692 kB
Inactive(file):  3153960 kB
Unevictable:        4104 kB
Mlocked:            4104 kB
SwapTotal:       1048572 kB
SwapFree:        1048572 kB
Dirty:               220 kB
Writeback:             0 kB
AnonPages:       1228432 kB
Mapped:           825020 kB
Shmem:             16804 kB
Slab:             188956 kB
SReclaimable:      52516 kB
SUnreclaim:       136440 kB
KernelStack:       38544 kB
PageTables:        49240 kB
NFS_Unstable:          0 kB
Bounce:                0 kB
WritebackTmp:          0 kB
CommitLimit:     7105828 kB
Committed_AS:   55766912 kB
VmallocTotal:   263061440 kB
VmallocUsed:       63588 kB
VmallocChunk:          0 kB
Percpu:             2336 kB
CmaTotal:         294912 kB
CmaFree:               0 kB
MemTotal:       12114512 kB
MemFree:         3719712 kB
MemAvailable:    8470572 kB
Buffers:            4552 kB
Cached:          3693144 kB
SwapCached:            0 kB
Active:          1752576 kB
Inactive:        3169640 kB
Active(anon):    1228884 kB
Inactive(anon):    15680 kB
Active(file):     523692 kB
Inactive(file):  3153960 kB
Unevictable:        4104 kB
Mlocked:            4104 kB
SwapTotal:       1048572 kB
SwapFree:        1048572 kB
Dirty:                84 kB
Writeback:             0 kB
AnonPages:       1228496 kB
Mapped:           824760 kB
Shmem:             16804 kB
Slab:             188968 kB
SReclaimable:      52528 kB
SUnreclaim:       136440 kB
KernelStack:       38480 kB
PageTables:        49364 kB
NFS_Unstable:          0 kB
Bounce:                0 kB
WritebackTmp:          0 kB
CommitLimit:     7105828 kB
Committed_AS:   55766260 kB
VmallocTotal:   263061440 kB
VmallocUsed:       63556 kB
VmallocChunk:          0 kB
Percpu:             2336 kB
CmaTotal:         294912 kB
CmaFree:               0 kB
MemTotal:       12114512 kB
MemFree:         3719216 kB
MemAvailable:    8470068 kB
Buffers:            4552 kB
Cached:          3693144 kB
SwapCached:            0 kB
Active:          1753124 kB
Inactive:        3169640 kB
Active(anon):    1229432 kB
Inactive(anon):    15680 kB
Active(file):     523692 kB
Inactive(file):  3153960 kB
Unevictable:        4104 kB
Mlocked:            4104 kB
SwapTotal:       1048572 kB
SwapFree:        1048572 kB
Dirty:                84 kB
Writeback:             0 kB
AnonPages:       1228956 kB
Mapped:           824760 kB
Shmem:             16804 kB
Slab:             188952 kB
SReclaimable:      52512 kB
SUnreclaim:       136440 kB
KernelStack:       38512 kB
PageTables:        49368 kB
NFS_Unstable:          0 kB
Bounce:                0 kB
WritebackTmp:          0 kB
CommitLimit:     7105828 kB
Committed_AS:   55765860 kB
VmallocTotal:   263061440 kB
VmallocUsed:       63540 kB
VmallocChunk:          0 kB
Percpu:             2336 kB
CmaTotal:         294912 kB
CmaFree:               0 kB
MemTotal:       12114512 kB
MemFree:         3725152 kB
MemAvailable:    8483184 kB
Buffers:            4552 kB
Cached:          3693144 kB
SwapCached:            0 kB
Active:          1747376 kB
Inactive:        3169640 kB
Active(anon):    1223684 kB
Inactive(anon):    15680 kB
Active(file):     523692 kB
Inactive(file):  3153960 kB
Unevictable:        4104 kB
Mlocked:            4104 kB
SwapTotal:       1048572 kB
SwapFree:        1048572 kB
Dirty:                84 kB
Writeback:             0 kB
AnonPages:       1223660 kB
Mapped:           824760 kB
Shmem:             16804 kB
Slab:             188952 kB
SReclaimable:      52512 kB
SUnreclaim:       136440 kB
KernelStack:       38480 kB
PageTables:        49244 kB
NFS_Unstable:          0 kB
Bounce:                0 kB
WritebackTmp:          0 kB
CommitLimit:     7105828 kB
Committed_AS:   55765488 kB
VmallocTotal:   263061440 kB
VmallocUsed:       63524 kB
VmallocChunk:          0 kB
Percpu:             2336 kB
CmaTotal:         294912 kB
CmaFree:              52 kB
MemTotal:       12114512 kB
MemFree:         3727920 kB
MemAvailable:    8485952 kB
Buffers:            4552 kB
Cached:          3692984 kB
SwapCached:            0 kB
Active:          1743336 kB
Inactive:        3169640 kB
Active(anon):    1219644 kB
Inactive(anon):    15680 kB
Active(file):     523692 kB
Inactive(file):  3153960 kB
Unevictable:        4104 kB
Mlocked:            4104 kB
SwapTotal:       1048572 kB
SwapFree:        1048572 kB
Dirty:                84 kB
Writeback:             0 kB
AnonPages:       1219524 kB
Mapped:           824828 kB
Shmem:             16644 kB
Slab:             188952 kB
SReclaimable:      52512 kB
SUnreclaim:       136440 kB
KernelStack:       38480 kB
PageTables:        49252 kB
NFS_Unstable:          0 kB
Bounce:                0 kB
WritebackTmp:          0 kB
CommitLimit:     7105828 kB
Committed_AS:   55755560 kB
VmallocTotal:   263061440 kB
VmallocUsed:       63524 kB
VmallocChunk:          0 kB
Percpu:             2336 kB
CmaTotal:         294912 kB
CmaFree:             304 kB
MemTotal:       12114512 kB
MemFree:         3734408 kB
MemAvailable:    8492440 kB
Buffers:            4552 kB
Cached:          3692984 kB
SwapCached:            0 kB
Active:          1737776 kB
Inactive:        3169640 kB
Active(anon):    1214084 kB
Inactive(anon):    15680 kB
Active(file):     523692 kB
Inactive(file):  3153960 kB
Unevictable:        4104 kB
Mlocked:            4104 kB
SwapTotal:       1048572 kB
SwapFree:        1048572 kB
Dirty:               100 kB
Writeback:             0 kB
AnonPages:       1213932 kB
Mapped:           824552 kB
Shmem:             16644 kB
Slab:             188952 kB
SReclaimable:      52512 kB
SUnreclaim:       136440 kB
KernelStack:       38496 kB
PageTables:        49224 kB
NFS_Unstable:          0 kB
Bounce:                0 kB
WritebackTmp:          0 kB
CommitLimit:     7105828 kB
Committed_AS:   55754608 kB
VmallocTotal:   263061440 kB
VmallocUsed:       63556 kB
VmallocChunk:          0 kB
Percpu:             2336 kB
CmaTotal:         294912 kB
CmaFree:               0 kB
MemTotal:       12114512 kB
MemFree:         3734312 kB
MemAvailable:    8492344 kB
Buffers:            4552 kB
Cached:          3692984 kB
SwapCached:            0 kB
Active:          1738960 kB
Inactive:        3169640 kB
Active(anon):    1215268 kB
Inactive(anon):    15680 kB
Active(file):     523692 kB
Inactive(file):  3153960 kB
Unevictable:        4104 kB
Mlocked:            4104 kB
SwapTotal:       1048572 kB
SwapFree:        1048572 kB
Dirty:               212 kB
Writeback:             0 kB
AnonPages:       1215104 kB
Mapped:           824552 kB
Shmem:             16644 kB
Slab:             188984 kB
SReclaimable:      52512 kB
SUnreclaim:       136472 kB
KernelStack:       38464 kB
PageTables:        49224 kB
NFS_Unstable:          0 kB
Bounce:                0 kB
WritebackTmp:          0 kB
CommitLimit:     7105828 kB
Committed_AS:   55754696 kB
VmallocTotal:   263061440 kB
VmallocUsed:       63508 kB
VmallocChunk:          0 kB
Percpu:             2336 kB
CmaTotal:         294912 kB
CmaFree:              24 kB
MemTotal:       12114512 kB
MemFree:         3734464 kB
MemAvailable:    8492504 kB
Buffers:            4552 kB
Cached:          3692984 kB
SwapCached:            0 kB
Active:          1739348 kB
Inactive:        3169640 kB
Active(anon):    1215656 kB
Inactive(anon):    15680 kB
Active(file):     523692 kB
Inactive(file):  3153960 kB
Unevictable:        4104 kB
Mlocked:            4104 kB
SwapTotal:       1048572 kB
SwapFree:        1048572 kB
