MemTotal:       12114512 kB
MemFree:         3164204 kB
MemAvailable:    8998452 kB
Buffers:            6756 kB
Cached:          4151104 kB
SwapCached:            0 kB
Active:          1989588 kB
Inactive:        3450756 kB
Active(anon):    1286860 kB
Inactive(anon):    13308 kB
Active(file):     702728 kB
Inactive(file):  3437448 kB
Unevictable:        4164 kB
Mlocked:            4164 kB
SwapTotal:       1048572 kB
SwapFree:        1048572 kB
Dirty:                12 kB
Writeback:             0 kB
AnonPages:       1286804 kB
Mapped:           801948 kB
Shmem:             14384 kB
Slab:             199052 kB
SReclaimable:      56780 kB
SUnreclaim:       142272 kB
KernelStack:       38304 kB
PageTables:        48380 kB
NFS_Unstable:          0 kB
Bounce:                0 kB
WritebackTmp:          0 kB
CommitLimit:     7105828 kB
Committed_AS:   53479696 kB
VmallocTotal:   263061440 kB
VmallocUsed:       63116 kB
VmallocChunk:          0 kB
Percpu:             2336 kB
CmaTotal:         294912 kB
CmaFree:               0 kB
MemTotal:       12114512 kB
MemFree:         3161292 kB
MemAvailable:    8995540 kB
Buffers:            6756 kB
Cached:          4151104 kB
SwapCached:            0 kB
Active:          1989700 kB
Inactive:        3450756 kB
Active(anon):    1286972 kB
Inactive(anon):    13308 kB
Active(file):     702728 kB
Inactive(file):  3437448 kB
Unevictable:        4164 kB
Mlocked:            4164 kB
SwapTotal:       1048572 kB
SwapFree:        1048572 kB
Dirty:                12 kB
Writeback:             0 kB
AnonPages:       1286912 kB
Mapped:           801940 kB
Shmem:             14384 kB
Slab:             198940 kB
SReclaimable:      56780 kB
SUnreclaim:       142160 kB
KernelStack:       38336 kB
PageTables:        48384 kB
NFS_Unstable:          0 kB
Bounce:                0 kB
WritebackTmp:          0 kB
CommitLimit:     7105828 kB
Committed_AS:   53477568 kB
VmallocTotal:   263061440 kB
VmallocUsed:       63180 kB
VmallocChunk:          0 kB
Percpu:             2336 kB
CmaTotal:         294912 kB
CmaFree:               0 kB
MemTotal:       12114512 kB
MemFree:         3160284 kB
MemAvailable:    8994532 kB
Buffers:            6756 kB
Cached:          4151104 kB
SwapCached:            0 kB
Active:          1989852 kB
Inactive:        3450756 kB
Active(anon):    1287124 kB
Inactive(anon):    13308 kB
Active(file):     702728 kB
Inactive(file):  3437448 kB
Unevictable:        4164 kB
Mlocked:            4164 kB
SwapTotal:       1048572 kB
SwapFree:        1048572 kB
Dirty:                28 kB
Writeback:             0 kB
AnonPages:       1286972 kB
Mapped:           802108 kB
Shmem:             14384 kB
Slab:             198940 kB
SReclaimable:      56780 kB
SUnreclaim:       142160 kB
KernelStack:       38368 kB
PageTables:        48428 kB
NFS_Unstable:          0 kB
Bounce:                0 kB
WritebackTmp:          0 kB
CommitLimit:     7105828 kB
Committed_AS:   53477196 kB
VmallocTotal:   263061440 kB
VmallocUsed:       63196 kB
VmallocChunk:          0 kB
Percpu:             2336 kB
CmaTotal:         294912 kB
CmaFree:               0 kB
MemTotal:       12114512 kB
MemFree:         3160416 kB
MemAvailable:    8994664 kB
Buffers:            6756 kB
Cached:          4151104 kB
SwapCached:            0 kB
Active:          1989976 kB
Inactive:        3450756 kB
Active(anon):    1287248 kB
Inactive(anon):    13308 kB
Active(file):     702728 kB
Inactive(file):  3437448 kB
Unevictable:        4164 kB
Mlocked:            4164 kB
SwapTotal:       1048572 kB
SwapFree:        1048572 kB
Dirty:                28 kB
Writeback:             0 kB
AnonPages:       1287200 kB
Mapped:           801948 kB
Shmem:             14384 kB
Slab:             198804 kB
SReclaimable:      56780 kB
SUnreclaim:       142024 kB
KernelStack:       38336 kB
PageTables:        48384 kB
NFS_Unstable:          0 kB
Bounce:                0 kB
WritebackTmp:          0 kB
CommitLimit:     7105828 kB
Committed_AS:   53476976 kB
VmallocTotal:   263061440 kB
VmallocUsed:       63196 kB
VmallocChunk:          0 kB
Percpu:             2336 kB
CmaTotal:         294912 kB
CmaFree:               0 kB
MemTotal:       12114512 kB
MemFree:         3157740 kB
MemAvailable:    8905872 kB
Buffers:            6756 kB
Cached:          4151124 kB
SwapCached:            0 kB
Active:          1996892 kB
Inactive:        3450776 kB
Active(anon):    1294164 kB
Inactive(anon):    13328 kB
Active(file):     702728 kB
Inactive(file):  3437448 kB
Unevictable:        4164 kB
Mlocked:            4164 kB
SwapTotal:       1048572 kB
SwapFree:        1048572 kB
Dirty:                52 kB
Writeback:             0 kB
AnonPages:       1293844 kB
Mapped:           802008 kB
Shmem:             14404 kB
Slab:             198904 kB
SReclaimable:      56780 kB
SUnreclaim:       142124 kB
KernelStack:       38832 kB
PageTables:        48628 kB
NFS_Unstable:          0 kB
Bounce:                0 kB
WritebackTmp:          0 kB
CommitLimit:     7105828 kB
Committed_AS:   53477648 kB
VmallocTotal:   263061440 kB
VmallocUsed:       63548 kB
VmallocChunk:          0 kB
Percpu:             2336 kB
CmaTotal:         294912 kB
CmaFree:               0 kB
MemTotal:       12114512 kB
MemFree:         2974528 kB
MemAvailable:    8502544 kB
Buffers:            6756 kB
Cached:          4153036 kB
SwapCached:            0 kB
Active:          2160744 kB
Inactive:        3452524 kB
Active(anon):    1457860 kB
Inactive(anon):    13644 kB
Active(file):     702884 kB
Inactive(file):  3438880 kB
Unevictable:        4164 kB
Mlocked:            4164 kB
SwapTotal:       1048572 kB
SwapFree:        1048572 kB
Dirty:              1736 kB
Writeback:             0 kB
AnonPages:       1457444 kB
Mapped:           804072 kB
Shmem:             14728 kB
Slab:             198916 kB
SReclaimable:      56780 kB
SUnreclaim:       142136 kB
KernelStack:       40592 kB
PageTables:        49020 kB
NFS_Unstable:          0 kB
Bounce:                0 kB
WritebackTmp:          0 kB
CommitLimit:     7105828 kB
Committed_AS:   53520592 kB
VmallocTotal:   263061440 kB
VmallocUsed:       65560 kB
VmallocChunk:          0 kB
Percpu:             2336 kB
CmaTotal:         294912 kB
CmaFree:               0 kB
MemTotal:       12114512 kB
MemFree:         3014776 kB
MemAvailable:    8471384 kB
Buffers:            6756 kB
Cached:          4153120 kB
SwapCached:            0 kB
Active:          2124048 kB
Inactive:        3451168 kB
Active(anon):    1419732 kB
Inactive(anon):    13720 kB
Active(file):     704316 kB
Inactive(file):  3437448 kB
Unevictable:        4164 kB
Mlocked:            4164 kB
SwapTotal:       1048572 kB
SwapFree:        1048572 kB
Dirty:              1784 kB
Writeback:             0 kB
AnonPages:       1419844 kB
Mapped:           806232 kB
Shmem:             14812 kB
Slab:             199036 kB
SReclaimable:      56780 kB
SUnreclaim:       142256 kB
KernelStack:       40864 kB
PageTables:        49320 kB
NFS_Unstable:          0 kB
Bounce:                0 kB
WritebackTmp:          0 kB
CommitLimit:     7105828 kB
Committed_AS:   53519740 kB
VmallocTotal:   263061440 kB
VmallocUsed:       65848 kB
VmallocChunk:          0 kB
Percpu:             2336 kB
CmaTotal:         294912 kB
CmaFree:               0 kB
MemTotal:       12114512 kB
MemFree:         3081524 kB
MemAvailable:    8565356 kB
Buffers:            6756 kB
Cached:          4153164 kB
SwapCached:            0 kB
Active:          2050468 kB
Inactive:        3451312 kB
Active(anon):    1346260 kB
Inactive(anon):    13752 kB
Active(file):     704208 kB
Inactive(file):  3437560 kB
Unevictable:        4164 kB
Mlocked:            4164 kB
SwapTotal:       1048572 kB
SwapFree:        1048572 kB
Dirty:              3460 kB
Writeback:             0 kB
AnonPages:       1346100 kB
Mapped:           806372 kB
Shmem:             14852 kB
Slab:             199036 kB
SReclaimable:      56780 kB
SUnreclaim:       142256 kB
KernelStack:       41008 kB
PageTables:        49264 kB
NFS_Unstable:          0 kB
Bounce:                0 kB
WritebackTmp:          0 kB
CommitLimit:     7105828 kB
Committed_AS:   53521380 kB
VmallocTotal:   263061440 kB
VmallocUsed:       65912 kB
VmallocChunk:          0 kB
Percpu:             2336 kB
CmaTotal:         294912 kB
CmaFree:               0 kB
MemTotal:       12114512 kB
MemFree:         3089728 kB
MemAvailable:    8573948 kB
Buffers:            6756 kB
Cached:          4153192 kB
SwapCached:            0 kB
Active:          2042764 kB
Inactive:        3451240 kB
Active(anon):    1338444 kB
Inactive(anon):    13788 kB
Active(file):     704320 kB
Inactive(file):  3437452 kB
Unevictable:        4164 kB
Mlocked:            4164 kB
SwapTotal:       1048572 kB
SwapFree:        1048572 kB
Dirty:              1752 kB
Writeback:           140 kB
AnonPages:       1338284 kB
Mapped:           806248 kB
Shmem:             14876 kB
Slab:             199036 kB
SReclaimable:      56780 kB
SUnreclaim:       142256 kB
KernelStack:       41040 kB
PageTables:        49424 kB
NFS_Unstable:          0 kB
Bounce:                0 kB
WritebackTmp:          0 kB
CommitLimit:     7105828 kB
Committed_AS:   53528840 kB
VmallocTotal:   263061440 kB
VmallocUsed:       65992 kB
VmallocChunk:          0 kB
Percpu:             2336 kB
CmaTotal:         294912 kB
CmaFree:             528 kB
MemTotal:       12114512 kB
MemFree:         3089600 kB
MemAvailable:    8573820 kB
Buffers:            6756 kB
Cached:          4153188 kB
SwapCached:            0 kB
Active:          2042868 kB
Inactive:        3451256 kB
Active(anon):    1338548 kB
Inactive(anon):    13804 kB
Active(file):     704320 kB
Inactive(file):  3437452 kB
Unevictable:        4164 kB
Mlocked:            4164 kB
SwapTotal:       1048572 kB
SwapFree:        1048572 kB
Dirty:              1924 kB
Writeback:             0 kB
AnonPages:       1338440 kB
Mapped:           806252 kB
Shmem:             14872 kB
Slab:             199036 kB
SReclaimable:      56780 kB
SUnreclaim:       142256 kB
KernelStack:       41080 kB
PageTables:        49620 kB
NFS_Unstable:          0 kB
Bounce:                0 kB
WritebackTmp:          0 kB
CommitLimit:     7105828 kB
Committed_AS:   53533956 kB
VmallocTotal:   263061440 kB
VmallocUsed:       65992 kB
VmallocChunk:          0 kB
Percpu:             2336 kB
CmaTotal:         294912 kB
CmaFree:               0 kB
MemTotal:       12114512 kB
MemFree:         3101728 kB
MemAvailable:    8647268 kB
Buffers:            6756 kB
Cached:          4153224 kB
SwapCached:            0 kB
Active:          2031300 kB
Inactive:        3451296 kB
Active(anon):    1326984 kB
Inactive(anon):    13848 kB
Active(file):     704316 kB
Inactive(file):  3437448 kB
Unevictable:        4164 kB
Mlocked:            4164 kB
SwapTotal:       1048572 kB
SwapFree:        1048572 kB
Dirty:              1960 kB
Writeback:             0 kB
AnonPages:       1326672 kB
Mapped:           806268 kB
Shmem:             14916 kB
Slab:             198936 kB
SReclaimable:      56780 kB
SUnreclaim:       142156 kB
KernelStack:       40928 kB
PageTables:        49200 kB
NFS_Unstable:          0 kB
Bounce:                0 kB
WritebackTmp:          0 kB
CommitLimit:     7105828 kB
Committed_AS:   53530536 kB
VmallocTotal:   263061440 kB
VmallocUsed:       65784 kB
VmallocChunk:          0 kB
Percpu:             2336 kB
CmaTotal:         294912 kB
CmaFree:              16 kB
MemTotal:       12114512 kB
MemFree:         3102664 kB
MemAvailable:    8648212 kB
Buffers:            6756 kB
Cached:          4153252 kB
SwapCached:            0 kB
Active:          2030448 kB
Inactive:        3451320 kB
Active(anon):    1326128 kB
Inactive(anon):    13868 kB
Active(file):     704320 kB
Inactive(file):  3437452 kB
Unevictable:        4164 kB
Mlocked:            4164 kB
SwapTotal:       1048572 kB
SwapFree:        1048572 kB
Dirty:              1972 kB
Writeback:             4 kB
AnonPages:       1326112 kB
Mapped:           806184 kB
Shmem:             14936 kB
Slab:             198936 kB
SReclaimable:      56780 kB
SUnreclaim:       142156 kB
KernelStack:       40928 kB
PageTables:        49188 kB
NFS_Unstable:          0 kB
Bounce:                0 kB
WritebackTmp:          0 kB
CommitLimit:     7105828 kB
Committed_AS:   53528360 kB
VmallocTotal:   263061440 kB
VmallocUsed:       65768 kB
VmallocChunk:          0 kB
Percpu:             2336 kB
CmaTotal:         294912 kB
CmaFree:               0 kB
MemTotal:       12114512 kB
MemFree:         3089068 kB
MemAvailable:    8633464 kB
Buffers:            6756 kB
Cached:          4153272 kB
SwapCached:            0 kB
Active:          2043500 kB
Inactive:        3451336 kB
Active(anon):    1339180 kB
Inactive(anon):    13884 kB
Active(file):     704320 kB
Inactive(file):  3437452 kB
Unevictable:        4164 kB
Mlocked:            4164 kB
SwapTotal:       1048572 kB
SwapFree:        1048572 kB
Dirty:              1968 kB
Writeback:             0 kB
AnonPages:       1339044 kB
Mapped:           806660 kB
Shmem:             14956 kB
Slab:             198912 kB
SReclaimable:      56780 kB
SUnreclaim:       142132 kB
KernelStack:       40960 kB
PageTables:        49248 kB
NFS_Unstable:          0 kB
Bounce:                0 kB
WritebackTmp:          0 kB
CommitLimit:     7105828 kB
Committed_AS:   53519500 kB
VmallocTotal:   263061440 kB
VmallocUsed:       65800 kB
VmallocChunk:          0 kB
Percpu:             2336 kB
CmaTotal:         294912 kB
CmaFree:               0 kB
MemTotal:       12114512 kB
MemFree:         3091748 kB
MemAvailable:    8636172 kB
Buffers:            6756 kB
Cached:          4153300 kB
SwapCached:            0 kB
Active:          2041068 kB
Inactive:        3451368 kB
Active(anon):    1336748 kB
Inactive(anon):    13912 kB
Active(file):     704320 kB
Inactive(file):  3437456 kB
Unevictable:        4164 kB
Mlocked:            4164 kB
SwapTotal:       1048572 kB
SwapFree:        1048572 kB
Dirty:               160 kB
Writeback:             0 kB
AnonPages:       1336688 kB
Mapped:           806524 kB
Shmem:             14980 kB
Slab:             198944 kB
SReclaimable:      56780 kB
SUnreclaim:       142164 kB
KernelStack:       40928 kB
PageTables:        49204 kB
NFS_Unstable:          0 kB
Bounce:                0 kB
WritebackTmp:          0 kB
CommitLimit:     7105828 kB
Committed_AS:   53519244 kB
VmallocTotal:   263061440 kB
VmallocUsed:       65800 kB
VmallocChunk:          0 kB
Percpu:             2336 kB
CmaTotal:         294912 kB
CmaFree:               0 kB
MemTotal:       12114512 kB
MemFree:         3090960 kB
MemAvailable:    8635384 kB
Buffers:            6756 kB
Cached:          4153320 kB
SwapCached:            0 kB
Active:          2041408 kB
Inactive:        3451388 kB
Active(anon):    1337088 kB
Inactive(anon):    13932 kB
Active(file):     704320 kB
Inactive(file):  3437456 kB
Unevictable:        4164 kB
Mlocked:            4164 kB
SwapTotal:       1048572 kB
SwapFree:        1048572 kB
Dirty:               160 kB
Writeback:             0 kB
AnonPages:       1336928 kB
Mapped:           806760 kB
Shmem:             15000 kB
Slab:             198944 kB
SReclaimable:      56780 kB
SUnreclaim:       142164 kB
KernelStack:       40960 kB
PageTables:        49240 kB
NFS_Unstable:          0 kB
Bounce:                0 kB
WritebackTmp:          0 kB
CommitLimit:     7105828 kB
Committed_AS:   53521204 kB
VmallocTotal:   263061440 kB
VmallocUsed:       65816 kB
VmallocChunk:          0 kB
Percpu:             2336 kB
CmaTotal:         294912 kB
CmaFree:               0 kB
MemTotal:       12114512 kB
MemFree:         3086464 kB
MemAvailable:    8635900 kB
Buffers:            6756 kB
Cached:          4153340 kB
SwapCached:            0 kB
Active:          2045212 kB
Inactive:        3451408 kB
Active(anon):    1340892 kB
Inactive(anon):    13952 kB
Active(file):     704320 kB
Inactive(file):  3437456 kB
Unevictable:        4164 kB
Mlocked:            4164 kB
SwapTotal:       1048572 kB
SwapFree:        1048572 kB
Dirty:               188 kB
Writeback:             0 kB
AnonPages:       1340788 kB
Mapped:           806564 kB
Shmem:             15020 kB
Slab:             198928 kB
SReclaimable:      56780 kB
SUnreclaim:       142148 kB
KernelStack:       40816 kB
PageTables:        49200 kB
NFS_Unstable:          0 kB
Bounce:                0 kB
WritebackTmp:          0 kB
CommitLimit:     7105828 kB
Committed_AS:   53520412 kB
VmallocTotal:   263061440 kB
VmallocUsed:       65688 kB
VmallocChunk:          0 kB
Percpu:             2336 kB
CmaTotal:         294912 kB
CmaFree:               0 kB
MemTotal:       12114512 kB
MemFree:         3088068 kB
MemAvailable:    8637480 kB
Buffers:            6756 kB
Cached:          4153356 kB
SwapCached:            0 kB
Active:          2046484 kB
Inactive:        3451424 kB
Active(anon):    1342164 kB
Inactive(anon):    13968 kB
Active(file):     704320 kB
Inactive(file):  3437456 kB
Unevictable:        4164 kB
Mlocked:            4164 kB
SwapTotal:       1048572 kB
SwapFree:        1048572 kB
Dirty:               188 kB
Writeback:             0 kB
AnonPages:       1342172 kB
Mapped:           806840 kB
Shmem:             15036 kB
Slab:             198928 kB
SReclaimable:      56780 kB
SUnreclaim:       142148 kB
KernelStack:       40852 kB
PageTables:        49128 kB
NFS_Unstable:          0 kB
Bounce:                0 kB
WritebackTmp:          0 kB
CommitLimit:     7105828 kB
Committed_AS:   53520924 kB
VmallocTotal:   263061440 kB
VmallocUsed:       65704 kB
VmallocChunk:          0 kB
Percpu:             2336 kB
CmaTotal:         294912 kB
CmaFree:               0 kB
MemTotal:       12114512 kB
MemFree:         3086872 kB
MemAvailable:    8636284 kB
Buffers:            6756 kB
Cached:          4153380 kB
SwapCached:            0 kB
Active:          2046944 kB
Inactive:        3451448 kB
Active(anon):    1342624 kB
Inactive(anon):    13992 kB
Active(file):     704320 kB
Inactive(file):  3437456 kB
Unevictable:        4164 kB
Mlocked:            4164 kB
SwapTotal:       1048572 kB
SwapFree:        1048572 kB
Dirty:               200 kB
Writeback:             0 kB
AnonPages:       1342636 kB
Mapped:           806620 kB
Shmem:             15060 kB
Slab:             198928 kB
SReclaimable:      56780 kB
SUnreclaim:       142148 kB
KernelStack:       40816 kB
PageTables:        49200 kB
NFS_Unstable:          0 kB
Bounce:                0 kB
WritebackTmp:          0 kB
CommitLimit:     7105828 kB
Committed_AS:   53521880 kB
VmallocTotal:   263061440 kB
VmallocUsed:       65704 kB
VmallocChunk:          0 kB
Percpu:             2336 kB
CmaTotal:         294912 kB
CmaFree:               0 kB
MemTotal:       12114512 kB
MemFree:         3087092 kB
MemAvailable:    8636504 kB
Buffers:            6756 kB
Cached:          4153400 kB
SwapCached:            0 kB
Active:          2047012 kB
Inactive:        3451468 kB
Active(anon):    1342692 kB
Inactive(anon):    14012 kB
Active(file):     704320 kB
Inactive(file):  3437456 kB
Unevictable:        4164 kB
Mlocked:            4164 kB
SwapTotal:       1048572 kB
SwapFree:        1048572 kB
Dirty:               216 kB
Writeback:             0 kB
AnonPages:       1342444 kB
Mapped:           806648 kB
Shmem:             15080 kB
Slab:             198944 kB
SReclaimable:      56780 kB
SUnreclaim:       142164 kB
KernelStack:       40820 kB
PageTables:        49208 kB
NFS_Unstable:          0 kB
Bounce:                0 kB
WritebackTmp:          0 kB
CommitLimit:     7105828 kB
Committed_AS:   53528160 kB
VmallocTotal:   263061440 kB
VmallocUsed:       65704 kB
VmallocChunk:          0 kB
Percpu:             2336 kB
CmaTotal:         294912 kB
CmaFree:               0 kB
MemTotal:       12114512 kB
MemFree:         3085876 kB
MemAvailable:    8635288 kB
Buffers:            6756 kB
Cached:          4153428 kB
SwapCached:            0 kB
Active:          2047560 kB
Inactive:        3451496 kB
Active(anon):    1343240 kB
Inactive(anon):    14040 kB
Active(file):     704320 kB
Inactive(file):  3437456 kB
Unevictable:        4164 kB
Mlocked:            4164 kB
SwapTotal:       1048572 kB
SwapFree:        1048572 kB
Dirty:               160 kB
Writeback:             0 kB
AnonPages:       1343176 kB
Mapped:           806768 kB
Shmem:             15108 kB
Slab:             198936 kB
SReclaimable:      56780 kB
SUnreclaim:       142156 kB
KernelStack:       40816 kB
PageTables:        49200 kB
NFS_Unstable:          0 kB
Bounce:                0 kB
WritebackTmp:          0 kB
CommitLimit:     7105828 kB
Committed_AS:   53524468 kB
VmallocTotal:   263061440 kB
VmallocUsed:       65720 kB
VmallocChunk:          0 kB
Percpu:             2336 kB
CmaTotal:         294912 kB
CmaFree:               0 kB
MemTotal:       12114512 kB
MemFree:         3080548 kB
MemAvailable:    8611160 kB
Buffers:            6756 kB
Cached:          4153652 kB
SwapCached:            0 kB
Active:          2054100 kB
Inactive:        3451680 kB
Active(anon):    1349776 kB
Inactive(anon):    14228 kB
Active(file):     704324 kB
Inactive(file):  3437452 kB
Unevictable:        4164 kB
Mlocked:            4164 kB
SwapTotal:       1048572 kB
SwapFree:        1048572 kB
Dirty:               204 kB
Writeback:             0 kB
AnonPages:       1349488 kB
Mapped:           806336 kB
Shmem:             15332 kB
Slab:             198936 kB
SReclaimable:      56780 kB
SUnreclaim:       142156 kB
KernelStack:       40832 kB
PageTables:        49076 kB
NFS_Unstable:          0 kB
Bounce:                0 kB
WritebackTmp:          0 kB
CommitLimit:     7105828 kB
Committed_AS:   53532656 kB
VmallocTotal:   263061440 kB
VmallocUsed:       65688 kB
VmallocChunk:          0 kB
Percpu:             2336 kB
CmaTotal:         294912 kB
CmaFree:               0 kB
MemTotal:       12114512 kB
MemFree:         3073984 kB
MemAvailable:    8580448 kB
Buffers:            6756 kB
Cached:          4153792 kB
SwapCached:            0 kB
Active:          2057604 kB
Inactive:        3451772 kB
Active(anon):    1353280 kB
Inactive(anon):    14320 kB
Active(file):     704324 kB
Inactive(file):  3437452 kB
Unevictable:        4164 kB
Mlocked:            4164 kB
SwapTotal:       1048572 kB
SwapFree:        1048572 kB
Dirty:               236 kB
Writeback:             0 kB
AnonPages:       1352968 kB
Mapped:           806240 kB
Shmem:             15472 kB
Slab:             198944 kB
SReclaimable:      56780 kB
SUnreclaim:       142164 kB
KernelStack:       40880 kB
PageTables:        49308 kB
NFS_Unstable:          0 kB
Bounce:                0 kB
WritebackTmp:          0 kB
CommitLimit:     7105828 kB
Committed_AS:   53529784 kB
VmallocTotal:   263061440 kB
VmallocUsed:       65672 kB
VmallocChunk:          0 kB
Percpu:             2336 kB
CmaTotal:         294912 kB
CmaFree:               4 kB
MemTotal:       12114512 kB
MemFree:         3071140 kB
MemAvailable:    8570696 kB
Buffers:            6756 kB
Cached:          4153652 kB
SwapCached:            0 kB
Active:          2063556 kB
Inactive:        3451892 kB
Active(anon):    1359232 kB
Inactive(anon):    14440 kB
Active(file):     704324 kB
Inactive(file):  3437452 kB
Unevictable:        4164 kB
Mlocked:            4164 kB
SwapTotal:       1048572 kB
SwapFree:        1048572 kB
Dirty:               140 kB
Writeback:             0 kB
AnonPages:       1358848 kB
Mapped:           807044 kB
Shmem:             15332 kB
Slab:             198924 kB
SReclaimable:      56780 kB
SUnreclaim:       142144 kB
KernelStack:       40868 kB
PageTables:        49496 kB
NFS_Unstable:          0 kB
Bounce:                0 kB
WritebackTmp:          0 kB
CommitLimit:     7105828 kB
Committed_AS:   53522880 kB
VmallocTotal:   263061440 kB
VmallocUsed:       65704 kB
VmallocChunk:          0 kB
Percpu:             2336 kB
CmaTotal:         294912 kB
CmaFree:               0 kB
MemTotal:       12114512 kB
MemFree:         3065996 kB
MemAvailable:    8562956 kB
Buffers:            6756 kB
Cached:          4154184 kB
SwapCached:            0 kB
Active:          2066536 kB
Inactive:        3452096 kB
Active(anon):    1362212 kB
Inactive(anon):    14644 kB
Active(file):     704324 kB
Inactive(file):  3437452 kB
Unevictable:        4164 kB
Mlocked:            4164 kB
SwapTotal:       1048572 kB
SwapFree:        1048572 kB
Dirty:               176 kB
Writeback:             0 kB
AnonPages:       1361688 kB
Mapped:           807028 kB
Shmem:             15864 kB
Slab:             198940 kB
SReclaimable:      56780 kB
SUnreclaim:       142160 kB
KernelStack:       40896 kB
PageTables:        49292 kB
NFS_Unstable:          0 kB
Bounce:                0 kB
WritebackTmp:          0 kB
CommitLimit:     7105828 kB
Committed_AS:   53528956 kB
VmallocTotal:   263061440 kB
VmallocUsed:       65720 kB
VmallocChunk:          0 kB
Percpu:             2336 kB
CmaTotal:         294912 kB
CmaFree:               0 kB
MemTotal:       12114512 kB
MemFree:         3057692 kB
MemAvailable:    8597476 kB
Buffers:            6756 kB
Cached:          4154116 kB
SwapCached:            0 kB
Active:          2074556 kB
Inactive:        3452140 kB
Active(anon):    1370220 kB
Inactive(anon):    14684 kB
Active(file):     704336 kB
Inactive(file):  3437456 kB
Unevictable:        4164 kB
Mlocked:            4164 kB
SwapTotal:       1048572 kB
SwapFree:        1048572 kB
Dirty:               200 kB
Writeback:             0 kB
AnonPages:       1370216 kB
Mapped:           811716 kB
Shmem:             15780 kB
Slab:             198932 kB
SReclaimable:      56780 kB
SUnreclaim:       142152 kB
KernelStack:       41136 kB
PageTables:        49844 kB
NFS_Unstable:          0 kB
Bounce:                0 kB
WritebackTmp:          0 kB
CommitLimit:     7105828 kB
Committed_AS:   54891320 kB
VmallocTotal:   263061440 kB
VmallocUsed:       65996 kB
VmallocChunk:          0 kB
Percpu:             2336 kB
CmaTotal:         294912 kB
CmaFree:               0 kB
MemTotal:       12114512 kB
MemFree:         3060800 kB
MemAvailable:    8606776 kB
Buffers:            6756 kB
Cached:          4154292 kB
SwapCached:            0 kB
Active:          2070288 kB
Inactive:        3452228 kB
Active(anon):    1365960 kB
Inactive(anon):    14780 kB
Active(file):     704328 kB
Inactive(file):  3437448 kB
Unevictable:        4164 kB
Mlocked:            4164 kB
SwapTotal:       1048572 kB
SwapFree:        1048572 kB
Dirty:               148 kB
Writeback:             0 kB
AnonPages:       1365712 kB
Mapped:           813520 kB
Shmem:             15972 kB
Slab:             198916 kB
SReclaimable:      56780 kB
SUnreclaim:       142136 kB
KernelStack:       41312 kB
PageTables:        50128 kB
NFS_Unstable:          0 kB
Bounce:                0 kB
WritebackTmp:          0 kB
CommitLimit:     7105828 kB
Committed_AS:   54903732 kB
VmallocTotal:   263061440 kB
VmallocUsed:       66108 kB
VmallocChunk:          0 kB
Percpu:             2336 kB
CmaTotal:         294912 kB
CmaFree:               0 kB
MemTotal:       12114512 kB
MemFree:         3059288 kB
MemAvailable:    8605260 kB
Buffers:            6756 kB
Cached:          4154388 kB
SwapCached:            0 kB
Active:          2072156 kB
Inactive:        3452292 kB
Active(anon):    1367824 kB
Inactive(anon):    14852 kB
Active(file):     704332 kB
Inactive(file):  3437440 kB
Unevictable:        4164 kB
Mlocked:            4164 kB
SwapTotal:       1048572 kB
SwapFree:        1048572 kB
Dirty:                56 kB
Writeback:             0 kB
AnonPages:       1367564 kB
Mapped:           815068 kB
Shmem:             16072 kB
Slab:             198916 kB
SReclaimable:      56780 kB
SUnreclaim:       142136 kB
KernelStack:       41280 kB
PageTables:        50240 kB
NFS_Unstable:          0 kB
Bounce:                0 kB
WritebackTmp:          0 kB
CommitLimit:     7105828 kB
Committed_AS:   54907468 kB
VmallocTotal:   263061440 kB
VmallocUsed:       66092 kB
VmallocChunk:          0 kB
Percpu:             2336 kB
CmaTotal:         294912 kB
CmaFree:              12 kB
MemTotal:       12114512 kB
MemFree:         3058172 kB
MemAvailable:    8604148 kB
Buffers:            6756 kB
Cached:          4154336 kB
SwapCached:            0 kB
Active:          2072336 kB
Inactive:        3452268 kB
Active(anon):    1368004 kB
Inactive(anon):    14824 kB
Active(file):     704332 kB
Inactive(file):  3437444 kB
Unevictable:        4164 kB
Mlocked:            4164 kB
SwapTotal:       1048572 kB
SwapFree:        1048572 kB
Dirty:                80 kB
Writeback:             0 kB
AnonPages:       1368032 kB
Mapped:           816800 kB
Shmem:             16016 kB
Slab:             198916 kB
SReclaimable:      56780 kB
SUnreclaim:       142136 kB
KernelStack:       41280 kB
PageTables:        50304 kB
NFS_Unstable:          0 kB
Bounce:                0 kB
WritebackTmp:          0 kB
CommitLimit:     7105828 kB
Committed_AS:   54915604 kB
VmallocTotal:   263061440 kB
VmallocUsed:       66060 kB
VmallocChunk:          0 kB
Percpu:             2336 kB
CmaTotal:         294912 kB
CmaFree:               0 kB
MemTotal:       12114512 kB
MemFree:         3022160 kB
MemAvailable:    7992324 kB
Buffers:            6756 kB
Cached:          4154392 kB
SwapCached:            0 kB
Active:          2107048 kB
Inactive:        3452012 kB
Active(anon):    1402440 kB
Inactive(anon):    14916 kB
Active(file):     704608 kB
Inactive(file):  3437096 kB
Unevictable:        4164 kB
Mlocked:            4164 kB
SwapTotal:       1048572 kB
SwapFree:        1048572 kB
Dirty:               124 kB
Writeback:             0 kB
AnonPages:       1402476 kB
Mapped:           819464 kB
Shmem:             16144 kB
Slab:             199012 kB
SReclaimable:      56780 kB
SUnreclaim:       142232 kB
KernelStack:       42128 kB
PageTables:        51560 kB
NFS_Unstable:          0 kB
Bounce:                0 kB
WritebackTmp:          0 kB
CommitLimit:     7105828 kB
Committed_AS:   55144668 kB
VmallocTotal:   263061440 kB
VmallocUsed:       67036 kB
VmallocChunk:          0 kB
Percpu:             2336 kB
CmaTotal:         294912 kB
CmaFree:               8 kB
MemTotal:       12114512 kB
MemFree:         3028652 kB
MemAvailable:    7996488 kB
Buffers:            6756 kB
Cached:          4153004 kB
SwapCached:            0 kB
Active:          2098848 kB
Inactive:        3452196 kB
Active(anon):    1395800 kB
Inactive(anon):    15100 kB
Active(file):     703048 kB
Inactive(file):  3437096 kB
Unevictable:        4164 kB
Mlocked:            4164 kB
SwapTotal:       1048572 kB
SwapFree:        1048572 kB
Dirty:               232 kB
Writeback:             0 kB
AnonPages:       1395824 kB
Mapped:           820276 kB
Shmem:             16316 kB
Slab:             199064 kB
SReclaimable:      56780 kB
SUnreclaim:       142284 kB
KernelStack:       42016 kB
PageTables:        51824 kB
NFS_Unstable:          0 kB
Bounce:                0 kB
WritebackTmp:          0 kB
CommitLimit:     7105828 kB
Committed_AS:   55151092 kB
VmallocTotal:   263061440 kB
VmallocUsed:       67052 kB
VmallocChunk:          0 kB
Percpu:             2336 kB
CmaTotal:         294912 kB
CmaFree:               0 kB
MemTotal:       12114512 kB
MemFree:         3028584 kB
MemAvailable:    8039960 kB
Buffers:            6756 kB
Cached:          4152736 kB
SwapCached:            0 kB
Active:          2098788 kB
Inactive:        3451956 kB
Active(anon):    1395768 kB
Inactive(anon):    14860 kB
Active(file):     703020 kB
Inactive(file):  3437096 kB
Unevictable:        4164 kB
Mlocked:            4164 kB
SwapTotal:       1048572 kB
SwapFree:        1048572 kB
Dirty:               332 kB
Writeback:             0 kB
AnonPages:       1395572 kB
Mapped:           820192 kB
Shmem:             16076 kB
Slab:             199048 kB
SReclaimable:      56780 kB
SUnreclaim:       142268 kB
KernelStack:       42064 kB
PageTables:        51592 kB
NFS_Unstable:          0 kB
Bounce:                0 kB
WritebackTmp:          0 kB
CommitLimit:     7105828 kB
Committed_AS:   55150112 kB
VmallocTotal:   263061440 kB
VmallocUsed:       67020 kB
VmallocChunk:          0 kB
Percpu:             2336 kB
CmaTotal:         294912 kB
CmaFree:              48 kB
MemTotal:       12114512 kB
MemFree:         3027356 kB
MemAvailable:    8038732 kB
Buffers:            6756 kB
Cached:          4152736 kB
SwapCached:            0 kB
Active:          2099676 kB
Inactive:        3452216 kB
Active(anon):    1396656 kB
Inactive(anon):    15120 kB
Active(file):     703020 kB
Inactive(file):  3437096 kB
Unevictable:        4164 kB
Mlocked:            4164 kB
SwapTotal:       1048572 kB
SwapFree:        1048572 kB
Dirty:                96 kB
Writeback:             0 kB
AnonPages:       1396152 kB
Mapped:           820572 kB
Shmem:             16076 kB
Slab:             199080 kB
SReclaimable:      56780 kB
SUnreclaim:       142300 kB
KernelStack:       42080 kB
PageTables:        51736 kB
NFS_Unstable:          0 kB
Bounce:                0 kB
WritebackTmp:          0 kB
CommitLimit:     7105828 kB
Committed_AS:   55144776 kB
VmallocTotal:   263061440 kB
VmallocUsed:       67052 kB
VmallocChunk:          0 kB
Percpu:             2336 kB
CmaTotal:         294912 kB
CmaFree:               0 kB
MemTotal:       12114512 kB
MemFree:         3028352 kB
MemAvailable:    8039728 kB
Buffers:            6756 kB
Cached:          4152736 kB
SwapCached:            0 kB
Active:          2099944 kB
Inactive:        3451956 kB
Active(anon):    1396924 kB
Inactive(anon):    14860 kB
Active(file):     703020 kB
Inactive(file):  3437096 kB
Unevictable:        4164 kB
Mlocked:            4164 kB
SwapTotal:       1048572 kB
SwapFree:        1048572 kB
Dirty:               108 kB
Writeback:             0 kB
AnonPages:       1396604 kB
Mapped:           820116 kB
Shmem:             16076 kB
Slab:             199088 kB
SReclaimable:      56780 kB
SUnreclaim:       142308 kB
KernelStack:       42048 kB
PageTables:        51736 kB
NFS_Unstable:          0 kB
Bounce:                0 kB
WritebackTmp:          0 kB
CommitLimit:     7105828 kB
Committed_AS:   55149816 kB
VmallocTotal:   263061440 kB
VmallocUsed:       67052 kB
VmallocChunk:          0 kB
Percpu:             2336 kB
CmaTotal:         294912 kB
CmaFree:               0 kB
MemTotal:       12114512 kB
MemFree:         3030304 kB
MemAvailable:    8048804 kB
Buffers:            6756 kB
Cached:          4152736 kB
SwapCached:            0 kB
Active:          2098016 kB
Inactive:        3451956 kB
Active(anon):    1394996 kB
Inactive(anon):    14860 kB
Active(file):     703020 kB
Inactive(file):  3437096 kB
Unevictable:        4164 kB
Mlocked:            4164 kB
SwapTotal:       1048572 kB
SwapFree:        1048572 kB
Dirty:               108 kB
Writeback:             0 kB
AnonPages:       1394220 kB
Mapped:           819860 kB
Shmem:             16076 kB
Slab:             199084 kB
SReclaimable:      56780 kB
SUnreclaim:       142304 kB
KernelStack:       42064 kB
PageTables:        51512 kB
NFS_Unstable:          0 kB
Bounce:                0 kB
WritebackTmp:          0 kB
CommitLimit:     7105828 kB
Committed_AS:   55145172 kB
VmallocTotal:   263061440 kB
VmallocUsed:       67068 kB
VmallocChunk:          0 kB
Percpu:             2336 kB
CmaTotal:         294912 kB
CmaFree:              48 kB
MemTotal:       12114512 kB
MemFree:         3027128 kB
MemAvailable:    8045628 kB
Buffers:            6756 kB
Cached:          4152596 kB
SwapCached:            0 kB
Active:          2099760 kB
Inactive:        3451956 kB
Active(anon):    1396740 kB
Inactive(anon):    14860 kB
Active(file):     703020 kB
Inactive(file):  3437096 kB
Unevictable:        4164 kB
Mlocked:            4164 kB
SwapTotal:       1048572 kB
SwapFree:        1048572 kB
Dirty:               140 kB
Writeback:             0 kB
AnonPages:       1396588 kB
Mapped:           819940 kB
Shmem:             15936 kB
Slab:             199084 kB
SReclaimable:      56780 kB
SUnreclaim:       142304 kB
KernelStack:       42064 kB
PageTables:        51700 kB
NFS_Unstable:          0 kB
Bounce:                0 kB
WritebackTmp:          0 kB
CommitLimit:     7105828 kB
Committed_AS:   55151568 kB
VmallocTotal:   263061440 kB
VmallocUsed:       67084 kB
VmallocChunk:          0 kB
Percpu:             2336 kB
CmaTotal:         294912 kB
CmaFree:               0 kB
MemTotal:       12114512 kB
MemFree:         3028932 kB
MemAvailable:    8047432 kB
Buffers:            6756 kB
Cached:          4152596 kB
SwapCached:            0 kB
Active:          2098680 kB
Inactive:        3451956 kB
Active(anon):    1395660 kB
Inactive(anon):    14860 kB
Active(file):     703020 kB
Inactive(file):  3437096 kB
Unevictable:        4164 kB
Mlocked:            4164 kB
SwapTotal:       1048572 kB
SwapFree:        1048572 kB
Dirty:               140 kB
Writeback:             0 kB
AnonPages:       1395644 kB
Mapped:           819876 kB
Shmem:             15936 kB
Slab:             199084 kB
SReclaimable:      56780 kB
SUnreclaim:       142304 kB
KernelStack:       42032 kB
PageTables:        51668 kB
NFS_Unstable:          0 kB
Bounce:                0 kB
WritebackTmp:          0 kB
CommitLimit:     7105828 kB
Committed_AS:   55151216 kB
VmallocTotal:   263061440 kB
VmallocUsed:       67084 kB
VmallocChunk:          0 kB
Percpu:             2336 kB
CmaTotal:         294912 kB
CmaFree:               0 kB
MemTotal:       12114512 kB
MemFree:         3030620 kB
MemAvailable:    8049120 kB
Buffers:            6756 kB
Cached:          4152596 kB
SwapCached:            0 kB
Active:          2097140 kB
Inactive:        3451956 kB
Active(anon):    1394120 kB
Inactive(anon):    14860 kB
Active(file):     703020 kB
Inactive(file):  3437096 kB
Unevictable:        4164 kB
Mlocked:            4164 kB
SwapTotal:       1048572 kB
SwapFree:        1048572 kB
Dirty:               152 kB
Writeback:             0 kB
AnonPages:       1394004 kB
Mapped:           820056 kB
Shmem:             15936 kB
Slab:             199084 kB
SReclaimable:      56780 kB
SUnreclaim:       142304 kB
KernelStack:       42100 kB
PageTables:        51700 kB
NFS_Unstable:          0 kB
Bounce:                0 kB
WritebackTmp:          0 kB
CommitLimit:     7105828 kB
Committed_AS:   55147116 kB
VmallocTotal:   263061440 kB
VmallocUsed:       67100 kB
VmallocChunk:          0 kB
Percpu:             2336 kB
CmaTotal:         294912 kB
CmaFree:               0 kB
MemTotal:       12114512 kB
MemFree:         3029640 kB
MemAvailable:    8048140 kB
Buffers:            6756 kB
Cached:          4152596 kB
SwapCached:            0 kB
Active:          2097736 kB
Inactive:        3451956 kB
Active(anon):    1394716 kB
Inactive(anon):    14860 kB
Active(file):     703020 kB
Inactive(file):  3437096 kB
Unevictable:        4164 kB
Mlocked:            4164 kB
SwapTotal:       1048572 kB
SwapFree:        1048572 kB
Dirty:               124 kB
Writeback:             0 kB
AnonPages:       1394724 kB
Mapped:           819840 kB
Shmem:             15936 kB
Slab:             199052 kB
SReclaimable:      56780 kB
SUnreclaim:       142272 kB
KernelStack:       42032 kB
PageTables:        51660 kB
NFS_Unstable:          0 kB
Bounce:                0 kB
WritebackTmp:          0 kB
CommitLimit:     7105828 kB
Committed_AS:   55146748 kB
VmallocTotal:   263061440 kB
VmallocUsed:       67100 kB
VmallocChunk:          0 kB
Percpu:             2336 kB
CmaTotal:         294912 kB
CmaFree:               0 kB
MemTotal:       12114512 kB
MemFree:         3029928 kB
MemAvailable:    8048428 kB
Buffers:            6756 kB
Cached:          4152596 kB
SwapCached:            0 kB
Active:          2098552 kB
Inactive:        3451956 kB
Active(anon):    1395532 kB
Inactive(anon):    14860 kB
Active(file):     703020 kB
Inactive(file):  3437096 kB
Unevictable:        4164 kB
Mlocked:            4164 kB
SwapTotal:       1048572 kB
SwapFree:        1048572 kB
Dirty:               124 kB
Writeback:             0 kB
AnonPages:       1395436 kB
Mapped:           819904 kB
Shmem:             15936 kB
Slab:             199052 kB
SReclaimable:      56780 kB
SUnreclaim:       142272 kB
KernelStack:       42064 kB
PageTables:        51684 kB
NFS_Unstable:          0 kB
Bounce:                0 kB
WritebackTmp:          0 kB
CommitLimit:     7105828 kB
Committed_AS:   55144032 kB
VmallocTotal:   263061440 kB
VmallocUsed:       67100 kB
VmallocChunk:          0 kB
Percpu:             2336 kB
CmaTotal:         294912 kB
CmaFree:               0 kB
MemTotal:       12114512 kB
MemFree:         3029896 kB
MemAvailable:    8048396 kB
Buffers:            6756 kB
Cached:          4152596 kB
SwapCached:            0 kB
Active:          2099164 kB
Inactive:        3451956 kB
Active(anon):    1396144 kB
Inactive(anon):    14860 kB
Active(file):     703020 kB
Inactive(file):  3437096 kB
Unevictable:        4164 kB
Mlocked:            4164 kB
SwapTotal:       1048572 kB
SwapFree:        1048572 kB
Dirty:               164 kB
Writeback:             0 kB
AnonPages:       1396144 kB
Mapped:           820100 kB
Shmem:             15936 kB
Slab:             199052 kB
SReclaimable:      56780 kB
SUnreclaim:       142272 kB
KernelStack:       42032 kB
PageTables:        51668 kB
NFS_Unstable:          0 kB
Bounce:                0 kB
WritebackTmp:          0 kB
CommitLimit:     7105828 kB
Committed_AS:   55149640 kB
VmallocTotal:   263061440 kB
VmallocUsed:       67100 kB
VmallocChunk:          0 kB
Percpu:             2336 kB
CmaTotal:         294912 kB
CmaFree:               0 kB
MemTotal:       12114512 kB
MemFree:         3026572 kB
MemAvailable:    8045072 kB
Buffers:            6756 kB
Cached:          4152596 kB
SwapCached:            0 kB
Active:          2099856 kB
Inactive:        3451956 kB
Active(anon):    1396836 kB
Inactive(anon):    14860 kB
Active(file):     703020 kB
Inactive(file):  3437096 kB
Unevictable:        4164 kB
Mlocked:            4164 kB
SwapTotal:       1048572 kB
SwapFree:        1048572 kB
Dirty:               164 kB
Writeback:             0 kB
AnonPages:       1396712 kB
Mapped:           819844 kB
Shmem:             15936 kB
Slab:             199052 kB
SReclaimable:      56780 kB
SUnreclaim:       142272 kB
KernelStack:       42064 kB
PageTables:        51692 kB
NFS_Unstable:          0 kB
Bounce:                0 kB
WritebackTmp:          0 kB
CommitLimit:     7105828 kB
Committed_AS:   55151056 kB
VmallocTotal:   263061440 kB
VmallocUsed:       67084 kB
VmallocChunk:          0 kB
Percpu:             2336 kB
CmaTotal:         294912 kB
CmaFree:               0 kB
MemTotal:       12114512 kB
MemFree:         3029348 kB
MemAvailable:    8047848 kB
Buffers:            6756 kB
Cached:          4152596 kB
SwapCached:            0 kB
Active:          2098208 kB
Inactive:        3451956 kB
Active(anon):    1395188 kB
Inactive(anon):    14860 kB
Active(file):     703020 kB
Inactive(file):  3437096 kB
Unevictable:        4164 kB
Mlocked:            4164 kB
SwapTotal:       1048572 kB
SwapFree:        1048572 kB
Dirty:               136 kB
Writeback:             0 kB
AnonPages:       1395164 kB
Mapped:           819840 kB
Shmem:             15936 kB
Slab:             199052 kB
SReclaimable:      56780 kB
SUnreclaim:       142272 kB
KernelStack:       42032 kB
PageTables:        51668 kB
NFS_Unstable:          0 kB
Bounce:                0 kB
WritebackTmp:          0 kB
CommitLimit:     7105828 kB
Committed_AS:   55153212 kB
VmallocTotal:   263061440 kB
VmallocUsed:       67084 kB
VmallocChunk:          0 kB
Percpu:             2336 kB
CmaTotal:         294912 kB
CmaFree:               0 kB
MemTotal:       12114512 kB
MemFree:         3029628 kB
MemAvailable:    8048128 kB
Buffers:            6756 kB
Cached:          4152596 kB
SwapCached:            0 kB
Active:          2098388 kB
Inactive:        3451956 kB
Active(anon):    1395368 kB
Inactive(anon):    14860 kB
Active(file):     703020 kB
Inactive(file):  3437096 kB
Unevictable:        4164 kB
Mlocked:            4164 kB
SwapTotal:       1048572 kB
SwapFree:        1048572 kB
Dirty:               136 kB
Writeback:             0 kB
AnonPages:       1395368 kB
Mapped:           820108 kB
Shmem:             15936 kB
Slab:             199052 kB
SReclaimable:      56780 kB
SUnreclaim:       142272 kB
KernelStack:       42080 kB
PageTables:        51644 kB
NFS_Unstable:          0 kB
Bounce:                0 kB
WritebackTmp:          0 kB
CommitLimit:     7105828 kB
Committed_AS:   55149900 kB
VmallocTotal:   263061440 kB
VmallocUsed:       67100 kB
VmallocChunk:          0 kB
Percpu:             2336 kB
CmaTotal:         294912 kB
CmaFree:               4 kB
MemTotal:       12114512 kB
MemFree:         3026852 kB
MemAvailable:    8045352 kB
Buffers:            6756 kB
Cached:          4152596 kB
SwapCached:            0 kB
Active:          2098820 kB
Inactive:        3451956 kB
Active(anon):    1395800 kB
Inactive(anon):    14860 kB
Active(file):     703020 kB
Inactive(file):  3437096 kB
Unevictable:        4164 kB
Mlocked:            4164 kB
SwapTotal:       1048572 kB
SwapFree:        1048572 kB
Dirty:               144 kB
Writeback:             0 kB
AnonPages:       1395860 kB
Mapped:           819840 kB
Shmem:             15936 kB
Slab:             199052 kB
SReclaimable:      56780 kB
SUnreclaim:       142272 kB
KernelStack:       42032 kB
PageTables:        51668 kB
NFS_Unstable:          0 kB
Bounce:                0 kB
WritebackTmp:          0 kB
CommitLimit:     7105828 kB
Committed_AS:   55144120 kB
VmallocTotal:   263061440 kB
VmallocUsed:       67084 kB
VmallocChunk:          0 kB
Percpu:             2336 kB
CmaTotal:         294912 kB
CmaFree:               0 kB
MemTotal:       12114512 kB
MemFree:         3029048 kB
MemAvailable:    8047548 kB
Buffers:            6756 kB
Cached:          4152596 kB
SwapCached:            0 kB
Active:          2099100 kB
Inactive:        3451956 kB
Active(anon):    1396080 kB
Inactive(anon):    14860 kB
Active(file):     703020 kB
Inactive(file):  3437096 kB
Unevictable:        4164 kB
Mlocked:            4164 kB
SwapTotal:       1048572 kB
SwapFree:        1048572 kB
Dirty:               144 kB
Writeback:             0 kB
AnonPages:       1395924 kB
Mapped:           820000 kB
Shmem:             15936 kB
Slab:             199052 kB
SReclaimable:      56780 kB
SUnreclaim:       142272 kB
KernelStack:       42064 kB
PageTables:        51708 kB
NFS_Unstable:          0 kB
Bounce:                0 kB
WritebackTmp:          0 kB
CommitLimit:     7105828 kB
Committed_AS:   55143768 kB
VmallocTotal:   263061440 kB
VmallocUsed:       67068 kB
VmallocChunk:          0 kB
Percpu:             2336 kB
CmaTotal:         294912 kB
CmaFree:               0 kB
MemTotal:       12114512 kB
MemFree:         3029204 kB
MemAvailable:    8047704 kB
Buffers:            6756 kB
Cached:          4152596 kB
SwapCached:            0 kB
Active:          2099236 kB
Inactive:        3451956 kB
Active(anon):    1396216 kB
Inactive(anon):    14860 kB
Active(file):     703020 kB
Inactive(file):  3437096 kB
Unevictable:        4164 kB
Mlocked:            4164 kB
SwapTotal:       1048572 kB
SwapFree:        1048572 kB
Dirty:               144 kB
Writeback:             0 kB
AnonPages:       1396220 kB
Mapped:           819840 kB
Shmem:             15936 kB
Slab:             199052 kB
SReclaimable:      56780 kB
SUnreclaim:       142272 kB
KernelStack:       42032 kB
PageTables:        51672 kB
NFS_Unstable:          0 kB
Bounce:                0 kB
WritebackTmp:          0 kB
CommitLimit:     7105828 kB
Committed_AS:   55143504 kB
VmallocTotal:   263061440 kB
VmallocUsed:       67084 kB
VmallocChunk:          0 kB
Percpu:             2336 kB
CmaTotal:         294912 kB
CmaFree:               0 kB
MemTotal:       12114512 kB
MemFree:         3026072 kB
MemAvailable:    8044572 kB
Buffers:            6756 kB
Cached:          4152596 kB
SwapCached:            0 kB
Active:          2099508 kB
Inactive:        3451956 kB
Active(anon):    1396488 kB
Inactive(anon):    14860 kB
Active(file):     703020 kB
Inactive(file):  3437096 kB
Unevictable:        4164 kB
Mlocked:            4164 kB
SwapTotal:       1048572 kB
SwapFree:        1048572 kB
Dirty:                92 kB
Writeback:             0 kB
AnonPages:       1396356 kB
Mapped:           820080 kB
Shmem:             15936 kB
Slab:             199052 kB
SReclaimable:      56780 kB
SUnreclaim:       142272 kB
KernelStack:       42064 kB
PageTables:        51712 kB
NFS_Unstable:          0 kB
Bounce:                0 kB
WritebackTmp:          0 kB
CommitLimit:     7105828 kB
Committed_AS:   55152500 kB
VmallocTotal:   263061440 kB
VmallocUsed:       67100 kB
VmallocChunk:          0 kB
Percpu:             2336 kB
CmaTotal:         294912 kB
CmaFree:               0 kB
MemTotal:       12114512 kB
MemFree:         3027104 kB
MemAvailable:    8045604 kB
Buffers:            6756 kB
Cached:          4152596 kB
SwapCached:            0 kB
Active:          2098980 kB
Inactive:        3451956 kB
Active(anon):    1395960 kB
Inactive(anon):    14860 kB
Active(file):     703020 kB
Inactive(file):  3437096 kB
Unevictable:        4164 kB
Mlocked:            4164 kB
SwapTotal:       1048572 kB
SwapFree:        1048572 kB
Dirty:                92 kB
Writeback:             0 kB
AnonPages:       1395820 kB
Mapped:           820000 kB
Shmem:             15936 kB
Slab:             199052 kB
SReclaimable:      56780 kB
SUnreclaim:       142272 kB
KernelStack:       42064 kB
PageTables:        51712 kB
NFS_Unstable:          0 kB
Bounce:                0 kB
WritebackTmp:          0 kB
CommitLimit:     7105828 kB
Committed_AS:   55147380 kB
VmallocTotal:   263061440 kB
VmallocUsed:       67100 kB
VmallocChunk:          0 kB
Percpu:             2336 kB
CmaTotal:         294912 kB
CmaFree:               0 kB
MemTotal:       12114512 kB
MemFree:         3027088 kB
MemAvailable:    8045588 kB
Buffers:            6756 kB
Cached:          4152596 kB
SwapCached:            0 kB
Active:          2099356 kB
Inactive:        3451956 kB
Active(anon):    1396336 kB
Inactive(anon):    14860 kB
Active(file):     703020 kB
Inactive(file):  3437096 kB
Unevictable:        4164 kB
Mlocked:            4164 kB
SwapTotal:       1048572 kB
SwapFree:        1048572 kB
Dirty:                92 kB
Writeback:             0 kB
AnonPages:       1396196 kB
Mapped:           820000 kB
Shmem:             15936 kB
Slab:             199052 kB
SReclaimable:      56780 kB
SUnreclaim:       142272 kB
KernelStack:       42064 kB
PageTables:        51708 kB
NFS_Unstable:          0 kB
Bounce:                0 kB
WritebackTmp:          0 kB
CommitLimit:     7105828 kB
Committed_AS:   55152716 kB
VmallocTotal:   263061440 kB
VmallocUsed:       67116 kB
VmallocChunk:          0 kB
Percpu:             2336 kB
CmaTotal:         294912 kB
CmaFree:               0 kB
MemTotal:       12114512 kB
MemFree:         3026876 kB
MemAvailable:    8045376 kB
Buffers:            6756 kB
Cached:          4152596 kB
SwapCached:            0 kB
Active:          2099636 kB
Inactive:        3451956 kB
Active(anon):    1396616 kB
Inactive(anon):    14860 kB
Active(file):     703020 kB
Inactive(file):  3437096 kB
Unevictable:        4164 kB
Mlocked:            4164 kB
SwapTotal:       1048572 kB
SwapFree:        1048572 kB
Dirty:               120 kB
Writeback:             0 kB
AnonPages:       1396604 kB
Mapped:           819840 kB
Shmem:             15936 kB
Slab:             199052 kB
SReclaimable:      56780 kB
SUnreclaim:       142272 kB
KernelStack:       42032 kB
PageTables:        51672 kB
NFS_Unstable:          0 kB
Bounce:                0 kB
WritebackTmp:          0 kB
CommitLimit:     7105828 kB
Committed_AS:   55152364 kB
VmallocTotal:   263061440 kB
VmallocUsed:       67100 kB
VmallocChunk:          0 kB
Percpu:             2336 kB
CmaTotal:         294912 kB
CmaFree:               0 kB
MemTotal:       12114512 kB
MemFree:         3027648 kB
MemAvailable:    8046148 kB
Buffers:            6756 kB
Cached:          4152596 kB
SwapCached:            0 kB
Active:          2099868 kB
Inactive:        3451956 kB
Active(anon):    1396848 kB
Inactive(anon):    14860 kB
Active(file):     703020 kB
Inactive(file):  3437096 kB
Unevictable:        4164 kB
Mlocked:            4164 kB
SwapTotal:       1048572 kB
SwapFree:        1048572 kB
Dirty:               120 kB
Writeback:             0 kB
AnonPages:       1396712 kB
Mapped:           819960 kB
Shmem:             15936 kB
Slab:             199052 kB
SReclaimable:      56780 kB
SUnreclaim:       142272 kB
KernelStack:       42064 kB
PageTables:        51692 kB
NFS_Unstable:          0 kB
Bounce:                0 kB
WritebackTmp:          0 kB
CommitLimit:     7105828 kB
Committed_AS:   55152012 kB
VmallocTotal:   263061440 kB
VmallocUsed:       67116 kB
VmallocChunk:          0 kB
Percpu:             2336 kB
CmaTotal:         294912 kB
CmaFree:               0 kB
MemTotal:       12114512 kB
MemFree:         3026860 kB
MemAvailable:    8045360 kB
Buffers:            6756 kB
Cached:          4152596 kB
SwapCached:            0 kB
Active:          2100032 kB
Inactive:        3451956 kB
Active(anon):    1397012 kB
Inactive(anon):    14860 kB
Active(file):     703020 kB
Inactive(file):  3437096 kB
Unevictable:        4164 kB
Mlocked:            4164 kB
SwapTotal:       1048572 kB
SwapFree:        1048572 kB
Dirty:               120 kB
Writeback:             0 kB
AnonPages:       1396972 kB
Mapped:           819840 kB
Shmem:             15936 kB
Slab:             199052 kB
SReclaimable:      56780 kB
SUnreclaim:       142272 kB
KernelStack:       42032 kB
PageTables:        51672 kB
NFS_Unstable:          0 kB
Bounce:                0 kB
WritebackTmp:          0 kB
CommitLimit:     7105828 kB
Committed_AS:   55152408 kB
VmallocTotal:   263061440 kB
VmallocUsed:       67116 kB
VmallocChunk:          0 kB
Percpu:             2336 kB
CmaTotal:         294912 kB
CmaFree:               0 kB
MemTotal:       12114512 kB
MemFree:         3026892 kB
MemAvailable:    8045392 kB
Buffers:            6756 kB
Cached:          4152596 kB
SwapCached:            0 kB
Active:          2100248 kB
Inactive:        3451956 kB
Active(anon):    1397228 kB
Inactive(anon):    14860 kB
Active(file):     703020 kB
Inactive(file):  3437096 kB
Unevictable:        4164 kB
Mlocked:            4164 kB
SwapTotal:       1048572 kB
SwapFree:        1048572 kB
Dirty:               120 kB
Writeback:             0 kB
AnonPages:       1397080 kB
Mapped:           820076 kB
Shmem:             15936 kB
Slab:             199052 kB
SReclaimable:      56780 kB
SUnreclaim:       142272 kB
KernelStack:       42064 kB
PageTables:        51712 kB
NFS_Unstable:          0 kB
Bounce:                0 kB
WritebackTmp:          0 kB
CommitLimit:     7105828 kB
Committed_AS:   55152056 kB
VmallocTotal:   263061440 kB
VmallocUsed:       67116 kB
VmallocChunk:          0 kB
Percpu:             2336 kB
CmaTotal:         294912 kB
CmaFree:               0 kB
MemTotal:       12114512 kB
MemFree:         3026244 kB
MemAvailable:    8044808 kB
Buffers:            6756 kB
Cached:          4152660 kB
SwapCached:            0 kB
Active:          2100244 kB
Inactive:        3452020 kB
Active(anon):    1397224 kB
Inactive(anon):    14860 kB
Active(file):     703020 kB
Inactive(file):  3437160 kB
Unevictable:        4164 kB
Mlocked:            4164 kB
SwapTotal:       1048572 kB
SwapFree:        1048572 kB
Dirty:              5136 kB
Writeback:             0 kB
AnonPages:       1397232 kB
Mapped:           819840 kB
Shmem:             15936 kB
Slab:             199052 kB
SReclaimable:      56780 kB
SUnreclaim:       142272 kB
KernelStack:       42032 kB
PageTables:        51672 kB
NFS_Unstable:          0 kB
Bounce:                0 kB
WritebackTmp:          0 kB
CommitLimit:     7105828 kB
Committed_AS:   55152392 kB
VmallocTotal:   263061440 kB
VmallocUsed:       67084 kB
VmallocChunk:          0 kB
Percpu:             2336 kB
CmaTotal:         294912 kB
CmaFree:               0 kB
MemTotal:       12114512 kB
MemFree:         3027160 kB
MemAvailable:    8045724 kB
Buffers:            6756 kB
Cached:          4152660 kB
SwapCached:            0 kB
Active:          2100416 kB
Inactive:        3452020 kB
Active(anon):    1397396 kB
Inactive(anon):    14860 kB
Active(file):     703020 kB
Inactive(file):  3437160 kB
Unevictable:        4164 kB
Mlocked:            4164 kB
SwapTotal:       1048572 kB
SwapFree:        1048572 kB
Dirty:              5136 kB
Writeback:             0 kB
AnonPages:       1397212 kB
Mapped:           820000 kB
Shmem:             15936 kB
Slab:             199052 kB
SReclaimable:      56780 kB
SUnreclaim:       142272 kB
KernelStack:       42064 kB
PageTables:        51712 kB
NFS_Unstable:          0 kB
Bounce:                0 kB
WritebackTmp:          0 kB
CommitLimit:     7105828 kB
Committed_AS:   55152152 kB
VmallocTotal:   263061440 kB
VmallocUsed:       67084 kB
VmallocChunk:          0 kB
Percpu:             2336 kB
CmaTotal:         294912 kB
CmaFree:               0 kB
MemTotal:       12114512 kB
MemFree:         3026144 kB
MemAvailable:    8044708 kB
Buffers:            6756 kB
Cached:          4152664 kB
SwapCached:            0 kB
Active:          2100444 kB
Inactive:        3452024 kB
Active(anon):    1397424 kB
Inactive(anon):    14864 kB
Active(file):     703020 kB
Inactive(file):  3437160 kB
Unevictable:        4164 kB
Mlocked:            4164 kB
SwapTotal:       1048572 kB
SwapFree:        1048572 kB
Dirty:              5136 kB
Writeback:             0 kB
AnonPages:       1397408 kB
Mapped:           819844 kB
Shmem:             15940 kB
Slab:             199052 kB
SReclaimable:      56780 kB
SUnreclaim:       142272 kB
KernelStack:       42032 kB
PageTables:        51672 kB
NFS_Unstable:          0 kB
Bounce:                0 kB
WritebackTmp:          0 kB
CommitLimit:     7105828 kB
Committed_AS:   55148392 kB
VmallocTotal:   263061440 kB
VmallocUsed:       67084 kB
VmallocChunk:          0 kB
Percpu:             2336 kB
CmaTotal:         294912 kB
CmaFree:               0 kB
MemTotal:       12114512 kB
MemFree:         3026288 kB
MemAvailable:    8044844 kB
Buffers:            6756 kB
Cached:          4152656 kB
SwapCached:            0 kB
Active:          2100592 kB
Inactive:        3452020 kB
Active(anon):    1397576 kB
Inactive(anon):    14864 kB
Active(file):     703016 kB
Inactive(file):  3437156 kB
Unevictable:        4164 kB
Mlocked:            4164 kB
SwapTotal:       1048572 kB
SwapFree:        1048572 kB
Dirty:              5060 kB
Writeback:             0 kB
AnonPages:       1397324 kB
Mapped:           819868 kB
Shmem:             15940 kB
Slab:             199052 kB
SReclaimable:      56780 kB
SUnreclaim:       142272 kB
KernelStack:       42064 kB
PageTables:        51724 kB
NFS_Unstable:          0 kB
Bounce:                0 kB
WritebackTmp:          0 kB
CommitLimit:     7105828 kB
Committed_AS:   55143144 kB
VmallocTotal:   263061440 kB
VmallocUsed:       67100 kB
VmallocChunk:          0 kB
Percpu:             2336 kB
CmaTotal:         294912 kB
CmaFree:               0 kB
MemTotal:       12114512 kB
MemFree:         3025860 kB
MemAvailable:    8044424 kB
Buffers:            6756 kB
Cached:          4152664 kB
SwapCached:            0 kB
Active:          2101280 kB
Inactive:        3452024 kB
Active(anon):    1398260 kB
Inactive(anon):    14864 kB
Active(file):     703020 kB
Inactive(file):  3437160 kB
Unevictable:        4164 kB
Mlocked:            4164 kB
SwapTotal:       1048572 kB
SwapFree:        1048572 kB
Dirty:              5072 kB
Writeback:             0 kB
AnonPages:       1398252 kB
Mapped:           819844 kB
Shmem:             15940 kB
Slab:             199052 kB
SReclaimable:      56780 kB
SUnreclaim:       142272 kB
KernelStack:       42032 kB
PageTables:        51672 kB
NFS_Unstable:          0 kB
Bounce:                0 kB
WritebackTmp:          0 kB
CommitLimit:     7105828 kB
Committed_AS:   55148044 kB
VmallocTotal:   263061440 kB
VmallocUsed:       67116 kB
VmallocChunk:          0 kB
Percpu:             2336 kB
CmaTotal:         294912 kB
CmaFree:               0 kB
MemTotal:       12114512 kB
MemFree:         3025956 kB
MemAvailable:    8044532 kB
Buffers:            6756 kB
Cached:          4152676 kB
SwapCached:            0 kB
Active:          2101540 kB
Inactive:        3452036 kB
Active(anon):    1398520 kB
Inactive(anon):    14864 kB
Active(file):     703020 kB
Inactive(file):  3437172 kB
Unevictable:        4164 kB
Mlocked:            4164 kB
SwapTotal:       1048572 kB
SwapFree:        1048572 kB
Dirty:               204 kB
Writeback:             0 kB
AnonPages:       1398372 kB
Mapped:           820004 kB
Shmem:             15940 kB
Slab:             199052 kB
SReclaimable:      56780 kB
SUnreclaim:       142272 kB
KernelStack:       42064 kB
PageTables:        51716 kB
NFS_Unstable:          0 kB
Bounce:                0 kB
WritebackTmp:          0 kB
CommitLimit:     7105828 kB
Committed_AS:   55135700 kB
VmallocTotal:   263061440 kB
VmallocUsed:       67084 kB
VmallocChunk:          0 kB
Percpu:             2336 kB
CmaTotal:         294912 kB
CmaFree:               0 kB
MemTotal:       12114512 kB
MemFree:         3024696 kB
MemAvailable:    8043272 kB
Buffers:            6756 kB
Cached:          4152676 kB
SwapCached:            0 kB
Active:          2101800 kB
Inactive:        3452036 kB
Active(anon):    1398780 kB
Inactive(anon):    14864 kB
Active(file):     703020 kB
Inactive(file):  3437172 kB
Unevictable:        4164 kB
Mlocked:            4164 kB
SwapTotal:       1048572 kB
SwapFree:        1048572 kB
Dirty:               204 kB
Writeback:             0 kB
AnonPages:       1398804 kB
Mapped:           819844 kB
Shmem:             15940 kB
Slab:             199052 kB
SReclaimable:      56780 kB
SUnreclaim:       142272 kB
KernelStack:       42032 kB
PageTables:        51672 kB
NFS_Unstable:          0 kB
Bounce:                0 kB
WritebackTmp:          0 kB
CommitLimit:     7105828 kB
Committed_AS:   55146244 kB
VmallocTotal:   263061440 kB
VmallocUsed:       67116 kB
VmallocChunk:          0 kB
Percpu:             2336 kB
CmaTotal:         294912 kB
CmaFree:               0 kB
MemTotal:       12114512 kB
MemFree:         3024488 kB
MemAvailable:    8043064 kB
Buffers:            6756 kB
Cached:          4152676 kB
SwapCached:            0 kB
Active:          2102440 kB
Inactive:        3452036 kB
Active(anon):    1399420 kB
Inactive(anon):    14864 kB
Active(file):     703020 kB
Inactive(file):  3437172 kB
Unevictable:        4164 kB
Mlocked:            4164 kB
SwapTotal:       1048572 kB
SwapFree:        1048572 kB
Dirty:               208 kB
Writeback:             0 kB
AnonPages:       1399012 kB
Mapped:           820112 kB
Shmem:             15940 kB
Slab:             199052 kB
SReclaimable:      56780 kB
SUnreclaim:       142272 kB
KernelStack:       42068 kB
PageTables:        51680 kB
NFS_Unstable:          0 kB
Bounce:                0 kB
WritebackTmp:          0 kB
CommitLimit:     7105828 kB
Committed_AS:   55145988 kB
VmallocTotal:   263061440 kB
VmallocUsed:       67116 kB
VmallocChunk:          0 kB
Percpu:             2336 kB
CmaTotal:         294912 kB
CmaFree:               0 kB
MemTotal:       12114512 kB
MemFree:         3024880 kB
MemAvailable:    8043456 kB
Buffers:            6756 kB
Cached:          4152676 kB
SwapCached:            0 kB
Active:          2102120 kB
Inactive:        3452036 kB
Active(anon):    1399100 kB
Inactive(anon):    14864 kB
Active(file):     703020 kB
Inactive(file):  3437172 kB
Unevictable:        4164 kB
Mlocked:            4164 kB
SwapTotal:       1048572 kB
SwapFree:        1048572 kB
Dirty:               172 kB
Writeback:             0 kB
AnonPages:       1399128 kB
Mapped:           819844 kB
Shmem:             15940 kB
Slab:             199052 kB
SReclaimable:      56780 kB
SUnreclaim:       142272 kB
KernelStack:       42032 kB
PageTables:        51672 kB
NFS_Unstable:          0 kB
Bounce:                0 kB
WritebackTmp:          0 kB
CommitLimit:     7105828 kB
Committed_AS:   55145936 kB
VmallocTotal:   263061440 kB
VmallocUsed:       67100 kB
VmallocChunk:          0 kB
Percpu:             2336 kB
CmaTotal:         294912 kB
CmaFree:               0 kB
MemTotal:       12114512 kB
MemFree:         3023808 kB
MemAvailable:    8042384 kB
Buffers:            6756 kB
Cached:          4152676 kB
SwapCached:            0 kB
Active:          2102964 kB
Inactive:        3452036 kB
Active(anon):    1399944 kB
Inactive(anon):    14864 kB
Active(file):     703020 kB
Inactive(file):  3437172 kB
Unevictable:        4164 kB
Mlocked:            4164 kB
SwapTotal:       1048572 kB
SwapFree:        1048572 kB
Dirty:               188 kB
Writeback:             0 kB
AnonPages:       1399740 kB
Mapped:           820004 kB
Shmem:             15940 kB
Slab:             199052 kB
SReclaimable:      56780 kB
SUnreclaim:       142272 kB
KernelStack:       42064 kB
PageTables:        51720 kB
NFS_Unstable:          0 kB
Bounce:                0 kB
WritebackTmp:          0 kB
CommitLimit:     7105828 kB
Committed_AS:   55146412 kB
VmallocTotal:   263061440 kB
VmallocUsed:       67100 kB
VmallocChunk:          0 kB
Percpu:             2336 kB
CmaTotal:         294912 kB
CmaFree:               0 kB
MemTotal:       12114512 kB
MemFree:         3025304 kB
MemAvailable:    8043880 kB
Buffers:            6756 kB
Cached:          4152676 kB
SwapCached:            0 kB
Active:          2102408 kB
Inactive:        3452036 kB
Active(anon):    1399388 kB
Inactive(anon):    14864 kB
Active(file):     703020 kB
Inactive(file):  3437172 kB
Unevictable:        4164 kB
Mlocked:            4164 kB
SwapTotal:       1048572 kB
SwapFree:        1048572 kB
Dirty:               260 kB
Writeback:             0 kB
AnonPages:       1399424 kB
Mapped:           819844 kB
Shmem:             15940 kB
Slab:             199052 kB
SReclaimable:      56780 kB
SUnreclaim:       142272 kB
KernelStack:       41904 kB
PageTables:        51664 kB
NFS_Unstable:          0 kB
Bounce:                0 kB
WritebackTmp:          0 kB
CommitLimit:     7105828 kB
Committed_AS:   55145908 kB
VmallocTotal:   263061440 kB
VmallocUsed:       66988 kB
VmallocChunk:          0 kB
Percpu:             2336 kB
CmaTotal:         294912 kB
CmaFree:               0 kB
MemTotal:       12114512 kB
MemFree:         3030572 kB
MemAvailable:    8049144 kB
Buffers:            6760 kB
Cached:          4152676 kB
SwapCached:            0 kB
Active:          2095760 kB
Inactive:        3452036 kB
Active(anon):    1392736 kB
Inactive(anon):    14864 kB
Active(file):     703024 kB
Inactive(file):  3437172 kB
Unevictable:        4164 kB
Mlocked:            4164 kB
SwapTotal:       1048572 kB
SwapFree:        1048572 kB
Dirty:               212 kB
Writeback:             0 kB
AnonPages:       1392732 kB
Mapped:           820004 kB
Shmem:             15940 kB
Slab:             199044 kB
SReclaimable:      56780 kB
SUnreclaim:       142264 kB
KernelStack:       41904 kB
PageTables:        51700 kB
NFS_Unstable:          0 kB
Bounce:                0 kB
WritebackTmp:          0 kB
CommitLimit:     7105828 kB
Committed_AS:   55145928 kB
VmallocTotal:   263061440 kB
VmallocUsed:       66924 kB
VmallocChunk:          0 kB
Percpu:             2336 kB
CmaTotal:         294912 kB
CmaFree:               0 kB
MemTotal:       12114512 kB
MemFree:         3031296 kB
MemAvailable:    8049868 kB
Buffers:            6760 kB
Cached:          4152676 kB
SwapCached:            0 kB
Active:          2096412 kB
Inactive:        3452036 kB
Active(anon):    1393388 kB
Inactive(anon):    14864 kB
Active(file):     703024 kB
Inactive(file):  3437172 kB
Unevictable:        4164 kB
Mlocked:            4164 kB
SwapTotal:       1048572 kB
SwapFree:        1048572 kB
Dirty:               220 kB
Writeback:             0 kB
AnonPages:       1393336 kB
Mapped:           819852 kB
Shmem:             15940 kB
Slab:             199044 kB
SReclaimable:      56780 kB
SUnreclaim:       142264 kB
KernelStack:       41872 kB
PageTables:        51664 kB
NFS_Unstable:          0 kB
Bounce:                0 kB
WritebackTmp:          0 kB
CommitLimit:     7105828 kB
Committed_AS:   55146080 kB
VmallocTotal:   263061440 kB
VmallocUsed:       66892 kB
VmallocChunk:          0 kB
Percpu:             2336 kB
CmaTotal:         294912 kB
CmaFree:               0 kB
MemTotal:       12114512 kB
MemFree:         3030776 kB
MemAvailable:    8049348 kB
Buffers:            6760 kB
Cached:          4152676 kB
SwapCached:            0 kB
Active:          2096728 kB
Inactive:        3452036 kB
Active(anon):    1393704 kB
Inactive(anon):    14864 kB
Active(file):     703024 kB
Inactive(file):  3437172 kB
Unevictable:        4164 kB
Mlocked:            4164 kB
SwapTotal:       1048572 kB
SwapFree:        1048572 kB
Dirty:               120 kB
Writeback:             0 kB
AnonPages:       1393412 kB
Mapped:           819892 kB
Shmem:             15940 kB
Slab:             199044 kB
SReclaimable:      56780 kB
SUnreclaim:       142264 kB
KernelStack:       41904 kB
PageTables:        51708 kB
NFS_Unstable:          0 kB
Bounce:                0 kB
WritebackTmp:          0 kB
CommitLimit:     7105828 kB
Committed_AS:   55145792 kB
VmallocTotal:   263061440 kB
VmallocUsed:       66924 kB
VmallocChunk:          0 kB
Percpu:             2336 kB
CmaTotal:         294912 kB
CmaFree:               0 kB
MemTotal:       12114512 kB
MemFree:         3030556 kB
MemAvailable:    8049128 kB
Buffers:            6760 kB
Cached:          4152676 kB
SwapCached:            0 kB
Active:          2096664 kB
Inactive:        3452036 kB
Active(anon):    1393640 kB
Inactive(anon):    14864 kB
Active(file):     703024 kB
Inactive(file):  3437172 kB
Unevictable:        4164 kB
Mlocked:            4164 kB
SwapTotal:       1048572 kB
SwapFree:        1048572 kB
Dirty:               136 kB
Writeback:             0 kB
AnonPages:       1393616 kB
Mapped:           819852 kB
Shmem:             15940 kB
Slab:             199044 kB
SReclaimable:      56780 kB
SUnreclaim:       142264 kB
KernelStack:       41872 kB
PageTables:        51664 kB
NFS_Unstable:          0 kB
Bounce:                0 kB
WritebackTmp:          0 kB
CommitLimit:     7105828 kB
Committed_AS:   55146036 kB
VmallocTotal:   263061440 kB
VmallocUsed:       66956 kB
VmallocChunk:          0 kB
Percpu:             2336 kB
CmaTotal:         294912 kB
CmaFree:               0 kB
MemTotal:       12114512 kB
MemFree:         3030484 kB
MemAvailable:    8049064 kB
Buffers:            6760 kB
Cached:          4152684 kB
SwapCached:            0 kB
Active:          2096864 kB
Inactive:        3452040 kB
Active(anon):    1393836 kB
Inactive(anon):    14864 kB
Active(file):     703028 kB
Inactive(file):  3437176 kB
Unevictable:        4164 kB
Mlocked:            4164 kB
SwapTotal:       1048572 kB
SwapFree:        1048572 kB
Dirty:               156 kB
Writeback:             8 kB
AnonPages:       1393696 kB
Mapped:           820072 kB
Shmem:             15940 kB
Slab:             199044 kB
SReclaimable:      56780 kB
SUnreclaim:       142264 kB
KernelStack:       41860 kB
PageTables:        51604 kB
NFS_Unstable:          0 kB
Bounce:                0 kB
WritebackTmp:          0 kB
CommitLimit:     7105828 kB
Committed_AS:   55145544 kB
VmallocTotal:   263061440 kB
VmallocUsed:       66924 kB
VmallocChunk:          0 kB
Percpu:             2336 kB
CmaTotal:         294912 kB
CmaFree:               0 kB
MemTotal:       12114512 kB
MemFree:         3031548 kB
MemAvailable:    8046824 kB
Buffers:            6760 kB
Cached:          4149636 kB
SwapCached:            0 kB
Active:          2099240 kB
Inactive:        3448744 kB
Active(anon):    1396216 kB
Inactive(anon):    14868 kB
Active(file):     703024 kB
Inactive(file):  3433876 kB
Unevictable:        4164 kB
Mlocked:            4164 kB
SwapTotal:       1048572 kB
SwapFree:        1048572 kB
Dirty:              1820 kB
Writeback:             0 kB
AnonPages:       1395928 kB
Mapped:           819856 kB
Shmem:             15944 kB
Slab:             199044 kB
SReclaimable:      56780 kB
SUnreclaim:       142264 kB
KernelStack:       41840 kB
PageTables:        51660 kB
NFS_Unstable:          0 kB
Bounce:                0 kB
WritebackTmp:          0 kB
CommitLimit:     7105828 kB
Committed_AS:   55140156 kB
VmallocTotal:   263061440 kB
VmallocUsed:       66924 kB
VmallocChunk:          0 kB
Percpu:             2336 kB
CmaTotal:         294912 kB
CmaFree:               0 kB
MemTotal:       12114512 kB
MemFree:         3030776 kB
MemAvailable:    8049424 kB
Buffers:            6760 kB
Cached:          4152756 kB
SwapCached:            0 kB
Active:          2097436 kB
Inactive:        3452116 kB
Active(anon):    1394412 kB
Inactive(anon):    14868 kB
Active(file):     703024 kB
Inactive(file):  3437248 kB
Unevictable:        4164 kB
Mlocked:            4164 kB
SwapTotal:       1048572 kB
SwapFree:        1048572 kB
Dirty:              5192 kB
Writeback:             0 kB
AnonPages:       1394400 kB
Mapped:           819936 kB
Shmem:             15944 kB
Slab:             199044 kB
SReclaimable:      56780 kB
SUnreclaim:       142264 kB
KernelStack:       41872 kB
PageTables:        51696 kB
NFS_Unstable:          0 kB
Bounce:                0 kB
WritebackTmp:          0 kB
CommitLimit:     7105828 kB
Committed_AS:   55145096 kB
VmallocTotal:   263061440 kB
VmallocUsed:       66908 kB
VmallocChunk:          0 kB
Percpu:             2336 kB
CmaTotal:         294912 kB
CmaFree:               0 kB
MemTotal:       12114512 kB
MemFree:         3030176 kB
MemAvailable:    8083312 kB
Buffers:            6760 kB
Cached:          4152756 kB
SwapCached:            0 kB
Active:          2097732 kB
Inactive:        3452116 kB
Active(anon):    1394708 kB
Inactive(anon):    14868 kB
Active(file):     703024 kB
Inactive(file):  3437248 kB
Unevictable:        4164 kB
Mlocked:            4164 kB
SwapTotal:       1048572 kB
SwapFree:        1048572 kB
Dirty:              5156 kB
Writeback:             0 kB
AnonPages:       1394720 kB
Mapped:           819856 kB
Shmem:             15944 kB
Slab:             199044 kB
SReclaimable:      56780 kB
SUnreclaim:       142264 kB
KernelStack:       41840 kB
PageTables:        51544 kB
NFS_Unstable:          0 kB
Bounce:                0 kB
WritebackTmp:          0 kB
CommitLimit:     7105828 kB
Committed_AS:   55145952 kB
VmallocTotal:   263061440 kB
VmallocUsed:       66908 kB
VmallocChunk:          0 kB
Percpu:             2336 kB
CmaTotal:         294912 kB
CmaFree:               0 kB
MemTotal:       12114512 kB
MemFree:         3038524 kB
MemAvailable:    8091660 kB
Buffers:            6760 kB
Cached:          4152756 kB
SwapCached:            0 kB
Active:          2087736 kB
Inactive:        3452116 kB
Active(anon):    1384712 kB
Inactive(anon):    14868 kB
Active(file):     703024 kB
Inactive(file):  3437248 kB
Unevictable:        4164 kB
Mlocked:            4164 kB
SwapTotal:       1048572 kB
SwapFree:        1048572 kB
Dirty:              5156 kB
Writeback:             0 kB
AnonPages:       1384436 kB
Mapped:           819928 kB
Shmem:             15944 kB
Slab:             199044 kB
SReclaimable:      56780 kB
SUnreclaim:       142264 kB
KernelStack:       41872 kB
PageTables:        51576 kB
NFS_Unstable:          0 kB
Bounce:                0 kB
WritebackTmp:          0 kB
CommitLimit:     7105828 kB
Committed_AS:   55145600 kB
VmallocTotal:   263061440 kB
VmallocUsed:       66924 kB
VmallocChunk:          0 kB
Percpu:             2336 kB
CmaTotal:         294912 kB
CmaFree:              32 kB
MemTotal:       12114512 kB
MemFree:         3038740 kB
MemAvailable:    8091876 kB
Buffers:            6760 kB
Cached:          4152756 kB
SwapCached:            0 kB
Active:          2087896 kB
Inactive:        3452116 kB
Active(anon):    1384872 kB
Inactive(anon):    14868 kB
Active(file):     703024 kB
Inactive(file):  3437248 kB
Unevictable:        4164 kB
Mlocked:            4164 kB
SwapTotal:       1048572 kB
SwapFree:        1048572 kB
Dirty:              5184 kB
Writeback:             0 kB
AnonPages:       1384872 kB
Mapped:           819856 kB
Shmem:             15944 kB
Slab:             199044 kB
SReclaimable:      56780 kB
SUnreclaim:       142264 kB
KernelStack:       41840 kB
PageTables:        51544 kB
NFS_Unstable:          0 kB
Bounce:                0 kB
WritebackTmp:          0 kB
CommitLimit:     7105828 kB
Committed_AS:   55145168 kB
VmallocTotal:   263061440 kB
VmallocUsed:       66876 kB
VmallocChunk:          0 kB
Percpu:             2336 kB
CmaTotal:         294912 kB
CmaFree:               0 kB
MemTotal:       12114512 kB
MemFree:         3039472 kB
MemAvailable:    8092620 kB
Buffers:            6764 kB
Cached:          4152764 kB
SwapCached:            0 kB
Active:          2088056 kB
Inactive:        3452124 kB
Active(anon):    1385028 kB
Inactive(anon):    14868 kB
Active(file):     703028 kB
Inactive(file):  3437256 kB
Unevictable:        4164 kB
Mlocked:            4164 kB
SwapTotal:       1048572 kB
SwapFree:        1048572 kB
Dirty:               212 kB
Writeback:             0 kB
AnonPages:       1384980 kB
Mapped:           819856 kB
Shmem:             15944 kB
Slab:             199044 kB
SReclaimable:      56780 kB
SUnreclaim:       142264 kB
KernelStack:       41840 kB
PageTables:        51544 kB
NFS_Unstable:          0 kB
Bounce:                0 kB
WritebackTmp:          0 kB
CommitLimit:     7105828 kB
Committed_AS:   55144860 kB
VmallocTotal:   263061440 kB
VmallocUsed:       66908 kB
VmallocChunk:          0 kB
Percpu:             2336 kB
CmaTotal:         294912 kB
CmaFree:               0 kB
MemTotal:       12114512 kB
MemFree:         3038260 kB
MemAvailable:    8091408 kB
Buffers:            6764 kB
Cached:          4152764 kB
SwapCached:            0 kB
Active:          2088160 kB
Inactive:        3452124 kB
Active(anon):    1385132 kB
Inactive(anon):    14868 kB
Active(file):     703028 kB
Inactive(file):  3437256 kB
Unevictable:        4164 kB
Mlocked:            4164 kB
SwapTotal:       1048572 kB
SwapFree:        1048572 kB
Dirty:               216 kB
Writeback:             0 kB
AnonPages:       1385116 kB
Mapped:           819856 kB
Shmem:             15944 kB
Slab:             199044 kB
SReclaimable:      56780 kB
SUnreclaim:       142264 kB
KernelStack:       41840 kB
PageTables:        51544 kB
NFS_Unstable:          0 kB
Bounce:                0 kB
WritebackTmp:          0 kB
CommitLimit:     7105828 kB
Committed_AS:   55145424 kB
VmallocTotal:   263061440 kB
VmallocUsed:       66908 kB
VmallocChunk:          0 kB
Percpu:             2336 kB
CmaTotal:         294912 kB
CmaFree:               0 kB
MemTotal:       12114512 kB
MemFree:         3027804 kB
MemAvailable:    8080952 kB
Buffers:            6764 kB
Cached:          4152764 kB
SwapCached:            0 kB
Active:          2099260 kB
Inactive:        3452124 kB
Active(anon):    1396232 kB
Inactive(anon):    14868 kB
Active(file):     703028 kB
Inactive(file):  3437256 kB
Unevictable:        4164 kB
Mlocked:            4164 kB
SwapTotal:       1048572 kB
SwapFree:        1048572 kB
Dirty:               184 kB
Writeback:             0 kB
AnonPages:       1396056 kB
Mapped:           820068 kB
Shmem:             15944 kB
Slab:             199052 kB
SReclaimable:      56780 kB
SUnreclaim:       142272 kB
KernelStack:       41872 kB
PageTables:        51588 kB
NFS_Unstable:          0 kB
Bounce:                0 kB
WritebackTmp:          0 kB
CommitLimit:     7105828 kB
Committed_AS:   55145292 kB
VmallocTotal:   263061440 kB
VmallocUsed:       66892 kB
VmallocChunk:          0 kB
Percpu:             2336 kB
CmaTotal:         294912 kB
CmaFree:               0 kB
MemTotal:       12114512 kB
MemFree:         3027748 kB
MemAvailable:    8080896 kB
Buffers:            6764 kB
Cached:          4152764 kB
SwapCached:            0 kB
Active:          2099216 kB
Inactive:        3452124 kB
Active(anon):    1396188 kB
Inactive(anon):    14868 kB
Active(file):     703028 kB
Inactive(file):  3437256 kB
Unevictable:        4164 kB
Mlocked:            4164 kB
SwapTotal:       1048572 kB
SwapFree:        1048572 kB
Dirty:               220 kB
Writeback:             0 kB
AnonPages:       1396188 kB
Mapped:           819888 kB
Shmem:             15944 kB
Slab:             199052 kB
SReclaimable:      56780 kB
SUnreclaim:       142272 kB
KernelStack:       41840 kB
PageTables:        51544 kB
NFS_Unstable:          0 kB
Bounce:                0 kB
WritebackTmp:          0 kB
CommitLimit:     7105828 kB
Committed_AS:   55144444 kB
VmallocTotal:   263061440 kB
VmallocUsed:       66924 kB
VmallocChunk:          0 kB
Percpu:             2336 kB
CmaTotal:         294912 kB
CmaFree:               0 kB
MemTotal:       12114512 kB
MemFree:         3028332 kB
MemAvailable:    8081480 kB
Buffers:            6764 kB
Cached:          4152764 kB
SwapCached:            0 kB
Active:          2099480 kB
Inactive:        3452124 kB
Active(anon):    1396452 kB
Inactive(anon):    14868 kB
Active(file):     703028 kB
Inactive(file):  3437256 kB
Unevictable:        4164 kB
Mlocked:            4164 kB
SwapTotal:       1048572 kB
SwapFree:        1048572 kB
Dirty:               228 kB
Writeback:             0 kB
AnonPages:       1396184 kB
Mapped:           819960 kB
Shmem:             15944 kB
Slab:             199052 kB
SReclaimable:      56780 kB
SUnreclaim:       142272 kB
KernelStack:       41872 kB
PageTables:        51576 kB
NFS_Unstable:          0 kB
Bounce:                0 kB
WritebackTmp:          0 kB
CommitLimit:     7105828 kB
Committed_AS:   55145664 kB
VmallocTotal:   263061440 kB
VmallocUsed:       66924 kB
VmallocChunk:          0 kB
Percpu:             2336 kB
CmaTotal:         294912 kB
CmaFree:               0 kB
MemTotal:       12114512 kB
MemFree:         3021068 kB
MemAvailable:    8074216 kB
Buffers:            6764 kB
Cached:          4152764 kB
SwapCached:            0 kB
Active:          2103180 kB
Inactive:        3452124 kB
Active(anon):    1400152 kB
Inactive(anon):    14868 kB
Active(file):     703028 kB
Inactive(file):  3437256 kB
Unevictable:        4164 kB
Mlocked:            4164 kB
SwapTotal:       1048572 kB
SwapFree:        1048572 kB
Dirty:               228 kB
Writeback:             0 kB
AnonPages:       1400212 kB
Mapped:           819888 kB
Shmem:             15944 kB
Slab:             199052 kB
SReclaimable:      56780 kB
SUnreclaim:       142272 kB
KernelStack:       41840 kB
PageTables:        51544 kB
NFS_Unstable:          0 kB
Bounce:                0 kB
WritebackTmp:          0 kB
CommitLimit:     7105828 kB
Committed_AS:   55152808 kB
VmallocTotal:   263061440 kB
VmallocUsed:       66908 kB
VmallocChunk:          0 kB
Percpu:             2336 kB
CmaTotal:         294912 kB
CmaFree:               0 kB
MemTotal:       12114512 kB
MemFree:         3023696 kB
MemAvailable:    8076844 kB
Buffers:            6764 kB
Cached:          4152764 kB
SwapCached:            0 kB
Active:          2102940 kB
Inactive:        3452124 kB
Active(anon):    1399912 kB
Inactive(anon):    14868 kB
Active(file):     703028 kB
Inactive(file):  3437256 kB
Unevictable:        4164 kB
Mlocked:            4164 kB
SwapTotal:       1048572 kB
SwapFree:        1048572 kB
Dirty:               232 kB
Writeback:             0 kB
AnonPages:       1399796 kB
Mapped:           820060 kB
Shmem:             15944 kB
Slab:             199044 kB
SReclaimable:      56780 kB
SUnreclaim:       142264 kB
KernelStack:       41872 kB
PageTables:        51580 kB
NFS_Unstable:          0 kB
Bounce:                0 kB
WritebackTmp:          0 kB
CommitLimit:     7105828 kB
Committed_AS:   55152572 kB
VmallocTotal:   263061440 kB
VmallocUsed:       66924 kB
VmallocChunk:          0 kB
Percpu:             2336 kB
CmaTotal:         294912 kB
CmaFree:               0 kB
MemTotal:       12114512 kB
MemFree:         3024540 kB
MemAvailable:    8077688 kB
Buffers:            6764 kB
Cached:          4152764 kB
SwapCached:            0 kB
Active:          2103112 kB
Inactive:        3452124 kB
Active(anon):    1400084 kB
Inactive(anon):    14868 kB
Active(file):     703028 kB
Inactive(file):  3437256 kB
Unevictable:        4164 kB
Mlocked:            4164 kB
SwapTotal:       1048572 kB
SwapFree:        1048572 kB
Dirty:               232 kB
Writeback:             0 kB
AnonPages:       1400056 kB
Mapped:           819888 kB
Shmem:             15944 kB
Slab:             199044 kB
SReclaimable:      56780 kB
SUnreclaim:       142264 kB
KernelStack:       41824 kB
PageTables:        51544 kB
NFS_Unstable:          0 kB
Bounce:                0 kB
WritebackTmp:          0 kB
CommitLimit:     7105828 kB
Committed_AS:   55152528 kB
VmallocTotal:   263061440 kB
VmallocUsed:       66908 kB
VmallocChunk:          0 kB
Percpu:             2336 kB
CmaTotal:         294912 kB
CmaFree:               0 kB
MemTotal:       12114512 kB
MemFree:         3031076 kB
MemAvailable:    8084224 kB
Buffers:            6764 kB
Cached:          4152764 kB
SwapCached:            0 kB
Active:          2096288 kB
Inactive:        3452124 kB
Active(anon):    1393260 kB
Inactive(anon):    14868 kB
Active(file):     703028 kB
Inactive(file):  3437256 kB
Unevictable:        4164 kB
Mlocked:            4164 kB
SwapTotal:       1048572 kB
SwapFree:        1048572 kB
Dirty:               160 kB
Writeback:             0 kB
AnonPages:       1393196 kB
Mapped:           820124 kB
Shmem:             15944 kB
Slab:             199044 kB
SReclaimable:      56780 kB
SUnreclaim:       142264 kB
KernelStack:       41840 kB
PageTables:        51592 kB
NFS_Unstable:          0 kB
Bounce:                0 kB
WritebackTmp:          0 kB
CommitLimit:     7105828 kB
Committed_AS:   55149224 kB
VmallocTotal:   263061440 kB
VmallocUsed:       66876 kB
VmallocChunk:          0 kB
Percpu:             2336 kB
CmaTotal:         294912 kB
CmaFree:               0 kB
MemTotal:       12114512 kB
MemFree:         3030516 kB
MemAvailable:    8083664 kB
Buffers:            6764 kB
Cached:          4152764 kB
SwapCached:            0 kB
Active:          2096420 kB
Inactive:        3452124 kB
Active(anon):    1393392 kB
Inactive(anon):    14868 kB
Active(file):     703028 kB
Inactive(file):  3437256 kB
Unevictable:        4164 kB
Mlocked:            4164 kB
SwapTotal:       1048572 kB
SwapFree:        1048572 kB
Dirty:               160 kB
Writeback:             0 kB
AnonPages:       1393128 kB
Mapped:           819888 kB
Shmem:             15944 kB
Slab:             199044 kB
SReclaimable:      56780 kB
SUnreclaim:       142264 kB
KernelStack:       41808 kB
PageTables:        51544 kB
NFS_Unstable:          0 kB
Bounce:                0 kB
WritebackTmp:          0 kB
CommitLimit:     7105828 kB
Committed_AS:   55143824 kB
VmallocTotal:   263061440 kB
VmallocUsed:       66876 kB
VmallocChunk:          0 kB
Percpu:             2336 kB
CmaTotal:         294912 kB
CmaFree:               0 kB
MemTotal:       12114512 kB
MemFree:         3030500 kB
MemAvailable:    8083648 kB
Buffers:            6764 kB
Cached:          4152764 kB
SwapCached:            0 kB
Active:          2096576 kB
Inactive:        3452124 kB
Active(anon):    1393548 kB
Inactive(anon):    14868 kB
Active(file):     703028 kB
Inactive(file):  3437256 kB
Unevictable:        4164 kB
Mlocked:            4164 kB
SwapTotal:       1048572 kB
SwapFree:        1048572 kB
Dirty:               160 kB
Writeback:             0 kB
AnonPages:       1393352 kB
Mapped:           820048 kB
Shmem:             15944 kB
Slab:             199052 kB
SReclaimable:      56780 kB
SUnreclaim:       142272 kB
KernelStack:       41840 kB
PageTables:        51580 kB
NFS_Unstable:          0 kB
Bounce:                0 kB
WritebackTmp:          0 kB
CommitLimit:     7105828 kB
Committed_AS:   55148956 kB
VmallocTotal:   263061440 kB
VmallocUsed:       66876 kB
VmallocChunk:          0 kB
Percpu:             2336 kB
CmaTotal:         294912 kB
CmaFree:               0 kB
MemTotal:       12114512 kB
MemFree:         3030504 kB
MemAvailable:    8083652 kB
Buffers:            6764 kB
Cached:          4152764 kB
SwapCached:            0 kB
Active:          2097032 kB
Inactive:        3452124 kB
Active(anon):    1394004 kB
Inactive(anon):    14868 kB
Active(file):     703028 kB
Inactive(file):  3437256 kB
Unevictable:        4164 kB
Mlocked:            4164 kB
SwapTotal:       1048572 kB
SwapFree:        1048572 kB
Dirty:               176 kB
Writeback:             0 kB
AnonPages:       1393980 kB
Mapped:           819888 kB
Shmem:             15944 kB
Slab:             199044 kB
SReclaimable:      56780 kB
SUnreclaim:       142264 kB
KernelStack:       41808 kB
PageTables:        51544 kB
NFS_Unstable:          0 kB
Bounce:                0 kB
WritebackTmp:          0 kB
CommitLimit:     7105828 kB
Committed_AS:   55148608 kB
VmallocTotal:   263061440 kB
VmallocUsed:       66876 kB
VmallocChunk:          0 kB
Percpu:             2336 kB
CmaTotal:         294912 kB
CmaFree:               0 kB
MemTotal:       12114512 kB
MemFree:         3029648 kB
MemAvailable:    8082904 kB
Buffers:            6764 kB
Cached:          4152868 kB
SwapCached:            0 kB
Active:          2097236 kB
Inactive:        3452228 kB
Active(anon):    1394208 kB
Inactive(anon):    14868 kB
Active(file):     703028 kB
Inactive(file):  3437360 kB
Unevictable:        4164 kB
Mlocked:            4164 kB
SwapTotal:       1048572 kB
SwapFree:        1048572 kB
Dirty:              5320 kB
Writeback:             0 kB
AnonPages:       1394052 kB
Mapped:           820048 kB
Shmem:             15944 kB
Slab:             199056 kB
SReclaimable:      56792 kB
SUnreclaim:       142264 kB
KernelStack:       41808 kB
PageTables:        51584 kB
NFS_Unstable:          0 kB
Bounce:                0 kB
WritebackTmp:          0 kB
CommitLimit:     7105828 kB
Committed_AS:   55148952 kB
VmallocTotal:   263061440 kB
VmallocUsed:       66828 kB
VmallocChunk:          0 kB
Percpu:             2336 kB
CmaTotal:         294912 kB
CmaFree:               0 kB
MemTotal:       12114512 kB
MemFree:         3029760 kB
MemAvailable:    8083016 kB
Buffers:            6764 kB
Cached:          4152868 kB
SwapCached:            0 kB
Active:          2097268 kB
Inactive:        3452228 kB
Active(anon):    1394240 kB
Inactive(anon):    14868 kB
Active(file):     703028 kB
Inactive(file):  3437360 kB
Unevictable:        4164 kB
Mlocked:            4164 kB
SwapTotal:       1048572 kB
SwapFree:        1048572 kB
Dirty:              5324 kB
Writeback:             0 kB
AnonPages:       1394232 kB
Mapped:           819888 kB
Shmem:             15944 kB
Slab:             199056 kB
SReclaimable:      56792 kB
SUnreclaim:       142264 kB
KernelStack:       41776 kB
PageTables:        51536 kB
NFS_Unstable:          0 kB
Bounce:                0 kB
WritebackTmp:          0 kB
CommitLimit:     7105828 kB
Committed_AS:   55148680 kB
VmallocTotal:   263061440 kB
VmallocUsed:       66860 kB
VmallocChunk:          0 kB
Percpu:             2336 kB
CmaTotal:         294912 kB
CmaFree:               0 kB
MemTotal:       12114512 kB
MemFree:         3029836 kB
MemAvailable:    8083092 kB
Buffers:            6764 kB
Cached:          4152868 kB
SwapCached:            0 kB
Active:          2097464 kB
Inactive:        3452228 kB
Active(anon):    1394436 kB
Inactive(anon):    14868 kB
Active(file):     703028 kB
Inactive(file):  3437360 kB
Unevictable:        4164 kB
Mlocked:            4164 kB
SwapTotal:       1048572 kB
SwapFree:        1048572 kB
Dirty:              5344 kB
Writeback:             0 kB
AnonPages:       1394364 kB
Mapped:           820048 kB
Shmem:             15944 kB
Slab:             199056 kB
SReclaimable:      56792 kB
SUnreclaim:       142264 kB
KernelStack:       41648 kB
PageTables:        51556 kB
NFS_Unstable:          0 kB
Bounce:                0 kB
WritebackTmp:          0 kB
CommitLimit:     7105828 kB
Committed_AS:   55148736 kB
VmallocTotal:   263061440 kB
VmallocUsed:       66684 kB
VmallocChunk:          0 kB
Percpu:             2336 kB
CmaTotal:         294912 kB
CmaFree:               0 kB
MemTotal:       12114512 kB
MemFree:         3028768 kB
MemAvailable:    8081552 kB
Buffers:            6764 kB
Cached:          4152868 kB
SwapCached:            0 kB
Active:          2100560 kB
Inactive:        3452228 kB
Active(anon):    1397532 kB
Inactive(anon):    14868 kB
Active(file):     703028 kB
Inactive(file):  3437360 kB
Unevictable:        4164 kB
Mlocked:            4164 kB
SwapTotal:       1048572 kB
SwapFree:        1048572 kB
Dirty:              5348 kB
Writeback:             0 kB
AnonPages:       1397636 kB
Mapped:           820008 kB
Shmem:             15944 kB
Slab:             199064 kB
SReclaimable:      56792 kB
SUnreclaim:       142272 kB
KernelStack:       41600 kB
PageTables:        51532 kB
NFS_Unstable:          0 kB
Bounce:                0 kB
WritebackTmp:          0 kB
CommitLimit:     7105828 kB
Committed_AS:   55149104 kB
VmallocTotal:   263061440 kB
VmallocUsed:       66668 kB
VmallocChunk:          0 kB
Percpu:             2336 kB
CmaTotal:         294912 kB
CmaFree:               0 kB
MemTotal:       12114512 kB
MemFree:         3026992 kB
MemAvailable:    8079776 kB
Buffers:            6764 kB
Cached:          4152868 kB
SwapCached:            0 kB
Active:          2102260 kB
Inactive:        3452228 kB
Active(anon):    1399232 kB
Inactive(anon):    14868 kB
Active(file):     703028 kB
Inactive(file):  3437360 kB
Unevictable:        4164 kB
Mlocked:            4164 kB
SwapTotal:       1048572 kB
SwapFree:        1048572 kB
Dirty:              5356 kB
Writeback:             0 kB
AnonPages:       1399188 kB
Mapped:           820008 kB
Shmem:             15944 kB
Slab:             199072 kB
SReclaimable:      56792 kB
SUnreclaim:       142280 kB
KernelStack:       41568 kB
PageTables:        51536 kB
NFS_Unstable:          0 kB
Bounce:                0 kB
WritebackTmp:          0 kB
CommitLimit:     7105828 kB
Committed_AS:   55148408 kB
VmallocTotal:   263061440 kB
VmallocUsed:       66636 kB
VmallocChunk:          0 kB
Percpu:             2336 kB
CmaTotal:         294912 kB
CmaFree:               0 kB
MemTotal:       12114512 kB
MemFree:         3025648 kB
MemAvailable:    8078448 kB
Buffers:            6764 kB
Cached:          4152880 kB
SwapCached:            0 kB
Active:          2102368 kB
Inactive:        3452240 kB
Active(anon):    1399340 kB
Inactive(anon):    14868 kB
Active(file):     703028 kB
Inactive(file):  3437372 kB
Unevictable:        4164 kB
Mlocked:            4164 kB
SwapTotal:       1048572 kB
SwapFree:        1048572 kB
Dirty:               252 kB
Writeback:             0 kB
AnonPages:       1399304 kB
Mapped:           820008 kB
Shmem:             15944 kB
Slab:             199068 kB
SReclaimable:      56796 kB
SUnreclaim:       142272 kB
KernelStack:       41568 kB
PageTables:        51536 kB
NFS_Unstable:          0 kB
Bounce:                0 kB
WritebackTmp:          0 kB
CommitLimit:     7105828 kB
Committed_AS:   55148516 kB
VmallocTotal:   263061440 kB
VmallocUsed:       66636 kB
VmallocChunk:          0 kB
Percpu:             2336 kB
CmaTotal:         294912 kB
CmaFree:               0 kB
MemTotal:       12114512 kB
MemFree:         3025276 kB
MemAvailable:    8078076 kB
Buffers:            6764 kB
Cached:          4152880 kB
SwapCached:            0 kB
Active:          2102792 kB
Inactive:        3452240 kB
Active(anon):    1399764 kB
Inactive(anon):    14868 kB
Active(file):     703028 kB
Inactive(file):  3437372 kB
Unevictable:        4164 kB
Mlocked:            4164 kB
SwapTotal:       1048572 kB
SwapFree:        1048572 kB
Dirty:               196 kB
Writeback:             0 kB
AnonPages:       1399472 kB
Mapped:           820004 kB
Shmem:             15944 kB
Slab:             199084 kB
SReclaimable:      56796 kB
SUnreclaim:       142288 kB
KernelStack:       41616 kB
PageTables:        51532 kB
NFS_Unstable:          0 kB
Bounce:                0 kB
WritebackTmp:          0 kB
CommitLimit:     7105828 kB
Committed_AS:   55148588 kB
VmallocTotal:   263061440 kB
VmallocUsed:       66652 kB
VmallocChunk:          0 kB
Percpu:             2336 kB
CmaTotal:         294912 kB
CmaFree:               0 kB
MemTotal:       12114512 kB
MemFree:         3025796 kB
MemAvailable:    8078596 kB
Buffers:            6764 kB
Cached:          4152880 kB
SwapCached:            0 kB
Active:          2103020 kB
Inactive:        3452240 kB
Active(anon):    1399992 kB
Inactive(anon):    14868 kB
Active(file):     703028 kB
Inactive(file):  3437372 kB
Unevictable:        4164 kB
Mlocked:            4164 kB
SwapTotal:       1048572 kB
SwapFree:        1048572 kB
Dirty:               224 kB
Writeback:             0 kB
AnonPages:       1399968 kB
Mapped:           820008 kB
Shmem:             15944 kB
Slab:             199068 kB
SReclaimable:      56796 kB
SUnreclaim:       142272 kB
KernelStack:       41536 kB
PageTables:        51536 kB
NFS_Unstable:          0 kB
Bounce:                0 kB
WritebackTmp:          0 kB
CommitLimit:     7105828 kB
Committed_AS:   55149100 kB
VmallocTotal:   263061440 kB
VmallocUsed:       66620 kB
VmallocChunk:          0 kB
Percpu:             2336 kB
CmaTotal:         294912 kB
CmaFree:               0 kB
MemTotal:       12114512 kB
MemFree:         3025208 kB
MemAvailable:    8078008 kB
Buffers:            6764 kB
Cached:          4152880 kB
SwapCached:            0 kB
Active:          2103316 kB
Inactive:        3452240 kB
Active(anon):    1400288 kB
Inactive(anon):    14868 kB
Active(file):     703028 kB
Inactive(file):  3437372 kB
Unevictable:        4164 kB
Mlocked:            4164 kB
SwapTotal:       1048572 kB
SwapFree:        1048572 kB
Dirty:               228 kB
Writeback:             0 kB
AnonPages:       1400152 kB
Mapped:           820068 kB
Shmem:             15944 kB
Slab:             199148 kB
SReclaimable:      56796 kB
SUnreclaim:       142352 kB
KernelStack:       41584 kB
PageTables:        51592 kB
NFS_Unstable:          0 kB
Bounce:                0 kB
WritebackTmp:          0 kB
CommitLimit:     7105828 kB
Committed_AS:   55149136 kB
VmallocTotal:   263061440 kB
VmallocUsed:       66620 kB
VmallocChunk:          0 kB
Percpu:             2336 kB
CmaTotal:         294912 kB
CmaFree:               0 kB
MemTotal:       12114512 kB
MemFree:         3024448 kB
MemAvailable:    8077248 kB
Buffers:            6764 kB
Cached:          4152880 kB
SwapCached:            0 kB
Active:          2103468 kB
Inactive:        3452240 kB
Active(anon):    1400440 kB
Inactive(anon):    14868 kB
Active(file):     703028 kB
Inactive(file):  3437372 kB
Unevictable:        4164 kB
Mlocked:            4164 kB
SwapTotal:       1048572 kB
SwapFree:        1048572 kB
Dirty:               240 kB
Writeback:             0 kB
AnonPages:       1400364 kB
Mapped:           820008 kB
Shmem:             15944 kB
Slab:             199084 kB
SReclaimable:      56796 kB
SUnreclaim:       142288 kB
KernelStack:       41520 kB
PageTables:        51536 kB
NFS_Unstable:          0 kB
Bounce:                0 kB
WritebackTmp:          0 kB
CommitLimit:     7105828 kB
Committed_AS:   55148756 kB
VmallocTotal:   263061440 kB
VmallocUsed:       66604 kB
VmallocChunk:          0 kB
Percpu:             2336 kB
CmaTotal:         294912 kB
CmaFree:               0 kB
MemTotal:       12114512 kB
MemFree:         3024548 kB
MemAvailable:    8077348 kB
Buffers:            6764 kB
Cached:          4152880 kB
SwapCached:            0 kB
Active:          2103376 kB
Inactive:        3452240 kB
Active(anon):    1400348 kB
Inactive(anon):    14868 kB
Active(file):     703028 kB
Inactive(file):  3437372 kB
Unevictable:        4164 kB
Mlocked:            4164 kB
SwapTotal:       1048572 kB
SwapFree:        1048572 kB
