MemTotal:       12114512 kB
MemFree:         3352996 kB
MemAvailable:    9203160 kB
Buffers:            6432 kB
Cached:          4147992 kB
SwapCached:            0 kB
Active:          1848892 kB
Inactive:        3450640 kB
Active(anon):    1149524 kB
Inactive(anon):    12980 kB
Active(file):     699368 kB
Inactive(file):  3437660 kB
Unevictable:        4164 kB
Mlocked:            4164 kB
SwapTotal:       1048572 kB
SwapFree:        1048572 kB
Dirty:               156 kB
Writeback:             0 kB
AnonPages:       1149440 kB
Mapped:           797948 kB
Shmem:             14096 kB
Slab:             197248 kB
SReclaimable:      56296 kB
SUnreclaim:       140952 kB
KernelStack:       37072 kB
PageTables:        46500 kB
NFS_Unstable:          0 kB
Bounce:                0 kB
WritebackTmp:          0 kB
CommitLimit:     7105828 kB
Committed_AS:   51548872 kB
VmallocTotal:   263061440 kB
VmallocUsed:       61928 kB
VmallocChunk:          0 kB
Percpu:             2336 kB
CmaTotal:         294912 kB
CmaFree:               0 kB
MemTotal:       12114512 kB
MemFree:         3352412 kB
MemAvailable:    9202576 kB
Buffers:            6432 kB
Cached:          4147992 kB
SwapCached:            0 kB
Active:          1849024 kB
Inactive:        3450640 kB
Active(anon):    1149656 kB
Inactive(anon):    12980 kB
Active(file):     699368 kB
Inactive(file):  3437660 kB
Unevictable:        4164 kB
Mlocked:            4164 kB
SwapTotal:       1048572 kB
SwapFree:        1048572 kB
Dirty:               156 kB
Writeback:             0 kB
AnonPages:       1149564 kB
Mapped:           797792 kB
Shmem:             14096 kB
Slab:             197248 kB
SReclaimable:      56296 kB
SUnreclaim:       140952 kB
KernelStack:       37120 kB
PageTables:        46552 kB
NFS_Unstable:          0 kB
Bounce:                0 kB
WritebackTmp:          0 kB
CommitLimit:     7105828 kB
Committed_AS:   51546664 kB
VmallocTotal:   263061440 kB
VmallocUsed:       61944 kB
VmallocChunk:          0 kB
Percpu:             2336 kB
CmaTotal:         294912 kB
CmaFree:               0 kB
MemTotal:       12114512 kB
MemFree:         3352024 kB
MemAvailable:    9202188 kB
Buffers:            6432 kB
Cached:          4147992 kB
SwapCached:            0 kB
Active:          1849120 kB
Inactive:        3450640 kB
Active(anon):    1149752 kB
Inactive(anon):    12980 kB
Active(file):     699368 kB
Inactive(file):  3437660 kB
Unevictable:        4164 kB
Mlocked:            4164 kB
SwapTotal:       1048572 kB
SwapFree:        1048572 kB
Dirty:               156 kB
Writeback:             0 kB
AnonPages:       1149520 kB
Mapped:           797792 kB
Shmem:             14096 kB
Slab:             197256 kB
SReclaimable:      56296 kB
SUnreclaim:       140960 kB
KernelStack:       37104 kB
PageTables:        46552 kB
NFS_Unstable:          0 kB
Bounce:                0 kB
WritebackTmp:          0 kB
CommitLimit:     7105828 kB
Committed_AS:   51546004 kB
VmallocTotal:   263061440 kB
VmallocUsed:       61960 kB
VmallocChunk:          0 kB
Percpu:             2336 kB
CmaTotal:         294912 kB
CmaFree:             112 kB
MemTotal:       12114512 kB
MemFree:         3351708 kB
MemAvailable:    9201872 kB
Buffers:            6432 kB
Cached:          4147992 kB
SwapCached:            0 kB
Active:          1849124 kB
Inactive:        3450640 kB
Active(anon):    1149756 kB
Inactive(anon):    12980 kB
Active(file):     699368 kB
Inactive(file):  3437660 kB
Unevictable:        4164 kB
Mlocked:            4164 kB
SwapTotal:       1048572 kB
SwapFree:        1048572 kB
Dirty:               156 kB
Writeback:             0 kB
AnonPages:       1149560 kB
Mapped:           797792 kB
Shmem:             14096 kB
Slab:             197344 kB
SReclaimable:      56296 kB
SUnreclaim:       141048 kB
KernelStack:       37104 kB
PageTables:        46552 kB
NFS_Unstable:          0 kB
Bounce:                0 kB
WritebackTmp:          0 kB
CommitLimit:     7105828 kB
Committed_AS:   51545348 kB
VmallocTotal:   263061440 kB
VmallocUsed:       61960 kB
VmallocChunk:          0 kB
Percpu:             2336 kB
CmaTotal:         294912 kB
CmaFree:               0 kB
MemTotal:       12114512 kB
MemFree:         3351548 kB
MemAvailable:    9201712 kB
Buffers:            6432 kB
Cached:          4147992 kB
SwapCached:            0 kB
Active:          1849176 kB
Inactive:        3450640 kB
Active(anon):    1149808 kB
Inactive(anon):    12980 kB
Active(file):     699368 kB
Inactive(file):  3437660 kB
Unevictable:        4164 kB
Mlocked:            4164 kB
SwapTotal:       1048572 kB
SwapFree:        1048572 kB
Dirty:               156 kB
Writeback:             0 kB
AnonPages:       1149604 kB
Mapped:           797792 kB
Shmem:             14096 kB
Slab:             197320 kB
SReclaimable:      56296 kB
SUnreclaim:       141024 kB
KernelStack:       37104 kB
PageTables:        46552 kB
NFS_Unstable:          0 kB
Bounce:                0 kB
WritebackTmp:          0 kB
CommitLimit:     7105828 kB
Committed_AS:   51545172 kB
VmallocTotal:   263061440 kB
VmallocUsed:       61960 kB
VmallocChunk:          0 kB
Percpu:             2336 kB
CmaTotal:         294912 kB
CmaFree:              92 kB
MemTotal:       12114512 kB
MemFree:         3351444 kB
MemAvailable:    9201608 kB
Buffers:            6432 kB
Cached:          4147992 kB
SwapCached:            0 kB
Active:          1849244 kB
Inactive:        3450640 kB
Active(anon):    1149876 kB
Inactive(anon):    12980 kB
Active(file):     699368 kB
Inactive(file):  3437660 kB
Unevictable:        4164 kB
Mlocked:            4164 kB
SwapTotal:       1048572 kB
SwapFree:        1048572 kB
Dirty:               100 kB
Writeback:             0 kB
AnonPages:       1149752 kB
Mapped:           797792 kB
Shmem:             14096 kB
Slab:             197256 kB
SReclaimable:      56296 kB
SUnreclaim:       140960 kB
KernelStack:       37104 kB
PageTables:        46552 kB
NFS_Unstable:          0 kB
Bounce:                0 kB
WritebackTmp:          0 kB
CommitLimit:     7105828 kB
Committed_AS:   51545040 kB
VmallocTotal:   263061440 kB
VmallocUsed:       61960 kB
VmallocChunk:          0 kB
Percpu:             2336 kB
CmaTotal:         294912 kB
CmaFree:               0 kB
MemTotal:       12114512 kB
MemFree:         3351028 kB
MemAvailable:    9201192 kB
Buffers:            6432 kB
Cached:          4147992 kB
SwapCached:            0 kB
Active:          1849304 kB
Inactive:        3450640 kB
Active(anon):    1149936 kB
Inactive(anon):    12980 kB
Active(file):     699368 kB
Inactive(file):  3437660 kB
Unevictable:        4164 kB
Mlocked:            4164 kB
SwapTotal:       1048572 kB
SwapFree:        1048572 kB
Dirty:               100 kB
Writeback:             0 kB
AnonPages:       1149696 kB
Mapped:           797792 kB
Shmem:             14096 kB
Slab:             197256 kB
SReclaimable:      56296 kB
SUnreclaim:       140960 kB
KernelStack:       37120 kB
PageTables:        46552 kB
NFS_Unstable:          0 kB
Bounce:                0 kB
WritebackTmp:          0 kB
CommitLimit:     7105828 kB
Committed_AS:   51544836 kB
VmallocTotal:   263061440 kB
VmallocUsed:       62008 kB
VmallocChunk:          0 kB
Percpu:             2336 kB
CmaTotal:         294912 kB
CmaFree:               0 kB
MemTotal:       12114512 kB
MemFree:         3351276 kB
MemAvailable:    9201440 kB
Buffers:            6432 kB
Cached:          4147992 kB
SwapCached:            0 kB
Active:          1849340 kB
Inactive:        3450640 kB
Active(anon):    1149972 kB
Inactive(anon):    12980 kB
Active(file):     699368 kB
Inactive(file):  3437660 kB
Unevictable:        4164 kB
Mlocked:            4164 kB
SwapTotal:       1048572 kB
SwapFree:        1048572 kB
Dirty:               100 kB
Writeback:             0 kB
AnonPages:       1149736 kB
Mapped:           797792 kB
Shmem:             14096 kB
Slab:             197560 kB
SReclaimable:      56296 kB
SUnreclaim:       141264 kB
KernelStack:       37136 kB
PageTables:        46552 kB
NFS_Unstable:          0 kB
Bounce:                0 kB
WritebackTmp:          0 kB
CommitLimit:     7105828 kB
Committed_AS:   51544616 kB
VmallocTotal:   263061440 kB
VmallocUsed:       62008 kB
VmallocChunk:          0 kB
Percpu:             2336 kB
CmaTotal:         294912 kB
CmaFree:             204 kB
MemTotal:       12114512 kB
MemFree:         3350944 kB
MemAvailable:    9201108 kB
Buffers:            6432 kB
Cached:          4147992 kB
SwapCached:            0 kB
Active:          1849392 kB
Inactive:        3450640 kB
Active(anon):    1150024 kB
Inactive(anon):    12980 kB
Active(file):     699368 kB
Inactive(file):  3437660 kB
Unevictable:        4164 kB
Mlocked:            4164 kB
SwapTotal:       1048572 kB
SwapFree:        1048572 kB
Dirty:               100 kB
Writeback:             0 kB
AnonPages:       1149796 kB
Mapped:           797792 kB
Shmem:             14096 kB
Slab:             197248 kB
SReclaimable:      56296 kB
SUnreclaim:       140952 kB
KernelStack:       37136 kB
PageTables:        46552 kB
NFS_Unstable:          0 kB
Bounce:                0 kB
WritebackTmp:          0 kB
CommitLimit:     7105828 kB
Committed_AS:   51544396 kB
VmallocTotal:   263061440 kB
VmallocUsed:       62008 kB
VmallocChunk:          0 kB
Percpu:             2336 kB
CmaTotal:         294912 kB
CmaFree:               0 kB
MemTotal:       12114512 kB
MemFree:         3350684 kB
MemAvailable:    9200848 kB
Buffers:            6432 kB
Cached:          4147992 kB
SwapCached:            0 kB
Active:          1849428 kB
Inactive:        3450640 kB
Active(anon):    1150060 kB
Inactive(anon):    12980 kB
Active(file):     699368 kB
Inactive(file):  3437660 kB
Unevictable:        4164 kB
Mlocked:            4164 kB
SwapTotal:       1048572 kB
SwapFree:        1048572 kB
Dirty:               100 kB
Writeback:             0 kB
AnonPages:       1149852 kB
Mapped:           797792 kB
Shmem:             14096 kB
Slab:             197472 kB
SReclaimable:      56296 kB
SUnreclaim:       141176 kB
KernelStack:       37136 kB
PageTables:        46552 kB
NFS_Unstable:          0 kB
Bounce:                0 kB
WritebackTmp:          0 kB
CommitLimit:     7105828 kB
Committed_AS:   51544220 kB
VmallocTotal:   263061440 kB
VmallocUsed:       62008 kB
VmallocChunk:          0 kB
Percpu:             2336 kB
CmaTotal:         294912 kB
CmaFree:             136 kB
MemTotal:       12114512 kB
MemFree:         3351188 kB
MemAvailable:    9201352 kB
Buffers:            6432 kB
Cached:          4147992 kB
SwapCached:            0 kB
Active:          1849400 kB
Inactive:        3450640 kB
Active(anon):    1150032 kB
Inactive(anon):    12980 kB
Active(file):     699368 kB
Inactive(file):  3437660 kB
Unevictable:        4164 kB
Mlocked:            4164 kB
SwapTotal:       1048572 kB
SwapFree:        1048572 kB
Dirty:               100 kB
Writeback:             0 kB
AnonPages:       1149944 kB
Mapped:           797792 kB
Shmem:             14096 kB
Slab:             197288 kB
SReclaimable:      56296 kB
SUnreclaim:       140992 kB
KernelStack:       37136 kB
PageTables:        46552 kB
NFS_Unstable:          0 kB
Bounce:                0 kB
WritebackTmp:          0 kB
CommitLimit:     7105828 kB
Committed_AS:   51544000 kB
VmallocTotal:   263061440 kB
VmallocUsed:       62008 kB
VmallocChunk:          0 kB
Percpu:             2336 kB
CmaTotal:         294912 kB
CmaFree:               0 kB
MemTotal:       12114512 kB
MemFree:         3226012 kB
MemAvailable:    8874628 kB
Buffers:            6432 kB
Cached:          4148180 kB
SwapCached:            0 kB
Active:          1974056 kB
Inactive:        3450820 kB
Active(anon):    1274680 kB
Inactive(anon):    13148 kB
Active(file):     699376 kB
Inactive(file):  3437672 kB
Unevictable:        4164 kB
Mlocked:            4164 kB
SwapTotal:       1048572 kB
SwapFree:        1048572 kB
Dirty:               164 kB
Writeback:             0 kB
AnonPages:       1274324 kB
Mapped:           799272 kB
Shmem:             14264 kB
Slab:             197280 kB
SReclaimable:      56296 kB
SUnreclaim:       140984 kB
KernelStack:       39324 kB
PageTables:        47872 kB
NFS_Unstable:          0 kB
Bounce:                0 kB
WritebackTmp:          0 kB
CommitLimit:     7105828 kB
Committed_AS:   52940416 kB
VmallocTotal:   263061440 kB
VmallocUsed:       64128 kB
VmallocChunk:          0 kB
Percpu:             2336 kB
CmaTotal:         294912 kB
CmaFree:              12 kB
MemTotal:       12114512 kB
MemFree:         3214260 kB
MemAvailable:    8736180 kB
Buffers:            6432 kB
Cached:          4150316 kB
SwapCached:            0 kB
Active:          1984104 kB
Inactive:        3451696 kB
Active(anon):    1283476 kB
Inactive(anon):    13676 kB
Active(file):     700628 kB
Inactive(file):  3438020 kB
Unevictable:        4164 kB
Mlocked:            4164 kB
SwapTotal:       1048572 kB
SwapFree:        1048572 kB
Dirty:              1840 kB
Writeback:             0 kB
AnonPages:       1283144 kB
Mapped:           801660 kB
Shmem:             14800 kB
Slab:             197424 kB
SReclaimable:      56296 kB
SUnreclaim:       141128 kB
KernelStack:       39856 kB
PageTables:        48124 kB
NFS_Unstable:          0 kB
Bounce:                0 kB
WritebackTmp:          0 kB
CommitLimit:     7105828 kB
Committed_AS:   52952928 kB
VmallocTotal:   263061440 kB
VmallocUsed:       64800 kB
VmallocChunk:          0 kB
Percpu:             2336 kB
CmaTotal:         294912 kB
CmaFree:               0 kB
MemTotal:       12114512 kB
MemFree:         3276524 kB
MemAvailable:    8776932 kB
Buffers:            6432 kB
Cached:          4150316 kB
SwapCached:            0 kB
Active:          1919016 kB
Inactive:        3451372 kB
Active(anon):    1218048 kB
Inactive(anon):    13688 kB
Active(file):     700968 kB
Inactive(file):  3437684 kB
Unevictable:        4164 kB
Mlocked:            4164 kB
SwapTotal:       1048572 kB
SwapFree:        1048572 kB
Dirty:              3500 kB
Writeback:             4 kB
AnonPages:       1217784 kB
Mapped:           802640 kB
Shmem:             14796 kB
Slab:             197388 kB
SReclaimable:      56296 kB
SUnreclaim:       141092 kB
KernelStack:       40144 kB
PageTables:        48804 kB
NFS_Unstable:          0 kB
Bounce:                0 kB
WritebackTmp:          0 kB
CommitLimit:     7105828 kB
Committed_AS:   54415016 kB
VmallocTotal:   263061440 kB
VmallocUsed:       65092 kB
VmallocChunk:          0 kB
Percpu:             2336 kB
CmaTotal:         294912 kB
CmaFree:               0 kB
MemTotal:       12114512 kB
MemFree:         3270592 kB
MemAvailable:    8742880 kB
Buffers:            6432 kB
Cached:          4150484 kB
SwapCached:            0 kB
Active:          1927808 kB
Inactive:        3451728 kB
Active(anon):    1227100 kB
Inactive(anon):    14044 kB
Active(file):     700708 kB
Inactive(file):  3437684 kB
Unevictable:        4164 kB
Mlocked:            4164 kB
SwapTotal:       1048572 kB
SwapFree:        1048572 kB
Dirty:              3100 kB
Writeback:             0 kB
AnonPages:       1226948 kB
Mapped:           803232 kB
Shmem:             15224 kB
Slab:             197460 kB
SReclaimable:      56296 kB
SUnreclaim:       141164 kB
KernelStack:       40144 kB
PageTables:        48924 kB
NFS_Unstable:          0 kB
Bounce:                0 kB
WritebackTmp:          0 kB
CommitLimit:     7105828 kB
Committed_AS:   54422036 kB
VmallocTotal:   263061440 kB
VmallocUsed:       65156 kB
VmallocChunk:          0 kB
Percpu:             2336 kB
CmaTotal:         294912 kB
CmaFree:             112 kB
MemTotal:       12114512 kB
MemFree:         3273388 kB
MemAvailable:    8744492 kB
Buffers:            6432 kB
Cached:          4148896 kB
SwapCached:            0 kB
Active:          1918796 kB
Inactive:        3451468 kB
Active(anon):    1219416 kB
Inactive(anon):    13784 kB
Active(file):     699380 kB
Inactive(file):  3437684 kB
Unevictable:        4164 kB
Mlocked:            4164 kB
SwapTotal:       1048572 kB
SwapFree:        1048572 kB
Dirty:              1780 kB
Writeback:             0 kB
AnonPages:       1219024 kB
Mapped:           803572 kB
Shmem:             14964 kB
Slab:             197452 kB
SReclaimable:      56296 kB
SUnreclaim:       141156 kB
KernelStack:       40176 kB
PageTables:        48988 kB
NFS_Unstable:          0 kB
Bounce:                0 kB
WritebackTmp:          0 kB
CommitLimit:     7105828 kB
Committed_AS:   54408556 kB
VmallocTotal:   263061440 kB
VmallocUsed:       65172 kB
VmallocChunk:          0 kB
Percpu:             2336 kB
CmaTotal:         294912 kB
CmaFree:             480 kB
MemTotal:       12114512 kB
MemFree:         3273680 kB
MemAvailable:    8744784 kB
Buffers:            6432 kB
Cached:          4149072 kB
SwapCached:            0 kB
Active:          1921792 kB
Inactive:        3451644 kB
Active(anon):    1222412 kB
Inactive(anon):    13960 kB
Active(file):     699380 kB
Inactive(file):  3437684 kB
Unevictable:        4164 kB
Mlocked:            4164 kB
SwapTotal:       1048572 kB
SwapFree:        1048572 kB
Dirty:              1800 kB
Writeback:             0 kB
AnonPages:       1222100 kB
Mapped:           803604 kB
Shmem:             15140 kB
Slab:             197500 kB
SReclaimable:      56296 kB
SUnreclaim:       141204 kB
KernelStack:       40176 kB
PageTables:        48828 kB
NFS_Unstable:          0 kB
Bounce:                0 kB
WritebackTmp:          0 kB
CommitLimit:     7105828 kB
Committed_AS:   54404352 kB
VmallocTotal:   263061440 kB
VmallocUsed:       65140 kB
VmallocChunk:          0 kB
Percpu:             2336 kB
CmaTotal:         294912 kB
CmaFree:               0 kB
MemTotal:       12114512 kB
MemFree:         3261320 kB
MemAvailable:    8732388 kB
Buffers:            6432 kB
Cached:          4150268 kB
SwapCached:            0 kB
Active:          1932308 kB
Inactive:        3452804 kB
Active(anon):    1232928 kB
Inactive(anon):    15120 kB
Active(file):     699380 kB
Inactive(file):  3437684 kB
Unevictable:        4164 kB
Mlocked:            4164 kB
SwapTotal:       1048572 kB
SwapFree:        1048572 kB
Dirty:              1812 kB
Writeback:             0 kB
AnonPages:       1232548 kB
Mapped:           805016 kB
Shmem:             16336 kB
Slab:             197492 kB
SReclaimable:      56296 kB
SUnreclaim:       141196 kB
KernelStack:       40128 kB
PageTables:        48936 kB
NFS_Unstable:          0 kB
Bounce:                0 kB
WritebackTmp:          0 kB
CommitLimit:     7105828 kB
Committed_AS:   54417972 kB
VmallocTotal:   263061440 kB
VmallocUsed:       65140 kB
VmallocChunk:          0 kB
Percpu:             2336 kB
CmaTotal:         294912 kB
CmaFree:               0 kB
MemTotal:       12114512 kB
MemFree:         3262976 kB
MemAvailable:    8734044 kB
Buffers:            6432 kB
Cached:          4149072 kB
SwapCached:            0 kB
Active:          1930980 kB
Inactive:        3451644 kB
Active(anon):    1231600 kB
Inactive(anon):    13960 kB
Active(file):     699380 kB
Inactive(file):  3437684 kB
Unevictable:        4164 kB
Mlocked:            4164 kB
SwapTotal:       1048572 kB
SwapFree:        1048572 kB
Dirty:              1824 kB
Writeback:             0 kB
AnonPages:       1231100 kB
Mapped:           803600 kB
Shmem:             15140 kB
Slab:             197480 kB
SReclaimable:      56296 kB
SUnreclaim:       141184 kB
KernelStack:       40132 kB
PageTables:        48968 kB
NFS_Unstable:          0 kB
Bounce:                0 kB
WritebackTmp:          0 kB
CommitLimit:     7105828 kB
Committed_AS:   54408768 kB
VmallocTotal:   263061440 kB
VmallocUsed:       65108 kB
VmallocChunk:          0 kB
Percpu:             2336 kB
CmaTotal:         294912 kB
CmaFree:               0 kB
MemTotal:       12114512 kB
MemFree:         3264468 kB
MemAvailable:    8735540 kB
Buffers:            6432 kB
Cached:          4149076 kB
SwapCached:            0 kB
Active:          1931108 kB
Inactive:        3451648 kB
Active(anon):    1231728 kB
Inactive(anon):    13960 kB
Active(file):     699380 kB
Inactive(file):  3437688 kB
Unevictable:        4164 kB
Mlocked:            4164 kB
SwapTotal:       1048572 kB
SwapFree:        1048572 kB
Dirty:               104 kB
Writeback:             0 kB
AnonPages:       1231684 kB
Mapped:           803632 kB
Shmem:             15140 kB
Slab:             197440 kB
SReclaimable:      56296 kB
SUnreclaim:       141144 kB
KernelStack:       40080 kB
PageTables:        48936 kB
NFS_Unstable:          0 kB
Bounce:                0 kB
WritebackTmp:          0 kB
CommitLimit:     7105828 kB
Committed_AS:   54414332 kB
VmallocTotal:   263061440 kB
VmallocUsed:       65108 kB
VmallocChunk:          0 kB
Percpu:             2336 kB
CmaTotal:         294912 kB
CmaFree:               0 kB
MemTotal:       12114512 kB
MemFree:         3270436 kB
MemAvailable:    8767548 kB
Buffers:            6432 kB
Cached:          4150300 kB
SwapCached:            0 kB
Active:          1930320 kB
Inactive:        3451276 kB
Active(anon):    1229356 kB
Inactive(anon):    13584 kB
Active(file):     700964 kB
Inactive(file):  3437692 kB
Unevictable:        4164 kB
Mlocked:            4164 kB
SwapTotal:       1048572 kB
SwapFree:        1048572 kB
Dirty:              1784 kB
Writeback:             0 kB
AnonPages:       1228772 kB
Mapped:           802608 kB
Shmem:             14776 kB
Slab:             197440 kB
SReclaimable:      56296 kB
SUnreclaim:       141144 kB
KernelStack:       40144 kB
PageTables:        48896 kB
NFS_Unstable:          0 kB
Bounce:                0 kB
WritebackTmp:          0 kB
CommitLimit:     7105828 kB
Committed_AS:   54419964 kB
VmallocTotal:   263061440 kB
VmallocUsed:       65092 kB
VmallocChunk:          0 kB
Percpu:             2336 kB
CmaTotal:         294912 kB
CmaFree:               0 kB
MemTotal:       12114512 kB
MemFree:         3263476 kB
MemAvailable:    8760588 kB
Buffers:            6432 kB
Cached:          4150396 kB
SwapCached:            0 kB
Active:          1934652 kB
Inactive:        3451384 kB
Active(anon):    1233684 kB
Inactive(anon):    13696 kB
Active(file):     700968 kB
Inactive(file):  3437688 kB
Unevictable:        4164 kB
Mlocked:            4164 kB
SwapTotal:       1048572 kB
SwapFree:        1048572 kB
Dirty:              1868 kB
Writeback:             0 kB
AnonPages:       1233188 kB
Mapped:           802704 kB
Shmem:             14872 kB
Slab:             197440 kB
SReclaimable:      56296 kB
SUnreclaim:       141144 kB
KernelStack:       40128 kB
PageTables:        48864 kB
NFS_Unstable:          0 kB
Bounce:                0 kB
WritebackTmp:          0 kB
CommitLimit:     7105828 kB
Committed_AS:   54419568 kB
VmallocTotal:   263061440 kB
VmallocUsed:       65076 kB
VmallocChunk:          0 kB
Percpu:             2336 kB
CmaTotal:         294912 kB
CmaFree:               0 kB
MemTotal:       12114512 kB
MemFree:         3265560 kB
MemAvailable:    8762628 kB
Buffers:            6432 kB
Cached:          4150380 kB
SwapCached:            0 kB
Active:          1931668 kB
Inactive:        3451372 kB
Active(anon):    1230704 kB
Inactive(anon):    13724 kB
Active(file):     700964 kB
Inactive(file):  3437648 kB
Unevictable:        4164 kB
Mlocked:            4164 kB
SwapTotal:       1048572 kB
SwapFree:        1048572 kB
Dirty:              1920 kB
Writeback:             0 kB
AnonPages:       1230324 kB
Mapped:           802736 kB
Shmem:             14900 kB
Slab:             197436 kB
SReclaimable:      56296 kB
SUnreclaim:       141140 kB
KernelStack:       40144 kB
PageTables:        48848 kB
NFS_Unstable:          0 kB
Bounce:                0 kB
WritebackTmp:          0 kB
CommitLimit:     7105828 kB
Committed_AS:   54419312 kB
VmallocTotal:   263061440 kB
VmallocUsed:       65124 kB
VmallocChunk:          0 kB
Percpu:             2336 kB
CmaTotal:         294912 kB
CmaFree:               0 kB
MemTotal:       12114512 kB
MemFree:         3278464 kB
MemAvailable:    8836904 kB
Buffers:            6432 kB
Cached:          4150228 kB
SwapCached:            0 kB
Active:          1919204 kB
Inactive:        3451216 kB
Active(anon):    1218236 kB
Inactive(anon):    13528 kB
Active(file):     700968 kB
Inactive(file):  3437688 kB
Unevictable:        4164 kB
Mlocked:            4164 kB
SwapTotal:       1048572 kB
SwapFree:        1048572 kB
Dirty:              1948 kB
Writeback:             0 kB
AnonPages:       1217676 kB
Mapped:           802328 kB
Shmem:             14704 kB
Slab:             197308 kB
SReclaimable:      56296 kB
SUnreclaim:       141012 kB
KernelStack:       40016 kB
PageTables:        48796 kB
NFS_Unstable:          0 kB
Bounce:                0 kB
WritebackTmp:          0 kB
CommitLimit:     7105828 kB
Committed_AS:   54416320 kB
VmallocTotal:   263061440 kB
VmallocUsed:       64852 kB
VmallocChunk:          0 kB
Percpu:             2336 kB
CmaTotal:         294912 kB
CmaFree:              16 kB
MemTotal:       12114512 kB
MemFree:         3278524 kB
MemAvailable:    8836964 kB
Buffers:            6432 kB
Cached:          4150376 kB
SwapCached:            0 kB
Active:          1919416 kB
Inactive:        3451364 kB
Active(anon):    1218448 kB
Inactive(anon):    13676 kB
Active(file):     700968 kB
Inactive(file):  3437688 kB
Unevictable:        4164 kB
Mlocked:            4164 kB
SwapTotal:       1048572 kB
SwapFree:        1048572 kB
Dirty:               128 kB
Writeback:             0 kB
AnonPages:       1218168 kB
Mapped:           802480 kB
Shmem:             14852 kB
Slab:             197308 kB
SReclaimable:      56296 kB
SUnreclaim:       141012 kB
KernelStack:       40016 kB
PageTables:        48796 kB
NFS_Unstable:          0 kB
Bounce:                0 kB
WritebackTmp:          0 kB
CommitLimit:     7105828 kB
Committed_AS:   54416064 kB
VmallocTotal:   263061440 kB
VmallocUsed:       64884 kB
VmallocChunk:          0 kB
Percpu:             2336 kB
CmaTotal:         294912 kB
CmaFree:               0 kB
MemTotal:       12114512 kB
MemFree:         3277780 kB
MemAvailable:    8836224 kB
Buffers:            6432 kB
Cached:          4150400 kB
SwapCached:            0 kB
Active:          1919916 kB
Inactive:        3451388 kB
Active(anon):    1218948 kB
Inactive(anon):    13696 kB
Active(file):     700968 kB
Inactive(file):  3437692 kB
Unevictable:        4164 kB
Mlocked:            4164 kB
SwapTotal:       1048572 kB
SwapFree:        1048572 kB
Dirty:               144 kB
Writeback:             0 kB
AnonPages:       1218556 kB
Mapped:           802500 kB
Shmem:             14872 kB
Slab:             197308 kB
SReclaimable:      56296 kB
SUnreclaim:       141012 kB
KernelStack:       40016 kB
PageTables:        48796 kB
NFS_Unstable:          0 kB
Bounce:                0 kB
WritebackTmp:          0 kB
CommitLimit:     7105828 kB
Committed_AS:   54412604 kB
VmallocTotal:   263061440 kB
VmallocUsed:       64884 kB
VmallocChunk:          0 kB
Percpu:             2336 kB
CmaTotal:         294912 kB
CmaFree:               0 kB
MemTotal:       12114512 kB
MemFree:         3275056 kB
MemAvailable:    8833484 kB
Buffers:            6432 kB
Cached:          4150228 kB
SwapCached:            0 kB
Active:          1919972 kB
Inactive:        3451216 kB
Active(anon):    1219004 kB
Inactive(anon):    13524 kB
Active(file):     700968 kB
Inactive(file):  3437692 kB
Unevictable:        4164 kB
Mlocked:            4164 kB
SwapTotal:       1048572 kB
SwapFree:        1048572 kB
Dirty:               144 kB
Writeback:             0 kB
AnonPages:       1218960 kB
Mapped:           802316 kB
Shmem:             14700 kB
Slab:             197316 kB
SReclaimable:      56296 kB
SUnreclaim:       141020 kB
KernelStack:       40048 kB
PageTables:        48768 kB
NFS_Unstable:          0 kB
Bounce:                0 kB
WritebackTmp:          0 kB
CommitLimit:     7105828 kB
Committed_AS:   54414008 kB
VmallocTotal:   263061440 kB
VmallocUsed:       64852 kB
VmallocChunk:          0 kB
Percpu:             2336 kB
CmaTotal:         294912 kB
CmaFree:               0 kB
MemTotal:       12114512 kB
MemFree:         3279692 kB
MemAvailable:    8838144 kB
Buffers:            6432 kB
Cached:          4150444 kB
SwapCached:            0 kB
Active:          1918056 kB
Inactive:        3451432 kB
Active(anon):    1217088 kB
Inactive(anon):    13740 kB
Active(file):     700968 kB
Inactive(file):  3437692 kB
Unevictable:        4164 kB
Mlocked:            4164 kB
SwapTotal:       1048572 kB
SwapFree:        1048572 kB
Dirty:               156 kB
Writeback:             0 kB
AnonPages:       1217000 kB
Mapped:           802540 kB
Shmem:             14916 kB
Slab:             197316 kB
SReclaimable:      56296 kB
SUnreclaim:       141020 kB
KernelStack:       40016 kB
PageTables:        48784 kB
NFS_Unstable:          0 kB
Bounce:                0 kB
WritebackTmp:          0 kB
CommitLimit:     7105828 kB
Committed_AS:   54413744 kB
VmallocTotal:   263061440 kB
VmallocUsed:       64852 kB
VmallocChunk:          0 kB
Percpu:             2336 kB
CmaTotal:         294912 kB
CmaFree:               0 kB
MemTotal:       12114512 kB
MemFree:         3278204 kB
MemAvailable:    8836656 kB
Buffers:            6432 kB
Cached:          4150468 kB
SwapCached:            0 kB
Active:          1917756 kB
Inactive:        3451456 kB
Active(anon):    1216788 kB
Inactive(anon):    13764 kB
Active(file):     700968 kB
Inactive(file):  3437692 kB
Unevictable:        4164 kB
Mlocked:            4164 kB
SwapTotal:       1048572 kB
SwapFree:        1048572 kB
Dirty:               156 kB
Writeback:             0 kB
AnonPages:       1216084 kB
Mapped:           802564 kB
Shmem:             14940 kB
Slab:             197316 kB
SReclaimable:      56296 kB
SUnreclaim:       141020 kB
KernelStack:       40016 kB
PageTables:        48784 kB
NFS_Unstable:          0 kB
Bounce:                0 kB
WritebackTmp:          0 kB
CommitLimit:     7105828 kB
Committed_AS:   54413364 kB
VmallocTotal:   263061440 kB
VmallocUsed:       64868 kB
VmallocChunk:          0 kB
Percpu:             2336 kB
CmaTotal:         294912 kB
CmaFree:               0 kB
MemTotal:       12114512 kB
MemFree:         3273636 kB
MemAvailable:    8836460 kB
Buffers:            6432 kB
Cached:          4150464 kB
SwapCached:            0 kB
Active:          1923532 kB
Inactive:        3451472 kB
Active(anon):    1222564 kB
Inactive(anon):    13780 kB
Active(file):     700968 kB
Inactive(file):  3437692 kB
Unevictable:        4164 kB
Mlocked:            4164 kB
SwapTotal:       1048572 kB
SwapFree:        1048572 kB
Dirty:               160 kB
Writeback:             0 kB
AnonPages:       1222284 kB
Mapped:           802604 kB
Shmem:             14936 kB
Slab:             197308 kB
SReclaimable:      56296 kB
SUnreclaim:       141012 kB
KernelStack:       39872 kB
PageTables:        48784 kB
NFS_Unstable:          0 kB
Bounce:                0 kB
WritebackTmp:          0 kB
CommitLimit:     7105828 kB
Committed_AS:   54409200 kB
VmallocTotal:   263061440 kB
VmallocUsed:       64756 kB
VmallocChunk:          0 kB
Percpu:             2336 kB
CmaTotal:         294912 kB
CmaFree:               0 kB
MemTotal:       12114512 kB
MemFree:         3268340 kB
MemAvailable:    8814764 kB
Buffers:            6432 kB
Cached:          4150740 kB
SwapCached:            0 kB
Active:          1928344 kB
Inactive:        3451704 kB
Active(anon):    1227372 kB
Inactive(anon):    14016 kB
Active(file):     700972 kB
Inactive(file):  3437688 kB
Unevictable:        4164 kB
Mlocked:            4164 kB
SwapTotal:       1048572 kB
SwapFree:        1048572 kB
Dirty:               168 kB
Writeback:             0 kB
AnonPages:       1226976 kB
Mapped:           802560 kB
Shmem:             15212 kB
Slab:             197300 kB
SReclaimable:      56296 kB
SUnreclaim:       141004 kB
KernelStack:       39984 kB
PageTables:        48812 kB
NFS_Unstable:          0 kB
Bounce:                0 kB
WritebackTmp:          0 kB
CommitLimit:     7105828 kB
Committed_AS:   54409784 kB
VmallocTotal:   263061440 kB
VmallocUsed:       64756 kB
VmallocChunk:          0 kB
Percpu:             2336 kB
CmaTotal:         294912 kB
CmaFree:              24 kB
MemTotal:       12114512 kB
MemFree:         3266160 kB
MemAvailable:    8788624 kB
Buffers:            6432 kB
Cached:          4150908 kB
SwapCached:            0 kB
Active:          1928396 kB
Inactive:        3451856 kB
Active(anon):    1227424 kB
Inactive(anon):    14168 kB
Active(file):     700972 kB
Inactive(file):  3437688 kB
Unevictable:        4164 kB
Mlocked:            4164 kB
SwapTotal:       1048572 kB
SwapFree:        1048572 kB
Dirty:               192 kB
Writeback:             0 kB
AnonPages:       1227236 kB
Mapped:           802828 kB
Shmem:             15380 kB
Slab:             197300 kB
SReclaimable:      56296 kB
SUnreclaim:       141004 kB
KernelStack:       39984 kB
PageTables:        48852 kB
NFS_Unstable:          0 kB
Bounce:                0 kB
WritebackTmp:          0 kB
CommitLimit:     7105828 kB
Committed_AS:   54414948 kB
VmallocTotal:   263061440 kB
VmallocUsed:       64772 kB
VmallocChunk:          0 kB
Percpu:             2336 kB
CmaTotal:         294912 kB
CmaFree:               0 kB
MemTotal:       12114512 kB
MemFree:         3265172 kB
MemAvailable:    8787636 kB
Buffers:            6432 kB
Cached:          4150888 kB
SwapCached:            0 kB
Active:          1928652 kB
Inactive:        3451836 kB
Active(anon):    1227680 kB
Inactive(anon):    14148 kB
Active(file):     700972 kB
Inactive(file):  3437688 kB
Unevictable:        4164 kB
Mlocked:            4164 kB
SwapTotal:       1048572 kB
SwapFree:        1048572 kB
Dirty:               196 kB
Writeback:             0 kB
AnonPages:       1227192 kB
Mapped:           802976 kB
Shmem:             15360 kB
Slab:             197300 kB
SReclaimable:      56296 kB
SUnreclaim:       141004 kB
KernelStack:       39952 kB
PageTables:        48760 kB
NFS_Unstable:          0 kB
Bounce:                0 kB
WritebackTmp:          0 kB
CommitLimit:     7105828 kB
Committed_AS:   54403588 kB
VmallocTotal:   263061440 kB
VmallocUsed:       64788 kB
VmallocChunk:          0 kB
Percpu:             2336 kB
CmaTotal:         294912 kB
CmaFree:               0 kB
MemTotal:       12114512 kB
MemFree:         3250780 kB
MemAvailable:    8770520 kB
Buffers:            6432 kB
Cached:          4151992 kB
SwapCached:            0 kB
Active:          1941428 kB
Inactive:        3451616 kB
Active(anon):    1239140 kB
Inactive(anon):    14196 kB
Active(file):     702288 kB
Inactive(file):  3437420 kB
Unevictable:        4164 kB
Mlocked:            4164 kB
SwapTotal:       1048572 kB
SwapFree:        1048572 kB
Dirty:               312 kB
Writeback:             0 kB
AnonPages:       1238660 kB
Mapped:           804224 kB
Shmem:             15416 kB
Slab:             197340 kB
SReclaimable:      56368 kB
SUnreclaim:       140972 kB
KernelStack:       39936 kB
PageTables:        48836 kB
NFS_Unstable:          0 kB
Bounce:                0 kB
WritebackTmp:          0 kB
CommitLimit:     7105828 kB
Committed_AS:   54411848 kB
VmallocTotal:   263061440 kB
VmallocUsed:       64724 kB
VmallocChunk:          0 kB
Percpu:             2336 kB
CmaTotal:         294912 kB
CmaFree:              12 kB
MemTotal:       12114512 kB
MemFree:         3249672 kB
MemAvailable:    8763304 kB
Buffers:            6432 kB
Cached:          4151996 kB
SwapCached:            0 kB
Active:          1942048 kB
Inactive:        3451640 kB
Active(anon):    1239756 kB
Inactive(anon):    14224 kB
Active(file):     702292 kB
Inactive(file):  3437416 kB
Unevictable:        4164 kB
Mlocked:            4164 kB
SwapTotal:       1048572 kB
SwapFree:        1048572 kB
Dirty:               412 kB
Writeback:             0 kB
AnonPages:       1239372 kB
Mapped:           803496 kB
Shmem:             15420 kB
Slab:             197340 kB
SReclaimable:      56368 kB
SUnreclaim:       140972 kB
KernelStack:       40000 kB
PageTables:        48840 kB
NFS_Unstable:          0 kB
Bounce:                0 kB
WritebackTmp:          0 kB
CommitLimit:     7105828 kB
Committed_AS:   54423800 kB
VmallocTotal:   263061440 kB
VmallocUsed:       64692 kB
VmallocChunk:          0 kB
Percpu:             2336 kB
CmaTotal:         294912 kB
CmaFree:               0 kB
MemTotal:       12114512 kB
MemFree:         3243028 kB
MemAvailable:    8772064 kB
Buffers:            6432 kB
Cached:          4154996 kB
SwapCached:            0 kB
Active:          1943772 kB
Inactive:        3454580 kB
Active(anon):    1241476 kB
Inactive(anon):    17168 kB
Active(file):     702296 kB
Inactive(file):  3437412 kB
Unevictable:        4164 kB
Mlocked:            4164 kB
SwapTotal:       1048572 kB
SwapFree:        1048572 kB
Dirty:               308 kB
Writeback:             0 kB
AnonPages:       1241000 kB
Mapped:           806712 kB
Shmem:             18420 kB
Slab:             197348 kB
SReclaimable:      56368 kB
SUnreclaim:       140980 kB
KernelStack:       40048 kB
PageTables:        49188 kB
NFS_Unstable:          0 kB
Bounce:                0 kB
WritebackTmp:          0 kB
CommitLimit:     7105828 kB
Committed_AS:   56315624 kB
VmallocTotal:   263061440 kB
VmallocUsed:       64856 kB
VmallocChunk:          0 kB
Percpu:             2336 kB
CmaTotal:         294912 kB
CmaFree:              60 kB
MemTotal:       12114512 kB
MemFree:         3249504 kB
MemAvailable:    8813356 kB
Buffers:            6432 kB
Cached:          4151984 kB
SwapCached:            0 kB
Active:          1942284 kB
Inactive:        3451568 kB
Active(anon):    1239988 kB
Inactive(anon):    14156 kB
Active(file):     702296 kB
Inactive(file):  3437412 kB
Unevictable:        4164 kB
Mlocked:            4164 kB
SwapTotal:       1048572 kB
SwapFree:        1048572 kB
Dirty:                68 kB
Writeback:             0 kB
AnonPages:       1239428 kB
Mapped:           808288 kB
Shmem:             15408 kB
Slab:             197336 kB
SReclaimable:      56372 kB
SUnreclaim:       140964 kB
KernelStack:       40100 kB
PageTables:        49860 kB
NFS_Unstable:          0 kB
Bounce:                0 kB
WritebackTmp:          0 kB
CommitLimit:     7105828 kB
Committed_AS:   55803460 kB
VmallocTotal:   263061440 kB
VmallocUsed:       64856 kB
VmallocChunk:          0 kB
Percpu:             2336 kB
CmaTotal:         294912 kB
CmaFree:             492 kB
MemTotal:       12114512 kB
MemFree:         3246788 kB
MemAvailable:    8810560 kB
Buffers:            6432 kB
Cached:          4152408 kB
SwapCached:            0 kB
Active:          1943536 kB
Inactive:        3451964 kB
Active(anon):    1241236 kB
Inactive(anon):    14528 kB
Active(file):     702300 kB
Inactive(file):  3437436 kB
Unevictable:        4164 kB
Mlocked:            4164 kB
SwapTotal:       1048572 kB
SwapFree:        1048572 kB
Dirty:                64 kB
Writeback:             0 kB
AnonPages:       1240872 kB
Mapped:           808300 kB
Shmem:             15804 kB
Slab:             197332 kB
SReclaimable:      56372 kB
SUnreclaim:       140960 kB
KernelStack:       40048 kB
PageTables:        49584 kB
NFS_Unstable:          0 kB
Bounce:                0 kB
WritebackTmp:          0 kB
CommitLimit:     7105828 kB
Committed_AS:   55808160 kB
VmallocTotal:   263061440 kB
VmallocUsed:       64856 kB
VmallocChunk:          0 kB
Percpu:             2336 kB
CmaTotal:         294912 kB
CmaFree:              72 kB
MemTotal:       12114512 kB
MemFree:         3244800 kB
MemAvailable:    8808556 kB
Buffers:            6432 kB
Cached:          4152356 kB
SwapCached:            0 kB
Active:          1944024 kB
Inactive:        3451928 kB
Active(anon):    1241716 kB
Inactive(anon):    14520 kB
Active(file):     702308 kB
Inactive(file):  3437408 kB
Unevictable:        4164 kB
Mlocked:            4164 kB
SwapTotal:       1048572 kB
SwapFree:        1048572 kB
Dirty:                80 kB
Writeback:             0 kB
AnonPages:       1241384 kB
Mapped:           808244 kB
Shmem:             15772 kB
Slab:             197348 kB
SReclaimable:      56388 kB
SUnreclaim:       140960 kB
KernelStack:       40084 kB
PageTables:        49920 kB
NFS_Unstable:          0 kB
Bounce:                0 kB
WritebackTmp:          0 kB
CommitLimit:     7105828 kB
Committed_AS:   55807420 kB
VmallocTotal:   263061440 kB
VmallocUsed:       64904 kB
VmallocChunk:          0 kB
Percpu:             2336 kB
CmaTotal:         294912 kB
CmaFree:               0 kB
MemTotal:       12114512 kB
MemFree:         3240596 kB
MemAvailable:    8693204 kB
Buffers:            6432 kB
Cached:          4152160 kB
SwapCached:            0 kB
Active:          1951112 kB
Inactive:        3451728 kB
Active(anon):    1248800 kB
Inactive(anon):    14304 kB
Active(file):     702312 kB
Inactive(file):  3437424 kB
Unevictable:        4164 kB
Mlocked:            4164 kB
SwapTotal:       1048572 kB
SwapFree:        1048572 kB
Dirty:                56 kB
Writeback:           132 kB
AnonPages:       1248064 kB
Mapped:           809364 kB
Shmem:             15556 kB
Slab:             197348 kB
SReclaimable:      56388 kB
SUnreclaim:       140960 kB
KernelStack:       40460 kB
PageTables:        49852 kB
NFS_Unstable:          0 kB
Bounce:                0 kB
WritebackTmp:          0 kB
CommitLimit:     7105828 kB
Committed_AS:   56047672 kB
VmallocTotal:   263061440 kB
VmallocUsed:       65160 kB
VmallocChunk:          0 kB
Percpu:             2336 kB
CmaTotal:         294912 kB
CmaFree:               0 kB
MemTotal:       12114512 kB
MemFree:         3206888 kB
MemAvailable:    8191900 kB
Buffers:            6432 kB
Cached:          4152456 kB
SwapCached:            0 kB
Active:          1979396 kB
Inactive:        3451732 kB
Active(anon):    1276816 kB
Inactive(anon):    14676 kB
Active(file):     702580 kB
Inactive(file):  3437056 kB
Unevictable:        4164 kB
Mlocked:            4164 kB
SwapTotal:       1048572 kB
SwapFree:        1048572 kB
Dirty:               208 kB
Writeback:             0 kB
AnonPages:       1276548 kB
Mapped:           811384 kB
Shmem:             15952 kB
Slab:             197564 kB
SReclaimable:      56436 kB
SUnreclaim:       141128 kB
KernelStack:       40880 kB
PageTables:        51024 kB
NFS_Unstable:          0 kB
Bounce:                0 kB
WritebackTmp:          0 kB
CommitLimit:     7105828 kB
Committed_AS:   56035624 kB
VmallocTotal:   263061440 kB
VmallocUsed:       65784 kB
VmallocChunk:          0 kB
Percpu:             2336 kB
CmaTotal:         294912 kB
CmaFree:               0 kB
MemTotal:       12114512 kB
MemFree:         3214596 kB
MemAvailable:    8198024 kB
Buffers:            6432 kB
Cached:          4150652 kB
SwapCached:            0 kB
Active:          1971676 kB
Inactive:        3451516 kB
Active(anon):    1270684 kB
Inactive(anon):    14456 kB
Active(file):     700992 kB
Inactive(file):  3437060 kB
Unevictable:        4164 kB
Mlocked:            4164 kB
SwapTotal:       1048572 kB
SwapFree:        1048572 kB
Dirty:                72 kB
Writeback:             0 kB
AnonPages:       1270356 kB
Mapped:           811660 kB
Shmem:             15732 kB
Slab:             197588 kB
SReclaimable:      56436 kB
SUnreclaim:       141152 kB
KernelStack:       40752 kB
PageTables:        51048 kB
NFS_Unstable:          0 kB
Bounce:                0 kB
WritebackTmp:          0 kB
CommitLimit:     7105828 kB
Committed_AS:   56019136 kB
VmallocTotal:   263061440 kB
VmallocUsed:       65800 kB
VmallocChunk:          0 kB
Percpu:             2336 kB
CmaTotal:         294912 kB
CmaFree:               0 kB
MemTotal:       12114512 kB
MemFree:         3214024 kB
MemAvailable:    8241004 kB
Buffers:            6432 kB
Cached:          4150620 kB
SwapCached:            0 kB
Active:          1972136 kB
Inactive:        3451492 kB
Active(anon):    1271152 kB
Inactive(anon):    14440 kB
Active(file):     700984 kB
Inactive(file):  3437052 kB
Unevictable:        4164 kB
Mlocked:            4164 kB
SwapTotal:       1048572 kB
SwapFree:        1048572 kB
Dirty:                88 kB
Writeback:             0 kB
AnonPages:       1270972 kB
Mapped:           811884 kB
Shmem:             15716 kB
Slab:             197580 kB
SReclaimable:      56436 kB
SUnreclaim:       141144 kB
KernelStack:       40816 kB
PageTables:        51192 kB
NFS_Unstable:          0 kB
Bounce:                0 kB
WritebackTmp:          0 kB
CommitLimit:     7105828 kB
Committed_AS:   56029392 kB
VmallocTotal:   263061440 kB
VmallocUsed:       65800 kB
VmallocChunk:          0 kB
Percpu:             2336 kB
CmaTotal:         294912 kB
CmaFree:               0 kB
MemTotal:       12114512 kB
MemFree:         3214572 kB
MemAvailable:    8241568 kB
Buffers:            6432 kB
Cached:          4150636 kB
SwapCached:            0 kB
Active:          1972252 kB
Inactive:        3451500 kB
Active(anon):    1271260 kB
Inactive(anon):    14440 kB
Active(file):     700992 kB
Inactive(file):  3437060 kB
Unevictable:        4164 kB
Mlocked:            4164 kB
SwapTotal:       1048572 kB
SwapFree:        1048572 kB
Dirty:               108 kB
Writeback:             0 kB
AnonPages:       1270916 kB
Mapped:           811448 kB
Shmem:             15716 kB
Slab:             197588 kB
SReclaimable:      56436 kB
SUnreclaim:       141152 kB
KernelStack:       40800 kB
PageTables:        51156 kB
NFS_Unstable:          0 kB
Bounce:                0 kB
WritebackTmp:          0 kB
CommitLimit:     7105828 kB
Committed_AS:   56026652 kB
VmallocTotal:   263061440 kB
VmallocUsed:       65752 kB
VmallocChunk:          0 kB
Percpu:             2336 kB
CmaTotal:         294912 kB
CmaFree:              96 kB
MemTotal:       12114512 kB
MemFree:         3213748 kB
MemAvailable:    8240732 kB
Buffers:            6432 kB
Cached:          4150736 kB
SwapCached:            0 kB
Active:          1971720 kB
Inactive:        3451656 kB
Active(anon):    1270732 kB
Inactive(anon):    14600 kB
Active(file):     700988 kB
Inactive(file):  3437056 kB
Unevictable:        4164 kB
Mlocked:            4164 kB
SwapTotal:       1048572 kB
SwapFree:        1048572 kB
Dirty:               100 kB
Writeback:            12 kB
AnonPages:       1270416 kB
Mapped:           812036 kB
Shmem:             15824 kB
Slab:             197584 kB
SReclaimable:      56432 kB
SUnreclaim:       141152 kB
KernelStack:       40816 kB
PageTables:        51252 kB
NFS_Unstable:          0 kB
Bounce:                0 kB
WritebackTmp:          0 kB
CommitLimit:     7105828 kB
Committed_AS:   56028488 kB
VmallocTotal:   263061440 kB
VmallocUsed:       65800 kB
VmallocChunk:          0 kB
Percpu:             2336 kB
CmaTotal:         294912 kB
CmaFree:              36 kB
MemTotal:       12114512 kB
MemFree:         3216552 kB
MemAvailable:    8250696 kB
Buffers:            6432 kB
Cached:          4150452 kB
SwapCached:            0 kB
Active:          1970264 kB
Inactive:        3451464 kB
Active(anon):    1269276 kB
Inactive(anon):    14424 kB
Active(file):     700988 kB
Inactive(file):  3437040 kB
Unevictable:        4164 kB
Mlocked:            4164 kB
SwapTotal:       1048572 kB
SwapFree:        1048572 kB
Dirty:               112 kB
Writeback:             0 kB
AnonPages:       1268936 kB
Mapped:           811680 kB
Shmem:             15556 kB
Slab:             197568 kB
SReclaimable:      56432 kB
SUnreclaim:       141136 kB
KernelStack:       40784 kB
PageTables:        51096 kB
NFS_Unstable:          0 kB
Bounce:                0 kB
WritebackTmp:          0 kB
CommitLimit:     7105828 kB
Committed_AS:   56034316 kB
VmallocTotal:   263061440 kB
VmallocUsed:       65800 kB
VmallocChunk:          0 kB
Percpu:             2336 kB
CmaTotal:         294912 kB
CmaFree:               0 kB
MemTotal:       12114512 kB
MemFree:         3219700 kB
MemAvailable:    8253868 kB
Buffers:            6432 kB
Cached:          4150476 kB
SwapCached:            0 kB
Active:          1966980 kB
Inactive:        3451484 kB
Active(anon):    1265988 kB
Inactive(anon):    14424 kB
Active(file):     700992 kB
Inactive(file):  3437060 kB
Unevictable:        4164 kB
Mlocked:            4164 kB
SwapTotal:       1048572 kB
SwapFree:        1048572 kB
Dirty:               188 kB
Writeback:             0 kB
AnonPages:       1265820 kB
Mapped:           811644 kB
Shmem:             15556 kB
Slab:             197568 kB
SReclaimable:      56432 kB
SUnreclaim:       141136 kB
KernelStack:       40800 kB
PageTables:        51084 kB
NFS_Unstable:          0 kB
Bounce:                0 kB
WritebackTmp:          0 kB
CommitLimit:     7105828 kB
Committed_AS:   56034096 kB
VmallocTotal:   263061440 kB
VmallocUsed:       65768 kB
VmallocChunk:          0 kB
Percpu:             2336 kB
CmaTotal:         294912 kB
CmaFree:               0 kB
MemTotal:       12114512 kB
MemFree:         3220112 kB
MemAvailable:    8254280 kB
Buffers:            6432 kB
Cached:          4150476 kB
SwapCached:            0 kB
Active:          1967328 kB
Inactive:        3451484 kB
Active(anon):    1266336 kB
Inactive(anon):    14424 kB
Active(file):     700992 kB
Inactive(file):  3437060 kB
Unevictable:        4164 kB
Mlocked:            4164 kB
SwapTotal:       1048572 kB
SwapFree:        1048572 kB
Dirty:               268 kB
Writeback:             0 kB
AnonPages:       1266344 kB
Mapped:           811904 kB
Shmem:             15556 kB
Slab:             197568 kB
SReclaimable:      56432 kB
SUnreclaim:       141136 kB
KernelStack:       40836 kB
PageTables:        51084 kB
NFS_Unstable:          0 kB
Bounce:                0 kB
WritebackTmp:          0 kB
CommitLimit:     7105828 kB
Committed_AS:   56029520 kB
VmallocTotal:   263061440 kB
VmallocUsed:       65768 kB
VmallocChunk:          0 kB
Percpu:             2336 kB
CmaTotal:         294912 kB
CmaFree:               0 kB
MemTotal:       12114512 kB
MemFree:         3220036 kB
MemAvailable:    8254204 kB
Buffers:            6432 kB
Cached:          4150476 kB
SwapCached:            0 kB
Active:          1967136 kB
Inactive:        3451484 kB
Active(anon):    1266144 kB
Inactive(anon):    14424 kB
Active(file):     700992 kB
Inactive(file):  3437060 kB
Unevictable:        4164 kB
Mlocked:            4164 kB
SwapTotal:       1048572 kB
SwapFree:        1048572 kB
Dirty:               268 kB
Writeback:             0 kB
AnonPages:       1265716 kB
Mapped:           811644 kB
Shmem:             15556 kB
Slab:             197568 kB
SReclaimable:      56432 kB
SUnreclaim:       141136 kB
KernelStack:       40784 kB
PageTables:        51084 kB
NFS_Unstable:          0 kB
Bounce:                0 kB
WritebackTmp:          0 kB
CommitLimit:     7105828 kB
Committed_AS:   56029256 kB
VmallocTotal:   263061440 kB
VmallocUsed:       65768 kB
VmallocChunk:          0 kB
Percpu:             2336 kB
CmaTotal:         294912 kB
CmaFree:               0 kB
MemTotal:       12114512 kB
MemFree:         3219772 kB
MemAvailable:    8253940 kB
Buffers:            6432 kB
Cached:          4150476 kB
SwapCached:            0 kB
Active:          1968056 kB
Inactive:        3451484 kB
Active(anon):    1267064 kB
Inactive(anon):    14424 kB
Active(file):     700992 kB
Inactive(file):  3437060 kB
Unevictable:        4164 kB
Mlocked:            4164 kB
SwapTotal:       1048572 kB
SwapFree:        1048572 kB
Dirty:               268 kB
Writeback:             0 kB
AnonPages:       1266528 kB
Mapped:           811644 kB
Shmem:             15556 kB
Slab:             197568 kB
SReclaimable:      56432 kB
SUnreclaim:       141136 kB
KernelStack:       40784 kB
PageTables:        51084 kB
NFS_Unstable:          0 kB
Bounce:                0 kB
WritebackTmp:          0 kB
CommitLimit:     7105828 kB
Committed_AS:   56029080 kB
VmallocTotal:   263061440 kB
VmallocUsed:       65768 kB
VmallocChunk:          0 kB
Percpu:             2336 kB
CmaTotal:         294912 kB
CmaFree:               0 kB
MemTotal:       12114512 kB
MemFree:         3219144 kB
MemAvailable:    8253312 kB
Buffers:            6432 kB
Cached:          4150476 kB
SwapCached:            0 kB
Active:          1968284 kB
Inactive:        3451484 kB
Active(anon):    1267292 kB
Inactive(anon):    14424 kB
Active(file):     700992 kB
Inactive(file):  3437060 kB
Unevictable:        4164 kB
Mlocked:            4164 kB
SwapTotal:       1048572 kB
SwapFree:        1048572 kB
Dirty:               272 kB
Writeback:             0 kB
AnonPages:       1267228 kB
Mapped:           811644 kB
Shmem:             15556 kB
Slab:             197568 kB
SReclaimable:      56432 kB
SUnreclaim:       141136 kB
KernelStack:       40768 kB
PageTables:        51084 kB
NFS_Unstable:          0 kB
Bounce:                0 kB
WritebackTmp:          0 kB
CommitLimit:     7105828 kB
Committed_AS:   56028824 kB
VmallocTotal:   263061440 kB
VmallocUsed:       65800 kB
VmallocChunk:          0 kB
Percpu:             2336 kB
CmaTotal:         294912 kB
CmaFree:               0 kB
MemTotal:       12114512 kB
MemFree:         3218672 kB
MemAvailable:    8252840 kB
Buffers:            6432 kB
Cached:          4150476 kB
SwapCached:            0 kB
Active:          1968944 kB
Inactive:        3451484 kB
Active(anon):    1267952 kB
Inactive(anon):    14424 kB
Active(file):     700992 kB
Inactive(file):  3437060 kB
Unevictable:        4164 kB
Mlocked:            4164 kB
SwapTotal:       1048572 kB
SwapFree:        1048572 kB
Dirty:               272 kB
Writeback:             0 kB
AnonPages:       1267708 kB
Mapped:           811644 kB
Shmem:             15556 kB
Slab:             197568 kB
SReclaimable:      56432 kB
SUnreclaim:       141136 kB
KernelStack:       40768 kB
PageTables:        51092 kB
NFS_Unstable:          0 kB
Bounce:                0 kB
WritebackTmp:          0 kB
CommitLimit:     7105828 kB
Committed_AS:   56028560 kB
VmallocTotal:   263061440 kB
VmallocUsed:       65800 kB
VmallocChunk:          0 kB
Percpu:             2336 kB
CmaTotal:         294912 kB
CmaFree:               0 kB
MemTotal:       12114512 kB
MemFree:         3217188 kB
MemAvailable:    8251356 kB
Buffers:            6432 kB
Cached:          4150476 kB
SwapCached:            0 kB
Active:          1969740 kB
Inactive:        3451484 kB
Active(anon):    1268748 kB
Inactive(anon):    14424 kB
Active(file):     700992 kB
Inactive(file):  3437060 kB
Unevictable:        4164 kB
Mlocked:            4164 kB
SwapTotal:       1048572 kB
SwapFree:        1048572 kB
Dirty:                88 kB
Writeback:             0 kB
AnonPages:       1268468 kB
Mapped:           811644 kB
Shmem:             15556 kB
Slab:             197568 kB
SReclaimable:      56432 kB
SUnreclaim:       141136 kB
KernelStack:       40768 kB
PageTables:        51092 kB
NFS_Unstable:          0 kB
Bounce:                0 kB
WritebackTmp:          0 kB
CommitLimit:     7105828 kB
Committed_AS:   56028296 kB
VmallocTotal:   263061440 kB
VmallocUsed:       65800 kB
VmallocChunk:          0 kB
Percpu:             2336 kB
CmaTotal:         294912 kB
CmaFree:               0 kB
MemTotal:       12114512 kB
MemFree:         3217392 kB
MemAvailable:    8251560 kB
Buffers:            6432 kB
Cached:          4150476 kB
SwapCached:            0 kB
Active:          1970388 kB
Inactive:        3451484 kB
Active(anon):    1269396 kB
Inactive(anon):    14424 kB
Active(file):     700992 kB
Inactive(file):  3437060 kB
Unevictable:        4164 kB
Mlocked:            4164 kB
SwapTotal:       1048572 kB
SwapFree:        1048572 kB
Dirty:               104 kB
Writeback:             0 kB
AnonPages:       1269288 kB
Mapped:           811644 kB
Shmem:             15556 kB
Slab:             197568 kB
SReclaimable:      56432 kB
SUnreclaim:       141136 kB
KernelStack:       40752 kB
PageTables:        51092 kB
NFS_Unstable:          0 kB
Bounce:                0 kB
WritebackTmp:          0 kB
CommitLimit:     7105828 kB
Committed_AS:   56028808 kB
VmallocTotal:   263061440 kB
VmallocUsed:       65784 kB
VmallocChunk:          0 kB
Percpu:             2336 kB
CmaTotal:         294912 kB
CmaFree:              24 kB
MemTotal:       12114512 kB
MemFree:         3217484 kB
MemAvailable:    8251652 kB
Buffers:            6432 kB
Cached:          4150476 kB
SwapCached:            0 kB
Active:          1970316 kB
Inactive:        3451484 kB
Active(anon):    1269324 kB
Inactive(anon):    14424 kB
Active(file):     700992 kB
Inactive(file):  3437060 kB
Unevictable:        4164 kB
Mlocked:            4164 kB
SwapTotal:       1048572 kB
SwapFree:        1048572 kB
Dirty:               120 kB
Writeback:             0 kB
AnonPages:       1269448 kB
Mapped:           811644 kB
Shmem:             15556 kB
Slab:             197568 kB
SReclaimable:      56432 kB
SUnreclaim:       141136 kB
KernelStack:       40768 kB
PageTables:        51092 kB
NFS_Unstable:          0 kB
Bounce:                0 kB
WritebackTmp:          0 kB
CommitLimit:     7105828 kB
Committed_AS:   56028588 kB
VmallocTotal:   263061440 kB
VmallocUsed:       65784 kB
VmallocChunk:          0 kB
Percpu:             2336 kB
CmaTotal:         294912 kB
CmaFree:               0 kB
MemTotal:       12114512 kB
MemFree:         3216380 kB
MemAvailable:    8250548 kB
Buffers:            6432 kB
Cached:          4150476 kB
SwapCached:            0 kB
Active:          1970560 kB
Inactive:        3451484 kB
Active(anon):    1269568 kB
Inactive(anon):    14424 kB
Active(file):     700992 kB
Inactive(file):  3437060 kB
Unevictable:        4164 kB
Mlocked:            4164 kB
SwapTotal:       1048572 kB
SwapFree:        1048572 kB
Dirty:               128 kB
Writeback:             0 kB
AnonPages:       1269008 kB
Mapped:           811644 kB
Shmem:             15556 kB
Slab:             197568 kB
SReclaimable:      56432 kB
SUnreclaim:       141136 kB
KernelStack:       40768 kB
PageTables:        51092 kB
NFS_Unstable:          0 kB
Bounce:                0 kB
WritebackTmp:          0 kB
CommitLimit:     7105828 kB
Committed_AS:   56028280 kB
VmallocTotal:   263061440 kB
VmallocUsed:       65784 kB
VmallocChunk:          0 kB
Percpu:             2336 kB
CmaTotal:         294912 kB
CmaFree:               0 kB
MemTotal:       12114512 kB
MemFree:         3216544 kB
MemAvailable:    8250712 kB
Buffers:            6432 kB
Cached:          4150476 kB
SwapCached:            0 kB
Active:          1970740 kB
Inactive:        3451484 kB
Active(anon):    1269748 kB
Inactive(anon):    14424 kB
Active(file):     700992 kB
Inactive(file):  3437060 kB
Unevictable:        4164 kB
Mlocked:            4164 kB
SwapTotal:       1048572 kB
SwapFree:        1048572 kB
Dirty:               148 kB
Writeback:             0 kB
AnonPages:       1269484 kB
Mapped:           811644 kB
Shmem:             15556 kB
Slab:             197568 kB
SReclaimable:      56432 kB
SUnreclaim:       141136 kB
KernelStack:       40768 kB
PageTables:        51092 kB
NFS_Unstable:          0 kB
Bounce:                0 kB
WritebackTmp:          0 kB
CommitLimit:     7105828 kB
Committed_AS:   56028004 kB
VmallocTotal:   263061440 kB
VmallocUsed:       65800 kB
VmallocChunk:          0 kB
Percpu:             2336 kB
CmaTotal:         294912 kB
CmaFree:               0 kB
MemTotal:       12114512 kB
MemFree:         3216480 kB
MemAvailable:    8250644 kB
Buffers:            6432 kB
Cached:          4150472 kB
SwapCached:            0 kB
Active:          1970792 kB
Inactive:        3451484 kB
Active(anon):    1269804 kB
Inactive(anon):    14424 kB
Active(file):     700988 kB
Inactive(file):  3437060 kB
Unevictable:        4164 kB
Mlocked:            4164 kB
SwapTotal:       1048572 kB
SwapFree:        1048572 kB
Dirty:               120 kB
Writeback:             0 kB
AnonPages:       1269624 kB
Mapped:           811644 kB
Shmem:             15556 kB
Slab:             197568 kB
SReclaimable:      56432 kB
SUnreclaim:       141136 kB
KernelStack:       40768 kB
PageTables:        51092 kB
NFS_Unstable:          0 kB
Bounce:                0 kB
WritebackTmp:          0 kB
CommitLimit:     7105828 kB
Committed_AS:   56027696 kB
VmallocTotal:   263061440 kB
VmallocUsed:       65800 kB
VmallocChunk:          0 kB
Percpu:             2336 kB
CmaTotal:         294912 kB
CmaFree:               0 kB
MemTotal:       12114512 kB
MemFree:         3216704 kB
MemAvailable:    8250872 kB
Buffers:            6432 kB
Cached:          4150476 kB
SwapCached:            0 kB
Active:          1971284 kB
Inactive:        3451484 kB
Active(anon):    1270292 kB
Inactive(anon):    14424 kB
Active(file):     700992 kB
Inactive(file):  3437060 kB
Unevictable:        4164 kB
Mlocked:            4164 kB
SwapTotal:       1048572 kB
SwapFree:        1048572 kB
Dirty:               124 kB
Writeback:             0 kB
AnonPages:       1269816 kB
Mapped:           811744 kB
Shmem:             15556 kB
Slab:             197568 kB
SReclaimable:      56432 kB
SUnreclaim:       141136 kB
KernelStack:       40752 kB
PageTables:        51056 kB
NFS_Unstable:          0 kB
Bounce:                0 kB
WritebackTmp:          0 kB
CommitLimit:     7105828 kB
Committed_AS:   56028540 kB
VmallocTotal:   263061440 kB
VmallocUsed:       65816 kB
VmallocChunk:          0 kB
Percpu:             2336 kB
CmaTotal:         294912 kB
CmaFree:               0 kB
MemTotal:       12114512 kB
MemFree:         3216860 kB
MemAvailable:    8251028 kB
Buffers:            6432 kB
Cached:          4150476 kB
SwapCached:            0 kB
Active:          1971072 kB
Inactive:        3451484 kB
Active(anon):    1270080 kB
Inactive(anon):    14424 kB
Active(file):     700992 kB
Inactive(file):  3437060 kB
Unevictable:        4164 kB
Mlocked:            4164 kB
SwapTotal:       1048572 kB
SwapFree:        1048572 kB
Dirty:               124 kB
Writeback:             0 kB
AnonPages:       1270188 kB
Mapped:           811644 kB
Shmem:             15556 kB
Slab:             197568 kB
SReclaimable:      56432 kB
SUnreclaim:       141136 kB
KernelStack:       40784 kB
PageTables:        51092 kB
NFS_Unstable:          0 kB
Bounce:                0 kB
WritebackTmp:          0 kB
CommitLimit:     7105828 kB
Committed_AS:   56034192 kB
VmallocTotal:   263061440 kB
VmallocUsed:       65816 kB
VmallocChunk:          0 kB
Percpu:             2336 kB
CmaTotal:         294912 kB
CmaFree:               0 kB
MemTotal:       12114512 kB
MemFree:         3216376 kB
MemAvailable:    8250544 kB
Buffers:            6432 kB
Cached:          4150476 kB
SwapCached:            0 kB
Active:          1971648 kB
Inactive:        3451484 kB
Active(anon):    1270656 kB
Inactive(anon):    14424 kB
Active(file):     700992 kB
Inactive(file):  3437060 kB
Unevictable:        4164 kB
Mlocked:            4164 kB
SwapTotal:       1048572 kB
SwapFree:        1048572 kB
Dirty:               128 kB
Writeback:             0 kB
AnonPages:       1270348 kB
Mapped:           811904 kB
Shmem:             15556 kB
Slab:             197568 kB
SReclaimable:      56432 kB
SUnreclaim:       141136 kB
KernelStack:       40768 kB
PageTables:        51092 kB
NFS_Unstable:          0 kB
Bounce:                0 kB
WritebackTmp:          0 kB
CommitLimit:     7105828 kB
Committed_AS:   56032600 kB
VmallocTotal:   263061440 kB
VmallocUsed:       65832 kB
VmallocChunk:          0 kB
Percpu:             2336 kB
CmaTotal:         294912 kB
CmaFree:               0 kB
MemTotal:       12114512 kB
MemFree:         3216412 kB
MemAvailable:    8250580 kB
Buffers:            6432 kB
Cached:          4150476 kB
SwapCached:            0 kB
Active:          1971768 kB
Inactive:        3451484 kB
Active(anon):    1270776 kB
Inactive(anon):    14424 kB
Active(file):     700992 kB
Inactive(file):  3437060 kB
Unevictable:        4164 kB
Mlocked:            4164 kB
SwapTotal:       1048572 kB
SwapFree:        1048572 kB
Dirty:               128 kB
Writeback:             0 kB
AnonPages:       1270308 kB
Mapped:           811644 kB
Shmem:             15556 kB
Slab:             197568 kB
SReclaimable:      56432 kB
SUnreclaim:       141136 kB
KernelStack:       40768 kB
PageTables:        51092 kB
NFS_Unstable:          0 kB
Bounce:                0 kB
WritebackTmp:          0 kB
CommitLimit:     7105828 kB
Committed_AS:   56032336 kB
VmallocTotal:   263061440 kB
VmallocUsed:       65832 kB
VmallocChunk:          0 kB
Percpu:             2336 kB
CmaTotal:         294912 kB
CmaFree:               0 kB
MemTotal:       12114512 kB
MemFree:         3215704 kB
MemAvailable:    8249872 kB
Buffers:            6432 kB
Cached:          4150476 kB
SwapCached:            0 kB
Active:          1971968 kB
Inactive:        3451484 kB
Active(anon):    1270976 kB
Inactive(anon):    14424 kB
Active(file):     700992 kB
Inactive(file):  3437060 kB
Unevictable:        4164 kB
Mlocked:            4164 kB
SwapTotal:       1048572 kB
SwapFree:        1048572 kB
Dirty:               104 kB
Writeback:             0 kB
AnonPages:       1270860 kB
Mapped:           811644 kB
Shmem:             15556 kB
Slab:             197568 kB
SReclaimable:      56432 kB
SUnreclaim:       141136 kB
KernelStack:       40752 kB
PageTables:        51092 kB
NFS_Unstable:          0 kB
Bounce:                0 kB
WritebackTmp:          0 kB
CommitLimit:     7105828 kB
Committed_AS:   56032072 kB
VmallocTotal:   263061440 kB
VmallocUsed:       65816 kB
VmallocChunk:          0 kB
Percpu:             2336 kB
CmaTotal:         294912 kB
CmaFree:               0 kB
MemTotal:       12114512 kB
MemFree:         3215356 kB
MemAvailable:    8249524 kB
Buffers:            6432 kB
Cached:          4150476 kB
SwapCached:            0 kB
Active:          1972136 kB
Inactive:        3451484 kB
Active(anon):    1271144 kB
Inactive(anon):    14424 kB
Active(file):     700992 kB
Inactive(file):  3437060 kB
Unevictable:        4164 kB
Mlocked:            4164 kB
SwapTotal:       1048572 kB
SwapFree:        1048572 kB
Dirty:               120 kB
Writeback:             0 kB
AnonPages:       1271248 kB
Mapped:           811644 kB
Shmem:             15556 kB
Slab:             197568 kB
SReclaimable:      56432 kB
SUnreclaim:       141136 kB
KernelStack:       40768 kB
PageTables:        51092 kB
NFS_Unstable:          0 kB
Bounce:                0 kB
WritebackTmp:          0 kB
CommitLimit:     7105828 kB
Committed_AS:   56031764 kB
VmallocTotal:   263061440 kB
VmallocUsed:       65816 kB
VmallocChunk:          0 kB
Percpu:             2336 kB
CmaTotal:         294912 kB
CmaFree:               0 kB
MemTotal:       12114512 kB
MemFree:         3216116 kB
MemAvailable:    8250284 kB
Buffers:            6432 kB
Cached:          4150476 kB
SwapCached:            0 kB
Active:          1972568 kB
Inactive:        3451484 kB
Active(anon):    1271576 kB
Inactive(anon):    14424 kB
Active(file):     700992 kB
Inactive(file):  3437060 kB
Unevictable:        4164 kB
Mlocked:            4164 kB
SwapTotal:       1048572 kB
SwapFree:        1048572 kB
Dirty:               120 kB
Writeback:             0 kB
AnonPages:       1271088 kB
Mapped:           811644 kB
Shmem:             15556 kB
Slab:             197568 kB
SReclaimable:      56432 kB
SUnreclaim:       141136 kB
KernelStack:       40768 kB
PageTables:        51092 kB
NFS_Unstable:          0 kB
Bounce:                0 kB
WritebackTmp:          0 kB
CommitLimit:     7105828 kB
Committed_AS:   56031500 kB
VmallocTotal:   263061440 kB
VmallocUsed:       65832 kB
VmallocChunk:          0 kB
Percpu:             2336 kB
CmaTotal:         294912 kB
CmaFree:               0 kB
MemTotal:       12114512 kB
MemFree:         3219104 kB
MemAvailable:    8253272 kB
Buffers:            6432 kB
Cached:          4150476 kB
SwapCached:            0 kB
Active:          1968384 kB
Inactive:        3451484 kB
Active(anon):    1267392 kB
Inactive(anon):    14424 kB
Active(file):     700992 kB
Inactive(file):  3437060 kB
Unevictable:        4164 kB
Mlocked:            4164 kB
SwapTotal:       1048572 kB
SwapFree:        1048572 kB
Dirty:               136 kB
Writeback:             0 kB
AnonPages:       1266728 kB
Mapped:           811648 kB
Shmem:             15556 kB
Slab:             197568 kB
SReclaimable:      56432 kB
SUnreclaim:       141136 kB
KernelStack:       40784 kB
PageTables:        51092 kB
NFS_Unstable:          0 kB
Bounce:                0 kB
WritebackTmp:          0 kB
CommitLimit:     7105828 kB
Committed_AS:   56031192 kB
VmallocTotal:   263061440 kB
VmallocUsed:       65768 kB
VmallocChunk:          0 kB
Percpu:             2336 kB
CmaTotal:         294912 kB
CmaFree:               8 kB
MemTotal:       12114512 kB
MemFree:         3219364 kB
MemAvailable:    8253540 kB
Buffers:            6432 kB
Cached:          4150484 kB
SwapCached:            0 kB
Active:          1968300 kB
Inactive:        3451488 kB
Active(anon):    1267304 kB
Inactive(anon):    14424 kB
Active(file):     700996 kB
Inactive(file):  3437064 kB
Unevictable:        4164 kB
Mlocked:            4164 kB
SwapTotal:       1048572 kB
SwapFree:        1048572 kB
Dirty:               168 kB
Writeback:             4 kB
AnonPages:       1267096 kB
Mapped:           811644 kB
Shmem:             15556 kB
Slab:             197568 kB
SReclaimable:      56432 kB
SUnreclaim:       141136 kB
KernelStack:       40768 kB
PageTables:        51092 kB
NFS_Unstable:          0 kB
Bounce:                0 kB
WritebackTmp:          0 kB
CommitLimit:     7105828 kB
Committed_AS:   56030928 kB
VmallocTotal:   263061440 kB
VmallocUsed:       65768 kB
VmallocChunk:          0 kB
Percpu:             2336 kB
CmaTotal:         294912 kB
CmaFree:               4 kB
MemTotal:       12114512 kB
MemFree:         3235440 kB
MemAvailable:    8269608 kB
Buffers:            6432 kB
Cached:          4150476 kB
SwapCached:            0 kB
Active:          1951556 kB
Inactive:        3451484 kB
Active(anon):    1250564 kB
Inactive(anon):    14424 kB
Active(file):     700992 kB
Inactive(file):  3437060 kB
Unevictable:        4164 kB
Mlocked:            4164 kB
SwapTotal:       1048572 kB
SwapFree:        1048572 kB
Dirty:                92 kB
Writeback:             0 kB
AnonPages:       1250240 kB
Mapped:           811644 kB
Shmem:             15556 kB
Slab:             197536 kB
SReclaimable:      56432 kB
SUnreclaim:       141104 kB
KernelStack:       40768 kB
PageTables:        51092 kB
NFS_Unstable:          0 kB
Bounce:                0 kB
WritebackTmp:          0 kB
CommitLimit:     7105828 kB
Committed_AS:   56030620 kB
VmallocTotal:   263061440 kB
VmallocUsed:       65800 kB
VmallocChunk:          0 kB
Percpu:             2336 kB
CmaTotal:         294912 kB
CmaFree:               0 kB
MemTotal:       12114512 kB
MemFree:         3235300 kB
MemAvailable:    8269468 kB
Buffers:            6432 kB
Cached:          4150480 kB
SwapCached:            0 kB
Active:          1951508 kB
Inactive:        3451488 kB
Active(anon):    1250516 kB
Inactive(anon):    14428 kB
Active(file):     700992 kB
Inactive(file):  3437060 kB
Unevictable:        4164 kB
Mlocked:            4164 kB
SwapTotal:       1048572 kB
SwapFree:        1048572 kB
Dirty:               128 kB
Writeback:             0 kB
AnonPages:       1250308 kB
Mapped:           811648 kB
Shmem:             15560 kB
Slab:             197536 kB
SReclaimable:      56432 kB
SUnreclaim:       141104 kB
KernelStack:       40688 kB
PageTables:        51088 kB
NFS_Unstable:          0 kB
Bounce:                0 kB
WritebackTmp:          0 kB
CommitLimit:     7105828 kB
Committed_AS:   56031016 kB
VmallocTotal:   263061440 kB
VmallocUsed:       65736 kB
VmallocChunk:          0 kB
Percpu:             2336 kB
CmaTotal:         294912 kB
CmaFree:             128 kB
MemTotal:       12114512 kB
MemFree:         3235652 kB
MemAvailable:    8269820 kB
Buffers:            6432 kB
Cached:          4150480 kB
SwapCached:            0 kB
Active:          1951812 kB
Inactive:        3451488 kB
Active(anon):    1250820 kB
Inactive(anon):    14428 kB
Active(file):     700992 kB
Inactive(file):  3437060 kB
Unevictable:        4164 kB
Mlocked:            4164 kB
SwapTotal:       1048572 kB
SwapFree:        1048572 kB
Dirty:               172 kB
Writeback:             0 kB
AnonPages:       1250756 kB
Mapped:           811648 kB
Shmem:             15560 kB
Slab:             197536 kB
SReclaimable:      56432 kB
SUnreclaim:       141104 kB
KernelStack:       40640 kB
PageTables:        51088 kB
NFS_Unstable:          0 kB
Bounce:                0 kB
WritebackTmp:          0 kB
CommitLimit:     7105828 kB
Committed_AS:   56030752 kB
VmallocTotal:   263061440 kB
VmallocUsed:       65704 kB
VmallocChunk:          0 kB
Percpu:             2336 kB
CmaTotal:         294912 kB
CmaFree:               0 kB
MemTotal:       12114512 kB
MemFree:         3235688 kB
MemAvailable:    8269856 kB
Buffers:            6432 kB
Cached:          4150480 kB
SwapCached:            0 kB
Active:          1951576 kB
Inactive:        3451488 kB
Active(anon):    1250584 kB
Inactive(anon):    14428 kB
Active(file):     700992 kB
Inactive(file):  3437060 kB
Unevictable:        4164 kB
Mlocked:            4164 kB
SwapTotal:       1048572 kB
SwapFree:        1048572 kB
Dirty:               176 kB
Writeback:             0 kB
AnonPages:       1250180 kB
Mapped:           811648 kB
Shmem:             15560 kB
Slab:             197536 kB
SReclaimable:      56432 kB
SUnreclaim:       141104 kB
KernelStack:       40624 kB
PageTables:        51088 kB
NFS_Unstable:          0 kB
Bounce:                0 kB
WritebackTmp:          0 kB
CommitLimit:     7105828 kB
Committed_AS:   56030532 kB
VmallocTotal:   263061440 kB
VmallocUsed:       65688 kB
VmallocChunk:          0 kB
Percpu:             2336 kB
CmaTotal:         294912 kB
CmaFree:               0 kB
MemTotal:       12114512 kB
MemFree:         3224716 kB
MemAvailable:    8258884 kB
Buffers:            6432 kB
Cached:          4150480 kB
SwapCached:            0 kB
Active:          1961832 kB
Inactive:        3451488 kB
Active(anon):    1260840 kB
Inactive(anon):    14428 kB
Active(file):     700992 kB
Inactive(file):  3437060 kB
Unevictable:        4164 kB
Mlocked:            4164 kB
SwapTotal:       1048572 kB
SwapFree:        1048572 kB
Dirty:               188 kB
Writeback:             0 kB
AnonPages:       1261020 kB
Mapped:           811648 kB
Shmem:             15560 kB
Slab:             197536 kB
SReclaimable:      56432 kB
SUnreclaim:       141104 kB
KernelStack:       40640 kB
PageTables:        51088 kB
NFS_Unstable:          0 kB
Bounce:                0 kB
WritebackTmp:          0 kB
CommitLimit:     7105828 kB
Committed_AS:   56037860 kB
VmallocTotal:   263061440 kB
VmallocUsed:       65656 kB
VmallocChunk:          0 kB
Percpu:             2336 kB
CmaTotal:         294912 kB
CmaFree:               0 kB
MemTotal:       12114512 kB
MemFree:         3225300 kB
MemAvailable:    8259596 kB
Buffers:            6432 kB
Cached:          4150608 kB
SwapCached:            0 kB
Active:          1961648 kB
Inactive:        3451616 kB
Active(anon):    1260656 kB
Inactive(anon):    14428 kB
Active(file):     700992 kB
Inactive(file):  3437188 kB
Unevictable:        4164 kB
Mlocked:            4164 kB
SwapTotal:       1048572 kB
SwapFree:        1048572 kB
Dirty:              4876 kB
Writeback:             4 kB
AnonPages:       1260664 kB
Mapped:           811648 kB
Shmem:             15560 kB
Slab:             197536 kB
SReclaimable:      56432 kB
SUnreclaim:       141104 kB
KernelStack:       40624 kB
PageTables:        51088 kB
NFS_Unstable:          0 kB
Bounce:                0 kB
WritebackTmp:          0 kB
CommitLimit:     7105828 kB
Committed_AS:   56037596 kB
VmallocTotal:   263061440 kB
VmallocUsed:       65672 kB
VmallocChunk:          0 kB
Percpu:             2336 kB
CmaTotal:         294912 kB
CmaFree:               0 kB
MemTotal:       12114512 kB
MemFree:         3225372 kB
MemAvailable:    8259668 kB
Buffers:            6432 kB
Cached:          4150608 kB
SwapCached:            0 kB
Active:          1962116 kB
Inactive:        3451616 kB
Active(anon):    1261124 kB
Inactive(anon):    14428 kB
Active(file):     700992 kB
Inactive(file):  3437188 kB
Unevictable:        4164 kB
Mlocked:            4164 kB
SwapTotal:       1048572 kB
SwapFree:        1048572 kB
Dirty:              4892 kB
Writeback:             0 kB
AnonPages:       1260884 kB
Mapped:           811684 kB
Shmem:             15560 kB
Slab:             197536 kB
SReclaimable:      56432 kB
SUnreclaim:       141104 kB
KernelStack:       40592 kB
PageTables:        51036 kB
NFS_Unstable:          0 kB
Bounce:                0 kB
WritebackTmp:          0 kB
CommitLimit:     7105828 kB
Committed_AS:   56038040 kB
VmallocTotal:   263061440 kB
VmallocUsed:       65656 kB
VmallocChunk:          0 kB
Percpu:             2336 kB
CmaTotal:         294912 kB
CmaFree:               0 kB
MemTotal:       12114512 kB
MemFree:         3223508 kB
MemAvailable:    8257804 kB
Buffers:            6432 kB
Cached:          4150640 kB
SwapCached:            0 kB
Active:          1962316 kB
Inactive:        3451648 kB
Active(anon):    1261324 kB
Inactive(anon):    14460 kB
Active(file):     700992 kB
Inactive(file):  3437188 kB
Unevictable:        4164 kB
Mlocked:            4164 kB
SwapTotal:       1048572 kB
SwapFree:        1048572 kB
Dirty:              4912 kB
Writeback:             0 kB
AnonPages:       1260984 kB
Mapped:           811680 kB
Shmem:             15592 kB
Slab:             197536 kB
SReclaimable:      56432 kB
SUnreclaim:       141104 kB
KernelStack:       40624 kB
PageTables:        51096 kB
NFS_Unstable:          0 kB
Bounce:                0 kB
WritebackTmp:          0 kB
CommitLimit:     7105828 kB
Committed_AS:   56043712 kB
VmallocTotal:   263061440 kB
VmallocUsed:       65624 kB
VmallocChunk:          0 kB
Percpu:             2336 kB
CmaTotal:         294912 kB
CmaFree:               0 kB
MemTotal:       12114512 kB
MemFree:         3224424 kB
MemAvailable:    8258720 kB
Buffers:            6432 kB
Cached:          4150608 kB
SwapCached:            0 kB
Active:          1962720 kB
Inactive:        3451616 kB
Active(anon):    1261728 kB
Inactive(anon):    14428 kB
Active(file):     700992 kB
Inactive(file):  3437188 kB
Unevictable:        4164 kB
Mlocked:            4164 kB
SwapTotal:       1048572 kB
SwapFree:        1048572 kB
Dirty:              4912 kB
Writeback:             0 kB
AnonPages:       1261436 kB
Mapped:           811648 kB
Shmem:             15560 kB
Slab:             197536 kB
SReclaimable:      56432 kB
SUnreclaim:       141104 kB
KernelStack:       40592 kB
PageTables:        51088 kB
NFS_Unstable:          0 kB
Bounce:                0 kB
WritebackTmp:          0 kB
CommitLimit:     7105828 kB
Committed_AS:   56043448 kB
VmallocTotal:   263061440 kB
VmallocUsed:       65640 kB
VmallocChunk:          0 kB
Percpu:             2336 kB
CmaTotal:         294912 kB
CmaFree:               0 kB
MemTotal:       12114512 kB
MemFree:         3225672 kB
MemAvailable:    8259968 kB
Buffers:            6432 kB
Cached:          4150608 kB
SwapCached:            0 kB
Active:          1961616 kB
Inactive:        3451616 kB
Active(anon):    1260624 kB
Inactive(anon):    14428 kB
Active(file):     700992 kB
Inactive(file):  3437188 kB
Unevictable:        4164 kB
Mlocked:            4164 kB
SwapTotal:       1048572 kB
SwapFree:        1048572 kB
Dirty:              4912 kB
Writeback:             0 kB
AnonPages:       1260368 kB
Mapped:           811648 kB
Shmem:             15560 kB
Slab:             197536 kB
SReclaimable:      56432 kB
SUnreclaim:       141104 kB
KernelStack:       40592 kB
PageTables:        51088 kB
NFS_Unstable:          0 kB
Bounce:                0 kB
WritebackTmp:          0 kB
CommitLimit:     7105828 kB
Committed_AS:   56043836 kB
VmallocTotal:   263061440 kB
VmallocUsed:       65656 kB
VmallocChunk:          0 kB
Percpu:             2336 kB
CmaTotal:         294912 kB
CmaFree:               0 kB
MemTotal:       12114512 kB
MemFree:         3225580 kB
MemAvailable:    8259924 kB
Buffers:            6440 kB
Cached:          4150648 kB
SwapCached:            0 kB
Active:          1962216 kB
Inactive:        3451656 kB
Active(anon):    1261216 kB
Inactive(anon):    14428 kB
Active(file):     701000 kB
Inactive(file):  3437228 kB
Unevictable:        4164 kB
Mlocked:            4164 kB
SwapTotal:       1048572 kB
SwapFree:        1048572 kB
Dirty:               148 kB
Writeback:            36 kB
AnonPages:       1260380 kB
Mapped:           811648 kB
Shmem:             15560 kB
Slab:             197536 kB
SReclaimable:      56432 kB
SUnreclaim:       141104 kB
KernelStack:       40576 kB
PageTables:        51088 kB
NFS_Unstable:          0 kB
Bounce:                0 kB
WritebackTmp:          0 kB
CommitLimit:     7105828 kB
Committed_AS:   56043280 kB
VmallocTotal:   263061440 kB
VmallocUsed:       65640 kB
VmallocChunk:          0 kB
Percpu:             2336 kB
CmaTotal:         294912 kB
CmaFree:               0 kB
MemTotal:       12114512 kB
MemFree:         3225508 kB
MemAvailable:    8259852 kB
Buffers:            6440 kB
Cached:          4150648 kB
SwapCached:            0 kB
Active:          1961844 kB
Inactive:        3451656 kB
Active(anon):    1260844 kB
Inactive(anon):    14428 kB
Active(file):     701000 kB
Inactive(file):  3437228 kB
Unevictable:        4164 kB
Mlocked:            4164 kB
SwapTotal:       1048572 kB
SwapFree:        1048572 kB
Dirty:               220 kB
Writeback:             0 kB
AnonPages:       1260972 kB
Mapped:           811648 kB
Shmem:             15560 kB
Slab:             197536 kB
SReclaimable:      56432 kB
SUnreclaim:       141104 kB
KernelStack:       40592 kB
PageTables:        51088 kB
NFS_Unstable:          0 kB
Bounce:                0 kB
WritebackTmp:          0 kB
CommitLimit:     7105828 kB
Committed_AS:   56043016 kB
VmallocTotal:   263061440 kB
VmallocUsed:       65640 kB
VmallocChunk:          0 kB
Percpu:             2336 kB
CmaTotal:         294912 kB
CmaFree:               0 kB
MemTotal:       12114512 kB
MemFree:         3225004 kB
MemAvailable:    8259348 kB
Buffers:            6440 kB
Cached:          4150648 kB
SwapCached:            0 kB
Active:          1962336 kB
Inactive:        3451656 kB
Active(anon):    1261336 kB
Inactive(anon):    14428 kB
Active(file):     701000 kB
Inactive(file):  3437228 kB
Unevictable:        4164 kB
Mlocked:            4164 kB
SwapTotal:       1048572 kB
SwapFree:        1048572 kB
Dirty:               220 kB
Writeback:             0 kB
AnonPages:       1261192 kB
Mapped:           811840 kB
Shmem:             15560 kB
Slab:             197536 kB
SReclaimable:      56432 kB
SUnreclaim:       141104 kB
KernelStack:       40576 kB
PageTables:        51032 kB
NFS_Unstable:          0 kB
Bounce:                0 kB
WritebackTmp:          0 kB
CommitLimit:     7105828 kB
Committed_AS:   56043060 kB
VmallocTotal:   263061440 kB
VmallocUsed:       65640 kB
VmallocChunk:          0 kB
Percpu:             2336 kB
CmaTotal:         294912 kB
CmaFree:               0 kB
MemTotal:       12114512 kB
MemFree:         3225100 kB
MemAvailable:    8259444 kB
Buffers:            6440 kB
Cached:          4150648 kB
SwapCached:            0 kB
Active:          1962392 kB
Inactive:        3451656 kB
Active(anon):    1261392 kB
Inactive(anon):    14428 kB
Active(file):     701000 kB
Inactive(file):  3437228 kB
Unevictable:        4164 kB
Mlocked:            4164 kB
SwapTotal:       1048572 kB
SwapFree:        1048572 kB
Dirty:               224 kB
Writeback:             0 kB
AnonPages:       1260872 kB
Mapped:           811648 kB
Shmem:             15560 kB
Slab:             197536 kB
SReclaimable:      56432 kB
SUnreclaim:       141104 kB
KernelStack:       40592 kB
PageTables:        51088 kB
NFS_Unstable:          0 kB
Bounce:                0 kB
WritebackTmp:          0 kB
CommitLimit:     7105828 kB
Committed_AS:   56042796 kB
VmallocTotal:   263061440 kB
VmallocUsed:       65624 kB
VmallocChunk:          0 kB
Percpu:             2336 kB
CmaTotal:         294912 kB
CmaFree:               0 kB
MemTotal:       12114512 kB
MemFree:         3224820 kB
MemAvailable:    8259164 kB
Buffers:            6440 kB
Cached:          4150648 kB
SwapCached:            0 kB
Active:          1962500 kB
Inactive:        3451656 kB
Active(anon):    1261500 kB
Inactive(anon):    14428 kB
Active(file):     701000 kB
Inactive(file):  3437228 kB
Unevictable:        4164 kB
Mlocked:            4164 kB
SwapTotal:       1048572 kB
SwapFree:        1048572 kB
Dirty:               224 kB
Writeback:             0 kB
AnonPages:       1261588 kB
Mapped:           811648 kB
Shmem:             15560 kB
Slab:             197536 kB
SReclaimable:      56432 kB
SUnreclaim:       141104 kB
KernelStack:       40592 kB
PageTables:        51088 kB
NFS_Unstable:          0 kB
Bounce:                0 kB
WritebackTmp:          0 kB
CommitLimit:     7105828 kB
Committed_AS:   56042532 kB
VmallocTotal:   263061440 kB
VmallocUsed:       65624 kB
VmallocChunk:          0 kB
Percpu:             2336 kB
CmaTotal:         294912 kB
CmaFree:               0 kB
MemTotal:       12114512 kB
MemFree:         3224408 kB
MemAvailable:    8258752 kB
Buffers:            6440 kB
Cached:          4150652 kB
SwapCached:            0 kB
Active:          1963232 kB
Inactive:        3451660 kB
Active(anon):    1262232 kB
Inactive(anon):    14432 kB
Active(file):     701000 kB
Inactive(file):  3437228 kB
Unevictable:        4164 kB
Mlocked:            4164 kB
SwapTotal:       1048572 kB
SwapFree:        1048572 kB
Dirty:               192 kB
Writeback:             0 kB
AnonPages:       1262204 kB
Mapped:           811652 kB
Shmem:             15564 kB
Slab:             197536 kB
SReclaimable:      56432 kB
SUnreclaim:       141104 kB
KernelStack:       40592 kB
PageTables:        51088 kB
NFS_Unstable:          0 kB
Bounce:                0 kB
WritebackTmp:          0 kB
CommitLimit:     7105828 kB
Committed_AS:   56042268 kB
VmallocTotal:   263061440 kB
VmallocUsed:       65640 kB
VmallocChunk:          0 kB
Percpu:             2336 kB
CmaTotal:         294912 kB
CmaFree:               0 kB
MemTotal:       12114512 kB
MemFree:         3223608 kB
MemAvailable:    8257952 kB
Buffers:            6440 kB
Cached:          4150652 kB
SwapCached:            0 kB
Active:          1963208 kB
Inactive:        3451660 kB
Active(anon):    1262208 kB
Inactive(anon):    14432 kB
Active(file):     701000 kB
Inactive(file):  3437228 kB
Unevictable:        4164 kB
Mlocked:            4164 kB
SwapTotal:       1048572 kB
SwapFree:        1048572 kB
Dirty:               196 kB
Writeback:             0 kB
AnonPages:       1261960 kB
Mapped:           811652 kB
Shmem:             15564 kB
Slab:             197536 kB
SReclaimable:      56432 kB
SUnreclaim:       141104 kB
KernelStack:       40592 kB
PageTables:        51088 kB
NFS_Unstable:          0 kB
Bounce:                0 kB
WritebackTmp:          0 kB
CommitLimit:     7105828 kB
Committed_AS:   56042004 kB
VmallocTotal:   263061440 kB
VmallocUsed:       65640 kB
VmallocChunk:          0 kB
Percpu:             2336 kB
CmaTotal:         294912 kB
CmaFree:               0 kB
MemTotal:       12114512 kB
MemFree:         3223208 kB
MemAvailable:    8257552 kB
Buffers:            6440 kB
Cached:          4150652 kB
SwapCached:            0 kB
Active:          1963368 kB
Inactive:        3451660 kB
Active(anon):    1262368 kB
Inactive(anon):    14432 kB
Active(file):     701000 kB
Inactive(file):  3437228 kB
Unevictable:        4164 kB
Mlocked:            4164 kB
SwapTotal:       1048572 kB
SwapFree:        1048572 kB
Dirty:               196 kB
Writeback:             0 kB
AnonPages:       1262584 kB
Mapped:           811828 kB
Shmem:             15564 kB
Slab:             197536 kB
SReclaimable:      56432 kB
SUnreclaim:       141104 kB
KernelStack:       40608 kB
PageTables:        51132 kB
NFS_Unstable:          0 kB
Bounce:                0 kB
WritebackTmp:          0 kB
CommitLimit:     7105828 kB
Committed_AS:   56038612 kB
VmallocTotal:   263061440 kB
VmallocUsed:       65656 kB
VmallocChunk:          0 kB
Percpu:             2336 kB
CmaTotal:         294912 kB
CmaFree:               0 kB
MemTotal:       12114512 kB
MemFree:         3223188 kB
MemAvailable:    8257532 kB
Buffers:            6440 kB
Cached:          4150656 kB
SwapCached:            0 kB
Active:          1964028 kB
Inactive:        3451664 kB
Active(anon):    1263028 kB
Inactive(anon):    14436 kB
Active(file):     701000 kB
Inactive(file):  3437228 kB
Unevictable:        4164 kB
Mlocked:            4164 kB
SwapTotal:       1048572 kB
SwapFree:        1048572 kB
Dirty:               196 kB
Writeback:             0 kB
AnonPages:       1262184 kB
Mapped:           811656 kB
Shmem:             15568 kB
Slab:             197536 kB
SReclaimable:      56432 kB
SUnreclaim:       141104 kB
KernelStack:       40592 kB
PageTables:        51088 kB
NFS_Unstable:          0 kB
Bounce:                0 kB
WritebackTmp:          0 kB
CommitLimit:     7105828 kB
Committed_AS:   56038348 kB
VmallocTotal:   263061440 kB
VmallocUsed:       65656 kB
VmallocChunk:          0 kB
Percpu:             2336 kB
CmaTotal:         294912 kB
CmaFree:               0 kB
MemTotal:       12114512 kB
MemFree:         3221604 kB
MemAvailable:    8255948 kB
Buffers:            6440 kB
Cached:          4150656 kB
SwapCached:            0 kB
Active:          1965560 kB
Inactive:        3451664 kB
Active(anon):    1264560 kB
Inactive(anon):    14436 kB
Active(file):     701000 kB
Inactive(file):  3437228 kB
Unevictable:        4164 kB
Mlocked:            4164 kB
SwapTotal:       1048572 kB
SwapFree:        1048572 kB
Dirty:               196 kB
Writeback:             0 kB
AnonPages:       1264444 kB
Mapped:           811656 kB
Shmem:             15568 kB
Slab:             197536 kB
SReclaimable:      56432 kB
SUnreclaim:       141104 kB
KernelStack:       40576 kB
PageTables:        51088 kB
NFS_Unstable:          0 kB
Bounce:                0 kB
WritebackTmp:          0 kB
CommitLimit:     7105828 kB
Committed_AS:   56038084 kB
VmallocTotal:   263061440 kB
VmallocUsed:       65624 kB
VmallocChunk:          0 kB
Percpu:             2336 kB
CmaTotal:         294912 kB
CmaFree:               0 kB
MemTotal:       12114512 kB
MemFree:         3222684 kB
MemAvailable:    8257132 kB
Buffers:            6440 kB
Cached:          4150768 kB
SwapCached:            0 kB
Active:          1964184 kB
Inactive:        3451776 kB
Active(anon):    1263184 kB
Inactive(anon):    14436 kB
Active(file):     701000 kB
Inactive(file):  3437340 kB
Unevictable:        4164 kB
Mlocked:            4164 kB
SwapTotal:       1048572 kB
SwapFree:        1048572 kB
Dirty:              5056 kB
Writeback:             0 kB
AnonPages:       1262980 kB
Mapped:           811916 kB
Shmem:             15568 kB
Slab:             197536 kB
SReclaimable:      56432 kB
SUnreclaim:       141104 kB
KernelStack:       40576 kB
PageTables:        51088 kB
NFS_Unstable:          0 kB
Bounce:                0 kB
WritebackTmp:          0 kB
CommitLimit:     7105828 kB
Committed_AS:   56035056 kB
VmallocTotal:   263061440 kB
VmallocUsed:       65624 kB
VmallocChunk:          0 kB
Percpu:             2336 kB
CmaTotal:         294912 kB
CmaFree:               0 kB
MemTotal:       12114512 kB
MemFree:         3223204 kB
MemAvailable:    8257644 kB
Buffers:            6440 kB
Cached:          4150760 kB
SwapCached:            0 kB
Active:          1964600 kB
Inactive:        3451772 kB
Active(anon):    1263604 kB
Inactive(anon):    14436 kB
Active(file):     700996 kB
Inactive(file):  3437336 kB
Unevictable:        4164 kB
Mlocked:            4164 kB
SwapTotal:       1048572 kB
SwapFree:        1048572 kB
Dirty:              5052 kB
Writeback:             0 kB
AnonPages:       1263076 kB
Mapped:           811656 kB
Shmem:             15568 kB
Slab:             197536 kB
SReclaimable:      56432 kB
SUnreclaim:       141104 kB
KernelStack:       40576 kB
PageTables:        51088 kB
NFS_Unstable:          0 kB
Bounce:                0 kB
WritebackTmp:          0 kB
CommitLimit:     7105828 kB
Committed_AS:   56035968 kB
VmallocTotal:   263061440 kB
VmallocUsed:       65640 kB
VmallocChunk:          0 kB
Percpu:             2336 kB
CmaTotal:         294912 kB
CmaFree:               0 kB
MemTotal:       12114512 kB
MemFree:         3223048 kB
MemAvailable:    8257496 kB
Buffers:            6440 kB
Cached:          4150768 kB
SwapCached:            0 kB
Active:          1964696 kB
Inactive:        3451776 kB
Active(anon):    1263696 kB
Inactive(anon):    14436 kB
Active(file):     701000 kB
Inactive(file):  3437340 kB
Unevictable:        4164 kB
Mlocked:            4164 kB
SwapTotal:       1048572 kB
SwapFree:        1048572 kB
Dirty:              5060 kB
Writeback:             0 kB
AnonPages:       1263712 kB
Mapped:           811664 kB
Shmem:             15568 kB
Slab:             197536 kB
SReclaimable:      56432 kB
SUnreclaim:       141104 kB
KernelStack:       40576 kB
PageTables:        51092 kB
NFS_Unstable:          0 kB
Bounce:                0 kB
WritebackTmp:          0 kB
CommitLimit:     7105828 kB
Committed_AS:   56035704 kB
VmallocTotal:   263061440 kB
VmallocUsed:       65624 kB
VmallocChunk:          0 kB
Percpu:             2336 kB
CmaTotal:         294912 kB
CmaFree:               0 kB
MemTotal:       12114512 kB
MemFree:         3221904 kB
MemAvailable:    8256352 kB
Buffers:            6440 kB
Cached:          4150768 kB
SwapCached:            0 kB
Active:          1964684 kB
Inactive:        3451776 kB
Active(anon):    1263684 kB
Inactive(anon):    14436 kB
Active(file):     701000 kB
Inactive(file):  3437340 kB
Unevictable:        4164 kB
Mlocked:            4164 kB
SwapTotal:       1048572 kB
SwapFree:        1048572 kB
Dirty:              5060 kB
Writeback:             0 kB
AnonPages:       1263616 kB
Mapped:           811664 kB
Shmem:             15568 kB
Slab:             197536 kB
SReclaimable:      56432 kB
SUnreclaim:       141104 kB
KernelStack:       40576 kB
PageTables:        51092 kB
NFS_Unstable:          0 kB
Bounce:                0 kB
WritebackTmp:          0 kB
CommitLimit:     7105828 kB
Committed_AS:   56035200 kB
VmallocTotal:   263061440 kB
VmallocUsed:       65624 kB
VmallocChunk:          0 kB
Percpu:             2336 kB
CmaTotal:         294912 kB
CmaFree:               0 kB
MemTotal:       12114512 kB
MemFree:         3221772 kB
MemAvailable:    8290708 kB
Buffers:            6440 kB
Cached:          4150768 kB
SwapCached:            0 kB
Active:          1965532 kB
Inactive:        3451776 kB
Active(anon):    1264532 kB
Inactive(anon):    14436 kB
Active(file):     701000 kB
Inactive(file):  3437340 kB
Unevictable:        4164 kB
Mlocked:            4164 kB
SwapTotal:       1048572 kB
SwapFree:        1048572 kB
Dirty:              5060 kB
Writeback:             0 kB
AnonPages:       1264488 kB
Mapped:           811704 kB
Shmem:             15568 kB
Slab:             197536 kB
SReclaimable:      56432 kB
SUnreclaim:       141104 kB
KernelStack:       40576 kB
PageTables:        50956 kB
NFS_Unstable:          0 kB
Bounce:                0 kB
WritebackTmp:          0 kB
CommitLimit:     7105828 kB
Committed_AS:   56035388 kB
VmallocTotal:   263061440 kB
VmallocUsed:       65608 kB
VmallocChunk:          0 kB
Percpu:             2336 kB
CmaTotal:         294912 kB
CmaFree:               0 kB
MemTotal:       12114512 kB
MemFree:         3221328 kB
MemAvailable:    8290352 kB
Buffers:            6448 kB
Cached:          4150844 kB
SwapCached:            0 kB
Active:          1965336 kB
Inactive:        3451852 kB
Active(anon):    1264328 kB
Inactive(anon):    14436 kB
Active(file):     701008 kB
Inactive(file):  3437416 kB
Unevictable:        4164 kB
Mlocked:            4164 kB
SwapTotal:       1048572 kB
SwapFree:        1048572 kB
Dirty:               156 kB
Writeback:             0 kB
AnonPages:       1264200 kB
Mapped:           811704 kB
Shmem:             15568 kB
Slab:             197540 kB
SReclaimable:      56436 kB
SUnreclaim:       141104 kB
KernelStack:       40576 kB
PageTables:        50956 kB
NFS_Unstable:          0 kB
Bounce:                0 kB
WritebackTmp:          0 kB
CommitLimit:     7105828 kB
Committed_AS:   56035168 kB
VmallocTotal:   263061440 kB
VmallocUsed:       65624 kB
VmallocChunk:          0 kB
Percpu:             2336 kB
CmaTotal:         294912 kB
CmaFree:               0 kB
MemTotal:       12114512 kB
MemFree:         3221960 kB
MemAvailable:    8290984 kB
Buffers:            6448 kB
Cached:          4150844 kB
SwapCached:            0 kB
Active:          1965528 kB
Inactive:        3451852 kB
Active(anon):    1264520 kB
Inactive(anon):    14436 kB
Active(file):     701008 kB
Inactive(file):  3437416 kB
Unevictable:        4164 kB
Mlocked:            4164 kB
SwapTotal:       1048572 kB
SwapFree:        1048572 kB
Dirty:               172 kB
Writeback:             0 kB
AnonPages:       1264264 kB
Mapped:           811920 kB
Shmem:             15568 kB
Slab:             197540 kB
SReclaimable:      56436 kB
SUnreclaim:       141104 kB
KernelStack:       40576 kB
PageTables:        50956 kB
NFS_Unstable:          0 kB
Bounce:                0 kB
WritebackTmp:          0 kB
CommitLimit:     7105828 kB
Committed_AS:   56034992 kB
VmallocTotal:   263061440 kB
VmallocUsed:       65624 kB
VmallocChunk:          0 kB
Percpu:             2336 kB
CmaTotal:         294912 kB
CmaFree:               0 kB
MemTotal:       12114512 kB
MemFree:         3225716 kB
MemAvailable:    8260236 kB
Buffers:            6448 kB
Cached:          4151032 kB
SwapCached:            0 kB
Active:          1962428 kB
Inactive:        3451896 kB
Active(anon):    1261420 kB
Inactive(anon):    14500 kB
Active(file):     701008 kB
Inactive(file):  3437396 kB
Unevictable:        4164 kB
Mlocked:            4164 kB
SwapTotal:       1048572 kB
SwapFree:        1048572 kB
Dirty:              5056 kB
Writeback:             0 kB
AnonPages:       1261176 kB
Mapped:           811944 kB
Shmem:             15648 kB
Slab:             197540 kB
SReclaimable:      56436 kB
SUnreclaim:       141104 kB
KernelStack:       40532 kB
PageTables:        51060 kB
NFS_Unstable:          0 kB
Bounce:                0 kB
WritebackTmp:          0 kB
CommitLimit:     7105828 kB
Committed_AS:   56047036 kB
VmallocTotal:   263061440 kB
VmallocUsed:       65592 kB
VmallocChunk:          0 kB
Percpu:             2336 kB
CmaTotal:         294912 kB
CmaFree:               0 kB
MemTotal:       12114512 kB
MemFree:         3233400 kB
MemAvailable:    8280496 kB
Buffers:            6448 kB
Cached:          4151168 kB
SwapCached:            0 kB
Active:          1952336 kB
Inactive:        3452260 kB
Active(anon):    1251328 kB
Inactive(anon):    14784 kB
Active(file):     701008 kB
Inactive(file):  3437476 kB
Unevictable:        4164 kB
Mlocked:            4164 kB
SwapTotal:       1048572 kB
SwapFree:        1048572 kB
Dirty:              5116 kB
Writeback:             0 kB
AnonPages:       1251236 kB
Mapped:           810484 kB
Shmem:             15832 kB
Slab:             197500 kB
SReclaimable:      56440 kB
SUnreclaim:       141060 kB
KernelStack:       40640 kB
PageTables:        51172 kB
NFS_Unstable:          0 kB
Bounce:                0 kB
WritebackTmp:          0 kB
CommitLimit:     7105828 kB
Committed_AS:   56039164 kB
VmallocTotal:   263061440 kB
VmallocUsed:       65592 kB
VmallocChunk:          0 kB
Percpu:             2336 kB
CmaTotal:         294912 kB
CmaFree:             164 kB
MemTotal:       12114512 kB
MemFree:         3231060 kB
MemAvailable:    8256844 kB
Buffers:            6448 kB
Cached:          4151108 kB
SwapCached:            0 kB
Active:          1954996 kB
Inactive:        3452172 kB
Active(anon):    1253988 kB
Inactive(anon):    14696 kB
Active(file):     701008 kB
Inactive(file):  3437476 kB
Unevictable:        4164 kB
Mlocked:            4164 kB
SwapTotal:       1048572 kB
SwapFree:        1048572 kB
