MemTotal:       12114512 kB
MemFree:         7490440 kB
MemAvailable:    9037952 kB
Buffers:            3820 kB
Cached:          1240732 kB
SwapCached:            0 kB
Active:          1203516 kB
Inactive:        1035248 kB
Active(anon):     998632 kB
Inactive(anon):    14160 kB
Active(file):     204884 kB
Inactive(file):  1021088 kB
Unevictable:        4124 kB
Mlocked:            4124 kB
SwapTotal:       1048572 kB
SwapFree:        1048572 kB
Dirty:               128 kB
Writeback:             0 kB
AnonPages:        998764 kB
Mapped:           791848 kB
Shmem:             15324 kB
Slab:             180880 kB
SReclaimable:      45444 kB
SUnreclaim:       135436 kB
KernelStack:       37680 kB
PageTables:        49868 kB
NFS_Unstable:          0 kB
Bounce:                0 kB
WritebackTmp:          0 kB
CommitLimit:     7105828 kB
Committed_AS:   60046288 kB
VmallocTotal:   263061440 kB
VmallocUsed:       62668 kB
VmallocChunk:          0 kB
Percpu:             2304 kB
CmaTotal:         294912 kB
CmaFree:               0 kB
MemTotal:       12114512 kB
MemFree:         7490484 kB
MemAvailable:    9036412 kB
Buffers:            3820 kB
Cached:          1239072 kB
SwapCached:            0 kB
Active:          1200968 kB
Inactive:        1035176 kB
Active(anon):     997672 kB
Inactive(anon):    14088 kB
Active(file):     203296 kB
Inactive(file):  1021088 kB
Unevictable:        4124 kB
Mlocked:            4124 kB
SwapTotal:       1048572 kB
SwapFree:        1048572 kB
Dirty:               108 kB
Writeback:             0 kB
AnonPages:        997468 kB
Mapped:           791688 kB
Shmem:             15252 kB
Slab:             181000 kB
SReclaimable:      45452 kB
SUnreclaim:       135548 kB
KernelStack:       37632 kB
PageTables:        49848 kB
NFS_Unstable:          0 kB
Bounce:                0 kB
WritebackTmp:          0 kB
CommitLimit:     7105828 kB
Committed_AS:   60045552 kB
VmallocTotal:   263061440 kB
VmallocUsed:       62636 kB
VmallocChunk:          0 kB
Percpu:             2304 kB
CmaTotal:         294912 kB
CmaFree:               0 kB
MemTotal:       12114512 kB
MemFree:         7492620 kB
MemAvailable:    9060376 kB
Buffers:            3820 kB
Cached:          1240192 kB
SwapCached:            0 kB
Active:          1204456 kB
Inactive:        1034864 kB
Active(anon):     999684 kB
Inactive(anon):    13664 kB
Active(file):     204772 kB
Inactive(file):  1021200 kB
Unevictable:        4124 kB
Mlocked:            4124 kB
SwapTotal:       1048572 kB
SwapFree:        1048572 kB
Dirty:               172 kB
Writeback:             0 kB
AnonPages:        999340 kB
Mapped:           791296 kB
Shmem:             14784 kB
Slab:             181000 kB
SReclaimable:      45452 kB
SUnreclaim:       135548 kB
KernelStack:       37616 kB
PageTables:        49756 kB
NFS_Unstable:          0 kB
Bounce:                0 kB
WritebackTmp:          0 kB
CommitLimit:     7105828 kB
Committed_AS:   60050944 kB
VmallocTotal:   263061440 kB
VmallocUsed:       62636 kB
VmallocChunk:          0 kB
Percpu:             2304 kB
CmaTotal:         294912 kB
CmaFree:               0 kB
MemTotal:       12114512 kB
MemFree:         7496764 kB
MemAvailable:    9135104 kB
Buffers:            3820 kB
Cached:          1239772 kB
SwapCached:            0 kB
Active:          1201012 kB
Inactive:        1034364 kB
Active(anon):     996128 kB
Inactive(anon):    13272 kB
Active(file):     204884 kB
Inactive(file):  1021092 kB
Unevictable:        4124 kB
Mlocked:            4124 kB
SwapTotal:       1048572 kB
SwapFree:        1048572 kB
Dirty:               148 kB
Writeback:             0 kB
AnonPages:        995912 kB
Mapped:           789488 kB
Shmem:             14360 kB
Slab:             181008 kB
SReclaimable:      45488 kB
SUnreclaim:       135520 kB
KernelStack:       37200 kB
PageTables:        49576 kB
NFS_Unstable:          0 kB
Bounce:                0 kB
WritebackTmp:          0 kB
CommitLimit:     7105828 kB
Committed_AS:   60045800 kB
VmallocTotal:   263061440 kB
VmallocUsed:       62284 kB
VmallocChunk:          0 kB
Percpu:             2304 kB
CmaTotal:         294912 kB
CmaFree:               0 kB
MemTotal:       12114512 kB
MemFree:         7484780 kB
MemAvailable:    9166224 kB
Buffers:            3820 kB
Cached:          1239516 kB
SwapCached:            0 kB
Active:          1199432 kB
Inactive:        1034400 kB
Active(anon):     994844 kB
Inactive(anon):    13292 kB
Active(file):     204588 kB
Inactive(file):  1021108 kB
Unevictable:        4124 kB
Mlocked:            4124 kB
SwapTotal:       1048572 kB
SwapFree:        1048572 kB
Dirty:               300 kB
Writeback:             0 kB
AnonPages:        994744 kB
Mapped:           789680 kB
Shmem:             14384 kB
Slab:             181088 kB
SReclaimable:      45504 kB
SUnreclaim:       135584 kB
KernelStack:       37636 kB
PageTables:        49560 kB
NFS_Unstable:          0 kB
Bounce:                0 kB
WritebackTmp:          0 kB
CommitLimit:     7105828 kB
Committed_AS:   60050596 kB
VmallocTotal:   263061440 kB
VmallocUsed:       62660 kB
VmallocChunk:          0 kB
Percpu:             2304 kB
CmaTotal:         294912 kB
CmaFree:               0 kB
MemTotal:       12114512 kB
MemFree:         7480100 kB
MemAvailable:    9054756 kB
Buffers:            3820 kB
Cached:          1241488 kB
SwapCached:            0 kB
Active:          1201748 kB
Inactive:        1034852 kB
Active(anon):     995676 kB
Inactive(anon):    13656 kB
Active(file):     206072 kB
Inactive(file):  1021196 kB
Unevictable:        4124 kB
Mlocked:            4124 kB
SwapTotal:       1048572 kB
SwapFree:        1048572 kB
Dirty:              3540 kB
Writeback:             0 kB
AnonPages:        995296 kB
Mapped:           792440 kB
Shmem:             14784 kB
Slab:             181276 kB
SReclaimable:      45540 kB
SUnreclaim:       135736 kB
KernelStack:       37936 kB
PageTables:        49848 kB
NFS_Unstable:          0 kB
Bounce:                0 kB
WritebackTmp:          0 kB
CommitLimit:     7105828 kB
Committed_AS:   60041352 kB
VmallocTotal:   263061440 kB
VmallocUsed:       62948 kB
VmallocChunk:          0 kB
Percpu:             2304 kB
CmaTotal:         294912 kB
CmaFree:              16 kB
MemTotal:       12114512 kB
MemFree:         7472856 kB
MemAvailable:    9037368 kB
Buffers:            3820 kB
Cached:          1241420 kB
SwapCached:            0 kB
Active:          1202892 kB
Inactive:        1034672 kB
Active(anon):     996708 kB
Inactive(anon):    13584 kB
Active(file):     206184 kB
Inactive(file):  1021088 kB
Unevictable:        4124 kB
Mlocked:            4124 kB
SwapTotal:       1048572 kB
SwapFree:        1048572 kB
Dirty:              3552 kB
Writeback:             0 kB
AnonPages:        996788 kB
Mapped:           793228 kB
Shmem:             14712 kB
Slab:             181344 kB
SReclaimable:      45548 kB
SUnreclaim:       135796 kB
KernelStack:       38000 kB
PageTables:        49992 kB
NFS_Unstable:          0 kB
Bounce:                0 kB
WritebackTmp:          0 kB
CommitLimit:     7105828 kB
Committed_AS:   60037552 kB
VmallocTotal:   263061440 kB
VmallocUsed:       62996 kB
VmallocChunk:          0 kB
Percpu:             2304 kB
CmaTotal:         294912 kB
CmaFree:               4 kB
MemTotal:       12114512 kB
MemFree:         7472424 kB
MemAvailable:    9037716 kB
Buffers:            3820 kB
Cached:          1241404 kB
SwapCached:            0 kB
Active:          1204392 kB
Inactive:        1034656 kB
Active(anon):     998208 kB
Inactive(anon):    13568 kB
Active(file):     206184 kB
Inactive(file):  1021088 kB
Unevictable:        4124 kB
Mlocked:            4124 kB
SwapTotal:       1048572 kB
SwapFree:        1048572 kB
Dirty:              3556 kB
Writeback:             0 kB
AnonPages:        997676 kB
Mapped:           792696 kB
Shmem:             14696 kB
Slab:             181276 kB
SReclaimable:      45544 kB
SUnreclaim:       135732 kB
KernelStack:       38036 kB
PageTables:        50100 kB
NFS_Unstable:          0 kB
Bounce:                0 kB
WritebackTmp:          0 kB
CommitLimit:     7105828 kB
Committed_AS:   60048992 kB
VmallocTotal:   263061440 kB
VmallocUsed:       63012 kB
VmallocChunk:          0 kB
Percpu:             2304 kB
CmaTotal:         294912 kB
CmaFree:               0 kB
MemTotal:       12114512 kB
MemFree:         7473600 kB
MemAvailable:    9048072 kB
Buffers:            3820 kB
Cached:          1241436 kB
SwapCached:            0 kB
Active:          1201340 kB
Inactive:        1034688 kB
Active(anon):     995156 kB
Inactive(anon):    13592 kB
Active(file):     206184 kB
Inactive(file):  1021096 kB
Unevictable:        4124 kB
Mlocked:            4124 kB
SwapTotal:       1048572 kB
SwapFree:        1048572 kB
Dirty:               160 kB
Writeback:             0 kB
AnonPages:        994780 kB
Mapped:           792784 kB
Shmem:             14720 kB
Slab:             181328 kB
SReclaimable:      45540 kB
SUnreclaim:       135788 kB
KernelStack:       38144 kB
PageTables:        49884 kB
NFS_Unstable:          0 kB
Bounce:                0 kB
WritebackTmp:          0 kB
CommitLimit:     7105828 kB
Committed_AS:   60041480 kB
VmallocTotal:   263061440 kB
VmallocUsed:       63108 kB
VmallocChunk:          0 kB
Percpu:             2304 kB
CmaTotal:         294912 kB
CmaFree:               0 kB
MemTotal:       12114512 kB
MemFree:         7464516 kB
MemAvailable:    9038976 kB
Buffers:            3820 kB
Cached:          1241464 kB
SwapCached:            0 kB
Active:          1208636 kB
Inactive:        1034716 kB
Active(anon):    1002452 kB
Inactive(anon):    13620 kB
Active(file):     206184 kB
Inactive(file):  1021096 kB
Unevictable:        4124 kB
Mlocked:            4124 kB
SwapTotal:       1048572 kB
SwapFree:        1048572 kB
Dirty:               164 kB
Writeback:             0 kB
AnonPages:       1001992 kB
Mapped:           792740 kB
Shmem:             14748 kB
Slab:             181284 kB
SReclaimable:      45540 kB
SUnreclaim:       135744 kB
KernelStack:       38064 kB
PageTables:        49800 kB
NFS_Unstable:          0 kB
Bounce:                0 kB
WritebackTmp:          0 kB
CommitLimit:     7105828 kB
Committed_AS:   60058792 kB
VmallocTotal:   263061440 kB
VmallocUsed:       63092 kB
VmallocChunk:          0 kB
Percpu:             2304 kB
CmaTotal:         294912 kB
CmaFree:               4 kB
MemTotal:       12114512 kB
MemFree:         7467464 kB
MemAvailable:    9041924 kB
Buffers:            3820 kB
Cached:          1241468 kB
SwapCached:            0 kB
Active:          1205948 kB
Inactive:        1034720 kB
Active(anon):     999764 kB
Inactive(anon):    13624 kB
Active(file):     206184 kB
Inactive(file):  1021096 kB
Unevictable:        4124 kB
Mlocked:            4124 kB
SwapTotal:       1048572 kB
SwapFree:        1048572 kB
Dirty:               164 kB
Writeback:             0 kB
AnonPages:        999500 kB
Mapped:           792604 kB
Shmem:             14752 kB
Slab:             181332 kB
SReclaimable:      45540 kB
SUnreclaim:       135792 kB
KernelStack:       38112 kB
PageTables:        49844 kB
NFS_Unstable:          0 kB
Bounce:                0 kB
WritebackTmp:          0 kB
CommitLimit:     7105828 kB
Committed_AS:   60058232 kB
VmallocTotal:   263061440 kB
VmallocUsed:       63140 kB
VmallocChunk:          0 kB
Percpu:             2304 kB
CmaTotal:         294912 kB
CmaFree:               0 kB
MemTotal:       12114512 kB
MemFree:         7480152 kB
MemAvailable:    9106756 kB
Buffers:            3820 kB
Cached:          1241488 kB
SwapCached:            0 kB
Active:          1193672 kB
Inactive:        1034740 kB
Active(anon):     987488 kB
Inactive(anon):    13644 kB
Active(file):     206184 kB
Inactive(file):  1021096 kB
Unevictable:        4124 kB
Mlocked:            4124 kB
SwapTotal:       1048572 kB
SwapFree:        1048572 kB
Dirty:               164 kB
Writeback:             0 kB
AnonPages:        987364 kB
Mapped:           792420 kB
Shmem:             14772 kB
Slab:             181204 kB
SReclaimable:      45540 kB
SUnreclaim:       135664 kB
KernelStack:       37936 kB
PageTables:        49796 kB
NFS_Unstable:          0 kB
Bounce:                0 kB
WritebackTmp:          0 kB
CommitLimit:     7105828 kB
Committed_AS:   60045928 kB
VmallocTotal:   263061440 kB
VmallocUsed:       62852 kB
VmallocChunk:          0 kB
Percpu:             2304 kB
CmaTotal:         294912 kB
CmaFree:             164 kB
MemTotal:       12114512 kB
MemFree:         7477572 kB
MemAvailable:    9104160 kB
Buffers:            3820 kB
Cached:          1241504 kB
SwapCached:            0 kB
Active:          1197472 kB
Inactive:        1034756 kB
Active(anon):     991288 kB
Inactive(anon):    13660 kB
Active(file):     206184 kB
Inactive(file):  1021096 kB
Unevictable:        4124 kB
Mlocked:            4124 kB
SwapTotal:       1048572 kB
SwapFree:        1048572 kB
Dirty:               168 kB
Writeback:             0 kB
AnonPages:        991236 kB
Mapped:           792388 kB
Shmem:             14788 kB
Slab:             181236 kB
SReclaimable:      45540 kB
SUnreclaim:       135696 kB
KernelStack:       37936 kB
PageTables:        49796 kB
NFS_Unstable:          0 kB
Bounce:                0 kB
WritebackTmp:          0 kB
CommitLimit:     7105828 kB
Committed_AS:   60055072 kB
VmallocTotal:   263061440 kB
VmallocUsed:       62836 kB
VmallocChunk:          0 kB
Percpu:             2304 kB
CmaTotal:         294912 kB
CmaFree:               8 kB
MemTotal:       12114512 kB
MemFree:         7476168 kB
MemAvailable:    9102756 kB
Buffers:            3820 kB
Cached:          1241532 kB
SwapCached:            0 kB
Active:          1198348 kB
Inactive:        1034784 kB
Active(anon):     992164 kB
Inactive(anon):    13688 kB
Active(file):     206184 kB
Inactive(file):  1021096 kB
Unevictable:        4124 kB
Mlocked:            4124 kB
SwapTotal:       1048572 kB
SwapFree:        1048572 kB
Dirty:               208 kB
Writeback:             0 kB
AnonPages:        992020 kB
Mapped:           792424 kB
Shmem:             14816 kB
Slab:             181272 kB
SReclaimable:      45540 kB
SUnreclaim:       135732 kB
KernelStack:       37936 kB
PageTables:        49788 kB
NFS_Unstable:          0 kB
Bounce:                0 kB
WritebackTmp:          0 kB
CommitLimit:     7105828 kB
Committed_AS:   60050928 kB
VmallocTotal:   263061440 kB
VmallocUsed:       62804 kB
VmallocChunk:          0 kB
Percpu:             2304 kB
CmaTotal:         294912 kB
CmaFree:               0 kB
MemTotal:       12114512 kB
MemFree:         7473392 kB
MemAvailable:    9099712 kB
Buffers:            3820 kB
Cached:          1241552 kB
SwapCached:            0 kB
Active:          1202856 kB
Inactive:        1034804 kB
Active(anon):     996672 kB
Inactive(anon):    13708 kB
Active(file):     206184 kB
Inactive(file):  1021096 kB
Unevictable:        4124 kB
Mlocked:            4124 kB
SwapTotal:       1048572 kB
SwapFree:        1048572 kB
Dirty:               236 kB
Writeback:             0 kB
AnonPages:        996764 kB
Mapped:           792660 kB
Shmem:             14836 kB
Slab:             181236 kB
SReclaimable:      45540 kB
SUnreclaim:       135696 kB
KernelStack:       37984 kB
PageTables:        49788 kB
NFS_Unstable:          0 kB
Bounce:                0 kB
WritebackTmp:          0 kB
CommitLimit:     7105828 kB
Committed_AS:   60051496 kB
VmallocTotal:   263061440 kB
VmallocUsed:       62836 kB
VmallocChunk:          0 kB
Percpu:             2304 kB
CmaTotal:         294912 kB
CmaFree:               0 kB
MemTotal:       12114512 kB
MemFree:         7466136 kB
MemAvailable:    9077868 kB
Buffers:            3820 kB
Cached:          1241644 kB
SwapCached:            0 kB
Active:          1207812 kB
Inactive:        1034828 kB
Active(anon):    1001632 kB
Inactive(anon):    13728 kB
Active(file):     206180 kB
Inactive(file):  1021100 kB
Unevictable:        4124 kB
Mlocked:            4124 kB
SwapTotal:       1048572 kB
SwapFree:        1048572 kB
Dirty:               248 kB
Writeback:             0 kB
AnonPages:       1001768 kB
Mapped:           790624 kB
Shmem:             14928 kB
Slab:             181260 kB
SReclaimable:      45540 kB
SUnreclaim:       135720 kB
KernelStack:       38016 kB
PageTables:        49736 kB
NFS_Unstable:          0 kB
Bounce:                0 kB
WritebackTmp:          0 kB
CommitLimit:     7105828 kB
Committed_AS:   60069712 kB
VmallocTotal:   263061440 kB
VmallocUsed:       62868 kB
VmallocChunk:          0 kB
Percpu:             2304 kB
CmaTotal:         294912 kB
CmaFree:              12 kB
MemTotal:       12114512 kB
MemFree:         7465268 kB
MemAvailable:    9077000 kB
Buffers:            3820 kB
Cached:          1241780 kB
SwapCached:            0 kB
Active:          1207904 kB
Inactive:        1034948 kB
Active(anon):    1001724 kB
Inactive(anon):    13848 kB
Active(file):     206180 kB
Inactive(file):  1021100 kB
Unevictable:        4124 kB
Mlocked:            4124 kB
SwapTotal:       1048572 kB
SwapFree:        1048572 kB
Dirty:               252 kB
Writeback:             0 kB
AnonPages:       1001424 kB
Mapped:           791212 kB
Shmem:             15064 kB
Slab:             181244 kB
SReclaimable:      45540 kB
SUnreclaim:       135704 kB
KernelStack:       38048 kB
PageTables:        50064 kB
NFS_Unstable:          0 kB
Bounce:                0 kB
WritebackTmp:          0 kB
CommitLimit:     7105828 kB
Committed_AS:   60074720 kB
VmallocTotal:   263061440 kB
VmallocUsed:       62820 kB
VmallocChunk:          0 kB
Percpu:             2304 kB
CmaTotal:         294912 kB
CmaFree:               0 kB
MemTotal:       12114512 kB
MemFree:         7456684 kB
MemAvailable:    9119760 kB
Buffers:            3820 kB
Cached:          1242044 kB
SwapCached:            0 kB
Active:          1217932 kB
Inactive:        1035216 kB
Active(anon):    1011732 kB
Inactive(anon):    14092 kB
Active(file):     206200 kB
Inactive(file):  1021124 kB
Unevictable:        4124 kB
Mlocked:            4124 kB
SwapTotal:       1048572 kB
SwapFree:        1048572 kB
Dirty:               200 kB
Writeback:             0 kB
AnonPages:       1010840 kB
Mapped:           796744 kB
Shmem:             15284 kB
Slab:             181756 kB
SReclaimable:      45552 kB
SUnreclaim:       136204 kB
KernelStack:       38308 kB
PageTables:        50636 kB
NFS_Unstable:          0 kB
Bounce:                0 kB
WritebackTmp:          0 kB
CommitLimit:     7105828 kB
Committed_AS:   61439540 kB
VmallocTotal:   263061440 kB
VmallocUsed:       63080 kB
VmallocChunk:          0 kB
Percpu:             2304 kB
CmaTotal:         294912 kB
CmaFree:               0 kB
MemTotal:       12114512 kB
MemFree:         7418864 kB
MemAvailable:    8943044 kB
Buffers:            3820 kB
Cached:          1241904 kB
SwapCached:            0 kB
Active:          1251948 kB
Inactive:        1035152 kB
Active(anon):    1045460 kB
Inactive(anon):    14316 kB
Active(file):     206488 kB
Inactive(file):  1020836 kB
Unevictable:        4124 kB
Mlocked:            4124 kB
SwapTotal:       1048572 kB
SwapFree:        1048572 kB
Dirty:                96 kB
Writeback:             0 kB
AnonPages:       1044984 kB
Mapped:           799476 kB
Shmem:             15404 kB
Slab:             182232 kB
SReclaimable:      45664 kB
SUnreclaim:       136568 kB
KernelStack:       38912 kB
PageTables:        51264 kB
NFS_Unstable:          0 kB
Bounce:                0 kB
WritebackTmp:          0 kB
CommitLimit:     7105828 kB
Committed_AS:   61668024 kB
VmallocTotal:   263061440 kB
VmallocUsed:       63792 kB
VmallocChunk:          0 kB
Percpu:             2304 kB
CmaTotal:         294912 kB
CmaFree:               4 kB
MemTotal:       12114512 kB
MemFree:         7418196 kB
MemAvailable:    8901964 kB
Buffers:            3820 kB
Cached:          1240460 kB
SwapCached:            0 kB
Active:          1252900 kB
Inactive:        1034904 kB
Active(anon):    1047988 kB
Inactive(anon):    14160 kB
Active(file):     204912 kB
Inactive(file):  1020744 kB
Unevictable:        4124 kB
Mlocked:            4124 kB
SwapTotal:       1048572 kB
SwapFree:        1048572 kB
Dirty:               148 kB
Writeback:             0 kB
AnonPages:       1048188 kB
Mapped:           800556 kB
Shmem:             15368 kB
Slab:             182760 kB
SReclaimable:      45712 kB
SUnreclaim:       137048 kB
KernelStack:       39200 kB
PageTables:        51272 kB
NFS_Unstable:          0 kB
Bounce:                0 kB
WritebackTmp:          0 kB
CommitLimit:     7105828 kB
Committed_AS:   61644792 kB
VmallocTotal:   263061440 kB
VmallocUsed:       64216 kB
VmallocChunk:          0 kB
Percpu:             2304 kB
CmaTotal:         294912 kB
CmaFree:             228 kB
MemTotal:       12114512 kB
MemFree:         7424688 kB
MemAvailable:    8917632 kB
Buffers:            3820 kB
Cached:          1240404 kB
SwapCached:            0 kB
Active:          1245868 kB
Inactive:        1034860 kB
Active(anon):    1040980 kB
Inactive(anon):    14112 kB
Active(file):     204888 kB
Inactive(file):  1020748 kB
Unevictable:        4124 kB
Mlocked:            4124 kB
SwapTotal:       1048572 kB
SwapFree:        1048572 kB
Dirty:               176 kB
Writeback:             0 kB
AnonPages:       1040492 kB
Mapped:           800756 kB
Shmem:             15332 kB
Slab:             182740 kB
SReclaimable:      45732 kB
SUnreclaim:       137008 kB
KernelStack:       39204 kB
PageTables:        51320 kB
NFS_Unstable:          0 kB
Bounce:                0 kB
WritebackTmp:          0 kB
CommitLimit:     7105828 kB
Committed_AS:   61655548 kB
VmallocTotal:   263061440 kB
VmallocUsed:       64216 kB
VmallocChunk:          0 kB
Percpu:             2304 kB
CmaTotal:         294912 kB
CmaFree:               0 kB
MemTotal:       12114512 kB
MemFree:         7430916 kB
MemAvailable:    8968504 kB
Buffers:            3820 kB
Cached:          1240360 kB
SwapCached:            0 kB
Active:          1239128 kB
Inactive:        1034840 kB
Active(anon):    1034244 kB
Inactive(anon):    14096 kB
Active(file):     204884 kB
Inactive(file):  1020744 kB
Unevictable:        4124 kB
Mlocked:            4124 kB
SwapTotal:       1048572 kB
SwapFree:        1048572 kB
Dirty:               176 kB
Writeback:             0 kB
AnonPages:       1033780 kB
Mapped:           800608 kB
Shmem:             15296 kB
Slab:             182760 kB
SReclaimable:      45752 kB
SUnreclaim:       137008 kB
KernelStack:       39168 kB
PageTables:        51068 kB
NFS_Unstable:          0 kB
Bounce:                0 kB
WritebackTmp:          0 kB
CommitLimit:     7105828 kB
Committed_AS:   61660264 kB
VmallocTotal:   263061440 kB
VmallocUsed:       64232 kB
VmallocChunk:          0 kB
Percpu:             2304 kB
CmaTotal:         294912 kB
CmaFree:               0 kB
MemTotal:       12114512 kB
MemFree:         7432696 kB
MemAvailable:    8970292 kB
Buffers:            3820 kB
Cached:          1240360 kB
SwapCached:            0 kB
Active:          1236856 kB
Inactive:        1034840 kB
Active(anon):    1031972 kB
Inactive(anon):    14096 kB
Active(file):     204884 kB
Inactive(file):  1020744 kB
Unevictable:        4124 kB
Mlocked:            4124 kB
SwapTotal:       1048572 kB
SwapFree:        1048572 kB
Dirty:               176 kB
Writeback:             0 kB
AnonPages:       1031680 kB
Mapped:           800608 kB
Shmem:             15296 kB
Slab:             182772 kB
SReclaimable:      45768 kB
SUnreclaim:       137004 kB
KernelStack:       39108 kB
PageTables:        51236 kB
NFS_Unstable:          0 kB
Bounce:                0 kB
WritebackTmp:          0 kB
CommitLimit:     7105828 kB
Committed_AS:   61654792 kB
VmallocTotal:   263061440 kB
VmallocUsed:       64184 kB
VmallocChunk:          0 kB
Percpu:             2304 kB
CmaTotal:         294912 kB
CmaFree:             440 kB
MemTotal:       12114512 kB
MemFree:         7432308 kB
MemAvailable:    8969896 kB
Buffers:            3820 kB
Cached:          1240360 kB
SwapCached:            0 kB
Active:          1237908 kB
Inactive:        1034840 kB
Active(anon):    1033024 kB
Inactive(anon):    14096 kB
Active(file):     204884 kB
Inactive(file):  1020744 kB
Unevictable:        4124 kB
Mlocked:            4124 kB
SwapTotal:       1048572 kB
SwapFree:        1048572 kB
Dirty:                84 kB
Writeback:             0 kB
AnonPages:       1032876 kB
Mapped:           800608 kB
Shmem:             15296 kB
Slab:             182784 kB
SReclaimable:      45748 kB
SUnreclaim:       137036 kB
KernelStack:       39104 kB
PageTables:        51072 kB
NFS_Unstable:          0 kB
Bounce:                0 kB
WritebackTmp:          0 kB
CommitLimit:     7105828 kB
Committed_AS:   61654400 kB
VmallocTotal:   263061440 kB
VmallocUsed:       64184 kB
VmallocChunk:          0 kB
Percpu:             2304 kB
CmaTotal:         294912 kB
CmaFree:               0 kB
MemTotal:       12114512 kB
MemFree:         7433672 kB
MemAvailable:    8979376 kB
Buffers:            3820 kB
Cached:          1240120 kB
SwapCached:            0 kB
Active:          1235996 kB
Inactive:        1034840 kB
Active(anon):    1031112 kB
Inactive(anon):    14096 kB
Active(file):     204884 kB
Inactive(file):  1020744 kB
Unevictable:        4124 kB
Mlocked:            4124 kB
SwapTotal:       1048572 kB
SwapFree:        1048572 kB
Dirty:               116 kB
Writeback:             0 kB
AnonPages:       1030948 kB
Mapped:           800368 kB
Shmem:             15056 kB
Slab:             182784 kB
SReclaimable:      45748 kB
SUnreclaim:       137036 kB
KernelStack:       39104 kB
PageTables:        51072 kB
NFS_Unstable:          0 kB
Bounce:                0 kB
WritebackTmp:          0 kB
CommitLimit:     7105828 kB
Committed_AS:   61656412 kB
VmallocTotal:   263061440 kB
VmallocUsed:       64216 kB
VmallocChunk:          0 kB
Percpu:             2304 kB
CmaTotal:         294912 kB
CmaFree:             128 kB
MemTotal:       12114512 kB
MemFree:         7436492 kB
MemAvailable:    8982184 kB
Buffers:            3820 kB
Cached:          1240120 kB
SwapCached:            0 kB
Active:          1233184 kB
Inactive:        1034840 kB
Active(anon):    1028300 kB
Inactive(anon):    14096 kB
Active(file):     204884 kB
Inactive(file):  1020744 kB
Unevictable:        4124 kB
Mlocked:            4124 kB
SwapTotal:       1048572 kB
SwapFree:        1048572 kB
Dirty:               116 kB
Writeback:             0 kB
AnonPages:       1028152 kB
Mapped:           800368 kB
Shmem:             15056 kB
Slab:             182764 kB
SReclaimable:      45728 kB
SUnreclaim:       137036 kB
KernelStack:       39104 kB
PageTables:        51084 kB
NFS_Unstable:          0 kB
Bounce:                0 kB
WritebackTmp:          0 kB
CommitLimit:     7105828 kB
Committed_AS:   61665300 kB
VmallocTotal:   263061440 kB
VmallocUsed:       64216 kB
VmallocChunk:          0 kB
Percpu:             2304 kB
CmaTotal:         294912 kB
CmaFree:              76 kB
MemTotal:       12114512 kB
MemFree:         7437044 kB
MemAvailable:    8982744 kB
Buffers:            3820 kB
Cached:          1240120 kB
SwapCached:            0 kB
Active:          1233504 kB
Inactive:        1034840 kB
Active(anon):    1028620 kB
Inactive(anon):    14096 kB
Active(file):     204884 kB
Inactive(file):  1020744 kB
Unevictable:        4124 kB
Mlocked:            4124 kB
SwapTotal:       1048572 kB
SwapFree:        1048572 kB
Dirty:               152 kB
Writeback:             0 kB
AnonPages:       1028528 kB
Mapped:           800608 kB
Shmem:             15056 kB
Slab:             182780 kB
SReclaimable:      45744 kB
SUnreclaim:       137036 kB
KernelStack:       39104 kB
PageTables:        51008 kB
NFS_Unstable:          0 kB
Bounce:                0 kB
WritebackTmp:          0 kB
CommitLimit:     7105828 kB
Committed_AS:   61665220 kB
VmallocTotal:   263061440 kB
VmallocUsed:       64216 kB
VmallocChunk:          0 kB
Percpu:             2304 kB
CmaTotal:         294912 kB
CmaFree:               4 kB
MemTotal:       12114512 kB
MemFree:         7436232 kB
MemAvailable:    8981932 kB
Buffers:            3820 kB
Cached:          1240120 kB
SwapCached:            0 kB
Active:          1234956 kB
Inactive:        1034840 kB
Active(anon):    1030072 kB
Inactive(anon):    14096 kB
Active(file):     204884 kB
Inactive(file):  1020744 kB
Unevictable:        4124 kB
Mlocked:            4124 kB
SwapTotal:       1048572 kB
SwapFree:        1048572 kB
Dirty:               156 kB
Writeback:             0 kB
AnonPages:       1029468 kB
Mapped:           800368 kB
Shmem:             15056 kB
Slab:             182780 kB
SReclaimable:      45744 kB
SUnreclaim:       137036 kB
KernelStack:       39104 kB
PageTables:        51068 kB
NFS_Unstable:          0 kB
Bounce:                0 kB
WritebackTmp:          0 kB
CommitLimit:     7105828 kB
Committed_AS:   61664868 kB
VmallocTotal:   263061440 kB
VmallocUsed:       64200 kB
VmallocChunk:          0 kB
Percpu:             2304 kB
CmaTotal:         294912 kB
CmaFree:               0 kB
MemTotal:       12114512 kB
MemFree:         7436212 kB
MemAvailable:    8981904 kB
Buffers:            3820 kB
Cached:          1240120 kB
SwapCached:            0 kB
Active:          1234776 kB
Inactive:        1034840 kB
Active(anon):    1029892 kB
Inactive(anon):    14096 kB
Active(file):     204884 kB
Inactive(file):  1020744 kB
Unevictable:        4124 kB
Mlocked:            4124 kB
SwapTotal:       1048572 kB
SwapFree:        1048572 kB
Dirty:               200 kB
Writeback:             0 kB
AnonPages:       1029832 kB
Mapped:           800368 kB
Shmem:             15056 kB
Slab:             182748 kB
SReclaimable:      45728 kB
SUnreclaim:       137020 kB
KernelStack:       39088 kB
PageTables:        51072 kB
NFS_Unstable:          0 kB
Bounce:                0 kB
WritebackTmp:          0 kB
CommitLimit:     7105828 kB
Committed_AS:   61664560 kB
VmallocTotal:   263061440 kB
VmallocUsed:       64184 kB
VmallocChunk:          0 kB
Percpu:             2304 kB
CmaTotal:         294912 kB
CmaFree:               0 kB
MemTotal:       12114512 kB
MemFree:         7435160 kB
MemAvailable:    8980860 kB
Buffers:            3820 kB
Cached:          1240120 kB
SwapCached:            0 kB
Active:          1235776 kB
Inactive:        1034840 kB
Active(anon):    1030892 kB
Inactive(anon):    14096 kB
Active(file):     204884 kB
Inactive(file):  1020744 kB
Unevictable:        4124 kB
Mlocked:            4124 kB
SwapTotal:       1048572 kB
SwapFree:        1048572 kB
Dirty:               200 kB
Writeback:             0 kB
AnonPages:       1030496 kB
Mapped:           800368 kB
Shmem:             15056 kB
Slab:             182764 kB
SReclaimable:      45744 kB
SUnreclaim:       137020 kB
KernelStack:       39104 kB
PageTables:        51080 kB
NFS_Unstable:          0 kB
Bounce:                0 kB
WritebackTmp:          0 kB
CommitLimit:     7105828 kB
Committed_AS:   61664296 kB
VmallocTotal:   263061440 kB
VmallocUsed:       64216 kB
VmallocChunk:          0 kB
Percpu:             2304 kB
CmaTotal:         294912 kB
CmaFree:               0 kB
MemTotal:       12114512 kB
MemFree:         7465176 kB
MemAvailable:    9010876 kB
Buffers:            3820 kB
Cached:          1240120 kB
SwapCached:            0 kB
Active:          1206288 kB
Inactive:        1034840 kB
Active(anon):    1001404 kB
Inactive(anon):    14096 kB
Active(file):     204884 kB
Inactive(file):  1020744 kB
Unevictable:        4124 kB
Mlocked:            4124 kB
SwapTotal:       1048572 kB
SwapFree:        1048572 kB
Dirty:               200 kB
Writeback:             0 kB
AnonPages:       1001420 kB
Mapped:           800368 kB
Shmem:             15056 kB
Slab:             182764 kB
SReclaimable:      45744 kB
SUnreclaim:       137020 kB
KernelStack:       39104 kB
PageTables:        51080 kB
NFS_Unstable:          0 kB
Bounce:                0 kB
WritebackTmp:          0 kB
CommitLimit:     7105828 kB
Committed_AS:   61664544 kB
VmallocTotal:   263061440 kB
VmallocUsed:       64200 kB
VmallocChunk:          0 kB
Percpu:             2304 kB
CmaTotal:         294912 kB
CmaFree:               0 kB
MemTotal:       12114512 kB
MemFree:         7465080 kB
MemAvailable:    9010780 kB
Buffers:            3820 kB
Cached:          1240120 kB
SwapCached:            0 kB
Active:          1207056 kB
Inactive:        1034840 kB
Active(anon):    1002172 kB
Inactive(anon):    14096 kB
Active(file):     204884 kB
Inactive(file):  1020744 kB
Unevictable:        4124 kB
Mlocked:            4124 kB
SwapTotal:       1048572 kB
SwapFree:        1048572 kB
Dirty:               200 kB
Writeback:             0 kB
AnonPages:       1001960 kB
Mapped:           800368 kB
Shmem:             15056 kB
Slab:             182764 kB
SReclaimable:      45744 kB
SUnreclaim:       137020 kB
KernelStack:       39104 kB
PageTables:        51080 kB
NFS_Unstable:          0 kB
Bounce:                0 kB
WritebackTmp:          0 kB
CommitLimit:     7105828 kB
Committed_AS:   61664112 kB
VmallocTotal:   263061440 kB
VmallocUsed:       64200 kB
VmallocChunk:          0 kB
Percpu:             2304 kB
CmaTotal:         294912 kB
CmaFree:               0 kB
MemTotal:       12114512 kB
MemFree:         7464676 kB
MemAvailable:    9010376 kB
Buffers:            3820 kB
Cached:          1240120 kB
SwapCached:            0 kB
Active:          1207256 kB
Inactive:        1034840 kB
Active(anon):    1002372 kB
Inactive(anon):    14096 kB
Active(file):     204884 kB
Inactive(file):  1020744 kB
Unevictable:        4124 kB
Mlocked:            4124 kB
SwapTotal:       1048572 kB
SwapFree:        1048572 kB
Dirty:               200 kB
Writeback:             0 kB
AnonPages:       1002220 kB
Mapped:           800368 kB
Shmem:             15056 kB
Slab:             182764 kB
SReclaimable:      45744 kB
SUnreclaim:       137020 kB
KernelStack:       39104 kB
PageTables:        51080 kB
NFS_Unstable:          0 kB
Bounce:                0 kB
WritebackTmp:          0 kB
CommitLimit:     7105828 kB
Committed_AS:   61663964 kB
VmallocTotal:   263061440 kB
VmallocUsed:       64200 kB
VmallocChunk:          0 kB
Percpu:             2304 kB
CmaTotal:         294912 kB
CmaFree:               0 kB
MemTotal:       12114512 kB
MemFree:         7464548 kB
MemAvailable:    9010248 kB
Buffers:            3820 kB
Cached:          1240120 kB
SwapCached:            0 kB
Active:          1207452 kB
Inactive:        1034840 kB
Active(anon):    1002568 kB
Inactive(anon):    14096 kB
Active(file):     204884 kB
Inactive(file):  1020744 kB
Unevictable:        4124 kB
Mlocked:            4124 kB
SwapTotal:       1048572 kB
SwapFree:        1048572 kB
Dirty:                96 kB
Writeback:             0 kB
AnonPages:       1002560 kB
Mapped:           800368 kB
Shmem:             15056 kB
Slab:             182764 kB
SReclaimable:      45744 kB
SUnreclaim:       137020 kB
KernelStack:       39104 kB
PageTables:        51080 kB
NFS_Unstable:          0 kB
Bounce:                0 kB
WritebackTmp:          0 kB
CommitLimit:     7105828 kB
Committed_AS:   61663568 kB
VmallocTotal:   263061440 kB
VmallocUsed:       64184 kB
VmallocChunk:          0 kB
Percpu:             2304 kB
CmaTotal:         294912 kB
CmaFree:               0 kB
MemTotal:       12114512 kB
MemFree:         7464288 kB
MemAvailable:    9009988 kB
Buffers:            3820 kB
Cached:          1240120 kB
SwapCached:            0 kB
Active:          1207532 kB
Inactive:        1034840 kB
Active(anon):    1002648 kB
Inactive(anon):    14096 kB
Active(file):     204884 kB
Inactive(file):  1020744 kB
Unevictable:        4124 kB
Mlocked:            4124 kB
SwapTotal:       1048572 kB
SwapFree:        1048572 kB
Dirty:                96 kB
Writeback:             0 kB
AnonPages:       1002452 kB
Mapped:           800368 kB
Shmem:             15056 kB
Slab:             182764 kB
SReclaimable:      45744 kB
SUnreclaim:       137020 kB
KernelStack:       39104 kB
PageTables:        51080 kB
NFS_Unstable:          0 kB
Bounce:                0 kB
WritebackTmp:          0 kB
CommitLimit:     7105828 kB
Committed_AS:   61663640 kB
VmallocTotal:   263061440 kB
VmallocUsed:       64200 kB
VmallocChunk:          0 kB
Percpu:             2304 kB
CmaTotal:         294912 kB
CmaFree:               0 kB
MemTotal:       12114512 kB
MemFree:         7465404 kB
MemAvailable:    9011096 kB
Buffers:            3820 kB
Cached:          1240112 kB
SwapCached:            0 kB
Active:          1207544 kB
Inactive:        1034836 kB
Active(anon):    1002664 kB
Inactive(anon):    14096 kB
Active(file):     204880 kB
Inactive(file):  1020740 kB
Unevictable:        4124 kB
Mlocked:            4124 kB
SwapTotal:       1048572 kB
SwapFree:        1048572 kB
Dirty:                88 kB
Writeback:             0 kB
AnonPages:       1002596 kB
Mapped:           800368 kB
Shmem:             15056 kB
Slab:             182764 kB
SReclaimable:      45744 kB
SUnreclaim:       137020 kB
KernelStack:       39104 kB
PageTables:        51080 kB
NFS_Unstable:          0 kB
Bounce:                0 kB
WritebackTmp:          0 kB
CommitLimit:     7105828 kB
Committed_AS:   61663288 kB
VmallocTotal:   263061440 kB
VmallocUsed:       64200 kB
VmallocChunk:          0 kB
Percpu:             2304 kB
CmaTotal:         294912 kB
CmaFree:               0 kB
MemTotal:       12114512 kB
MemFree:         7463636 kB
MemAvailable:    9009572 kB
Buffers:            3820 kB
Cached:          1240348 kB
SwapCached:            0 kB
Active:          1207940 kB
Inactive:        1035068 kB
Active(anon):    1003056 kB
Inactive(anon):    14096 kB
Active(file):     204884 kB
Inactive(file):  1020972 kB
Unevictable:        4124 kB
Mlocked:            4124 kB
SwapTotal:       1048572 kB
SwapFree:        1048572 kB
Dirty:              5652 kB
Writeback:             0 kB
AnonPages:       1003008 kB
Mapped:           800368 kB
Shmem:             15056 kB
Slab:             182780 kB
SReclaimable:      45760 kB
SUnreclaim:       137020 kB
KernelStack:       39104 kB
PageTables:        51080 kB
NFS_Unstable:          0 kB
Bounce:                0 kB
WritebackTmp:          0 kB
CommitLimit:     7105828 kB
Committed_AS:   61662892 kB
VmallocTotal:   263061440 kB
VmallocUsed:       64184 kB
VmallocChunk:          0 kB
Percpu:             2304 kB
CmaTotal:         294912 kB
CmaFree:               8 kB
MemTotal:       12114512 kB
MemFree:         7463480 kB
MemAvailable:    9009416 kB
Buffers:            3820 kB
Cached:          1240348 kB
SwapCached:            0 kB
Active:          1208068 kB
Inactive:        1035068 kB
Active(anon):    1003184 kB
Inactive(anon):    14096 kB
Active(file):     204884 kB
Inactive(file):  1020972 kB
Unevictable:        4124 kB
Mlocked:            4124 kB
SwapTotal:       1048572 kB
SwapFree:        1048572 kB
Dirty:              5652 kB
Writeback:             0 kB
AnonPages:       1002964 kB
Mapped:           800368 kB
Shmem:             15056 kB
Slab:             182780 kB
SReclaimable:      45760 kB
SUnreclaim:       137020 kB
KernelStack:       39104 kB
PageTables:        51080 kB
NFS_Unstable:          0 kB
Bounce:                0 kB
WritebackTmp:          0 kB
CommitLimit:     7105828 kB
Committed_AS:   61662540 kB
VmallocTotal:   263061440 kB
VmallocUsed:       64216 kB
VmallocChunk:          0 kB
Percpu:             2304 kB
CmaTotal:         294912 kB
CmaFree:               0 kB
MemTotal:       12114512 kB
MemFree:         7464048 kB
MemAvailable:    9009980 kB
Buffers:            3820 kB
Cached:          1240352 kB
SwapCached:            0 kB
Active:          1208132 kB
Inactive:        1035072 kB
Active(anon):    1003248 kB
Inactive(anon):    14096 kB
Active(file):     204884 kB
Inactive(file):  1020976 kB
Unevictable:        4124 kB
Mlocked:            4124 kB
SwapTotal:       1048572 kB
SwapFree:        1048572 kB
Dirty:              5616 kB
Writeback:             0 kB
AnonPages:       1003248 kB
Mapped:           800368 kB
Shmem:             15056 kB
Slab:             182768 kB
SReclaimable:      45744 kB
SUnreclaim:       137024 kB
KernelStack:       39104 kB
PageTables:        51080 kB
NFS_Unstable:          0 kB
Bounce:                0 kB
WritebackTmp:          0 kB
CommitLimit:     7105828 kB
Committed_AS:   61652640 kB
VmallocTotal:   263061440 kB
VmallocUsed:       64216 kB
VmallocChunk:          0 kB
Percpu:             2304 kB
CmaTotal:         294912 kB
CmaFree:               0 kB
MemTotal:       12114512 kB
MemFree:         7446060 kB
MemAvailable:    8991992 kB
Buffers:            3820 kB
Cached:          1240352 kB
SwapCached:            0 kB
Active:          1224896 kB
Inactive:        1035072 kB
Active(anon):    1020012 kB
Inactive(anon):    14096 kB
Active(file):     204884 kB
Inactive(file):  1020976 kB
Unevictable:        4124 kB
Mlocked:            4124 kB
SwapTotal:       1048572 kB
SwapFree:        1048572 kB
Dirty:              5616 kB
Writeback:             0 kB
AnonPages:       1020020 kB
Mapped:           800412 kB
Shmem:             15056 kB
Slab:             182752 kB
SReclaimable:      45744 kB
SUnreclaim:       137008 kB
KernelStack:       39104 kB
PageTables:        51044 kB
NFS_Unstable:          0 kB
Bounce:                0 kB
WritebackTmp:          0 kB
CommitLimit:     7105828 kB
Committed_AS:   61662324 kB
VmallocTotal:   263061440 kB
VmallocUsed:       64200 kB
VmallocChunk:          0 kB
Percpu:             2304 kB
CmaTotal:         294912 kB
CmaFree:               0 kB
MemTotal:       12114512 kB
MemFree:         7445428 kB
MemAvailable:    8991360 kB
Buffers:            3820 kB
Cached:          1240352 kB
SwapCached:            0 kB
Active:          1224924 kB
Inactive:        1035072 kB
Active(anon):    1020040 kB
Inactive(anon):    14096 kB
Active(file):     204884 kB
Inactive(file):  1020976 kB
Unevictable:        4124 kB
Mlocked:            4124 kB
SwapTotal:       1048572 kB
SwapFree:        1048572 kB
Dirty:              5616 kB
Writeback:             0 kB
AnonPages:       1020228 kB
Mapped:           800564 kB
Shmem:             15056 kB
Slab:             182744 kB
SReclaimable:      45744 kB
SUnreclaim:       137000 kB
KernelStack:       39072 kB
PageTables:        51044 kB
NFS_Unstable:          0 kB
Bounce:                0 kB
WritebackTmp:          0 kB
CommitLimit:     7105828 kB
Committed_AS:   61663364 kB
VmallocTotal:   263061440 kB
VmallocUsed:       64216 kB
VmallocChunk:          0 kB
Percpu:             2304 kB
CmaTotal:         294912 kB
CmaFree:               0 kB
MemTotal:       12114512 kB
MemFree:         7444132 kB
MemAvailable:    8990584 kB
Buffers:            3824 kB
Cached:          1240736 kB
SwapCached:            0 kB
Active:          1225372 kB
Inactive:        1035592 kB
Active(anon):    1020488 kB
Inactive(anon):    14096 kB
Active(file):     204884 kB
Inactive(file):  1021496 kB
Unevictable:        4124 kB
Mlocked:            4124 kB
SwapTotal:       1048572 kB
SwapFree:        1048572 kB
Dirty:               160 kB
Writeback:             0 kB
AnonPages:       1020576 kB
Mapped:           800368 kB
Shmem:             15056 kB
Slab:             182744 kB
SReclaimable:      45744 kB
SUnreclaim:       137000 kB
KernelStack:       39104 kB
PageTables:        51080 kB
NFS_Unstable:          0 kB
Bounce:                0 kB
WritebackTmp:          0 kB
CommitLimit:     7105828 kB
Committed_AS:   61662968 kB
VmallocTotal:   263061440 kB
VmallocUsed:       64152 kB
VmallocChunk:          0 kB
Percpu:             2304 kB
CmaTotal:         294912 kB
CmaFree:               0 kB
MemTotal:       12114512 kB
MemFree:         7444992 kB
MemAvailable:    8991508 kB
Buffers:            3824 kB
Cached:          1241120 kB
SwapCached:            0 kB
Active:          1225516 kB
Inactive:        1035840 kB
Active(anon):    1020628 kB
Inactive(anon):    14284 kB
Active(file):     204888 kB
Inactive(file):  1021556 kB
Unevictable:        4124 kB
Mlocked:            4124 kB
SwapTotal:       1048572 kB
SwapFree:        1048572 kB
Dirty:               208 kB
Writeback:             0 kB
AnonPages:       1020512 kB
Mapped:           800816 kB
Shmem:             15244 kB
Slab:             182760 kB
SReclaimable:      45744 kB
SUnreclaim:       137016 kB
KernelStack:       39008 kB
PageTables:        51092 kB
NFS_Unstable:          0 kB
Bounce:                0 kB
WritebackTmp:          0 kB
CommitLimit:     7105828 kB
Committed_AS:   61670504 kB
VmallocTotal:   263061440 kB
VmallocUsed:       64104 kB
VmallocChunk:          0 kB
Percpu:             2304 kB
CmaTotal:         294912 kB
CmaFree:               0 kB
MemTotal:       12114512 kB
MemFree:         7445320 kB
MemAvailable:    8991836 kB
Buffers:            3824 kB
Cached:          1240932 kB
SwapCached:            0 kB
Active:          1225744 kB
Inactive:        1035652 kB
Active(anon):    1020856 kB
Inactive(anon):    14096 kB
Active(file):     204888 kB
Inactive(file):  1021556 kB
Unevictable:        4124 kB
Mlocked:            4124 kB
SwapTotal:       1048572 kB
SwapFree:        1048572 kB
Dirty:               216 kB
Writeback:             0 kB
AnonPages:       1020576 kB
Mapped:           800368 kB
Shmem:             15056 kB
Slab:             182736 kB
SReclaimable:      45744 kB
SUnreclaim:       136992 kB
KernelStack:       39008 kB
PageTables:        51080 kB
NFS_Unstable:          0 kB
Bounce:                0 kB
WritebackTmp:          0 kB
CommitLimit:     7105828 kB
Committed_AS:   61665368 kB
VmallocTotal:   263061440 kB
VmallocUsed:       64104 kB
VmallocChunk:          0 kB
Percpu:             2304 kB
CmaTotal:         294912 kB
CmaFree:               0 kB
MemTotal:       12114512 kB
MemFree:         7445536 kB
MemAvailable:    8992052 kB
Buffers:            3824 kB
Cached:          1240932 kB
SwapCached:            0 kB
Active:          1226016 kB
Inactive:        1035652 kB
Active(anon):    1021128 kB
Inactive(anon):    14096 kB
Active(file):     204888 kB
Inactive(file):  1021556 kB
Unevictable:        4124 kB
Mlocked:            4124 kB
SwapTotal:       1048572 kB
SwapFree:        1048572 kB
Dirty:               220 kB
Writeback:             0 kB
AnonPages:       1021196 kB
Mapped:           800368 kB
Shmem:             15056 kB
Slab:             182728 kB
SReclaimable:      45744 kB
SUnreclaim:       136984 kB
KernelStack:       38976 kB
PageTables:        51080 kB
NFS_Unstable:          0 kB
Bounce:                0 kB
WritebackTmp:          0 kB
CommitLimit:     7105828 kB
Committed_AS:   61670792 kB
VmallocTotal:   263061440 kB
VmallocUsed:       64072 kB
VmallocChunk:          0 kB
Percpu:             2304 kB
CmaTotal:         294912 kB
CmaFree:               0 kB
MemTotal:       12114512 kB
MemFree:         7445400 kB
MemAvailable:    8991916 kB
Buffers:            3824 kB
Cached:          1240932 kB
SwapCached:            0 kB
Active:          1226236 kB
Inactive:        1035652 kB
Active(anon):    1021348 kB
Inactive(anon):    14096 kB
Active(file):     204888 kB
Inactive(file):  1021556 kB
Unevictable:        4124 kB
Mlocked:            4124 kB
SwapTotal:       1048572 kB
SwapFree:        1048572 kB
Dirty:               220 kB
Writeback:             0 kB
AnonPages:       1021176 kB
Mapped:           800368 kB
Shmem:             15056 kB
Slab:             182720 kB
SReclaimable:      45744 kB
SUnreclaim:       136976 kB
KernelStack:       38976 kB
PageTables:        51080 kB
NFS_Unstable:          0 kB
Bounce:                0 kB
WritebackTmp:          0 kB
CommitLimit:     7105828 kB
Committed_AS:   61670848 kB
VmallocTotal:   263061440 kB
VmallocUsed:       64072 kB
VmallocChunk:          0 kB
Percpu:             2304 kB
CmaTotal:         294912 kB
CmaFree:               0 kB
MemTotal:       12114512 kB
MemFree:         7444340 kB
MemAvailable:    8990856 kB
Buffers:            3824 kB
Cached:          1240936 kB
SwapCached:            0 kB
Active:          1226396 kB
Inactive:        1035656 kB
Active(anon):    1021508 kB
Inactive(anon):    14100 kB
Active(file):     204888 kB
Inactive(file):  1021556 kB
Unevictable:        4124 kB
Mlocked:            4124 kB
SwapTotal:       1048572 kB
SwapFree:        1048572 kB
Dirty:               220 kB
Writeback:             0 kB
AnonPages:       1021420 kB
Mapped:           800372 kB
Shmem:             15060 kB
Slab:             182728 kB
SReclaimable:      45744 kB
SUnreclaim:       136984 kB
KernelStack:       38976 kB
PageTables:        51080 kB
NFS_Unstable:          0 kB
Bounce:                0 kB
WritebackTmp:          0 kB
CommitLimit:     7105828 kB
Committed_AS:   61670496 kB
VmallocTotal:   263061440 kB
VmallocUsed:       64072 kB
VmallocChunk:          0 kB
Percpu:             2304 kB
CmaTotal:         294912 kB
CmaFree:               0 kB
MemTotal:       12114512 kB
MemFree:         7444108 kB
MemAvailable:    8990624 kB
Buffers:            3832 kB
Cached:          1240936 kB
SwapCached:            0 kB
Active:          1226384 kB
Inactive:        1035656 kB
Active(anon):    1021496 kB
Inactive(anon):    14100 kB
Active(file):     204888 kB
Inactive(file):  1021556 kB
Unevictable:        4124 kB
Mlocked:            4124 kB
SwapTotal:       1048572 kB
SwapFree:        1048572 kB
Dirty:               220 kB
Writeback:             0 kB
AnonPages:       1021680 kB
Mapped:           800372 kB
Shmem:             15060 kB
Slab:             182736 kB
SReclaimable:      45744 kB
SUnreclaim:       136992 kB
KernelStack:       38976 kB
PageTables:        51080 kB
NFS_Unstable:          0 kB
Bounce:                0 kB
WritebackTmp:          0 kB
CommitLimit:     7105828 kB
Committed_AS:   61665772 kB
VmallocTotal:   263061440 kB
VmallocUsed:       64088 kB
VmallocChunk:          0 kB
Percpu:             2304 kB
CmaTotal:         294912 kB
CmaFree:               0 kB
MemTotal:       12114512 kB
MemFree:         7444956 kB
MemAvailable:    8991492 kB
Buffers:            3832 kB
Cached:          1240948 kB
SwapCached:            0 kB
Active:          1226192 kB
Inactive:        1035668 kB
Active(anon):    1021296 kB
Inactive(anon):    14100 kB
Active(file):     204896 kB
Inactive(file):  1021568 kB
Unevictable:        4124 kB
Mlocked:            4124 kB
SwapTotal:       1048572 kB
SwapFree:        1048572 kB
Dirty:               144 kB
Writeback:             0 kB
AnonPages:       1021120 kB
Mapped:           800540 kB
Shmem:             15060 kB
Slab:             182744 kB
SReclaimable:      45744 kB
SUnreclaim:       137000 kB
KernelStack:       38976 kB
PageTables:        51100 kB
NFS_Unstable:          0 kB
Bounce:                0 kB
WritebackTmp:          0 kB
CommitLimit:     7105828 kB
Committed_AS:   61660352 kB
VmallocTotal:   263061440 kB
VmallocUsed:       64072 kB
VmallocChunk:          0 kB
Percpu:             2304 kB
CmaTotal:         294912 kB
CmaFree:               0 kB
MemTotal:       12114512 kB
MemFree:         7445276 kB
MemAvailable:    8991812 kB
Buffers:            3832 kB
Cached:          1240948 kB
SwapCached:            0 kB
Active:          1226132 kB
Inactive:        1035668 kB
Active(anon):    1021236 kB
Inactive(anon):    14100 kB
Active(file):     204896 kB
Inactive(file):  1021568 kB
Unevictable:        4124 kB
Mlocked:            4124 kB
SwapTotal:       1048572 kB
SwapFree:        1048572 kB
Dirty:               160 kB
Writeback:             0 kB
AnonPages:       1021108 kB
Mapped:           800372 kB
Shmem:             15060 kB
Slab:             182736 kB
SReclaimable:      45744 kB
SUnreclaim:       136992 kB
KernelStack:       38976 kB
PageTables:        51080 kB
NFS_Unstable:          0 kB
Bounce:                0 kB
WritebackTmp:          0 kB
CommitLimit:     7105828 kB
Committed_AS:   61660000 kB
VmallocTotal:   263061440 kB
VmallocUsed:       64088 kB
VmallocChunk:          0 kB
Percpu:             2304 kB
CmaTotal:         294912 kB
CmaFree:               0 kB
MemTotal:       12114512 kB
MemFree:         7444796 kB
MemAvailable:    8991332 kB
Buffers:            3832 kB
Cached:          1240948 kB
SwapCached:            0 kB
Active:          1226604 kB
Inactive:        1035668 kB
Active(anon):    1021708 kB
Inactive(anon):    14100 kB
Active(file):     204896 kB
Inactive(file):  1021568 kB
Unevictable:        4124 kB
Mlocked:            4124 kB
SwapTotal:       1048572 kB
SwapFree:        1048572 kB
Dirty:               160 kB
Writeback:             0 kB
AnonPages:       1021192 kB
Mapped:           800376 kB
Shmem:             15060 kB
Slab:             182736 kB
SReclaimable:      45744 kB
SUnreclaim:       136992 kB
KernelStack:       38960 kB
PageTables:        51024 kB
NFS_Unstable:          0 kB
Bounce:                0 kB
WritebackTmp:          0 kB
CommitLimit:     7105828 kB
Committed_AS:   61659736 kB
VmallocTotal:   263061440 kB
VmallocUsed:       64088 kB
VmallocChunk:          0 kB
Percpu:             2304 kB
CmaTotal:         294912 kB
CmaFree:               0 kB
MemTotal:       12114512 kB
MemFree:         7443896 kB
MemAvailable:    8990432 kB
Buffers:            3832 kB
Cached:          1240948 kB
SwapCached:            0 kB
Active:          1225920 kB
Inactive:        1035668 kB
Active(anon):    1021024 kB
Inactive(anon):    14100 kB
Active(file):     204896 kB
Inactive(file):  1021568 kB
Unevictable:        4124 kB
Mlocked:            4124 kB
SwapTotal:       1048572 kB
SwapFree:        1048572 kB
Dirty:               160 kB
Writeback:             0 kB
AnonPages:       1021068 kB
Mapped:           800372 kB
Shmem:             15060 kB
Slab:             182736 kB
SReclaimable:      45744 kB
SUnreclaim:       136992 kB
KernelStack:       38976 kB
PageTables:        51080 kB
NFS_Unstable:          0 kB
Bounce:                0 kB
WritebackTmp:          0 kB
CommitLimit:     7105828 kB
Committed_AS:   61666024 kB
VmallocTotal:   263061440 kB
VmallocUsed:       64072 kB
VmallocChunk:          0 kB
Percpu:             2304 kB
CmaTotal:         294912 kB
CmaFree:               0 kB
MemTotal:       12114512 kB
MemFree:         7445924 kB
MemAvailable:    8992452 kB
Buffers:            3832 kB
Cached:          1240940 kB
SwapCached:            0 kB
Active:          1225728 kB
Inactive:        1035664 kB
Active(anon):    1020836 kB
Inactive(anon):    14100 kB
Active(file):     204892 kB
Inactive(file):  1021564 kB
Unevictable:        4124 kB
Mlocked:            4124 kB
SwapTotal:       1048572 kB
SwapFree:        1048572 kB
Dirty:               152 kB
Writeback:             0 kB
AnonPages:       1020804 kB
Mapped:           800372 kB
Shmem:             15060 kB
Slab:             182736 kB
SReclaimable:      45744 kB
SUnreclaim:       136992 kB
KernelStack:       38976 kB
PageTables:        51080 kB
NFS_Unstable:          0 kB
Bounce:                0 kB
WritebackTmp:          0 kB
CommitLimit:     7105828 kB
Committed_AS:   61665672 kB
VmallocTotal:   263061440 kB
VmallocUsed:       64088 kB
VmallocChunk:          0 kB
Percpu:             2304 kB
CmaTotal:         294912 kB
CmaFree:               0 kB
MemTotal:       12114512 kB
MemFree:         7445140 kB
MemAvailable:    8991676 kB
Buffers:            3832 kB
Cached:          1240948 kB
SwapCached:            0 kB
Active:          1225688 kB
Inactive:        1035668 kB
Active(anon):    1020792 kB
Inactive(anon):    14100 kB
Active(file):     204896 kB
Inactive(file):  1021568 kB
Unevictable:        4124 kB
Mlocked:            4124 kB
SwapTotal:       1048572 kB
SwapFree:        1048572 kB
Dirty:               144 kB
Writeback:             0 kB
AnonPages:       1020692 kB
Mapped:           800612 kB
Shmem:             15060 kB
Slab:             182728 kB
SReclaimable:      45744 kB
SUnreclaim:       136984 kB
KernelStack:       38976 kB
PageTables:        51016 kB
NFS_Unstable:          0 kB
Bounce:                0 kB
WritebackTmp:          0 kB
CommitLimit:     7105828 kB
Committed_AS:   61665672 kB
VmallocTotal:   263061440 kB
VmallocUsed:       64088 kB
VmallocChunk:          0 kB
Percpu:             2304 kB
CmaTotal:         294912 kB
CmaFree:               0 kB
MemTotal:       12114512 kB
MemFree:         7444784 kB
MemAvailable:    8991320 kB
Buffers:            3832 kB
Cached:          1240948 kB
SwapCached:            0 kB
Active:          1225796 kB
Inactive:        1035668 kB
Active(anon):    1020900 kB
Inactive(anon):    14100 kB
Active(file):     204896 kB
Inactive(file):  1021568 kB
Unevictable:        4124 kB
Mlocked:            4124 kB
SwapTotal:       1048572 kB
SwapFree:        1048572 kB
Dirty:               180 kB
Writeback:             0 kB
AnonPages:       1021248 kB
Mapped:           800372 kB
Shmem:             15060 kB
Slab:             182720 kB
SReclaimable:      45744 kB
SUnreclaim:       136976 kB
KernelStack:       38976 kB
PageTables:        51080 kB
NFS_Unstable:          0 kB
Bounce:                0 kB
WritebackTmp:          0 kB
CommitLimit:     7105828 kB
Committed_AS:   61665364 kB
VmallocTotal:   263061440 kB
VmallocUsed:       64088 kB
VmallocChunk:          0 kB
Percpu:             2304 kB
CmaTotal:         294912 kB
CmaFree:               0 kB
MemTotal:       12114512 kB
MemFree:         7445336 kB
MemAvailable:    8991864 kB
Buffers:            3832 kB
Cached:          1240940 kB
SwapCached:            0 kB
Active:          1225976 kB
Inactive:        1035664 kB
Active(anon):    1021084 kB
Inactive(anon):    14100 kB
Active(file):     204892 kB
Inactive(file):  1021564 kB
Unevictable:        4124 kB
Mlocked:            4124 kB
SwapTotal:       1048572 kB
SwapFree:        1048572 kB
Dirty:               172 kB
Writeback:             0 kB
AnonPages:       1020968 kB
Mapped:           800372 kB
Shmem:             15060 kB
Slab:             182728 kB
SReclaimable:      45744 kB
SUnreclaim:       136984 kB
KernelStack:       38976 kB
PageTables:        51080 kB
NFS_Unstable:          0 kB
Bounce:                0 kB
WritebackTmp:          0 kB
CommitLimit:     7105828 kB
Committed_AS:   61665144 kB
VmallocTotal:   263061440 kB
VmallocUsed:       64088 kB
VmallocChunk:          0 kB
Percpu:             2304 kB
CmaTotal:         294912 kB
CmaFree:               0 kB
MemTotal:       12114512 kB
MemFree:         7445076 kB
MemAvailable:    8991612 kB
Buffers:            3832 kB
Cached:          1240948 kB
SwapCached:            0 kB
Active:          1226404 kB
Inactive:        1035668 kB
Active(anon):    1021508 kB
Inactive(anon):    14100 kB
Active(file):     204896 kB
Inactive(file):  1021568 kB
Unevictable:        4124 kB
Mlocked:            4124 kB
SwapTotal:       1048572 kB
SwapFree:        1048572 kB
Dirty:               180 kB
Writeback:             0 kB
AnonPages:       1020928 kB
Mapped:           800372 kB
Shmem:             15060 kB
Slab:             182728 kB
SReclaimable:      45744 kB
SUnreclaim:       136984 kB
KernelStack:       38976 kB
PageTables:        51080 kB
NFS_Unstable:          0 kB
Bounce:                0 kB
WritebackTmp:          0 kB
CommitLimit:     7105828 kB
Committed_AS:   61664924 kB
VmallocTotal:   263061440 kB
VmallocUsed:       64088 kB
VmallocChunk:          0 kB
Percpu:             2304 kB
CmaTotal:         294912 kB
CmaFree:               0 kB
MemTotal:       12114512 kB
MemFree:         7444520 kB
MemAvailable:    8991096 kB
Buffers:            3832 kB
Cached:          1240952 kB
SwapCached:            0 kB
Active:          1226492 kB
Inactive:        1035672 kB
Active(anon):    1021596 kB
Inactive(anon):    14104 kB
Active(file):     204896 kB
Inactive(file):  1021568 kB
Unevictable:        4124 kB
Mlocked:            4124 kB
SwapTotal:       1048572 kB
SwapFree:        1048572 kB
Dirty:               200 kB
Writeback:             0 kB
AnonPages:       1021572 kB
Mapped:           800376 kB
Shmem:             15064 kB
Slab:             182808 kB
SReclaimable:      45824 kB
SUnreclaim:       136984 kB
KernelStack:       38976 kB
PageTables:        51080 kB
NFS_Unstable:          0 kB
Bounce:                0 kB
WritebackTmp:          0 kB
CommitLimit:     7105828 kB
Committed_AS:   61664528 kB
VmallocTotal:   263061440 kB
VmallocUsed:       64072 kB
VmallocChunk:          0 kB
Percpu:             2304 kB
CmaTotal:         294912 kB
CmaFree:               0 kB
MemTotal:       12114512 kB
MemFree:         7445068 kB
MemAvailable:    8991644 kB
Buffers:            3832 kB
Cached:          1240952 kB
SwapCached:            0 kB
Active:          1225992 kB
Inactive:        1035672 kB
Active(anon):    1021096 kB
Inactive(anon):    14104 kB
Active(file):     204896 kB
Inactive(file):  1021568 kB
Unevictable:        4124 kB
Mlocked:            4124 kB
SwapTotal:       1048572 kB
SwapFree:        1048572 kB
Dirty:               164 kB
Writeback:             0 kB
AnonPages:       1020964 kB
Mapped:           800408 kB
Shmem:             15064 kB
Slab:             182800 kB
SReclaimable:      45824 kB
SUnreclaim:       136976 kB
KernelStack:       38976 kB
PageTables:        51080 kB
NFS_Unstable:          0 kB
Bounce:                0 kB
WritebackTmp:          0 kB
CommitLimit:     7105828 kB
Committed_AS:   61664476 kB
VmallocTotal:   263061440 kB
VmallocUsed:       64088 kB
VmallocChunk:          0 kB
Percpu:             2304 kB
CmaTotal:         294912 kB
CmaFree:              20 kB
MemTotal:       12114512 kB
MemFree:         7444304 kB
MemAvailable:    8990880 kB
Buffers:            3832 kB
Cached:          1240952 kB
SwapCached:            0 kB
Active:          1226192 kB
Inactive:        1035672 kB
Active(anon):    1021296 kB
Inactive(anon):    14104 kB
Active(file):     204896 kB
Inactive(file):  1021568 kB
Unevictable:        4124 kB
Mlocked:            4124 kB
SwapTotal:       1048572 kB
SwapFree:        1048572 kB
Dirty:               168 kB
Writeback:             0 kB
AnonPages:       1021212 kB
Mapped:           800408 kB
Shmem:             15064 kB
Slab:             182800 kB
SReclaimable:      45824 kB
SUnreclaim:       136976 kB
KernelStack:       38976 kB
PageTables:        51080 kB
NFS_Unstable:          0 kB
Bounce:                0 kB
WritebackTmp:          0 kB
CommitLimit:     7105828 kB
Committed_AS:   61664132 kB
VmallocTotal:   263061440 kB
VmallocUsed:       64088 kB
VmallocChunk:          0 kB
Percpu:             2304 kB
CmaTotal:         294912 kB
CmaFree:               0 kB
MemTotal:       12114512 kB
MemFree:         7443580 kB
MemAvailable:    8990156 kB
Buffers:            3832 kB
Cached:          1240952 kB
SwapCached:            0 kB
Active:          1226348 kB
Inactive:        1035672 kB
Active(anon):    1021452 kB
Inactive(anon):    14104 kB
Active(file):     204896 kB
Inactive(file):  1021568 kB
Unevictable:        4124 kB
Mlocked:            4124 kB
SwapTotal:       1048572 kB
SwapFree:        1048572 kB
Dirty:               168 kB
Writeback:             0 kB
AnonPages:       1021244 kB
Mapped:           800408 kB
Shmem:             15064 kB
Slab:             182800 kB
SReclaimable:      45824 kB
SUnreclaim:       136976 kB
KernelStack:       38976 kB
PageTables:        51080 kB
NFS_Unstable:          0 kB
Bounce:                0 kB
WritebackTmp:          0 kB
CommitLimit:     7105828 kB
Committed_AS:   61665576 kB
VmallocTotal:   263061440 kB
VmallocUsed:       64072 kB
VmallocChunk:          0 kB
Percpu:             2304 kB
CmaTotal:         294912 kB
CmaFree:               0 kB
MemTotal:       12114512 kB
MemFree:         7442780 kB
MemAvailable:    8989356 kB
Buffers:            3832 kB
Cached:          1240952 kB
SwapCached:            0 kB
Active:          1226632 kB
Inactive:        1035672 kB
Active(anon):    1021736 kB
Inactive(anon):    14104 kB
Active(file):     204896 kB
Inactive(file):  1021568 kB
Unevictable:        4124 kB
Mlocked:            4124 kB
SwapTotal:       1048572 kB
SwapFree:        1048572 kB
Dirty:               176 kB
Writeback:             0 kB
AnonPages:       1021552 kB
Mapped:           800668 kB
Shmem:             15064 kB
Slab:             182800 kB
SReclaimable:      45824 kB
SUnreclaim:       136976 kB
KernelStack:       38976 kB
PageTables:        51080 kB
NFS_Unstable:          0 kB
Bounce:                0 kB
WritebackTmp:          0 kB
CommitLimit:     7105828 kB
Committed_AS:   61661116 kB
VmallocTotal:   263061440 kB
VmallocUsed:       64088 kB
VmallocChunk:          0 kB
Percpu:             2304 kB
CmaTotal:         294912 kB
CmaFree:               0 kB
MemTotal:       12114512 kB
MemFree:         7443972 kB
MemAvailable:    8990548 kB
Buffers:            3832 kB
Cached:          1240952 kB
SwapCached:            0 kB
Active:          1226800 kB
Inactive:        1035672 kB
Active(anon):    1021904 kB
Inactive(anon):    14104 kB
Active(file):     204896 kB
Inactive(file):  1021568 kB
Unevictable:        4124 kB
Mlocked:            4124 kB
SwapTotal:       1048572 kB
SwapFree:        1048572 kB
Dirty:               176 kB
Writeback:             0 kB
AnonPages:       1021916 kB
Mapped:           800408 kB
Shmem:             15064 kB
Slab:             182800 kB
SReclaimable:      45824 kB
SUnreclaim:       136976 kB
KernelStack:       38976 kB
PageTables:        51080 kB
NFS_Unstable:          0 kB
Bounce:                0 kB
WritebackTmp:          0 kB
CommitLimit:     7105828 kB
Committed_AS:   61660724 kB
VmallocTotal:   263061440 kB
VmallocUsed:       64088 kB
VmallocChunk:          0 kB
Percpu:             2304 kB
CmaTotal:         294912 kB
CmaFree:               0 kB
MemTotal:       12114512 kB
MemFree:         7442956 kB
MemAvailable:    8989532 kB
Buffers:            3832 kB
Cached:          1240952 kB
SwapCached:            0 kB
Active:          1226900 kB
Inactive:        1035672 kB
Active(anon):    1022004 kB
Inactive(anon):    14104 kB
Active(file):     204896 kB
Inactive(file):  1021568 kB
Unevictable:        4124 kB
Mlocked:            4124 kB
SwapTotal:       1048572 kB
SwapFree:        1048572 kB
Dirty:               136 kB
Writeback:             0 kB
AnonPages:       1021716 kB
Mapped:           800408 kB
Shmem:             15064 kB
Slab:             182800 kB
SReclaimable:      45824 kB
SUnreclaim:       136976 kB
KernelStack:       38976 kB
PageTables:        51080 kB
NFS_Unstable:          0 kB
Bounce:                0 kB
WritebackTmp:          0 kB
CommitLimit:     7105828 kB
Committed_AS:   61660372 kB
VmallocTotal:   263061440 kB
VmallocUsed:       64072 kB
VmallocChunk:          0 kB
Percpu:             2304 kB
CmaTotal:         294912 kB
CmaFree:               0 kB
MemTotal:       12114512 kB
MemFree:         7442960 kB
MemAvailable:    8989536 kB
Buffers:            3832 kB
Cached:          1240952 kB
SwapCached:            0 kB
Active:          1227648 kB
Inactive:        1035672 kB
Active(anon):    1022752 kB
Inactive(anon):    14104 kB
Active(file):     204896 kB
Inactive(file):  1021568 kB
Unevictable:        4124 kB
Mlocked:            4124 kB
SwapTotal:       1048572 kB
SwapFree:        1048572 kB
Dirty:               172 kB
Writeback:             0 kB
AnonPages:       1022504 kB
Mapped:           800668 kB
Shmem:             15064 kB
Slab:             182800 kB
SReclaimable:      45824 kB
SUnreclaim:       136976 kB
KernelStack:       38976 kB
PageTables:        51080 kB
NFS_Unstable:          0 kB
Bounce:                0 kB
WritebackTmp:          0 kB
CommitLimit:     7105828 kB
Committed_AS:   61660020 kB
VmallocTotal:   263061440 kB
VmallocUsed:       64072 kB
VmallocChunk:          0 kB
Percpu:             2304 kB
CmaTotal:         294912 kB
CmaFree:               0 kB
MemTotal:       12114512 kB
MemFree:         7442164 kB
MemAvailable:    8988732 kB
Buffers:            3832 kB
Cached:          1240944 kB
SwapCached:            0 kB
Active:          1227636 kB
Inactive:        1035668 kB
Active(anon):    1022744 kB
Inactive(anon):    14104 kB
Active(file):     204892 kB
Inactive(file):  1021564 kB
Unevictable:        4124 kB
Mlocked:            4124 kB
SwapTotal:       1048572 kB
SwapFree:        1048572 kB
Dirty:               184 kB
Writeback:             0 kB
AnonPages:       1022536 kB
Mapped:           800408 kB
Shmem:             15064 kB
Slab:             182800 kB
SReclaimable:      45824 kB
SUnreclaim:       136976 kB
KernelStack:       38944 kB
PageTables:        51080 kB
NFS_Unstable:          0 kB
Bounce:                0 kB
WritebackTmp:          0 kB
CommitLimit:     7105828 kB
Committed_AS:   61660636 kB
VmallocTotal:   263061440 kB
VmallocUsed:       64056 kB
VmallocChunk:          0 kB
Percpu:             2304 kB
CmaTotal:         294912 kB
CmaFree:               0 kB
MemTotal:       12114512 kB
MemFree:         7441856 kB
MemAvailable:    8988432 kB
Buffers:            3832 kB
Cached:          1240952 kB
SwapCached:            0 kB
Active:          1227864 kB
Inactive:        1035672 kB
Active(anon):    1022968 kB
Inactive(anon):    14104 kB
Active(file):     204896 kB
Inactive(file):  1021568 kB
Unevictable:        4124 kB
Mlocked:            4124 kB
SwapTotal:       1048572 kB
SwapFree:        1048572 kB
Dirty:               192 kB
Writeback:             0 kB
AnonPages:       1022908 kB
Mapped:           800408 kB
Shmem:             15064 kB
Slab:             182800 kB
SReclaimable:      45824 kB
SUnreclaim:       136976 kB
KernelStack:       38944 kB
PageTables:        51080 kB
NFS_Unstable:          0 kB
Bounce:                0 kB
WritebackTmp:          0 kB
CommitLimit:     7105828 kB
Committed_AS:   61660248 kB
VmallocTotal:   263061440 kB
VmallocUsed:       64056 kB
VmallocChunk:          0 kB
Percpu:             2304 kB
CmaTotal:         294912 kB
CmaFree:               0 kB
MemTotal:       12114512 kB
MemFree:         7441156 kB
MemAvailable:    8987732 kB
Buffers:            3832 kB
Cached:          1240952 kB
SwapCached:            0 kB
Active:          1228220 kB
Inactive:        1035672 kB
Active(anon):    1023324 kB
Inactive(anon):    14104 kB
Active(file):     204896 kB
Inactive(file):  1021568 kB
Unevictable:        4124 kB
Mlocked:            4124 kB
SwapTotal:       1048572 kB
SwapFree:        1048572 kB
Dirty:               192 kB
Writeback:             0 kB
AnonPages:       1022828 kB
Mapped:           800408 kB
Shmem:             15064 kB
Slab:             182800 kB
SReclaimable:      45824 kB
SUnreclaim:       136976 kB
KernelStack:       38944 kB
PageTables:        51080 kB
NFS_Unstable:          0 kB
Bounce:                0 kB
WritebackTmp:          0 kB
CommitLimit:     7105828 kB
Committed_AS:   61659852 kB
VmallocTotal:   263061440 kB
VmallocUsed:       64056 kB
VmallocChunk:          0 kB
Percpu:             2304 kB
CmaTotal:         294912 kB
CmaFree:               0 kB
MemTotal:       12114512 kB
MemFree:         7441316 kB
MemAvailable:    8987900 kB
Buffers:            3832 kB
Cached:          1240960 kB
SwapCached:            0 kB
Active:          1228244 kB
Inactive:        1035676 kB
Active(anon):    1023344 kB
Inactive(anon):    14104 kB
Active(file):     204900 kB
Inactive(file):  1021572 kB
Unevictable:        4124 kB
Mlocked:            4124 kB
SwapTotal:       1048572 kB
SwapFree:        1048572 kB
Dirty:               196 kB
Writeback:            16 kB
AnonPages:       1023572 kB
Mapped:           800640 kB
Shmem:             15064 kB
Slab:             182800 kB
SReclaimable:      45824 kB
SUnreclaim:       136976 kB
KernelStack:       38928 kB
PageTables:        51080 kB
NFS_Unstable:          0 kB
Bounce:                0 kB
WritebackTmp:          0 kB
CommitLimit:     7105828 kB
Committed_AS:   61659500 kB
VmallocTotal:   263061440 kB
VmallocUsed:       64040 kB
VmallocChunk:          0 kB
Percpu:             2304 kB
CmaTotal:         294912 kB
CmaFree:               0 kB
MemTotal:       12114512 kB
MemFree:         7440940 kB
MemAvailable:    8987516 kB
Buffers:            3832 kB
Cached:          1240952 kB
SwapCached:            0 kB
Active:          1228824 kB
Inactive:        1035672 kB
Active(anon):    1023928 kB
Inactive(anon):    14104 kB
Active(file):     204896 kB
Inactive(file):  1021568 kB
Unevictable:        4124 kB
Mlocked:            4124 kB
SwapTotal:       1048572 kB
SwapFree:        1048572 kB
Dirty:               136 kB
Writeback:             0 kB
AnonPages:       1023848 kB
Mapped:           800408 kB
Shmem:             15064 kB
Slab:             182800 kB
SReclaimable:      45824 kB
SUnreclaim:       136976 kB
KernelStack:       38928 kB
PageTables:        51080 kB
NFS_Unstable:          0 kB
Bounce:                0 kB
WritebackTmp:          0 kB
CommitLimit:     7105828 kB
Committed_AS:   61659148 kB
VmallocTotal:   263061440 kB
VmallocUsed:       64040 kB
VmallocChunk:          0 kB
Percpu:             2304 kB
CmaTotal:         294912 kB
CmaFree:               0 kB
MemTotal:       12114512 kB
MemFree:         7441492 kB
MemAvailable:    8988060 kB
Buffers:            3832 kB
Cached:          1240952 kB
SwapCached:            0 kB
Active:          1228736 kB
Inactive:        1035672 kB
Active(anon):    1023840 kB
Inactive(anon):    14104 kB
Active(file):     204896 kB
Inactive(file):  1021568 kB
Unevictable:        4124 kB
Mlocked:            4124 kB
SwapTotal:       1048572 kB
SwapFree:        1048572 kB
Dirty:               136 kB
Writeback:             0 kB
AnonPages:       1023892 kB
Mapped:           800408 kB
Shmem:             15064 kB
Slab:             182784 kB
SReclaimable:      45808 kB
SUnreclaim:       136976 kB
KernelStack:       38912 kB
PageTables:        51080 kB
NFS_Unstable:          0 kB
Bounce:                0 kB
WritebackTmp:          0 kB
CommitLimit:     7105828 kB
Committed_AS:   61658796 kB
VmallocTotal:   263061440 kB
VmallocUsed:       64024 kB
VmallocChunk:          0 kB
Percpu:             2304 kB
CmaTotal:         294912 kB
CmaFree:               0 kB
MemTotal:       12114512 kB
MemFree:         7440932 kB
MemAvailable:    8987500 kB
Buffers:            3832 kB
Cached:          1240952 kB
SwapCached:            0 kB
Active:          1229096 kB
Inactive:        1035672 kB
Active(anon):    1024200 kB
Inactive(anon):    14104 kB
Active(file):     204896 kB
Inactive(file):  1021568 kB
Unevictable:        4124 kB
Mlocked:            4124 kB
SwapTotal:       1048572 kB
SwapFree:        1048572 kB
Dirty:               152 kB
Writeback:             0 kB
AnonPages:       1024044 kB
Mapped:           800408 kB
Shmem:             15064 kB
Slab:             182784 kB
SReclaimable:      45808 kB
SUnreclaim:       136976 kB
KernelStack:       38896 kB
PageTables:        51080 kB
NFS_Unstable:          0 kB
Bounce:                0 kB
WritebackTmp:          0 kB
CommitLimit:     7105828 kB
Committed_AS:   61658988 kB
VmallocTotal:   263061440 kB
VmallocUsed:       64008 kB
VmallocChunk:          0 kB
Percpu:             2304 kB
CmaTotal:         294912 kB
CmaFree:               0 kB
MemTotal:       12114512 kB
MemFree:         7441196 kB
MemAvailable:    8987772 kB
Buffers:            3832 kB
Cached:          1240952 kB
SwapCached:            0 kB
Active:          1229128 kB
Inactive:        1035672 kB
Active(anon):    1024232 kB
Inactive(anon):    14104 kB
Active(file):     204896 kB
Inactive(file):  1021568 kB
Unevictable:        4124 kB
Mlocked:            4124 kB
SwapTotal:       1048572 kB
SwapFree:        1048572 kB
Dirty:               172 kB
Writeback:             0 kB
AnonPages:       1024184 kB
Mapped:           800408 kB
Shmem:             15064 kB
Slab:             182800 kB
SReclaimable:      45824 kB
SUnreclaim:       136976 kB
KernelStack:       38896 kB
PageTables:        51080 kB
NFS_Unstable:          0 kB
Bounce:                0 kB
WritebackTmp:          0 kB
CommitLimit:     7105828 kB
Committed_AS:   61658644 kB
VmallocTotal:   263061440 kB
VmallocUsed:       64008 kB
VmallocChunk:          0 kB
Percpu:             2304 kB
CmaTotal:         294912 kB
CmaFree:               0 kB
MemTotal:       12114512 kB
MemFree:         7440744 kB
MemAvailable:    8987312 kB
Buffers:            3832 kB
Cached:          1240952 kB
SwapCached:            0 kB
Active:          1229364 kB
Inactive:        1035672 kB
Active(anon):    1024468 kB
Inactive(anon):    14104 kB
Active(file):     204896 kB
Inactive(file):  1021568 kB
Unevictable:        4124 kB
Mlocked:            4124 kB
SwapTotal:       1048572 kB
SwapFree:        1048572 kB
Dirty:               172 kB
Writeback:             0 kB
AnonPages:       1023920 kB
Mapped:           800408 kB
Shmem:             15064 kB
Slab:             182784 kB
SReclaimable:      45808 kB
SUnreclaim:       136976 kB
KernelStack:       38896 kB
PageTables:        51080 kB
NFS_Unstable:          0 kB
Bounce:                0 kB
WritebackTmp:          0 kB
CommitLimit:     7105828 kB
Committed_AS:   61658248 kB
VmallocTotal:   263061440 kB
VmallocUsed:       64008 kB
VmallocChunk:          0 kB
Percpu:             2304 kB
CmaTotal:         294912 kB
CmaFree:               0 kB
MemTotal:       12114512 kB
MemFree:         7440608 kB
MemAvailable:    8987176 kB
Buffers:            3832 kB
Cached:          1240952 kB
SwapCached:            0 kB
Active:          1229380 kB
Inactive:        1035672 kB
Active(anon):    1024484 kB
Inactive(anon):    14104 kB
Active(file):     204896 kB
Inactive(file):  1021568 kB
Unevictable:        4124 kB
Mlocked:            4124 kB
SwapTotal:       1048572 kB
SwapFree:        1048572 kB
Dirty:               136 kB
Writeback:             0 kB
AnonPages:       1024472 kB
Mapped:           800408 kB
Shmem:             15064 kB
Slab:             182784 kB
SReclaimable:      45808 kB
SUnreclaim:       136976 kB
KernelStack:       38896 kB
PageTables:        51080 kB
NFS_Unstable:          0 kB
Bounce:                0 kB
WritebackTmp:          0 kB
CommitLimit:     7105828 kB
Committed_AS:   61657940 kB
VmallocTotal:   263061440 kB
VmallocUsed:       64008 kB
VmallocChunk:          0 kB
Percpu:             2304 kB
CmaTotal:         294912 kB
CmaFree:               0 kB
MemTotal:       12114512 kB
MemFree:         7440468 kB
MemAvailable:    8987036 kB
Buffers:            3832 kB
Cached:          1240952 kB
SwapCached:            0 kB
Active:          1229400 kB
Inactive:        1035672 kB
Active(anon):    1024504 kB
Inactive(anon):    14104 kB
Active(file):     204896 kB
Inactive(file):  1021568 kB
Unevictable:        4124 kB
Mlocked:            4124 kB
SwapTotal:       1048572 kB
SwapFree:        1048572 kB
Dirty:               136 kB
Writeback:             0 kB
AnonPages:       1024448 kB
Mapped:           800408 kB
Shmem:             15064 kB
Slab:             182784 kB
SReclaimable:      45808 kB
SUnreclaim:       136976 kB
KernelStack:       38896 kB
PageTables:        51080 kB
NFS_Unstable:          0 kB
Bounce:                0 kB
WritebackTmp:          0 kB
CommitLimit:     7105828 kB
Committed_AS:   61657544 kB
VmallocTotal:   263061440 kB
VmallocUsed:       63992 kB
VmallocChunk:          0 kB
Percpu:             2304 kB
CmaTotal:         294912 kB
CmaFree:               0 kB
MemTotal:       12114512 kB
MemFree:         7440096 kB
MemAvailable:    8986672 kB
Buffers:            3832 kB
Cached:          1240952 kB
SwapCached:            0 kB
Active:          1229616 kB
Inactive:        1035672 kB
Active(anon):    1024720 kB
Inactive(anon):    14104 kB
Active(file):     204896 kB
Inactive(file):  1021568 kB
Unevictable:        4124 kB
Mlocked:            4124 kB
SwapTotal:       1048572 kB
SwapFree:        1048572 kB
Dirty:               136 kB
Writeback:             0 kB
AnonPages:       1024892 kB
Mapped:           800408 kB
Shmem:             15064 kB
Slab:             182792 kB
SReclaimable:      45824 kB
SUnreclaim:       136968 kB
KernelStack:       38896 kB
PageTables:        51080 kB
NFS_Unstable:          0 kB
Bounce:                0 kB
WritebackTmp:          0 kB
CommitLimit:     7105828 kB
Committed_AS:   61657280 kB
VmallocTotal:   263061440 kB
VmallocUsed:       64008 kB
VmallocChunk:          0 kB
Percpu:             2304 kB
CmaTotal:         294912 kB
CmaFree:               0 kB
MemTotal:       12114512 kB
MemFree:         7440304 kB
MemAvailable:    8986880 kB
Buffers:            3832 kB
Cached:          1240952 kB
SwapCached:            0 kB
Active:          1229872 kB
Inactive:        1035672 kB
Active(anon):    1024976 kB
Inactive(anon):    14104 kB
Active(file):     204896 kB
Inactive(file):  1021568 kB
Unevictable:        4124 kB
Mlocked:            4124 kB
SwapTotal:       1048572 kB
SwapFree:        1048572 kB
Dirty:               136 kB
Writeback:             0 kB
AnonPages:       1024892 kB
Mapped:           800408 kB
Shmem:             15064 kB
Slab:             182800 kB
SReclaimable:      45824 kB
SUnreclaim:       136976 kB
KernelStack:       38896 kB
PageTables:        51080 kB
NFS_Unstable:          0 kB
Bounce:                0 kB
WritebackTmp:          0 kB
CommitLimit:     7105828 kB
Committed_AS:   61656928 kB
VmallocTotal:   263061440 kB
VmallocUsed:       64008 kB
VmallocChunk:          0 kB
Percpu:             2304 kB
CmaTotal:         294912 kB
CmaFree:               0 kB
MemTotal:       12114512 kB
MemFree:         7440032 kB
MemAvailable:    8986608 kB
Buffers:            3832 kB
Cached:          1240952 kB
SwapCached:            0 kB
Active:          1230072 kB
Inactive:        1035672 kB
Active(anon):    1025176 kB
Inactive(anon):    14104 kB
Active(file):     204896 kB
Inactive(file):  1021568 kB
Unevictable:        4124 kB
Mlocked:            4124 kB
SwapTotal:       1048572 kB
SwapFree:        1048572 kB
Dirty:               136 kB
Writeback:             0 kB
AnonPages:       1025132 kB
Mapped:           800404 kB
Shmem:             15064 kB
Slab:             182800 kB
SReclaimable:      45824 kB
SUnreclaim:       136976 kB
KernelStack:       38816 kB
PageTables:        51080 kB
NFS_Unstable:          0 kB
Bounce:                0 kB
WritebackTmp:          0 kB
CommitLimit:     7105828 kB
Committed_AS:   61657052 kB
VmallocTotal:   263061440 kB
VmallocUsed:       63896 kB
VmallocChunk:          0 kB
Percpu:             2304 kB
CmaTotal:         294912 kB
CmaFree:               0 kB
MemTotal:       12114512 kB
MemFree:         7439884 kB
MemAvailable:    8986452 kB
Buffers:            3832 kB
Cached:          1240952 kB
SwapCached:            0 kB
Active:          1230188 kB
Inactive:        1035672 kB
Active(anon):    1025292 kB
Inactive(anon):    14104 kB
Active(file):     204896 kB
Inactive(file):  1021568 kB
Unevictable:        4124 kB
Mlocked:            4124 kB
SwapTotal:       1048572 kB
SwapFree:        1048572 kB
Dirty:               164 kB
Writeback:             0 kB
AnonPages:       1025056 kB
Mapped:           800408 kB
Shmem:             15064 kB
Slab:             182784 kB
SReclaimable:      45808 kB
SUnreclaim:       136976 kB
KernelStack:       38688 kB
PageTables:        51072 kB
NFS_Unstable:          0 kB
Bounce:                0 kB
WritebackTmp:          0 kB
CommitLimit:     7105828 kB
Committed_AS:   61656700 kB
VmallocTotal:   263061440 kB
VmallocUsed:       63800 kB
VmallocChunk:          0 kB
Percpu:             2304 kB
CmaTotal:         294912 kB
CmaFree:               0 kB
MemTotal:       12114512 kB
MemFree:         7452896 kB
MemAvailable:    8602872 kB
Buffers:            3832 kB
Cached:          1240996 kB
SwapCached:            0 kB
Active:          1217732 kB
Inactive:        1035716 kB
Active(anon):    1012836 kB
Inactive(anon):    14148 kB
Active(file):     204896 kB
Inactive(file):  1021568 kB
Unevictable:        4124 kB
Mlocked:            4124 kB
SwapTotal:       1048572 kB
SwapFree:        1048572 kB
Dirty:               180 kB
Writeback:             0 kB
AnonPages:       1012880 kB
Mapped:           800928 kB
Shmem:             15108 kB
Slab:             182784 kB
SReclaimable:      45808 kB
SUnreclaim:       136976 kB
KernelStack:       38704 kB
PageTables:        52168 kB
NFS_Unstable:          0 kB
Bounce:                0 kB
WritebackTmp:          0 kB
CommitLimit:     7105828 kB
Committed_AS:   61657688 kB
VmallocTotal:   263061440 kB
VmallocUsed:       63784 kB
VmallocChunk:          0 kB
Percpu:             2304 kB
CmaTotal:         294912 kB
CmaFree:               0 kB
MemTotal:       12114512 kB
MemFree:         7455820 kB
MemAvailable:    8605780 kB
Buffers:            3832 kB
Cached:          1240996 kB
SwapCached:            0 kB
Active:          1214028 kB
Inactive:        1035716 kB
Active(anon):    1009132 kB
Inactive(anon):    14148 kB
Active(file):     204896 kB
Inactive(file):  1021568 kB
Unevictable:        4124 kB
Mlocked:            4124 kB
SwapTotal:       1048572 kB
SwapFree:        1048572 kB
Dirty:               180 kB
Writeback:             0 kB
AnonPages:       1009032 kB
Mapped:           800936 kB
Shmem:             15108 kB
Slab:             182780 kB
SReclaimable:      45808 kB
SUnreclaim:       136972 kB
KernelStack:       38704 kB
PageTables:        52172 kB
NFS_Unstable:          0 kB
Bounce:                0 kB
WritebackTmp:          0 kB
CommitLimit:     7105828 kB
Committed_AS:   61658784 kB
VmallocTotal:   263061440 kB
VmallocUsed:       63784 kB
VmallocChunk:          0 kB
Percpu:             2304 kB
CmaTotal:         294912 kB
CmaFree:             632 kB
MemTotal:       12114512 kB
MemFree:         7452404 kB
MemAvailable:    8602364 kB
Buffers:            3832 kB
Cached:          1240996 kB
SwapCached:            0 kB
Active:          1216424 kB
Inactive:        1035716 kB
Active(anon):    1011528 kB
Inactive(anon):    14148 kB
Active(file):     204896 kB
Inactive(file):  1021568 kB
Unevictable:        4124 kB
Mlocked:            4124 kB
SwapTotal:       1048572 kB
SwapFree:        1048572 kB
Dirty:               184 kB
Writeback:             0 kB
AnonPages:       1011656 kB
Mapped:           800952 kB
Shmem:             15108 kB
Slab:             182768 kB
SReclaimable:      45808 kB
SUnreclaim:       136960 kB
KernelStack:       38704 kB
PageTables:        52176 kB
NFS_Unstable:          0 kB
Bounce:                0 kB
WritebackTmp:          0 kB
CommitLimit:     7105828 kB
Committed_AS:   61658096 kB
VmallocTotal:   263061440 kB
VmallocUsed:       63800 kB
VmallocChunk:          0 kB
Percpu:             2304 kB
CmaTotal:         294912 kB
CmaFree:               0 kB
MemTotal:       12114512 kB
MemFree:         7451916 kB
MemAvailable:    8601876 kB
Buffers:            3832 kB
Cached:          1240996 kB
SwapCached:            0 kB
Active:          1216572 kB
Inactive:        1035716 kB
Active(anon):    1011676 kB
Inactive(anon):    14148 kB
Active(file):     204896 kB
Inactive(file):  1021568 kB
Unevictable:        4124 kB
Mlocked:            4124 kB
SwapTotal:       1048572 kB
SwapFree:        1048572 kB
Dirty:               184 kB
Writeback:             0 kB
AnonPages:       1011908 kB
Mapped:           800952 kB
Shmem:             15108 kB
Slab:             182792 kB
SReclaimable:      45808 kB
SUnreclaim:       136984 kB
KernelStack:       38688 kB
PageTables:        52176 kB
NFS_Unstable:          0 kB
Bounce:                0 kB
WritebackTmp:          0 kB
CommitLimit:     7105828 kB
Committed_AS:   61657920 kB
VmallocTotal:   263061440 kB
VmallocUsed:       63784 kB
VmallocChunk:          0 kB
Percpu:             2304 kB
CmaTotal:         294912 kB
CmaFree:               0 kB
MemTotal:       12114512 kB
MemFree:         7451300 kB
MemAvailable:    8601260 kB
Buffers:            3832 kB
Cached:          1240996 kB
SwapCached:            0 kB
Active:          1216852 kB
Inactive:        1035716 kB
Active(anon):    1011956 kB
Inactive(anon):    14148 kB
Active(file):     204896 kB
Inactive(file):  1021568 kB
Unevictable:        4124 kB
Mlocked:            4124 kB
SwapTotal:       1048572 kB
SwapFree:        1048572 kB
Dirty:               172 kB
Writeback:             0 kB
AnonPages:       1012220 kB
Mapped:           800952 kB
Shmem:             15108 kB
Slab:             182784 kB
SReclaimable:      45808 kB
SUnreclaim:       136976 kB
KernelStack:       38640 kB
PageTables:        52168 kB
NFS_Unstable:          0 kB
Bounce:                0 kB
WritebackTmp:          0 kB
CommitLimit:     7105828 kB
Committed_AS:   61657568 kB
VmallocTotal:   263061440 kB
VmallocUsed:       63736 kB
VmallocChunk:          0 kB
Percpu:             2304 kB
CmaTotal:         294912 kB
CmaFree:               0 kB
MemTotal:       12114512 kB
MemFree:         7451748 kB
MemAvailable:    8601716 kB
Buffers:            3832 kB
Cached:          1241004 kB
SwapCached:            0 kB
Active:          1217312 kB
Inactive:        1035720 kB
Active(anon):    1012412 kB
Inactive(anon):    14148 kB
Active(file):     204900 kB
Inactive(file):  1021572 kB
Unevictable:        4124 kB
Mlocked:            4124 kB
SwapTotal:       1048572 kB
SwapFree:        1048572 kB
Dirty:               180 kB
Writeback:            16 kB
AnonPages:       1012188 kB
Mapped:           800952 kB
Shmem:             15108 kB
Slab:             182784 kB
SReclaimable:      45808 kB
SUnreclaim:       136976 kB
KernelStack:       38640 kB
PageTables:        52168 kB
NFS_Unstable:          0 kB
Bounce:                0 kB
WritebackTmp:          0 kB
CommitLimit:     7105828 kB
Committed_AS:   61657436 kB
VmallocTotal:   263061440 kB
VmallocUsed:       63736 kB
VmallocChunk:          0 kB
Percpu:             2304 kB
CmaTotal:         294912 kB
CmaFree:               0 kB
MemTotal:       12114512 kB
MemFree:         7451692 kB
MemAvailable:    8601652 kB
Buffers:            3832 kB
Cached:          1240996 kB
SwapCached:            0 kB
Active:          1217712 kB
Inactive:        1035716 kB
Active(anon):    1012816 kB
Inactive(anon):    14148 kB
Active(file):     204896 kB
Inactive(file):  1021568 kB
Unevictable:        4124 kB
Mlocked:            4124 kB
SwapTotal:       1048572 kB
SwapFree:        1048572 kB
Dirty:               176 kB
Writeback:             0 kB
AnonPages:       1012572 kB
Mapped:           800956 kB
Shmem:             15108 kB
Slab:             182784 kB
SReclaimable:      45808 kB
SUnreclaim:       136976 kB
KernelStack:       38624 kB
PageTables:        52172 kB
NFS_Unstable:          0 kB
Bounce:                0 kB
WritebackTmp:          0 kB
CommitLimit:     7105828 kB
Committed_AS:   61657040 kB
VmallocTotal:   263061440 kB
VmallocUsed:       63752 kB
VmallocChunk:          0 kB
Percpu:             2304 kB
CmaTotal:         294912 kB
CmaFree:               0 kB
MemTotal:       12114512 kB
MemFree:         7451512 kB
MemAvailable:    8601472 kB
Buffers:            3832 kB
Cached:          1240996 kB
SwapCached:            0 kB
Active:          1217832 kB
Inactive:        1035716 kB
Active(anon):    1012936 kB
Inactive(anon):    14148 kB
Active(file):     204896 kB
Inactive(file):  1021568 kB
Unevictable:        4124 kB
Mlocked:            4124 kB
SwapTotal:       1048572 kB
SwapFree:        1048572 kB
Dirty:               176 kB
Writeback:             0 kB
AnonPages:       1012880 kB
Mapped:           800952 kB
Shmem:             15108 kB
Slab:             182784 kB
SReclaimable:      45808 kB
SUnreclaim:       136976 kB
KernelStack:       38640 kB
PageTables:        52168 kB
NFS_Unstable:          0 kB
Bounce:                0 kB
WritebackTmp:          0 kB
CommitLimit:     7105828 kB
Committed_AS:   61656444 kB
VmallocTotal:   263061440 kB
VmallocUsed:       63720 kB
VmallocChunk:          0 kB
Percpu:             2304 kB
CmaTotal:         294912 kB
CmaFree:               0 kB
MemTotal:       12114512 kB
MemFree:         7450888 kB
MemAvailable:    8600848 kB
Buffers:            3832 kB
Cached:          1240996 kB
SwapCached:            0 kB
Active:          1217908 kB
Inactive:        1035716 kB
Active(anon):    1013012 kB
Inactive(anon):    14148 kB
Active(file):     204896 kB
Inactive(file):  1021568 kB
Unevictable:        4124 kB
Mlocked:            4124 kB
SwapTotal:       1048572 kB
SwapFree:        1048572 kB
Dirty:               180 kB
Writeback:             0 kB
AnonPages:       1013320 kB
Mapped:           800952 kB
Shmem:             15108 kB
Slab:             182784 kB
SReclaimable:      45808 kB
SUnreclaim:       136976 kB
KernelStack:       38640 kB
PageTables:        52168 kB
NFS_Unstable:          0 kB
Bounce:                0 kB
WritebackTmp:          0 kB
CommitLimit:     7105828 kB
Committed_AS:   61660252 kB
VmallocTotal:   263061440 kB
VmallocUsed:       63736 kB
VmallocChunk:          0 kB
Percpu:             2304 kB
CmaTotal:         294912 kB
CmaFree:               0 kB
MemTotal:       12114512 kB
MemFree:         7450736 kB
MemAvailable:    8600696 kB
Buffers:            3832 kB
Cached:          1240996 kB
SwapCached:            0 kB
Active:          1218324 kB
Inactive:        1035716 kB
Active(anon):    1013428 kB
Inactive(anon):    14148 kB
Active(file):     204896 kB
Inactive(file):  1021568 kB
Unevictable:        4124 kB
Mlocked:            4124 kB
SwapTotal:       1048572 kB
SwapFree:        1048572 kB
Dirty:               152 kB
Writeback:             0 kB
AnonPages:       1013404 kB
Mapped:           800952 kB
Shmem:             15108 kB
Slab:             182784 kB
SReclaimable:      45808 kB
SUnreclaim:       136976 kB
KernelStack:       38640 kB
PageTables:        52168 kB
NFS_Unstable:          0 kB
Bounce:                0 kB
WritebackTmp:          0 kB
CommitLimit:     7105828 kB
Committed_AS:   61660124 kB
VmallocTotal:   263061440 kB
VmallocUsed:       63752 kB
VmallocChunk:          0 kB
Percpu:             2304 kB
CmaTotal:         294912 kB
CmaFree:               0 kB
MemTotal:       12114512 kB
MemFree:         7450012 kB
MemAvailable:    8599972 kB
Buffers:            3832 kB
Cached:          1240996 kB
SwapCached:            0 kB
Active:          1219648 kB
Inactive:        1035716 kB
Active(anon):    1014752 kB
Inactive(anon):    14148 kB
Active(file):     204896 kB
Inactive(file):  1021568 kB
Unevictable:        4124 kB
Mlocked:            4124 kB
SwapTotal:       1048572 kB
SwapFree:        1048572 kB
Dirty:               152 kB
Writeback:             0 kB
AnonPages:       1014556 kB
Mapped:           801112 kB
Shmem:             15108 kB
Slab:             182776 kB
SReclaimable:      45808 kB
SUnreclaim:       136968 kB
KernelStack:       38672 kB
PageTables:        52216 kB
NFS_Unstable:          0 kB
Bounce:                0 kB
WritebackTmp:          0 kB
CommitLimit:     7105828 kB
Committed_AS:   61655064 kB
VmallocTotal:   263061440 kB
VmallocUsed:       63752 kB
VmallocChunk:          0 kB
Percpu:             2304 kB
CmaTotal:         294912 kB
CmaFree:               0 kB
MemTotal:       12114512 kB
MemFree:         7450200 kB
MemAvailable:    8600160 kB
Buffers:            3832 kB
Cached:          1240996 kB
SwapCached:            0 kB
Active:          1218836 kB
Inactive:        1035716 kB
Active(anon):    1013940 kB
Inactive(anon):    14148 kB
Active(file):     204896 kB
Inactive(file):  1021568 kB
Unevictable:        4124 kB
Mlocked:            4124 kB
SwapTotal:       1048572 kB
SwapFree:        1048572 kB
Dirty:               168 kB
Writeback:             0 kB
AnonPages:       1013912 kB
Mapped:           800952 kB
Shmem:             15108 kB
Slab:             182780 kB
SReclaimable:      45808 kB
SUnreclaim:       136972 kB
KernelStack:       38640 kB
PageTables:        52168 kB
NFS_Unstable:          0 kB
Bounce:                0 kB
WritebackTmp:          0 kB
CommitLimit:     7105828 kB
Committed_AS:   61659940 kB
VmallocTotal:   263061440 kB
VmallocUsed:       63752 kB
VmallocChunk:          0 kB
Percpu:             2304 kB
CmaTotal:         294912 kB
CmaFree:               0 kB
MemTotal:       12114512 kB
MemFree:         7450248 kB
MemAvailable:    8600208 kB
Buffers:            3832 kB
Cached:          1240996 kB
SwapCached:            0 kB
Active:          1218564 kB
Inactive:        1035716 kB
Active(anon):    1013668 kB
Inactive(anon):    14148 kB
Active(file):     204896 kB
Inactive(file):  1021568 kB
Unevictable:        4124 kB
Mlocked:            4124 kB
SwapTotal:       1048572 kB
SwapFree:        1048572 kB
Dirty:               168 kB
Writeback:             0 kB
AnonPages:       1013624 kB
Mapped:           800952 kB
Shmem:             15108 kB
Slab:             182800 kB
SReclaimable:      45808 kB
SUnreclaim:       136992 kB
KernelStack:       38640 kB
PageTables:        52168 kB
NFS_Unstable:          0 kB
Bounce:                0 kB
WritebackTmp:          0 kB
CommitLimit:     7105828 kB
Committed_AS:   61661668 kB
VmallocTotal:   263061440 kB
VmallocUsed:       63736 kB
VmallocChunk:          0 kB
Percpu:             2304 kB
CmaTotal:         294912 kB
CmaFree:               4 kB
MemTotal:       12114512 kB
MemFree:         7449876 kB
MemAvailable:    8599836 kB
Buffers:            3832 kB
Cached:          1240996 kB
SwapCached:            0 kB
Active:          1218892 kB
Inactive:        1035716 kB
Active(anon):    1013996 kB
Inactive(anon):    14148 kB
Active(file):     204896 kB
Inactive(file):  1021568 kB
Unevictable:        4124 kB
Mlocked:            4124 kB
SwapTotal:       1048572 kB
SwapFree:        1048572 kB
Dirty:               172 kB
Writeback:             0 kB
AnonPages:       1014052 kB
Mapped:           801248 kB
Shmem:             15108 kB
Slab:             182792 kB
SReclaimable:      45808 kB
SUnreclaim:       136984 kB
KernelStack:       38640 kB
PageTables:        52168 kB
NFS_Unstable:          0 kB
Bounce:                0 kB
WritebackTmp:          0 kB
CommitLimit:     7105828 kB
Committed_AS:   61655352 kB
VmallocTotal:   263061440 kB
VmallocUsed:       63704 kB
VmallocChunk:          0 kB
Percpu:             2304 kB
CmaTotal:         294912 kB
CmaFree:               0 kB
MemTotal:       12114512 kB
MemFree:         7449656 kB
MemAvailable:    8599616 kB
Buffers:            3832 kB
Cached:          1240996 kB
SwapCached:            0 kB
Active:          1219328 kB
Inactive:        1035716 kB
Active(anon):    1014432 kB
Inactive(anon):    14148 kB
Active(file):     204896 kB
Inactive(file):  1021568 kB
Unevictable:        4124 kB
Mlocked:            4124 kB
SwapTotal:       1048572 kB
SwapFree:        1048572 kB
Dirty:               152 kB
Writeback:             0 kB
AnonPages:       1014252 kB
Mapped:           800988 kB
Shmem:             15108 kB
Slab:             182784 kB
SReclaimable:      45808 kB
SUnreclaim:       136976 kB
KernelStack:       38640 kB
PageTables:        52168 kB
NFS_Unstable:          0 kB
Bounce:                0 kB
WritebackTmp:          0 kB
CommitLimit:     7105828 kB
Committed_AS:   61655000 kB
VmallocTotal:   263061440 kB
VmallocUsed:       63720 kB
VmallocChunk:          0 kB
Percpu:             2304 kB
CmaTotal:         294912 kB
CmaFree:               0 kB
MemTotal:       12114512 kB
MemFree:         7450052 kB
MemAvailable:    8600012 kB
Buffers:            3832 kB
Cached:          1240996 kB
SwapCached:            0 kB
Active:          1219560 kB
Inactive:        1035716 kB
Active(anon):    1014664 kB
Inactive(anon):    14148 kB
Active(file):     204896 kB
Inactive(file):  1021568 kB
Unevictable:        4124 kB
Mlocked:            4124 kB
SwapTotal:       1048572 kB
SwapFree:        1048572 kB
Dirty:               152 kB
Writeback:             0 kB
AnonPages:       1014612 kB
Mapped:           800988 kB
Shmem:             15108 kB
Slab:             182792 kB
SReclaimable:      45808 kB
SUnreclaim:       136984 kB
KernelStack:       38640 kB
PageTables:        52168 kB
NFS_Unstable:          0 kB
Bounce:                0 kB
WritebackTmp:          0 kB
CommitLimit:     7105828 kB
Committed_AS:   61656752 kB
VmallocTotal:   263061440 kB
VmallocUsed:       63752 kB
VmallocChunk:          0 kB
Percpu:             2304 kB
CmaTotal:         294912 kB
CmaFree:               0 kB
MemTotal:       12114512 kB
MemFree:         7449916 kB
MemAvailable:    8599880 kB
Buffers:            3832 kB
Cached:          1241000 kB
SwapCached:            0 kB
Active:          1219528 kB
Inactive:        1035720 kB
Active(anon):    1014632 kB
Inactive(anon):    14148 kB
Active(file):     204896 kB
Inactive(file):  1021572 kB
Unevictable:        4124 kB
Mlocked:            4124 kB
SwapTotal:       1048572 kB
SwapFree:        1048572 kB
