MemTotal:       12114512 kB
MemFree:         7564288 kB
MemAvailable:    8655612 kB
Buffers:            3748 kB
Cached:          1232128 kB
SwapCached:            0 kB
Active:          1145764 kB
Inactive:        1043692 kB
Active(anon):     957648 kB
Inactive(anon):    14052 kB
Active(file):     188116 kB
Inactive(file):  1029640 kB
Unevictable:        4124 kB
Mlocked:            4124 kB
SwapTotal:       1048572 kB
SwapFree:        1048572 kB
Dirty:                44 kB
Writeback:             0 kB
AnonPages:        957640 kB
Mapped:           778556 kB
Shmem:             14864 kB
Slab:             180052 kB
SReclaimable:      45024 kB
SUnreclaim:       135028 kB
KernelStack:       37200 kB
PageTables:        50916 kB
NFS_Unstable:          0 kB
Bounce:                0 kB
WritebackTmp:          0 kB
CommitLimit:     7105828 kB
Committed_AS:   60678276 kB
VmallocTotal:   263061440 kB
VmallocUsed:       62204 kB
VmallocChunk:          0 kB
Percpu:             2304 kB
CmaTotal:         294912 kB
CmaFree:             172 kB
MemTotal:       12114512 kB
MemFree:         7564636 kB
MemAvailable:    8656720 kB
Buffers:            3748 kB
Cached:          1232104 kB
SwapCached:            0 kB
Active:          1145288 kB
Inactive:        1043672 kB
Active(anon):     957176 kB
Inactive(anon):    14052 kB
Active(file):     188112 kB
Inactive(file):  1029620 kB
Unevictable:        4124 kB
Mlocked:            4124 kB
SwapTotal:       1048572 kB
SwapFree:        1048572 kB
Dirty:                44 kB
Writeback:             0 kB
AnonPages:        957400 kB
Mapped:           777800 kB
Shmem:             14864 kB
Slab:             180060 kB
SReclaimable:      45056 kB
SUnreclaim:       135004 kB
KernelStack:       37200 kB
PageTables:        50936 kB
NFS_Unstable:          0 kB
Bounce:                0 kB
WritebackTmp:          0 kB
CommitLimit:     7105828 kB
Committed_AS:   60683520 kB
VmallocTotal:   263061440 kB
VmallocUsed:       62236 kB
VmallocChunk:          0 kB
Percpu:             2304 kB
CmaTotal:         294912 kB
CmaFree:             124 kB
MemTotal:       12114512 kB
MemFree:         7524064 kB
MemAvailable:    8630828 kB
Buffers:            3748 kB
Cached:          1232116 kB
SwapCached:            0 kB
Active:          1186208 kB
Inactive:        1043816 kB
Active(anon):     998084 kB
Inactive(anon):    14180 kB
Active(file):     188124 kB
Inactive(file):  1029636 kB
Unevictable:        4124 kB
Mlocked:            4124 kB
SwapTotal:       1048572 kB
SwapFree:        1048572 kB
Dirty:               140 kB
Writeback:             0 kB
AnonPages:        998508 kB
Mapped:           778584 kB
Shmem:             14848 kB
Slab:             180104 kB
SReclaimable:      45076 kB
SUnreclaim:       135028 kB
KernelStack:       37248 kB
PageTables:        50924 kB
NFS_Unstable:          0 kB
Bounce:                0 kB
WritebackTmp:          0 kB
CommitLimit:     7105828 kB
Committed_AS:   60718012 kB
VmallocTotal:   263061440 kB
VmallocUsed:       62236 kB
VmallocChunk:          0 kB
Percpu:             2304 kB
CmaTotal:         294912 kB
CmaFree:              96 kB
MemTotal:       12114512 kB
MemFree:         7551396 kB
MemAvailable:    8658204 kB
Buffers:            3748 kB
Cached:          1234964 kB
SwapCached:            0 kB
Active:          1154196 kB
Inactive:        1046508 kB
Active(anon):     966072 kB
Inactive(anon):    16828 kB
Active(file):     188124 kB
Inactive(file):  1029680 kB
Unevictable:        4124 kB
Mlocked:            4124 kB
SwapTotal:       1048572 kB
SwapFree:        1048572 kB
Dirty:               224 kB
Writeback:             0 kB
AnonPages:        965924 kB
Mapped:           781776 kB
Shmem:             17652 kB
Slab:             180104 kB
SReclaimable:      45076 kB
SUnreclaim:       135028 kB
KernelStack:       37264 kB
PageTables:        50924 kB
NFS_Unstable:          0 kB
Bounce:                0 kB
WritebackTmp:          0 kB
CommitLimit:     7105828 kB
Committed_AS:   60717700 kB
VmallocTotal:   263061440 kB
VmallocUsed:       62268 kB
VmallocChunk:          0 kB
Percpu:             2304 kB
CmaTotal:         294912 kB
CmaFree:             512 kB
MemTotal:       12114512 kB
MemFree:         7555604 kB
MemAvailable:    8662412 kB
Buffers:            3748 kB
Cached:          1232104 kB
SwapCached:            0 kB
Active:          1153568 kB
Inactive:        1043648 kB
Active(anon):     965444 kB
Inactive(anon):    13968 kB
Active(file):     188124 kB
Inactive(file):  1029680 kB
Unevictable:        4124 kB
Mlocked:            4124 kB
SwapTotal:       1048572 kB
SwapFree:        1048572 kB
Dirty:               232 kB
Writeback:             0 kB
AnonPages:        965680 kB
Mapped:           778916 kB
Shmem:             14792 kB
Slab:             180088 kB
SReclaimable:      45076 kB
SUnreclaim:       135012 kB
KernelStack:       37280 kB
PageTables:        50924 kB
NFS_Unstable:          0 kB
Bounce:                0 kB
WritebackTmp:          0 kB
CommitLimit:     7105828 kB
Committed_AS:   60717348 kB
VmallocTotal:   263061440 kB
VmallocUsed:       62284 kB
VmallocChunk:          0 kB
Percpu:             2304 kB
CmaTotal:         294912 kB
CmaFree:               0 kB
MemTotal:       12114512 kB
MemFree:         7556084 kB
MemAvailable:    8662884 kB
Buffers:            3748 kB
Cached:          1232104 kB
SwapCached:            0 kB
Active:          1153788 kB
Inactive:        1043648 kB
Active(anon):     965664 kB
Inactive(anon):    13968 kB
Active(file):     188124 kB
Inactive(file):  1029680 kB
Unevictable:        4124 kB
Mlocked:            4124 kB
SwapTotal:       1048572 kB
SwapFree:        1048572 kB
Dirty:               236 kB
Writeback:             0 kB
AnonPages:        965688 kB
Mapped:           778916 kB
Shmem:             14792 kB
Slab:             180072 kB
SReclaimable:      45060 kB
SUnreclaim:       135012 kB
KernelStack:       37248 kB
PageTables:        50924 kB
NFS_Unstable:          0 kB
Bounce:                0 kB
WritebackTmp:          0 kB
CommitLimit:     7105828 kB
Committed_AS:   60716952 kB
VmallocTotal:   263061440 kB
VmallocUsed:       62268 kB
VmallocChunk:          0 kB
Percpu:             2304 kB
CmaTotal:         294912 kB
CmaFree:               0 kB
MemTotal:       12114512 kB
MemFree:         7555444 kB
MemAvailable:    8662244 kB
Buffers:            3748 kB
Cached:          1232008 kB
SwapCached:            0 kB
Active:          1154292 kB
Inactive:        1043552 kB
Active(anon):     966168 kB
Inactive(anon):    13872 kB
Active(file):     188124 kB
Inactive(file):  1029680 kB
Unevictable:        4124 kB
Mlocked:            4124 kB
SwapTotal:       1048572 kB
SwapFree:        1048572 kB
Dirty:                88 kB
Writeback:           208 kB
AnonPages:        966116 kB
Mapped:           778924 kB
Shmem:             14696 kB
Slab:             180096 kB
SReclaimable:      45060 kB
SUnreclaim:       135036 kB
KernelStack:       37232 kB
PageTables:        50908 kB
NFS_Unstable:          0 kB
Bounce:                0 kB
WritebackTmp:          0 kB
CommitLimit:     7105828 kB
Committed_AS:   60716492 kB
VmallocTotal:   263061440 kB
VmallocUsed:       62284 kB
VmallocChunk:          0 kB
Percpu:             2304 kB
CmaTotal:         294912 kB
CmaFree:             384 kB
MemTotal:       12114512 kB
MemFree:         7556180 kB
MemAvailable:    8662972 kB
Buffers:            3748 kB
Cached:          1232004 kB
SwapCached:            0 kB
Active:          1154480 kB
Inactive:        1043552 kB
Active(anon):     966360 kB
Inactive(anon):    13876 kB
Active(file):     188120 kB
Inactive(file):  1029676 kB
Unevictable:        4124 kB
Mlocked:            4124 kB
SwapTotal:       1048572 kB
SwapFree:        1048572 kB
Dirty:                96 kB
Writeback:             0 kB
AnonPages:        966552 kB
Mapped:           778824 kB
Shmem:             14700 kB
Slab:             180076 kB
SReclaimable:      45060 kB
SUnreclaim:       135016 kB
KernelStack:       37248 kB
PageTables:        50924 kB
NFS_Unstable:          0 kB
Bounce:                0 kB
WritebackTmp:          0 kB
CommitLimit:     7105828 kB
Committed_AS:   60716140 kB
VmallocTotal:   263061440 kB
VmallocUsed:       62268 kB
VmallocChunk:          0 kB
Percpu:             2304 kB
CmaTotal:         294912 kB
CmaFree:             128 kB
MemTotal:       12114512 kB
MemFree:         7555900 kB
MemAvailable:    8662700 kB
Buffers:            3748 kB
Cached:          1232020 kB
SwapCached:            0 kB
Active:          1153964 kB
Inactive:        1043560 kB
Active(anon):     965836 kB
Inactive(anon):    13876 kB
Active(file):     188128 kB
Inactive(file):  1029684 kB
Unevictable:        4124 kB
Mlocked:            4124 kB
SwapTotal:       1048572 kB
SwapFree:        1048572 kB
Dirty:               108 kB
Writeback:             0 kB
AnonPages:        965844 kB
Mapped:           778828 kB
Shmem:             14700 kB
Slab:             180032 kB
SReclaimable:      45044 kB
SUnreclaim:       134988 kB
KernelStack:       37232 kB
PageTables:        50992 kB
NFS_Unstable:          0 kB
Bounce:                0 kB
WritebackTmp:          0 kB
CommitLimit:     7105828 kB
Committed_AS:   60715832 kB
VmallocTotal:   263061440 kB
VmallocUsed:       62300 kB
VmallocChunk:          0 kB
Percpu:             2304 kB
CmaTotal:         294912 kB
CmaFree:               0 kB
MemTotal:       12114512 kB
MemFree:         7556276 kB
MemAvailable:    8663076 kB
Buffers:            3748 kB
Cached:          1232012 kB
SwapCached:            0 kB
Active:          1153704 kB
Inactive:        1043556 kB
Active(anon):     965580 kB
Inactive(anon):    13876 kB
Active(file):     188124 kB
Inactive(file):  1029680 kB
Unevictable:        4124 kB
Mlocked:            4124 kB
SwapTotal:       1048572 kB
SwapFree:        1048572 kB
Dirty:               108 kB
Writeback:             0 kB
AnonPages:        966256 kB
Mapped:           778824 kB
Shmem:             14700 kB
Slab:             180092 kB
SReclaimable:      45060 kB
SUnreclaim:       135032 kB
KernelStack:       37264 kB
PageTables:        50992 kB
NFS_Unstable:          0 kB
Bounce:                0 kB
WritebackTmp:          0 kB
CommitLimit:     7105828 kB
Committed_AS:   60715480 kB
VmallocTotal:   263061440 kB
VmallocUsed:       62300 kB
VmallocChunk:          0 kB
Percpu:             2304 kB
CmaTotal:         294912 kB
CmaFree:             376 kB
MemTotal:       12114512 kB
MemFree:         7554128 kB
MemAvailable:    8659736 kB
Buffers:            3748 kB
Cached:          1230912 kB
SwapCached:            0 kB
Active:          1157000 kB
Inactive:        1042452 kB
Active(anon):     968868 kB
Inactive(anon):    13876 kB
Active(file):     188132 kB
Inactive(file):  1028576 kB
Unevictable:        4124 kB
Mlocked:            4124 kB
SwapTotal:       1048572 kB
SwapFree:        1048572 kB
Dirty:              4260 kB
Writeback:             0 kB
AnonPages:        969412 kB
Mapped:           778884 kB
Shmem:             14700 kB
Slab:             179900 kB
SReclaimable:      44868 kB
SUnreclaim:       135032 kB
KernelStack:       37280 kB
PageTables:        51020 kB
NFS_Unstable:          0 kB
Bounce:                0 kB
WritebackTmp:          0 kB
CommitLimit:     7105828 kB
Committed_AS:   60715128 kB
VmallocTotal:   263061440 kB
VmallocUsed:       62300 kB
VmallocChunk:          0 kB
Percpu:             2304 kB
CmaTotal:         294912 kB
CmaFree:               0 kB
MemTotal:       12114512 kB
MemFree:         7555628 kB
MemAvailable:    8662484 kB
Buffers:            3748 kB
Cached:          1232068 kB
SwapCached:            0 kB
Active:          1154092 kB
Inactive:        1043608 kB
Active(anon):     965964 kB
Inactive(anon):    13876 kB
Active(file):     188128 kB
Inactive(file):  1029732 kB
Unevictable:        4124 kB
Mlocked:            4124 kB
SwapTotal:       1048572 kB
SwapFree:        1048572 kB
Dirty:              5412 kB
Writeback:            76 kB
AnonPages:        966036 kB
Mapped:           778824 kB
Shmem:             14700 kB
Slab:             180096 kB
SReclaimable:      45064 kB
SUnreclaim:       135032 kB
KernelStack:       37248 kB
PageTables:        50932 kB
NFS_Unstable:          0 kB
Bounce:                0 kB
WritebackTmp:          0 kB
CommitLimit:     7105828 kB
Committed_AS:   60714776 kB
VmallocTotal:   263061440 kB
VmallocUsed:       62300 kB
VmallocChunk:          0 kB
Percpu:             2304 kB
CmaTotal:         294912 kB
CmaFree:               0 kB
MemTotal:       12114512 kB
MemFree:         7555032 kB
MemAvailable:    8661888 kB
Buffers:            3748 kB
Cached:          1232068 kB
SwapCached:            0 kB
Active:          1154656 kB
Inactive:        1043608 kB
Active(anon):     966528 kB
Inactive(anon):    13876 kB
Active(file):     188128 kB
Inactive(file):  1029732 kB
Unevictable:        4124 kB
Mlocked:            4124 kB
SwapTotal:       1048572 kB
SwapFree:        1048572 kB
Dirty:              5412 kB
Writeback:             0 kB
AnonPages:        966504 kB
Mapped:           778828 kB
Shmem:             14700 kB
Slab:             180112 kB
SReclaimable:      45064 kB
SUnreclaim:       135048 kB
KernelStack:       37264 kB
PageTables:        50956 kB
NFS_Unstable:          0 kB
Bounce:                0 kB
WritebackTmp:          0 kB
CommitLimit:     7105828 kB
Committed_AS:   60714424 kB
VmallocTotal:   263061440 kB
VmallocUsed:       62300 kB
VmallocChunk:          0 kB
Percpu:             2304 kB
CmaTotal:         294912 kB
CmaFree:             124 kB
MemTotal:       12114512 kB
MemFree:         7550912 kB
MemAvailable:    8657752 kB
Buffers:            3748 kB
Cached:          1236088 kB
SwapCached:            0 kB
Active:          1155696 kB
Inactive:        1047636 kB
Active(anon):     967576 kB
Inactive(anon):    17912 kB
Active(file):     188120 kB
Inactive(file):  1029724 kB
Unevictable:        4124 kB
Mlocked:            4124 kB
SwapTotal:       1048572 kB
SwapFree:        1048572 kB
Dirty:              5404 kB
Writeback:             0 kB
AnonPages:        967428 kB
Mapped:           782860 kB
Shmem:             18736 kB
Slab:             180052 kB
SReclaimable:      45064 kB
SUnreclaim:       134988 kB
KernelStack:       37248 kB
PageTables:        50948 kB
NFS_Unstable:          0 kB
Bounce:                0 kB
WritebackTmp:          0 kB
CommitLimit:     7105828 kB
Committed_AS:   60722492 kB
VmallocTotal:   263061440 kB
VmallocUsed:       62300 kB
VmallocChunk:          0 kB
Percpu:             2304 kB
CmaTotal:         294912 kB
CmaFree:               0 kB
MemTotal:       12114512 kB
MemFree:         7555072 kB
MemAvailable:    8661936 kB
Buffers:            3748 kB
Cached:          1232076 kB
SwapCached:            0 kB
Active:          1155144 kB
Inactive:        1043612 kB
Active(anon):     967012 kB
Inactive(anon):    13876 kB
Active(file):     188132 kB
Inactive(file):  1029736 kB
Unevictable:        4124 kB
Mlocked:            4124 kB
SwapTotal:       1048572 kB
SwapFree:        1048572 kB
Dirty:              5420 kB
Writeback:             0 kB
AnonPages:        966976 kB
Mapped:           779064 kB
Shmem:             14700 kB
Slab:             180100 kB
SReclaimable:      45064 kB
SUnreclaim:       135036 kB
KernelStack:       37248 kB
PageTables:        50864 kB
NFS_Unstable:          0 kB
Bounce:                0 kB
WritebackTmp:          0 kB
CommitLimit:     7105828 kB
Committed_AS:   60723664 kB
VmallocTotal:   263061440 kB
VmallocUsed:       62300 kB
VmallocChunk:          0 kB
Percpu:             2304 kB
CmaTotal:         294912 kB
CmaFree:               0 kB
MemTotal:       12114512 kB
MemFree:         7550300 kB
MemAvailable:    8657332 kB
Buffers:            3748 kB
Cached:          1232236 kB
SwapCached:            0 kB
Active:          1160448 kB
Inactive:        1043776 kB
Active(anon):     972320 kB
Inactive(anon):    13876 kB
Active(file):     188128 kB
Inactive(file):  1029900 kB
Unevictable:        4124 kB
Mlocked:            4124 kB
SwapTotal:       1048572 kB
SwapFree:        1048572 kB
Dirty:              5584 kB
Writeback:             0 kB
AnonPages:        972336 kB
Mapped:           778824 kB
Shmem:             14700 kB
Slab:             180064 kB
SReclaimable:      45080 kB
SUnreclaim:       134984 kB
KernelStack:       37248 kB
PageTables:        50932 kB
NFS_Unstable:          0 kB
Bounce:                0 kB
WritebackTmp:          0 kB
CommitLimit:     7105828 kB
Committed_AS:   60723356 kB
VmallocTotal:   263061440 kB
VmallocUsed:       62316 kB
VmallocChunk:          0 kB
Percpu:             2304 kB
CmaTotal:         294912 kB
CmaFree:               0 kB
MemTotal:       12114512 kB
MemFree:         7554448 kB
MemAvailable:    8661480 kB
Buffers:            3752 kB
Cached:          1232140 kB
SwapCached:            0 kB
Active:          1155532 kB
Inactive:        1043680 kB
Active(anon):     967404 kB
Inactive(anon):    13780 kB
Active(file):     188128 kB
Inactive(file):  1029900 kB
Unevictable:        4124 kB
Mlocked:            4124 kB
SwapTotal:       1048572 kB
SwapFree:        1048572 kB
Dirty:              5680 kB
Writeback:             0 kB
AnonPages:        967416 kB
Mapped:           778772 kB
Shmem:             14604 kB
Slab:             180124 kB
SReclaimable:      45080 kB
SUnreclaim:       135044 kB
KernelStack:       37232 kB
PageTables:        50956 kB
NFS_Unstable:          0 kB
Bounce:                0 kB
WritebackTmp:          0 kB
CommitLimit:     7105828 kB
Committed_AS:   60714540 kB
VmallocTotal:   263061440 kB
VmallocUsed:       62284 kB
VmallocChunk:          0 kB
Percpu:             2304 kB
CmaTotal:         294912 kB
CmaFree:               0 kB
MemTotal:       12114512 kB
MemFree:         7568588 kB
MemAvailable:    8675648 kB
Buffers:            3752 kB
Cached:          1232164 kB
SwapCached:            0 kB
Active:          1140804 kB
Inactive:        1043704 kB
Active(anon):     952672 kB
Inactive(anon):    13780 kB
Active(file):     188132 kB
Inactive(file):  1029924 kB
Unevictable:        4124 kB
Mlocked:            4124 kB
SwapTotal:       1048572 kB
SwapFree:        1048572 kB
Dirty:              5636 kB
Writeback:             0 kB
AnonPages:        953104 kB
Mapped:           778728 kB
Shmem:             14604 kB
Slab:             180120 kB
SReclaimable:      45080 kB
SUnreclaim:       135040 kB
KernelStack:       37232 kB
PageTables:        50924 kB
NFS_Unstable:          0 kB
Bounce:                0 kB
WritebackTmp:          0 kB
CommitLimit:     7105828 kB
Committed_AS:   60714072 kB
VmallocTotal:   263061440 kB
VmallocUsed:       62268 kB
VmallocChunk:          0 kB
Percpu:             2304 kB
CmaTotal:         294912 kB
CmaFree:               0 kB
MemTotal:       12114512 kB
MemFree:         7568912 kB
MemAvailable:    8675972 kB
Buffers:            3752 kB
Cached:          1232164 kB
SwapCached:            0 kB
Active:          1141176 kB
Inactive:        1043704 kB
Active(anon):     953044 kB
Inactive(anon):    13780 kB
Active(file):     188132 kB
Inactive(file):  1029924 kB
Unevictable:        4124 kB
Mlocked:            4124 kB
SwapTotal:       1048572 kB
SwapFree:        1048572 kB
Dirty:              5636 kB
Writeback:             0 kB
AnonPages:        953172 kB
Mapped:           778728 kB
Shmem:             14604 kB
Slab:             180096 kB
SReclaimable:      45080 kB
SUnreclaim:       135016 kB
KernelStack:       37232 kB
PageTables:        50924 kB
NFS_Unstable:          0 kB
Bounce:                0 kB
WritebackTmp:          0 kB
CommitLimit:     7105828 kB
Committed_AS:   60713720 kB
VmallocTotal:   263061440 kB
VmallocUsed:       62284 kB
VmallocChunk:          0 kB
Percpu:             2304 kB
CmaTotal:         294912 kB
CmaFree:               0 kB
MemTotal:       12114512 kB
MemFree:         7568816 kB
MemAvailable:    8675884 kB
Buffers:            3752 kB
Cached:          1232172 kB
SwapCached:            0 kB
Active:          1141132 kB
Inactive:        1043708 kB
Active(anon):     952996 kB
Inactive(anon):    13780 kB
Active(file):     188136 kB
Inactive(file):  1029928 kB
Unevictable:        4124 kB
Mlocked:            4124 kB
SwapTotal:       1048572 kB
SwapFree:        1048572 kB
Dirty:              5644 kB
Writeback:             8 kB
AnonPages:        953076 kB
Mapped:           778728 kB
Shmem:             14604 kB
Slab:             180120 kB
SReclaimable:      45080 kB
SUnreclaim:       135040 kB
KernelStack:       37232 kB
PageTables:        50924 kB
NFS_Unstable:          0 kB
Bounce:                0 kB
WritebackTmp:          0 kB
CommitLimit:     7105828 kB
Committed_AS:   60713324 kB
VmallocTotal:   263061440 kB
VmallocUsed:       62284 kB
VmallocChunk:          0 kB
Percpu:             2304 kB
CmaTotal:         294912 kB
CmaFree:              72 kB
MemTotal:       12114512 kB
MemFree:         7569300 kB
MemAvailable:    8676352 kB
Buffers:            3752 kB
Cached:          1232156 kB
SwapCached:            0 kB
Active:          1141336 kB
Inactive:        1043696 kB
Active(anon):     953204 kB
Inactive(anon):    13780 kB
Active(file):     188132 kB
Inactive(file):  1029916 kB
Unevictable:        4124 kB
Mlocked:            4124 kB
SwapTotal:       1048572 kB
SwapFree:        1048572 kB
Dirty:              5392 kB
Writeback:             0 kB
AnonPages:        953216 kB
Mapped:           778788 kB
Shmem:             14604 kB
Slab:             180100 kB
SReclaimable:      45080 kB
SUnreclaim:       135020 kB
KernelStack:       37232 kB
PageTables:        50948 kB
NFS_Unstable:          0 kB
Bounce:                0 kB
WritebackTmp:          0 kB
CommitLimit:     7105828 kB
Committed_AS:   60712972 kB
VmallocTotal:   263061440 kB
VmallocUsed:       62284 kB
VmallocChunk:          0 kB
Percpu:             2304 kB
CmaTotal:         294912 kB
CmaFree:               0 kB
MemTotal:       12114512 kB
MemFree:         7569576 kB
MemAvailable:    8676648 kB
Buffers:            3752 kB
Cached:          1232176 kB
SwapCached:            0 kB
Active:          1141548 kB
Inactive:        1043712 kB
Active(anon):     953412 kB
Inactive(anon):    13780 kB
Active(file):     188136 kB
Inactive(file):  1029932 kB
Unevictable:        4124 kB
Mlocked:            4124 kB
SwapTotal:       1048572 kB
SwapFree:        1048572 kB
Dirty:               124 kB
Writeback:             0 kB
AnonPages:        953660 kB
Mapped:           778728 kB
Shmem:             14604 kB
Slab:             180116 kB
SReclaimable:      45080 kB
SUnreclaim:       135036 kB
KernelStack:       37232 kB
PageTables:        50924 kB
NFS_Unstable:          0 kB
Bounce:                0 kB
WritebackTmp:          0 kB
CommitLimit:     7105828 kB
Committed_AS:   60712684 kB
VmallocTotal:   263061440 kB
VmallocUsed:       62284 kB
VmallocChunk:          0 kB
Percpu:             2304 kB
CmaTotal:         294912 kB
CmaFree:               0 kB
MemTotal:       12114512 kB
MemFree:         7568712 kB
MemAvailable:    8675784 kB
Buffers:            3752 kB
Cached:          1232176 kB
SwapCached:            0 kB
Active:          1142144 kB
Inactive:        1043712 kB
Active(anon):     954008 kB
Inactive(anon):    13780 kB
Active(file):     188136 kB
Inactive(file):  1029932 kB
Unevictable:        4124 kB
Mlocked:            4124 kB
SwapTotal:       1048572 kB
SwapFree:        1048572 kB
Dirty:               172 kB
Writeback:             0 kB
AnonPages:        954008 kB
Mapped:           778804 kB
Shmem:             14604 kB
Slab:             180088 kB
SReclaimable:      45080 kB
SUnreclaim:       135008 kB
KernelStack:       37232 kB
PageTables:        50956 kB
NFS_Unstable:          0 kB
Bounce:                0 kB
WritebackTmp:          0 kB
CommitLimit:     7105828 kB
Committed_AS:   60712376 kB
VmallocTotal:   263061440 kB
VmallocUsed:       62284 kB
VmallocChunk:          0 kB
Percpu:             2304 kB
CmaTotal:         294912 kB
CmaFree:               0 kB
MemTotal:       12114512 kB
MemFree:         7568960 kB
MemAvailable:    8676032 kB
Buffers:            3752 kB
Cached:          1232176 kB
SwapCached:            0 kB
Active:          1142052 kB
Inactive:        1043712 kB
Active(anon):     953916 kB
Inactive(anon):    13780 kB
Active(file):     188136 kB
Inactive(file):  1029932 kB
Unevictable:        4124 kB
Mlocked:            4124 kB
SwapTotal:       1048572 kB
SwapFree:        1048572 kB
Dirty:               176 kB
Writeback:             0 kB
AnonPages:        954264 kB
Mapped:           778728 kB
Shmem:             14604 kB
Slab:             180104 kB
SReclaimable:      45080 kB
SUnreclaim:       135024 kB
KernelStack:       37216 kB
PageTables:        50924 kB
NFS_Unstable:          0 kB
Bounce:                0 kB
WritebackTmp:          0 kB
CommitLimit:     7105828 kB
Committed_AS:   60712024 kB
VmallocTotal:   263061440 kB
VmallocUsed:       62300 kB
VmallocChunk:          0 kB
Percpu:             2304 kB
CmaTotal:         294912 kB
CmaFree:               0 kB
MemTotal:       12114512 kB
MemFree:         7568756 kB
MemAvailable:    8675828 kB
Buffers:            3752 kB
Cached:          1232176 kB
SwapCached:            0 kB
Active:          1142272 kB
Inactive:        1043712 kB
Active(anon):     954136 kB
Inactive(anon):    13780 kB
Active(file):     188136 kB
Inactive(file):  1029932 kB
Unevictable:        4124 kB
Mlocked:            4124 kB
SwapTotal:       1048572 kB
SwapFree:        1048572 kB
Dirty:               176 kB
Writeback:             0 kB
AnonPages:        954272 kB
Mapped:           778764 kB
Shmem:             14604 kB
Slab:             180112 kB
SReclaimable:      45080 kB
SUnreclaim:       135032 kB
KernelStack:       37248 kB
PageTables:        50980 kB
NFS_Unstable:          0 kB
Bounce:                0 kB
WritebackTmp:          0 kB
CommitLimit:     7105828 kB
Committed_AS:   60711628 kB
VmallocTotal:   263061440 kB
VmallocUsed:       62300 kB
VmallocChunk:          0 kB
Percpu:             2304 kB
CmaTotal:         294912 kB
CmaFree:               0 kB
MemTotal:       12114512 kB
MemFree:         7568880 kB
MemAvailable:    8675944 kB
Buffers:            3752 kB
Cached:          1232168 kB
SwapCached:            0 kB
Active:          1142688 kB
Inactive:        1043708 kB
Active(anon):     954556 kB
Inactive(anon):    13780 kB
Active(file):     188132 kB
Inactive(file):  1029928 kB
Unevictable:        4124 kB
Mlocked:            4124 kB
SwapTotal:       1048572 kB
SwapFree:        1048572 kB
Dirty:               168 kB
Writeback:             4 kB
AnonPages:        954776 kB
Mapped:           778728 kB
Shmem:             14604 kB
Slab:             180080 kB
SReclaimable:      45080 kB
SUnreclaim:       135000 kB
KernelStack:       37200 kB
PageTables:        50924 kB
NFS_Unstable:          0 kB
Bounce:                0 kB
WritebackTmp:          0 kB
CommitLimit:     7105828 kB
Committed_AS:   60712832 kB
VmallocTotal:   263061440 kB
VmallocUsed:       62284 kB
VmallocChunk:          0 kB
Percpu:             2304 kB
CmaTotal:         294912 kB
CmaFree:               0 kB
MemTotal:       12114512 kB
MemFree:         7567484 kB
MemAvailable:    8674556 kB
Buffers:            3760 kB
Cached:          1232168 kB
SwapCached:            0 kB
Active:          1142996 kB
Inactive:        1043712 kB
Active(anon):     954860 kB
Inactive(anon):    13780 kB
Active(file):     188136 kB
Inactive(file):  1029932 kB
Unevictable:        4124 kB
Mlocked:            4124 kB
SwapTotal:       1048572 kB
SwapFree:        1048572 kB
Dirty:               216 kB
Writeback:             0 kB
AnonPages:        954844 kB
Mapped:           778976 kB
Shmem:             14604 kB
Slab:             180112 kB
SReclaimable:      45080 kB
SUnreclaim:       135032 kB
KernelStack:       37200 kB
PageTables:        50924 kB
NFS_Unstable:          0 kB
Bounce:                0 kB
WritebackTmp:          0 kB
CommitLimit:     7105828 kB
Committed_AS:   60712612 kB
VmallocTotal:   263061440 kB
VmallocUsed:       62284 kB
VmallocChunk:          0 kB
Percpu:             2304 kB
CmaTotal:         294912 kB
CmaFree:               0 kB
MemTotal:       12114512 kB
MemFree:         7567460 kB
MemAvailable:    8674560 kB
Buffers:            3760 kB
Cached:          1232192 kB
SwapCached:            0 kB
Active:          1142896 kB
Inactive:        1043728 kB
Active(anon):     954752 kB
Inactive(anon):    13780 kB
Active(file):     188144 kB
Inactive(file):  1029948 kB
Unevictable:        4124 kB
Mlocked:            4124 kB
SwapTotal:       1048572 kB
SwapFree:        1048572 kB
Dirty:               144 kB
Writeback:             0 kB
AnonPages:        954628 kB
Mapped:           778728 kB
Shmem:             14604 kB
Slab:             180100 kB
SReclaimable:      45084 kB
SUnreclaim:       135016 kB
KernelStack:       37216 kB
PageTables:        50924 kB
NFS_Unstable:          0 kB
Bounce:                0 kB
WritebackTmp:          0 kB
CommitLimit:     7105828 kB
Committed_AS:   60712260 kB
VmallocTotal:   263061440 kB
VmallocUsed:       62268 kB
VmallocChunk:          0 kB
Percpu:             2304 kB
CmaTotal:         294912 kB
CmaFree:               0 kB
MemTotal:       12114512 kB
MemFree:         7571724 kB
MemAvailable:    8678824 kB
Buffers:            3760 kB
Cached:          1232192 kB
SwapCached:            0 kB
Active:          1138280 kB
Inactive:        1043728 kB
Active(anon):     950136 kB
Inactive(anon):    13780 kB
Active(file):     188144 kB
Inactive(file):  1029948 kB
Unevictable:        4124 kB
Mlocked:            4124 kB
SwapTotal:       1048572 kB
SwapFree:        1048572 kB
Dirty:               144 kB
Writeback:             0 kB
AnonPages:        950440 kB
Mapped:           778928 kB
Shmem:             14604 kB
Slab:             180104 kB
SReclaimable:      45084 kB
SUnreclaim:       135020 kB
KernelStack:       37248 kB
PageTables:        50968 kB
NFS_Unstable:          0 kB
Bounce:                0 kB
WritebackTmp:          0 kB
CommitLimit:     7105828 kB
Committed_AS:   60705756 kB
VmallocTotal:   263061440 kB
VmallocUsed:       62300 kB
VmallocChunk:          0 kB
Percpu:             2304 kB
CmaTotal:         294912 kB
CmaFree:               0 kB
MemTotal:       12114512 kB
MemFree:         7571884 kB
MemAvailable:    8678984 kB
Buffers:            3760 kB
Cached:          1232192 kB
SwapCached:            0 kB
Active:          1138400 kB
Inactive:        1043728 kB
Active(anon):     950256 kB
Inactive(anon):    13780 kB
Active(file):     188144 kB
Inactive(file):  1029948 kB
Unevictable:        4124 kB
Mlocked:            4124 kB
SwapTotal:       1048572 kB
SwapFree:        1048572 kB
Dirty:               148 kB
Writeback:             0 kB
AnonPages:        950316 kB
Mapped:           778728 kB
Shmem:             14604 kB
Slab:             180100 kB
SReclaimable:      45084 kB
SUnreclaim:       135016 kB
KernelStack:       37216 kB
PageTables:        50924 kB
NFS_Unstable:          0 kB
Bounce:                0 kB
WritebackTmp:          0 kB
CommitLimit:     7105828 kB
Committed_AS:   60715412 kB
VmallocTotal:   263061440 kB
VmallocUsed:       62300 kB
VmallocChunk:          0 kB
Percpu:             2304 kB
CmaTotal:         294912 kB
CmaFree:               0 kB
MemTotal:       12114512 kB
MemFree:         7571976 kB
MemAvailable:    8679076 kB
Buffers:            3760 kB
Cached:          1232192 kB
SwapCached:            0 kB
Active:          1138624 kB
Inactive:        1043728 kB
Active(anon):     950480 kB
Inactive(anon):    13780 kB
Active(file):     188144 kB
Inactive(file):  1029948 kB
Unevictable:        4124 kB
Mlocked:            4124 kB
SwapTotal:       1048572 kB
SwapFree:        1048572 kB
Dirty:               148 kB
Writeback:             0 kB
AnonPages:        950252 kB
Mapped:           778956 kB
Shmem:             14604 kB
Slab:             180092 kB
SReclaimable:      45084 kB
SUnreclaim:       135008 kB
KernelStack:       37184 kB
PageTables:        50868 kB
NFS_Unstable:          0 kB
Bounce:                0 kB
WritebackTmp:          0 kB
CommitLimit:     7105828 kB
Committed_AS:   60715812 kB
VmallocTotal:   263061440 kB
VmallocUsed:       62284 kB
VmallocChunk:          0 kB
Percpu:             2304 kB
CmaTotal:         294912 kB
CmaFree:               0 kB
MemTotal:       12114512 kB
MemFree:         7571808 kB
MemAvailable:    8678908 kB
Buffers:            3760 kB
Cached:          1232192 kB
SwapCached:            0 kB
Active:          1138376 kB
Inactive:        1043728 kB
Active(anon):     950232 kB
Inactive(anon):    13780 kB
Active(file):     188144 kB
Inactive(file):  1029948 kB
Unevictable:        4124 kB
Mlocked:            4124 kB
SwapTotal:       1048572 kB
SwapFree:        1048572 kB
Dirty:               176 kB
Writeback:             0 kB
AnonPages:        950284 kB
Mapped:           778728 kB
Shmem:             14604 kB
Slab:             180104 kB
SReclaimable:      45084 kB
SUnreclaim:       135020 kB
KernelStack:       37216 kB
PageTables:        50924 kB
NFS_Unstable:          0 kB
Bounce:                0 kB
WritebackTmp:          0 kB
CommitLimit:     7105828 kB
Committed_AS:   60717144 kB
VmallocTotal:   263061440 kB
VmallocUsed:       62268 kB
VmallocChunk:          0 kB
Percpu:             2304 kB
CmaTotal:         294912 kB
CmaFree:               0 kB
MemTotal:       12114512 kB
MemFree:         7572128 kB
MemAvailable:    8679228 kB
Buffers:            3760 kB
Cached:          1232192 kB
SwapCached:            0 kB
Active:          1138892 kB
Inactive:        1043728 kB
Active(anon):     950748 kB
Inactive(anon):    13780 kB
Active(file):     188144 kB
Inactive(file):  1029948 kB
Unevictable:        4124 kB
Mlocked:            4124 kB
SwapTotal:       1048572 kB
SwapFree:        1048572 kB
Dirty:               132 kB
Writeback:             0 kB
AnonPages:        950700 kB
Mapped:           778968 kB
Shmem:             14604 kB
Slab:             180100 kB
SReclaimable:      45084 kB
SUnreclaim:       135016 kB
KernelStack:       37232 kB
PageTables:        50972 kB
NFS_Unstable:          0 kB
Bounce:                0 kB
WritebackTmp:          0 kB
CommitLimit:     7105828 kB
Committed_AS:   60716800 kB
VmallocTotal:   263061440 kB
VmallocUsed:       62284 kB
VmallocChunk:          0 kB
Percpu:             2304 kB
CmaTotal:         294912 kB
CmaFree:               0 kB
MemTotal:       12114512 kB
MemFree:         7570140 kB
MemAvailable:    8677240 kB
Buffers:            3760 kB
Cached:          1232192 kB
SwapCached:            0 kB
Active:          1138960 kB
Inactive:        1043728 kB
Active(anon):     950816 kB
Inactive(anon):    13780 kB
Active(file):     188144 kB
Inactive(file):  1029948 kB
Unevictable:        4124 kB
Mlocked:            4124 kB
SwapTotal:       1048572 kB
SwapFree:        1048572 kB
Dirty:               136 kB
Writeback:             0 kB
AnonPages:        950976 kB
Mapped:           778728 kB
Shmem:             14604 kB
Slab:             180108 kB
SReclaimable:      45084 kB
SUnreclaim:       135024 kB
KernelStack:       37216 kB
PageTables:        50924 kB
NFS_Unstable:          0 kB
Bounce:                0 kB
WritebackTmp:          0 kB
CommitLimit:     7105828 kB
Committed_AS:   60716492 kB
VmallocTotal:   263061440 kB
VmallocUsed:       62284 kB
VmallocChunk:          0 kB
Percpu:             2304 kB
CmaTotal:         294912 kB
CmaFree:               0 kB
MemTotal:       12114512 kB
MemFree:         7570516 kB
MemAvailable:    8677616 kB
Buffers:            3760 kB
Cached:          1232192 kB
SwapCached:            0 kB
Active:          1139168 kB
Inactive:        1043728 kB
Active(anon):     951024 kB
Inactive(anon):    13780 kB
Active(file):     188144 kB
Inactive(file):  1029948 kB
Unevictable:        4124 kB
Mlocked:            4124 kB
SwapTotal:       1048572 kB
SwapFree:        1048572 kB
Dirty:               136 kB
Writeback:             0 kB
AnonPages:        951228 kB
Mapped:           778804 kB
Shmem:             14604 kB
Slab:             180112 kB
SReclaimable:      45084 kB
SUnreclaim:       135028 kB
KernelStack:       37200 kB
PageTables:        50960 kB
NFS_Unstable:          0 kB
Bounce:                0 kB
WritebackTmp:          0 kB
CommitLimit:     7105828 kB
Committed_AS:   60711904 kB
VmallocTotal:   263061440 kB
VmallocUsed:       62268 kB
VmallocChunk:          0 kB
Percpu:             2304 kB
CmaTotal:         294912 kB
CmaFree:               0 kB
MemTotal:       12114512 kB
MemFree:         7570524 kB
MemAvailable:    8677624 kB
Buffers:            3760 kB
Cached:          1232192 kB
SwapCached:            0 kB
Active:          1139492 kB
Inactive:        1043728 kB
Active(anon):     951348 kB
Inactive(anon):    13780 kB
Active(file):     188144 kB
Inactive(file):  1029948 kB
Unevictable:        4124 kB
Mlocked:            4124 kB
SwapTotal:       1048572 kB
SwapFree:        1048572 kB
Dirty:               136 kB
Writeback:             0 kB
AnonPages:        951564 kB
Mapped:           778728 kB
Shmem:             14604 kB
Slab:             180100 kB
SReclaimable:      45084 kB
SUnreclaim:       135016 kB
KernelStack:       37216 kB
PageTables:        50924 kB
NFS_Unstable:          0 kB
Bounce:                0 kB
WritebackTmp:          0 kB
CommitLimit:     7105828 kB
Committed_AS:   60716860 kB
VmallocTotal:   263061440 kB
VmallocUsed:       62268 kB
VmallocChunk:          0 kB
Percpu:             2304 kB
CmaTotal:         294912 kB
CmaFree:               0 kB
MemTotal:       12114512 kB
MemFree:         7570200 kB
MemAvailable:    8677292 kB
Buffers:            3760 kB
Cached:          1232192 kB
SwapCached:            0 kB
Active:          1139920 kB
Inactive:        1043728 kB
Active(anon):     951776 kB
Inactive(anon):    13780 kB
Active(file):     188144 kB
Inactive(file):  1029948 kB
Unevictable:        4124 kB
Mlocked:            4124 kB
SwapTotal:       1048572 kB
SwapFree:        1048572 kB
Dirty:               168 kB
Writeback:             0 kB
AnonPages:        951636 kB
Mapped:           778732 kB
Shmem:             14604 kB
Slab:             180080 kB
SReclaimable:      45068 kB
SUnreclaim:       135012 kB
KernelStack:       37232 kB
PageTables:        50980 kB
NFS_Unstable:          0 kB
Bounce:                0 kB
WritebackTmp:          0 kB
CommitLimit:     7105828 kB
Committed_AS:   60716560 kB
VmallocTotal:   263061440 kB
VmallocUsed:       62268 kB
VmallocChunk:          0 kB
Percpu:             2304 kB
CmaTotal:         294912 kB
CmaFree:               0 kB
MemTotal:       12114512 kB
MemFree:         7569752 kB
MemAvailable:    8676852 kB
Buffers:            3760 kB
Cached:          1232192 kB
SwapCached:            0 kB
Active:          1139172 kB
Inactive:        1043728 kB
Active(anon):     951028 kB
Inactive(anon):    13780 kB
Active(file):     188144 kB
Inactive(file):  1029948 kB
Unevictable:        4124 kB
Mlocked:            4124 kB
SwapTotal:       1048572 kB
SwapFree:        1048572 kB
Dirty:               152 kB
Writeback:             0 kB
AnonPages:        951380 kB
Mapped:           778728 kB
Shmem:             14604 kB
Slab:             180096 kB
SReclaimable:      45084 kB
SUnreclaim:       135012 kB
KernelStack:       37200 kB
PageTables:        50924 kB
NFS_Unstable:          0 kB
Bounce:                0 kB
WritebackTmp:          0 kB
CommitLimit:     7105828 kB
Committed_AS:   60716208 kB
VmallocTotal:   263061440 kB
VmallocUsed:       62268 kB
VmallocChunk:          0 kB
Percpu:             2304 kB
CmaTotal:         294912 kB
CmaFree:               0 kB
MemTotal:       12114512 kB
MemFree:         7569696 kB
MemAvailable:    8676788 kB
Buffers:            3760 kB
Cached:          1232184 kB
SwapCached:            0 kB
Active:          1139432 kB
Inactive:        1043724 kB
Active(anon):     951292 kB
Inactive(anon):    13780 kB
Active(file):     188140 kB
Inactive(file):  1029944 kB
Unevictable:        4124 kB
Mlocked:            4124 kB
SwapTotal:       1048572 kB
SwapFree:        1048572 kB
Dirty:               176 kB
Writeback:             8 kB
AnonPages:        951072 kB
Mapped:           778728 kB
Shmem:             14604 kB
Slab:             180128 kB
SReclaimable:      45084 kB
SUnreclaim:       135044 kB
KernelStack:       37216 kB
PageTables:        50924 kB
NFS_Unstable:          0 kB
Bounce:                0 kB
WritebackTmp:          0 kB
CommitLimit:     7105828 kB
Committed_AS:   60716444 kB
VmallocTotal:   263061440 kB
VmallocUsed:       62300 kB
VmallocChunk:          0 kB
Percpu:             2304 kB
CmaTotal:         294912 kB
CmaFree:             148 kB
MemTotal:       12114512 kB
MemFree:         7569944 kB
MemAvailable:    8677044 kB
Buffers:            3760 kB
Cached:          1232192 kB
SwapCached:            0 kB
Active:          1139160 kB
Inactive:        1043728 kB
Active(anon):     951016 kB
Inactive(anon):    13780 kB
Active(file):     188144 kB
Inactive(file):  1029948 kB
Unevictable:        4124 kB
Mlocked:            4124 kB
SwapTotal:       1048572 kB
SwapFree:        1048572 kB
Dirty:               180 kB
Writeback:             0 kB
AnonPages:        951080 kB
Mapped:           778728 kB
Shmem:             14604 kB
Slab:             180092 kB
SReclaimable:      45084 kB
SUnreclaim:       135008 kB
KernelStack:       37216 kB
PageTables:        50924 kB
NFS_Unstable:          0 kB
Bounce:                0 kB
WritebackTmp:          0 kB
CommitLimit:     7105828 kB
Committed_AS:   60716048 kB
VmallocTotal:   263061440 kB
VmallocUsed:       62300 kB
VmallocChunk:          0 kB
Percpu:             2304 kB
CmaTotal:         294912 kB
CmaFree:              36 kB
MemTotal:       12114512 kB
MemFree:         7570032 kB
MemAvailable:    8677132 kB
Buffers:            3760 kB
Cached:          1232192 kB
SwapCached:            0 kB
Active:          1139472 kB
Inactive:        1043728 kB
Active(anon):     951328 kB
Inactive(anon):    13780 kB
Active(file):     188144 kB
Inactive(file):  1029948 kB
Unevictable:        4124 kB
Mlocked:            4124 kB
SwapTotal:       1048572 kB
SwapFree:        1048572 kB
Dirty:               180 kB
Writeback:             0 kB
AnonPages:        951644 kB
Mapped:           778728 kB
Shmem:             14604 kB
Slab:             180108 kB
SReclaimable:      45084 kB
SUnreclaim:       135024 kB
KernelStack:       37216 kB
PageTables:        50924 kB
NFS_Unstable:          0 kB
Bounce:                0 kB
WritebackTmp:          0 kB
CommitLimit:     7105828 kB
Committed_AS:   60716540 kB
VmallocTotal:   263061440 kB
VmallocUsed:       62300 kB
VmallocChunk:          0 kB
Percpu:             2304 kB
CmaTotal:         294912 kB
CmaFree:             192 kB
MemTotal:       12114512 kB
MemFree:         7569684 kB
MemAvailable:    8676784 kB
Buffers:            3760 kB
Cached:          1232192 kB
SwapCached:            0 kB
Active:          1139904 kB
Inactive:        1043728 kB
Active(anon):     951760 kB
Inactive(anon):    13780 kB
Active(file):     188144 kB
Inactive(file):  1029948 kB
Unevictable:        4124 kB
Mlocked:            4124 kB
SwapTotal:       1048572 kB
SwapFree:        1048572 kB
Dirty:               128 kB
Writeback:             0 kB
AnonPages:        952120 kB
Mapped:           778728 kB
Shmem:             14604 kB
Slab:             180120 kB
SReclaimable:      45084 kB
SUnreclaim:       135036 kB
KernelStack:       37216 kB
PageTables:        50924 kB
NFS_Unstable:          0 kB
Bounce:                0 kB
WritebackTmp:          0 kB
CommitLimit:     7105828 kB
Committed_AS:   60716188 kB
VmallocTotal:   263061440 kB
VmallocUsed:       62300 kB
VmallocChunk:          0 kB
Percpu:             2304 kB
CmaTotal:         294912 kB
CmaFree:               0 kB
MemTotal:       12114512 kB
MemFree:         7569428 kB
MemAvailable:    8676528 kB
Buffers:            3760 kB
Cached:          1232192 kB
SwapCached:            0 kB
Active:          1140076 kB
Inactive:        1043728 kB
Active(anon):     951932 kB
Inactive(anon):    13780 kB
Active(file):     188144 kB
Inactive(file):  1029948 kB
Unevictable:        4124 kB
Mlocked:            4124 kB
SwapTotal:       1048572 kB
SwapFree:        1048572 kB
Dirty:               132 kB
Writeback:             0 kB
AnonPages:        952260 kB
Mapped:           778728 kB
Shmem:             14604 kB
Slab:             180140 kB
SReclaimable:      45084 kB
SUnreclaim:       135056 kB
KernelStack:       37216 kB
PageTables:        50924 kB
NFS_Unstable:          0 kB
Bounce:                0 kB
WritebackTmp:          0 kB
CommitLimit:     7105828 kB
Committed_AS:   60716748 kB
VmallocTotal:   263061440 kB
VmallocUsed:       62252 kB
VmallocChunk:          0 kB
Percpu:             2304 kB
CmaTotal:         294912 kB
CmaFree:              60 kB
MemTotal:       12114512 kB
MemFree:         7567144 kB
MemAvailable:    8674232 kB
Buffers:            3760 kB
Cached:          1232188 kB
SwapCached:            0 kB
Active:          1142424 kB
Inactive:        1043724 kB
Active(anon):     954280 kB
Inactive(anon):    13780 kB
Active(file):     188144 kB
Inactive(file):  1029944 kB
Unevictable:        4124 kB
Mlocked:            4124 kB
SwapTotal:       1048572 kB
SwapFree:        1048572 kB
Dirty:               136 kB
Writeback:             8 kB
AnonPages:        954544 kB
Mapped:           778728 kB
Shmem:             14604 kB
Slab:             180132 kB
SReclaimable:      45068 kB
SUnreclaim:       135064 kB
KernelStack:       37152 kB
PageTables:        50924 kB
NFS_Unstable:          0 kB
Bounce:                0 kB
WritebackTmp:          0 kB
CommitLimit:     7105828 kB
Committed_AS:   60716396 kB
VmallocTotal:   263061440 kB
VmallocUsed:       62236 kB
VmallocChunk:          0 kB
Percpu:             2304 kB
CmaTotal:         294912 kB
CmaFree:             276 kB
MemTotal:       12114512 kB
MemFree:         7563176 kB
MemAvailable:    8670276 kB
Buffers:            3760 kB
Cached:          1232192 kB
SwapCached:            0 kB
Active:          1147584 kB
Inactive:        1043728 kB
Active(anon):     959440 kB
Inactive(anon):    13780 kB
Active(file):     188144 kB
Inactive(file):  1029948 kB
Unevictable:        4124 kB
Mlocked:            4124 kB
SwapTotal:       1048572 kB
SwapFree:        1048572 kB
Dirty:               132 kB
Writeback:             0 kB
AnonPages:        959568 kB
Mapped:           778732 kB
Shmem:             14604 kB
Slab:             180128 kB
SReclaimable:      45084 kB
SUnreclaim:       135044 kB
KernelStack:       37136 kB
PageTables:        50924 kB
NFS_Unstable:          0 kB
Bounce:                0 kB
WritebackTmp:          0 kB
CommitLimit:     7105828 kB
Committed_AS:   60716064 kB
VmallocTotal:   263061440 kB
VmallocUsed:       62236 kB
VmallocChunk:          0 kB
Percpu:             2304 kB
CmaTotal:         294912 kB
CmaFree:               0 kB
MemTotal:       12114512 kB
MemFree:         7557332 kB
MemAvailable:    8664424 kB
Buffers:            3760 kB
Cached:          1232192 kB
SwapCached:            0 kB
Active:          1152492 kB
Inactive:        1043728 kB
Active(anon):     964348 kB
Inactive(anon):    13780 kB
Active(file):     188144 kB
Inactive(file):  1029948 kB
Unevictable:        4124 kB
Mlocked:            4124 kB
SwapTotal:       1048572 kB
SwapFree:        1048572 kB
Dirty:               136 kB
Writeback:             0 kB
AnonPages:        964320 kB
Mapped:           778728 kB
Shmem:             14604 kB
Slab:             180116 kB
SReclaimable:      45068 kB
SUnreclaim:       135048 kB
KernelStack:       37152 kB
PageTables:        50924 kB
NFS_Unstable:          0 kB
Bounce:                0 kB
WritebackTmp:          0 kB
CommitLimit:     7105828 kB
Committed_AS:   60716400 kB
VmallocTotal:   263061440 kB
VmallocUsed:       62236 kB
VmallocChunk:          0 kB
Percpu:             2304 kB
CmaTotal:         294912 kB
CmaFree:               0 kB
MemTotal:       12114512 kB
MemFree:         7556300 kB
MemAvailable:    8663400 kB
Buffers:            3760 kB
Cached:          1232192 kB
SwapCached:            0 kB
Active:          1156360 kB
Inactive:        1043728 kB
Active(anon):     968216 kB
Inactive(anon):    13780 kB
Active(file):     188144 kB
Inactive(file):  1029948 kB
Unevictable:        4124 kB
Mlocked:            4124 kB
SwapTotal:       1048572 kB
SwapFree:        1048572 kB
Dirty:               104 kB
Writeback:             0 kB
AnonPages:        968356 kB
Mapped:           778728 kB
Shmem:             14604 kB
Slab:             180144 kB
SReclaimable:      45084 kB
SUnreclaim:       135060 kB
KernelStack:       37168 kB
PageTables:        50924 kB
NFS_Unstable:          0 kB
Bounce:                0 kB
WritebackTmp:          0 kB
CommitLimit:     7105828 kB
Committed_AS:   60724924 kB
VmallocTotal:   263061440 kB
VmallocUsed:       62236 kB
VmallocChunk:          0 kB
Percpu:             2304 kB
CmaTotal:         294912 kB
CmaFree:             100 kB
MemTotal:       12114512 kB
MemFree:         7557656 kB
MemAvailable:    8664756 kB
Buffers:            3760 kB
Cached:          1232192 kB
SwapCached:            0 kB
Active:          1152060 kB
Inactive:        1043728 kB
Active(anon):     963916 kB
Inactive(anon):    13780 kB
Active(file):     188144 kB
Inactive(file):  1029948 kB
Unevictable:        4124 kB
Mlocked:            4124 kB
SwapTotal:       1048572 kB
SwapFree:        1048572 kB
Dirty:               136 kB
Writeback:             0 kB
AnonPages:        963852 kB
Mapped:           778728 kB
Shmem:             14604 kB
Slab:             180132 kB
SReclaimable:      45084 kB
SUnreclaim:       135048 kB
KernelStack:       37136 kB
PageTables:        50924 kB
NFS_Unstable:          0 kB
Bounce:                0 kB
WritebackTmp:          0 kB
CommitLimit:     7105828 kB
Committed_AS:   60725092 kB
VmallocTotal:   263061440 kB
VmallocUsed:       62204 kB
VmallocChunk:          0 kB
Percpu:             2304 kB
CmaTotal:         294912 kB
CmaFree:               0 kB
MemTotal:       12114512 kB
MemFree:         7558328 kB
MemAvailable:    8665428 kB
Buffers:            3760 kB
Cached:          1232192 kB
SwapCached:            0 kB
Active:          1152524 kB
Inactive:        1043728 kB
Active(anon):     964380 kB
Inactive(anon):    13780 kB
Active(file):     188144 kB
Inactive(file):  1029948 kB
Unevictable:        4124 kB
Mlocked:            4124 kB
SwapTotal:       1048572 kB
SwapFree:        1048572 kB
Dirty:               136 kB
Writeback:             0 kB
AnonPages:        964432 kB
Mapped:           778732 kB
Shmem:             14604 kB
Slab:             180140 kB
SReclaimable:      45084 kB
SUnreclaim:       135056 kB
KernelStack:       37136 kB
PageTables:        50940 kB
NFS_Unstable:          0 kB
Bounce:                0 kB
WritebackTmp:          0 kB
CommitLimit:     7105828 kB
Committed_AS:   60724740 kB
VmallocTotal:   263061440 kB
VmallocUsed:       62220 kB
VmallocChunk:          0 kB
Percpu:             2304 kB
CmaTotal:         294912 kB
CmaFree:               0 kB
MemTotal:       12114512 kB
MemFree:         7557340 kB
MemAvailable:    8664432 kB
Buffers:            3760 kB
Cached:          1232184 kB
SwapCached:            0 kB
Active:          1152600 kB
Inactive:        1043724 kB
Active(anon):     964460 kB
Inactive(anon):    13780 kB
Active(file):     188140 kB
Inactive(file):  1029944 kB
Unevictable:        4124 kB
Mlocked:            4124 kB
SwapTotal:       1048572 kB
SwapFree:        1048572 kB
Dirty:               136 kB
Writeback:             8 kB
AnonPages:        964684 kB
Mapped:           778728 kB
Shmem:             14604 kB
Slab:             180164 kB
SReclaimable:      45084 kB
SUnreclaim:       135080 kB
KernelStack:       37136 kB
PageTables:        50924 kB
NFS_Unstable:          0 kB
Bounce:                0 kB
WritebackTmp:          0 kB
CommitLimit:     7105828 kB
Committed_AS:   60724460 kB
VmallocTotal:   263061440 kB
VmallocUsed:       62220 kB
VmallocChunk:          0 kB
Percpu:             2304 kB
CmaTotal:         294912 kB
CmaFree:               0 kB
MemTotal:       12114512 kB
MemFree:         7557772 kB
MemAvailable:    8664872 kB
Buffers:            3760 kB
Cached:          1232200 kB
SwapCached:            0 kB
Active:          1153064 kB
Inactive:        1043732 kB
Active(anon):     964916 kB
Inactive(anon):    13780 kB
Active(file):     188148 kB
Inactive(file):  1029952 kB
Unevictable:        4124 kB
Mlocked:            4124 kB
SwapTotal:       1048572 kB
SwapFree:        1048572 kB
Dirty:               180 kB
Writeback:             0 kB
AnonPages:        965012 kB
Mapped:           778988 kB
Shmem:             14604 kB
Slab:             180140 kB
SReclaimable:      45068 kB
SUnreclaim:       135072 kB
KernelStack:       37104 kB
PageTables:        50924 kB
NFS_Unstable:          0 kB
Bounce:                0 kB
WritebackTmp:          0 kB
CommitLimit:     7105828 kB
Committed_AS:   60725652 kB
VmallocTotal:   263061440 kB
VmallocUsed:       62188 kB
VmallocChunk:          0 kB
Percpu:             2304 kB
CmaTotal:         294912 kB
CmaFree:               0 kB
MemTotal:       12114512 kB
MemFree:         7558060 kB
MemAvailable:    8665152 kB
Buffers:            3760 kB
Cached:          1232192 kB
SwapCached:            0 kB
Active:          1153016 kB
Inactive:        1043728 kB
Active(anon):     964872 kB
Inactive(anon):    13780 kB
Active(file):     188144 kB
Inactive(file):  1029948 kB
Unevictable:        4124 kB
Mlocked:            4124 kB
SwapTotal:       1048572 kB
SwapFree:        1048572 kB
Dirty:               180 kB
Writeback:             0 kB
AnonPages:        964908 kB
Mapped:           778728 kB
Shmem:             14604 kB
Slab:             180084 kB
SReclaimable:      45068 kB
SUnreclaim:       135016 kB
KernelStack:       37088 kB
PageTables:        50924 kB
NFS_Unstable:          0 kB
Bounce:                0 kB
WritebackTmp:          0 kB
CommitLimit:     7105828 kB
Committed_AS:   60725344 kB
VmallocTotal:   263061440 kB
VmallocUsed:       62172 kB
VmallocChunk:          0 kB
Percpu:             2304 kB
CmaTotal:         294912 kB
CmaFree:               0 kB
MemTotal:       12114512 kB
MemFree:         7557724 kB
MemAvailable:    8664824 kB
Buffers:            3760 kB
Cached:          1232192 kB
SwapCached:            0 kB
Active:          1153260 kB
Inactive:        1043728 kB
Active(anon):     965116 kB
Inactive(anon):    13780 kB
Active(file):     188144 kB
Inactive(file):  1029948 kB
Unevictable:        4124 kB
Mlocked:            4124 kB
SwapTotal:       1048572 kB
SwapFree:        1048572 kB
Dirty:               144 kB
Writeback:             0 kB
AnonPages:        965248 kB
Mapped:           778888 kB
Shmem:             14604 kB
Slab:             180144 kB
SReclaimable:      45084 kB
SUnreclaim:       135060 kB
KernelStack:       37136 kB
PageTables:        50956 kB
NFS_Unstable:          0 kB
Bounce:                0 kB
WritebackTmp:          0 kB
CommitLimit:     7105828 kB
Committed_AS:   60718576 kB
VmallocTotal:   263061440 kB
VmallocUsed:       62156 kB
VmallocChunk:          0 kB
Percpu:             2304 kB
CmaTotal:         294912 kB
CmaFree:               0 kB
MemTotal:       12114512 kB
MemFree:         7556456 kB
MemAvailable:    8663556 kB
Buffers:            3760 kB
Cached:          1232192 kB
SwapCached:            0 kB
Active:          1153504 kB
Inactive:        1043728 kB
Active(anon):     965360 kB
Inactive(anon):    13780 kB
Active(file):     188144 kB
Inactive(file):  1029948 kB
Unevictable:        4124 kB
Mlocked:            4124 kB
SwapTotal:       1048572 kB
SwapFree:        1048572 kB
Dirty:               148 kB
Writeback:             0 kB
AnonPages:        965340 kB
Mapped:           778728 kB
Shmem:             14604 kB
Slab:             180164 kB
SReclaimable:      45084 kB
SUnreclaim:       135080 kB
KernelStack:       37104 kB
PageTables:        50924 kB
NFS_Unstable:          0 kB
Bounce:                0 kB
WritebackTmp:          0 kB
CommitLimit:     7105828 kB
Committed_AS:   60720884 kB
VmallocTotal:   263061440 kB
VmallocUsed:       62172 kB
VmallocChunk:          0 kB
Percpu:             2304 kB
CmaTotal:         294912 kB
CmaFree:               0 kB
MemTotal:       12114512 kB
MemFree:         7556332 kB
MemAvailable:    8663432 kB
Buffers:            3760 kB
Cached:          1232192 kB
SwapCached:            0 kB
Active:          1153796 kB
Inactive:        1043728 kB
Active(anon):     965652 kB
Inactive(anon):    13780 kB
Active(file):     188144 kB
Inactive(file):  1029948 kB
Unevictable:        4124 kB
Mlocked:            4124 kB
SwapTotal:       1048572 kB
SwapFree:        1048572 kB
Dirty:               148 kB
Writeback:             0 kB
AnonPages:        965884 kB
Mapped:           778876 kB
Shmem:             14604 kB
Slab:             180104 kB
SReclaimable:      45084 kB
SUnreclaim:       135020 kB
KernelStack:       37120 kB
PageTables:        50964 kB
NFS_Unstable:          0 kB
Bounce:                0 kB
WritebackTmp:          0 kB
CommitLimit:     7105828 kB
Committed_AS:   60720716 kB
VmallocTotal:   263061440 kB
VmallocUsed:       62156 kB
VmallocChunk:          0 kB
Percpu:             2304 kB
CmaTotal:         294912 kB
CmaFree:               0 kB
MemTotal:       12114512 kB
MemFree:         7555752 kB
MemAvailable:    8662860 kB
Buffers:            3760 kB
Cached:          1232200 kB
SwapCached:            0 kB
Active:          1154160 kB
Inactive:        1043728 kB
Active(anon):     966008 kB
Inactive(anon):    13780 kB
Active(file):     188152 kB
Inactive(file):  1029948 kB
Unevictable:        4124 kB
Mlocked:            4124 kB
SwapTotal:       1048572 kB
SwapFree:        1048572 kB
Dirty:               156 kB
Writeback:             4 kB
AnonPages:        965956 kB
Mapped:           778728 kB
Shmem:             14604 kB
Slab:             180164 kB
SReclaimable:      45084 kB
SUnreclaim:       135080 kB
KernelStack:       37088 kB
PageTables:        50924 kB
NFS_Unstable:          0 kB
Bounce:                0 kB
WritebackTmp:          0 kB
CommitLimit:     7105828 kB
Committed_AS:   60716216 kB
VmallocTotal:   263061440 kB
VmallocUsed:       62156 kB
VmallocChunk:          0 kB
Percpu:             2304 kB
CmaTotal:         294912 kB
CmaFree:               0 kB
MemTotal:       12114512 kB
MemFree:         7555544 kB
MemAvailable:    8662636 kB
Buffers:            3760 kB
Cached:          1232184 kB
SwapCached:            0 kB
Active:          1154444 kB
Inactive:        1043720 kB
Active(anon):     966300 kB
Inactive(anon):    13780 kB
Active(file):     188144 kB
Inactive(file):  1029940 kB
Unevictable:        4124 kB
Mlocked:            4124 kB
SwapTotal:       1048572 kB
SwapFree:        1048572 kB
Dirty:               164 kB
Writeback:             0 kB
AnonPages:        966580 kB
Mapped:           778764 kB
Shmem:             14604 kB
Slab:             180108 kB
SReclaimable:      45084 kB
SUnreclaim:       135024 kB
KernelStack:       37120 kB
PageTables:        50980 kB
NFS_Unstable:          0 kB
Bounce:                0 kB
WritebackTmp:          0 kB
CommitLimit:     7105828 kB
Committed_AS:   60716180 kB
VmallocTotal:   263061440 kB
VmallocUsed:       62156 kB
VmallocChunk:          0 kB
Percpu:             2304 kB
CmaTotal:         294912 kB
CmaFree:               0 kB
MemTotal:       12114512 kB
MemFree:         7555844 kB
MemAvailable:    8662936 kB
Buffers:            3760 kB
Cached:          1232192 kB
SwapCached:            0 kB
Active:          1154284 kB
Inactive:        1043724 kB
Active(anon):     966136 kB
Inactive(anon):    13780 kB
Active(file):     188148 kB
Inactive(file):  1029944 kB
Unevictable:        4124 kB
Mlocked:            4124 kB
SwapTotal:       1048572 kB
SwapFree:        1048572 kB
Dirty:               132 kB
Writeback:             0 kB
AnonPages:        966452 kB
Mapped:           778728 kB
Shmem:             14604 kB
Slab:             180148 kB
SReclaimable:      45068 kB
SUnreclaim:       135080 kB
KernelStack:       37088 kB
PageTables:        50924 kB
NFS_Unstable:          0 kB
Bounce:                0 kB
WritebackTmp:          0 kB
CommitLimit:     7105828 kB
Committed_AS:   60716504 kB
VmallocTotal:   263061440 kB
VmallocUsed:       62140 kB
VmallocChunk:          0 kB
Percpu:             2304 kB
CmaTotal:         294912 kB
CmaFree:               0 kB
MemTotal:       12114512 kB
MemFree:         7555248 kB
MemAvailable:    8662348 kB
Buffers:            3760 kB
Cached:          1232192 kB
SwapCached:            0 kB
Active:          1154820 kB
Inactive:        1043724 kB
Active(anon):     966672 kB
Inactive(anon):    13780 kB
Active(file):     188148 kB
Inactive(file):  1029944 kB
Unevictable:        4124 kB
Mlocked:            4124 kB
SwapTotal:       1048572 kB
SwapFree:        1048572 kB
Dirty:               132 kB
Writeback:             0 kB
AnonPages:        966964 kB
Mapped:           778728 kB
Shmem:             14604 kB
Slab:             180136 kB
SReclaimable:      45088 kB
SUnreclaim:       135048 kB
KernelStack:       37104 kB
PageTables:        50924 kB
NFS_Unstable:          0 kB
Bounce:                0 kB
WritebackTmp:          0 kB
CommitLimit:     7105828 kB
Committed_AS:   60717216 kB
VmallocTotal:   263061440 kB
VmallocUsed:       62140 kB
VmallocChunk:          0 kB
Percpu:             2304 kB
CmaTotal:         294912 kB
CmaFree:               0 kB
MemTotal:       12114512 kB
MemFree:         7555200 kB
MemAvailable:    8662292 kB
Buffers:            3760 kB
Cached:          1232192 kB
SwapCached:            0 kB
Active:          1154980 kB
Inactive:        1043724 kB
Active(anon):     966832 kB
Inactive(anon):    13780 kB
Active(file):     188148 kB
Inactive(file):  1029944 kB
Unevictable:        4124 kB
Mlocked:            4124 kB
SwapTotal:       1048572 kB
SwapFree:        1048572 kB
Dirty:               132 kB
Writeback:             0 kB
AnonPages:        966852 kB
Mapped:           778728 kB
Shmem:             14604 kB
Slab:             180136 kB
SReclaimable:      45072 kB
SUnreclaim:       135064 kB
KernelStack:       37088 kB
PageTables:        50924 kB
NFS_Unstable:          0 kB
Bounce:                0 kB
WritebackTmp:          0 kB
CommitLimit:     7105828 kB
Committed_AS:   60711664 kB
VmallocTotal:   263061440 kB
VmallocUsed:       62140 kB
VmallocChunk:          0 kB
Percpu:             2304 kB
CmaTotal:         294912 kB
CmaFree:               0 kB
MemTotal:       12114512 kB
MemFree:         7554988 kB
MemAvailable:    8662088 kB
Buffers:            3760 kB
Cached:          1232192 kB
SwapCached:            0 kB
Active:          1155372 kB
Inactive:        1043724 kB
Active(anon):     967224 kB
Inactive(anon):    13780 kB
Active(file):     188148 kB
Inactive(file):  1029944 kB
Unevictable:        4124 kB
Mlocked:            4124 kB
SwapTotal:       1048572 kB
SwapFree:        1048572 kB
Dirty:               136 kB
Writeback:             0 kB
AnonPages:        967116 kB
Mapped:           778900 kB
Shmem:             14604 kB
Slab:             180120 kB
SReclaimable:      45088 kB
SUnreclaim:       135032 kB
KernelStack:       37152 kB
PageTables:        50948 kB
NFS_Unstable:          0 kB
Bounce:                0 kB
WritebackTmp:          0 kB
CommitLimit:     7105828 kB
Committed_AS:   60710204 kB
VmallocTotal:   263061440 kB
VmallocUsed:       62124 kB
VmallocChunk:          0 kB
Percpu:             2304 kB
CmaTotal:         294912 kB
CmaFree:               0 kB
MemTotal:       12114512 kB
MemFree:         7554996 kB
MemAvailable:    8662104 kB
Buffers:            3760 kB
Cached:          1232200 kB
SwapCached:            0 kB
Active:          1155436 kB
Inactive:        1043728 kB
Active(anon):     967284 kB
Inactive(anon):    13780 kB
Active(file):     188152 kB
Inactive(file):  1029948 kB
Unevictable:        4124 kB
Mlocked:            4124 kB
SwapTotal:       1048572 kB
SwapFree:        1048572 kB
Dirty:               140 kB
Writeback:             0 kB
AnonPages:        967636 kB
Mapped:           778728 kB
Shmem:             14604 kB
Slab:             180140 kB
SReclaimable:      45088 kB
SUnreclaim:       135052 kB
KernelStack:       37088 kB
PageTables:        50924 kB
NFS_Unstable:          0 kB
Bounce:                0 kB
WritebackTmp:          0 kB
CommitLimit:     7105828 kB
Committed_AS:   60717272 kB
VmallocTotal:   263061440 kB
VmallocUsed:       62124 kB
VmallocChunk:          0 kB
Percpu:             2304 kB
CmaTotal:         294912 kB
CmaFree:               0 kB
MemTotal:       12114512 kB
MemFree:         7555904 kB
MemAvailable:    8663012 kB
Buffers:            3760 kB
Cached:          1232200 kB
SwapCached:            0 kB
Active:          1155708 kB
Inactive:        1043728 kB
Active(anon):     967556 kB
Inactive(anon):    13780 kB
Active(file):     188152 kB
Inactive(file):  1029948 kB
Unevictable:        4124 kB
Mlocked:            4124 kB
SwapTotal:       1048572 kB
SwapFree:        1048572 kB
Dirty:               140 kB
Writeback:             4 kB
AnonPages:        967496 kB
Mapped:           778728 kB
Shmem:             14604 kB
Slab:             180180 kB
SReclaimable:      45088 kB
SUnreclaim:       135092 kB
KernelStack:       37040 kB
PageTables:        50924 kB
NFS_Unstable:          0 kB
Bounce:                0 kB
WritebackTmp:          0 kB
CommitLimit:     7105828 kB
Committed_AS:   60716972 kB
VmallocTotal:   263061440 kB
VmallocUsed:       62076 kB
VmallocChunk:          0 kB
Percpu:             2304 kB
CmaTotal:         294912 kB
CmaFree:              64 kB
MemTotal:       12114512 kB
MemFree:         7555684 kB
MemAvailable:    8662776 kB
Buffers:            3760 kB
Cached:          1232192 kB
SwapCached:            0 kB
Active:          1155028 kB
Inactive:        1043724 kB
Active(anon):     966880 kB
Inactive(anon):    13780 kB
Active(file):     188148 kB
Inactive(file):  1029944 kB
Unevictable:        4124 kB
Mlocked:            4124 kB
SwapTotal:       1048572 kB
SwapFree:        1048572 kB
Dirty:               132 kB
Writeback:             0 kB
AnonPages:        967176 kB
Mapped:           778728 kB
Shmem:             14604 kB
Slab:             180124 kB
SReclaimable:      45072 kB
SUnreclaim:       135052 kB
KernelStack:       37104 kB
PageTables:        50932 kB
NFS_Unstable:          0 kB
Bounce:                0 kB
WritebackTmp:          0 kB
CommitLimit:     7105828 kB
Committed_AS:   60716488 kB
VmallocTotal:   263061440 kB
VmallocUsed:       62108 kB
VmallocChunk:          0 kB
Percpu:             2304 kB
CmaTotal:         294912 kB
CmaFree:               0 kB
MemTotal:       12114512 kB
MemFree:         7555052 kB
MemAvailable:    8662144 kB
Buffers:            3760 kB
Cached:          1232192 kB
SwapCached:            0 kB
Active:          1155016 kB
Inactive:        1043724 kB
Active(anon):     966868 kB
Inactive(anon):    13780 kB
Active(file):     188148 kB
Inactive(file):  1029944 kB
Unevictable:        4124 kB
Mlocked:            4124 kB
SwapTotal:       1048572 kB
SwapFree:        1048572 kB
Dirty:               136 kB
Writeback:             0 kB
AnonPages:        966912 kB
Mapped:           778728 kB
Shmem:             14604 kB
Slab:             180140 kB
SReclaimable:      45072 kB
SUnreclaim:       135068 kB
KernelStack:       37088 kB
PageTables:        50924 kB
NFS_Unstable:          0 kB
Bounce:                0 kB
WritebackTmp:          0 kB
CommitLimit:     7105828 kB
Committed_AS:   60716352 kB
VmallocTotal:   263061440 kB
VmallocUsed:       62124 kB
VmallocChunk:          0 kB
Percpu:             2304 kB
CmaTotal:         294912 kB
CmaFree:               0 kB
MemTotal:       12114512 kB
MemFree:         7554584 kB
MemAvailable:    8661676 kB
Buffers:            3760 kB
Cached:          1232192 kB
SwapCached:            0 kB
Active:          1155824 kB
Inactive:        1043724 kB
Active(anon):     967676 kB
Inactive(anon):    13780 kB
Active(file):     188148 kB
Inactive(file):  1029944 kB
Unevictable:        4124 kB
Mlocked:            4124 kB
SwapTotal:       1048572 kB
SwapFree:        1048572 kB
Dirty:               136 kB
Writeback:             0 kB
AnonPages:        967996 kB
Mapped:           778968 kB
Shmem:             14604 kB
Slab:             180116 kB
SReclaimable:      45072 kB
SUnreclaim:       135044 kB
KernelStack:       37120 kB
PageTables:        50964 kB
NFS_Unstable:          0 kB
Bounce:                0 kB
WritebackTmp:          0 kB
CommitLimit:     7105828 kB
Committed_AS:   60711636 kB
VmallocTotal:   263061440 kB
VmallocUsed:       62124 kB
VmallocChunk:          0 kB
Percpu:             2304 kB
CmaTotal:         294912 kB
CmaFree:               0 kB
MemTotal:       12114512 kB
MemFree:         7566536 kB
MemAvailable:    8673628 kB
Buffers:            3760 kB
Cached:          1232192 kB
SwapCached:            0 kB
Active:          1143428 kB
Inactive:        1043724 kB
Active(anon):     955280 kB
Inactive(anon):    13780 kB
Active(file):     188148 kB
Inactive(file):  1029944 kB
Unevictable:        4124 kB
Mlocked:            4124 kB
SwapTotal:       1048572 kB
SwapFree:        1048572 kB
Dirty:               108 kB
Writeback:             0 kB
AnonPages:        955552 kB
Mapped:           778728 kB
Shmem:             14604 kB
Slab:             180124 kB
SReclaimable:      45072 kB
SUnreclaim:       135052 kB
KernelStack:       37088 kB
PageTables:        50924 kB
NFS_Unstable:          0 kB
Bounce:                0 kB
WritebackTmp:          0 kB
CommitLimit:     7105828 kB
Committed_AS:   60716724 kB
VmallocTotal:   263061440 kB
VmallocUsed:       62140 kB
VmallocChunk:          0 kB
Percpu:             2304 kB
CmaTotal:         294912 kB
CmaFree:             100 kB
MemTotal:       12114512 kB
MemFree:         7569372 kB
MemAvailable:    8676464 kB
Buffers:            3760 kB
Cached:          1232192 kB
SwapCached:            0 kB
Active:          1139608 kB
Inactive:        1043724 kB
Active(anon):     951460 kB
Inactive(anon):    13780 kB
Active(file):     188148 kB
Inactive(file):  1029944 kB
Unevictable:        4124 kB
Mlocked:            4124 kB
SwapTotal:       1048572 kB
SwapFree:        1048572 kB
Dirty:               132 kB
Writeback:             0 kB
AnonPages:        951672 kB
Mapped:           778728 kB
Shmem:             14604 kB
Slab:             180076 kB
SReclaimable:      45072 kB
SUnreclaim:       135004 kB
KernelStack:       37104 kB
PageTables:        50924 kB
NFS_Unstable:          0 kB
Bounce:                0 kB
WritebackTmp:          0 kB
CommitLimit:     7105828 kB
Committed_AS:   60717032 kB
VmallocTotal:   263061440 kB
VmallocUsed:       62124 kB
VmallocChunk:          0 kB
Percpu:             2304 kB
CmaTotal:         294912 kB
CmaFree:               0 kB
MemTotal:       12114512 kB
MemFree:         7569928 kB
MemAvailable:    8677028 kB
Buffers:            3760 kB
Cached:          1232200 kB
SwapCached:            0 kB
Active:          1139484 kB
Inactive:        1043728 kB
Active(anon):     951332 kB
Inactive(anon):    13780 kB
Active(file):     188152 kB
Inactive(file):  1029948 kB
Unevictable:        4124 kB
Mlocked:            4124 kB
SwapTotal:       1048572 kB
SwapFree:        1048572 kB
Dirty:               140 kB
Writeback:            12 kB
AnonPages:        951600 kB
Mapped:           778812 kB
Shmem:             14604 kB
Slab:             180164 kB
SReclaimable:      45072 kB
SUnreclaim:       135092 kB
KernelStack:       37088 kB
PageTables:        50952 kB
NFS_Unstable:          0 kB
Bounce:                0 kB
WritebackTmp:          0 kB
CommitLimit:     7105828 kB
Committed_AS:   60716688 kB
VmallocTotal:   263061440 kB
VmallocUsed:       62140 kB
VmallocChunk:          0 kB
Percpu:             2304 kB
CmaTotal:         294912 kB
CmaFree:             380 kB
MemTotal:       12114512 kB
MemFree:         7569488 kB
MemAvailable:    8676580 kB
Buffers:            3760 kB
Cached:          1232192 kB
SwapCached:            0 kB
Active:          1140056 kB
Inactive:        1043724 kB
Active(anon):     951908 kB
Inactive(anon):    13780 kB
Active(file):     188148 kB
Inactive(file):  1029944 kB
Unevictable:        4124 kB
Mlocked:            4124 kB
SwapTotal:       1048572 kB
SwapFree:        1048572 kB
Dirty:               136 kB
Writeback:             0 kB
AnonPages:        952104 kB
Mapped:           778728 kB
Shmem:             14604 kB
Slab:             180124 kB
SReclaimable:      45072 kB
SUnreclaim:       135052 kB
KernelStack:       37072 kB
PageTables:        50920 kB
NFS_Unstable:          0 kB
Bounce:                0 kB
WritebackTmp:          0 kB
CommitLimit:     7105828 kB
Committed_AS:   60716892 kB
VmallocTotal:   263061440 kB
VmallocUsed:       62140 kB
VmallocChunk:          0 kB
Percpu:             2304 kB
CmaTotal:         294912 kB
CmaFree:               0 kB
MemTotal:       12114512 kB
MemFree:         7569368 kB
MemAvailable:    8676460 kB
Buffers:            3760 kB
Cached:          1232192 kB
SwapCached:            0 kB
Active:          1140260 kB
Inactive:        1043724 kB
Active(anon):     952112 kB
Inactive(anon):    13780 kB
Active(file):     188148 kB
Inactive(file):  1029944 kB
Unevictable:        4124 kB
Mlocked:            4124 kB
SwapTotal:       1048572 kB
SwapFree:        1048572 kB
Dirty:               136 kB
Writeback:             0 kB
AnonPages:        952160 kB
Mapped:           778728 kB
Shmem:             14604 kB
Slab:             180108 kB
SReclaimable:      45072 kB
SUnreclaim:       135036 kB
KernelStack:       37072 kB
PageTables:        50920 kB
NFS_Unstable:          0 kB
Bounce:                0 kB
WritebackTmp:          0 kB
CommitLimit:     7105828 kB
Committed_AS:   60717324 kB
VmallocTotal:   263061440 kB
VmallocUsed:       62140 kB
VmallocChunk:          0 kB
Percpu:             2304 kB
CmaTotal:         294912 kB
CmaFree:               0 kB
MemTotal:       12114512 kB
MemFree:         7569280 kB
MemAvailable:    8676372 kB
Buffers:            3760 kB
Cached:          1232192 kB
SwapCached:            0 kB
Active:          1140500 kB
Inactive:        1043724 kB
Active(anon):     952352 kB
Inactive(anon):    13780 kB
Active(file):     188148 kB
Inactive(file):  1029944 kB
Unevictable:        4124 kB
Mlocked:            4124 kB
SwapTotal:       1048572 kB
SwapFree:        1048572 kB
Dirty:               120 kB
Writeback:             0 kB
AnonPages:        952604 kB
Mapped:           778728 kB
Shmem:             14604 kB
Slab:             180128 kB
SReclaimable:      45072 kB
SUnreclaim:       135056 kB
KernelStack:       37072 kB
PageTables:        50920 kB
NFS_Unstable:          0 kB
Bounce:                0 kB
WritebackTmp:          0 kB
CommitLimit:     7105828 kB
Committed_AS:   60716928 kB
VmallocTotal:   263061440 kB
VmallocUsed:       62140 kB
VmallocChunk:          0 kB
Percpu:             2304 kB
CmaTotal:         294912 kB
CmaFree:               0 kB
MemTotal:       12114512 kB
MemFree:         7569100 kB
MemAvailable:    8676192 kB
Buffers:            3760 kB
Cached:          1232192 kB
SwapCached:            0 kB
Active:          1140940 kB
Inactive:        1043724 kB
Active(anon):     952792 kB
Inactive(anon):    13780 kB
Active(file):     188148 kB
Inactive(file):  1029944 kB
Unevictable:        4124 kB
Mlocked:            4124 kB
SwapTotal:       1048572 kB
SwapFree:        1048572 kB
Dirty:               120 kB
Writeback:             0 kB
AnonPages:        952900 kB
Mapped:           778728 kB
Shmem:             14604 kB
Slab:             180104 kB
SReclaimable:      45072 kB
SUnreclaim:       135032 kB
KernelStack:       37072 kB
PageTables:        50920 kB
NFS_Unstable:          0 kB
Bounce:                0 kB
WritebackTmp:          0 kB
CommitLimit:     7105828 kB
Committed_AS:   60717596 kB
VmallocTotal:   263061440 kB
VmallocUsed:       62156 kB
VmallocChunk:          0 kB
Percpu:             2304 kB
CmaTotal:         294912 kB
CmaFree:               0 kB
MemTotal:       12114512 kB
MemFree:         7569220 kB
MemAvailable:    8676312 kB
Buffers:            3760 kB
Cached:          1232192 kB
SwapCached:            0 kB
Active:          1141116 kB
Inactive:        1043724 kB
Active(anon):     952968 kB
Inactive(anon):    13780 kB
Active(file):     188148 kB
Inactive(file):  1029944 kB
Unevictable:        4124 kB
Mlocked:            4124 kB
SwapTotal:       1048572 kB
SwapFree:        1048572 kB
Dirty:               136 kB
Writeback:             0 kB
AnonPages:        953152 kB
Mapped:           778728 kB
Shmem:             14604 kB
Slab:             180128 kB
SReclaimable:      45072 kB
SUnreclaim:       135056 kB
KernelStack:       37072 kB
PageTables:        50920 kB
NFS_Unstable:          0 kB
Bounce:                0 kB
WritebackTmp:          0 kB
CommitLimit:     7105828 kB
Committed_AS:   60717244 kB
VmallocTotal:   263061440 kB
VmallocUsed:       62156 kB
VmallocChunk:          0 kB
Percpu:             2304 kB
CmaTotal:         294912 kB
CmaFree:               0 kB
MemTotal:       12114512 kB
MemFree:         7568808 kB
MemAvailable:    8675900 kB
Buffers:            3760 kB
Cached:          1232192 kB
SwapCached:            0 kB
Active:          1141424 kB
Inactive:        1043724 kB
Active(anon):     953276 kB
Inactive(anon):    13780 kB
Active(file):     188148 kB
Inactive(file):  1029944 kB
Unevictable:        4124 kB
Mlocked:            4124 kB
SwapTotal:       1048572 kB
SwapFree:        1048572 kB
Dirty:               136 kB
Writeback:             0 kB
AnonPages:        953388 kB
Mapped:           778728 kB
Shmem:             14604 kB
Slab:             180104 kB
SReclaimable:      45072 kB
SUnreclaim:       135032 kB
KernelStack:       37088 kB
PageTables:        50920 kB
NFS_Unstable:          0 kB
Bounce:                0 kB
WritebackTmp:          0 kB
CommitLimit:     7105828 kB
Committed_AS:   60718028 kB
VmallocTotal:   263061440 kB
VmallocUsed:       62156 kB
VmallocChunk:          0 kB
Percpu:             2304 kB
CmaTotal:         294912 kB
CmaFree:             136 kB
MemTotal:       12114512 kB
MemFree:         7563580 kB
MemAvailable:    8670672 kB
Buffers:            3760 kB
Cached:          1232192 kB
SwapCached:            0 kB
Active:          1145724 kB
Inactive:        1043724 kB
Active(anon):     957576 kB
Inactive(anon):    13780 kB
Active(file):     188148 kB
Inactive(file):  1029944 kB
Unevictable:        4124 kB
Mlocked:            4124 kB
SwapTotal:       1048572 kB
SwapFree:        1048572 kB
Dirty:               140 kB
Writeback:             0 kB
AnonPages:        957344 kB
Mapped:           778728 kB
Shmem:             14604 kB
Slab:             180136 kB
SReclaimable:      45072 kB
SUnreclaim:       135064 kB
KernelStack:       37072 kB
PageTables:        50920 kB
NFS_Unstable:          0 kB
Bounce:                0 kB
WritebackTmp:          0 kB
CommitLimit:     7105828 kB
Committed_AS:   60718468 kB
VmallocTotal:   263061440 kB
VmallocUsed:       62140 kB
VmallocChunk:          0 kB
Percpu:             2304 kB
CmaTotal:         294912 kB
CmaFree:               0 kB
MemTotal:       12114512 kB
MemFree:         7552428 kB
MemAvailable:    8659520 kB
Buffers:            3760 kB
Cached:          1232192 kB
SwapCached:            0 kB
Active:          1159104 kB
Inactive:        1043724 kB
Active(anon):     970956 kB
Inactive(anon):    13780 kB
Active(file):     188148 kB
Inactive(file):  1029944 kB
Unevictable:        4124 kB
Mlocked:            4124 kB
SwapTotal:       1048572 kB
SwapFree:        1048572 kB
Dirty:               152 kB
Writeback:             0 kB
AnonPages:        971220 kB
Mapped:           778728 kB
Shmem:             14604 kB
Slab:             180128 kB
SReclaimable:      45072 kB
SUnreclaim:       135056 kB
KernelStack:       37056 kB
PageTables:        50920 kB
NFS_Unstable:          0 kB
Bounce:                0 kB
WritebackTmp:          0 kB
CommitLimit:     7105828 kB
Committed_AS:   60718256 kB
VmallocTotal:   263061440 kB
VmallocUsed:       62140 kB
VmallocChunk:          0 kB
Percpu:             2304 kB
CmaTotal:         294912 kB
CmaFree:              36 kB
MemTotal:       12114512 kB
MemFree:         7556432 kB
MemAvailable:    8663524 kB
Buffers:            3760 kB
Cached:          1232192 kB
SwapCached:            0 kB
Active:          1153052 kB
Inactive:        1043724 kB
Active(anon):     964904 kB
Inactive(anon):    13780 kB
Active(file):     188148 kB
Inactive(file):  1029944 kB
Unevictable:        4124 kB
Mlocked:            4124 kB
SwapTotal:       1048572 kB
SwapFree:        1048572 kB
Dirty:               136 kB
Writeback:             0 kB
AnonPages:        964948 kB
Mapped:           778728 kB
Shmem:             14604 kB
Slab:             180128 kB
SReclaimable:      45072 kB
SUnreclaim:       135056 kB
KernelStack:       37056 kB
PageTables:        50920 kB
NFS_Unstable:          0 kB
Bounce:                0 kB
WritebackTmp:          0 kB
CommitLimit:     7105828 kB
Committed_AS:   60725804 kB
VmallocTotal:   263061440 kB
VmallocUsed:       62140 kB
VmallocChunk:          0 kB
Percpu:             2304 kB
CmaTotal:         294912 kB
CmaFree:               0 kB
MemTotal:       12114512 kB
MemFree:         7555664 kB
MemAvailable:    8662756 kB
Buffers:            3760 kB
Cached:          1232192 kB
SwapCached:            0 kB
Active:          1155692 kB
Inactive:        1043724 kB
Active(anon):     967544 kB
Inactive(anon):    13780 kB
Active(file):     188148 kB
Inactive(file):  1029944 kB
Unevictable:        4124 kB
Mlocked:            4124 kB
SwapTotal:       1048572 kB
SwapFree:        1048572 kB
Dirty:               136 kB
Writeback:             0 kB
AnonPages:        967820 kB
Mapped:           778728 kB
Shmem:             14604 kB
Slab:             180120 kB
SReclaimable:      45072 kB
SUnreclaim:       135048 kB
KernelStack:       37072 kB
PageTables:        50920 kB
NFS_Unstable:          0 kB
Bounce:                0 kB
WritebackTmp:          0 kB
CommitLimit:     7105828 kB
Committed_AS:   60721096 kB
VmallocTotal:   263061440 kB
VmallocUsed:       62140 kB
VmallocChunk:          0 kB
Percpu:             2304 kB
CmaTotal:         294912 kB
CmaFree:               0 kB
MemTotal:       12114512 kB
MemFree:         7556240 kB
MemAvailable:    8663332 kB
Buffers:            3760 kB
Cached:          1232192 kB
SwapCached:            0 kB
Active:          1154548 kB
Inactive:        1043724 kB
Active(anon):     966400 kB
Inactive(anon):    13780 kB
Active(file):     188148 kB
Inactive(file):  1029944 kB
Unevictable:        4124 kB
Mlocked:            4124 kB
SwapTotal:       1048572 kB
SwapFree:        1048572 kB
Dirty:               136 kB
Writeback:             0 kB
AnonPages:        966308 kB
Mapped:           778756 kB
Shmem:             14604 kB
Slab:             180128 kB
SReclaimable:      45072 kB
SUnreclaim:       135056 kB
KernelStack:       37040 kB
PageTables:        50880 kB
NFS_Unstable:          0 kB
Bounce:                0 kB
WritebackTmp:          0 kB
CommitLimit:     7105828 kB
Committed_AS:   60728632 kB
VmallocTotal:   263061440 kB
VmallocUsed:       62108 kB
VmallocChunk:          0 kB
Percpu:             2304 kB
CmaTotal:         294912 kB
CmaFree:               0 kB
MemTotal:       12114512 kB
MemFree:         7556120 kB
MemAvailable:    8663204 kB
Buffers:            3760 kB
Cached:          1232184 kB
SwapCached:            0 kB
Active:          1154796 kB
Inactive:        1043720 kB
Active(anon):     966652 kB
Inactive(anon):    13780 kB
Active(file):     188144 kB
Inactive(file):  1029940 kB
Unevictable:        4124 kB
Mlocked:            4124 kB
SwapTotal:       1048572 kB
SwapFree:        1048572 kB
Dirty:               136 kB
Writeback:             0 kB
AnonPages:        966612 kB
Mapped:           778792 kB
Shmem:             14604 kB
Slab:             180112 kB
SReclaimable:      45072 kB
SUnreclaim:       135040 kB
KernelStack:       37040 kB
PageTables:        50824 kB
NFS_Unstable:          0 kB
Bounce:                0 kB
WritebackTmp:          0 kB
CommitLimit:     7105828 kB
Committed_AS:   60725176 kB
VmallocTotal:   263061440 kB
VmallocUsed:       62140 kB
VmallocChunk:          0 kB
Percpu:             2304 kB
CmaTotal:         294912 kB
CmaFree:               0 kB
MemTotal:       12114512 kB
MemFree:         7556052 kB
MemAvailable:    8663144 kB
Buffers:            3760 kB
Cached:          1232192 kB
SwapCached:            0 kB
Active:          1155052 kB
Inactive:        1043724 kB
Active(anon):     966904 kB
Inactive(anon):    13780 kB
Active(file):     188148 kB
Inactive(file):  1029944 kB
Unevictable:        4124 kB
Mlocked:            4124 kB
SwapTotal:       1048572 kB
SwapFree:        1048572 kB
Dirty:               156 kB
Writeback:             0 kB
AnonPages:        967112 kB
Mapped:           778728 kB
Shmem:             14604 kB
Slab:             180144 kB
SReclaimable:      45072 kB
SUnreclaim:       135072 kB
KernelStack:       37056 kB
PageTables:        50920 kB
NFS_Unstable:          0 kB
Bounce:                0 kB
WritebackTmp:          0 kB
CommitLimit:     7105828 kB
Committed_AS:   60724824 kB
VmallocTotal:   263061440 kB
VmallocUsed:       62124 kB
VmallocChunk:          0 kB
Percpu:             2304 kB
CmaTotal:         294912 kB
CmaFree:               0 kB
MemTotal:       12114512 kB
MemFree:         7556124 kB
MemAvailable:    8662928 kB
Buffers:            3760 kB
Cached:          1232192 kB
SwapCached:            0 kB
Active:          1154932 kB
Inactive:        1043724 kB
Active(anon):     966784 kB
Inactive(anon):    13780 kB
Active(file):     188148 kB
Inactive(file):  1029944 kB
Unevictable:        4124 kB
Mlocked:            4124 kB
SwapTotal:       1048572 kB
SwapFree:        1048572 kB
Dirty:               132 kB
Writeback:             0 kB
AnonPages:        966888 kB
Mapped:           778772 kB
Shmem:             14604 kB
Slab:             180088 kB
SReclaimable:      45072 kB
SUnreclaim:       135016 kB
KernelStack:       37072 kB
PageTables:        50940 kB
NFS_Unstable:          0 kB
Bounce:                0 kB
WritebackTmp:          0 kB
CommitLimit:     7105828 kB
Committed_AS:   60725028 kB
VmallocTotal:   263061440 kB
VmallocUsed:       62124 kB
VmallocChunk:          0 kB
Percpu:             2304 kB
CmaTotal:         294912 kB
CmaFree:               0 kB
MemTotal:       12114512 kB
MemFree:         7555216 kB
MemAvailable:    8662308 kB
Buffers:            3760 kB
Cached:          1232192 kB
SwapCached:            0 kB
Active:          1155204 kB
Inactive:        1043724 kB
Active(anon):     967056 kB
Inactive(anon):    13780 kB
Active(file):     188148 kB
Inactive(file):  1029944 kB
Unevictable:        4124 kB
Mlocked:            4124 kB
SwapTotal:       1048572 kB
SwapFree:        1048572 kB
Dirty:               132 kB
Writeback:             0 kB
AnonPages:        967180 kB
Mapped:           778728 kB
Shmem:             14604 kB
Slab:             180136 kB
SReclaimable:      45072 kB
SUnreclaim:       135064 kB
KernelStack:       37056 kB
PageTables:        50920 kB
NFS_Unstable:          0 kB
Bounce:                0 kB
WritebackTmp:          0 kB
CommitLimit:     7105828 kB
Committed_AS:   60724632 kB
VmallocTotal:   263061440 kB
VmallocUsed:       62124 kB
VmallocChunk:          0 kB
Percpu:             2304 kB
CmaTotal:         294912 kB
CmaFree:               0 kB
MemTotal:       12114512 kB
MemFree:         7560116 kB
MemAvailable:    8667208 kB
Buffers:            3760 kB
Cached:          1232192 kB
SwapCached:            0 kB
Active:          1149864 kB
Inactive:        1043724 kB
Active(anon):     961716 kB
Inactive(anon):    13780 kB
Active(file):     188148 kB
Inactive(file):  1029944 kB
Unevictable:        4124 kB
Mlocked:            4124 kB
SwapTotal:       1048572 kB
SwapFree:        1048572 kB
Dirty:               148 kB
Writeback:             0 kB
AnonPages:        961644 kB
Mapped:           778728 kB
Shmem:             14604 kB
Slab:             180120 kB
SReclaimable:      45072 kB
SUnreclaim:       135048 kB
KernelStack:       37056 kB
PageTables:        50920 kB
NFS_Unstable:          0 kB
Bounce:                0 kB
WritebackTmp:          0 kB
CommitLimit:     7105828 kB
Committed_AS:   60720276 kB
VmallocTotal:   263061440 kB
VmallocUsed:       62140 kB
VmallocChunk:          0 kB
Percpu:             2304 kB
CmaTotal:         294912 kB
CmaFree:             128 kB
MemTotal:       12114512 kB
MemFree:         7559364 kB
MemAvailable:    8666456 kB
Buffers:            3760 kB
Cached:          1232192 kB
SwapCached:            0 kB
Active:          1150196 kB
Inactive:        1043724 kB
Active(anon):     962048 kB
Inactive(anon):    13780 kB
Active(file):     188148 kB
Inactive(file):  1029944 kB
Unevictable:        4124 kB
Mlocked:            4124 kB
SwapTotal:       1048572 kB
SwapFree:        1048572 kB
Dirty:               148 kB
Writeback:             0 kB
AnonPages:        961920 kB
Mapped:           778960 kB
Shmem:             14604 kB
Slab:             180096 kB
SReclaimable:      45072 kB
SUnreclaim:       135024 kB
KernelStack:       37104 kB
PageTables:        50960 kB
NFS_Unstable:          0 kB
Bounce:                0 kB
WritebackTmp:          0 kB
CommitLimit:     7105828 kB
Committed_AS:   60720088 kB
VmallocTotal:   263061440 kB
VmallocUsed:       62124 kB
VmallocChunk:          0 kB
Percpu:             2304 kB
CmaTotal:         294912 kB
CmaFree:               0 kB
MemTotal:       12114512 kB
MemFree:         7560192 kB
MemAvailable:    8667276 kB
Buffers:            3760 kB
Cached:          1232184 kB
SwapCached:            0 kB
Active:          1150316 kB
Inactive:        1043720 kB
Active(anon):     962172 kB
Inactive(anon):    13780 kB
Active(file):     188144 kB
Inactive(file):  1029940 kB
Unevictable:        4124 kB
Mlocked:            4124 kB
SwapTotal:       1048572 kB
SwapFree:        1048572 kB
Dirty:               140 kB
Writeback:             4 kB
AnonPages:        961904 kB
Mapped:           778888 kB
Shmem:             14604 kB
Slab:             180136 kB
SReclaimable:      45072 kB
SUnreclaim:       135064 kB
KernelStack:       37088 kB
PageTables:        50960 kB
NFS_Unstable:          0 kB
Bounce:                0 kB
WritebackTmp:          0 kB
CommitLimit:     7105828 kB
Committed_AS:   60715872 kB
VmallocTotal:   263061440 kB
VmallocUsed:       62140 kB
VmallocChunk:          0 kB
Percpu:             2304 kB
CmaTotal:         294912 kB
CmaFree:               0 kB
MemTotal:       12114512 kB
MemFree:         7558928 kB
MemAvailable:    8666020 kB
Buffers:            3760 kB
Cached:          1232192 kB
SwapCached:            0 kB
Active:          1150560 kB
Inactive:        1043724 kB
Active(anon):     962412 kB
Inactive(anon):    13780 kB
Active(file):     188148 kB
Inactive(file):  1029944 kB
Unevictable:        4124 kB
Mlocked:            4124 kB
SwapTotal:       1048572 kB
SwapFree:        1048572 kB
Dirty:               132 kB
Writeback:             0 kB
AnonPages:        962476 kB
Mapped:           778728 kB
Shmem:             14604 kB
Slab:             180136 kB
SReclaimable:      45072 kB
SUnreclaim:       135064 kB
KernelStack:       37056 kB
PageTables:        50920 kB
NFS_Unstable:          0 kB
Bounce:                0 kB
WritebackTmp:          0 kB
CommitLimit:     7105828 kB
Committed_AS:   60720828 kB
VmallocTotal:   263061440 kB
VmallocUsed:       62140 kB
VmallocChunk:          0 kB
Percpu:             2304 kB
CmaTotal:         294912 kB
CmaFree:               0 kB
MemTotal:       12114512 kB
MemFree:         7559936 kB
MemAvailable:    8667028 kB
Buffers:            3760 kB
Cached:          1232192 kB
SwapCached:            0 kB
Active:          1150760 kB
Inactive:        1043724 kB
Active(anon):     962612 kB
Inactive(anon):    13780 kB
Active(file):     188148 kB
Inactive(file):  1029944 kB
Unevictable:        4124 kB
Mlocked:            4124 kB
SwapTotal:       1048572 kB
SwapFree:        1048572 kB
Dirty:               132 kB
Writeback:             0 kB
AnonPages:        962784 kB
Mapped:           778728 kB
Shmem:             14604 kB
Slab:             180080 kB
SReclaimable:      45072 kB
SUnreclaim:       135008 kB
KernelStack:       37040 kB
PageTables:        50920 kB
NFS_Unstable:          0 kB
Bounce:                0 kB
WritebackTmp:          0 kB
CommitLimit:     7105828 kB
Committed_AS:   60720272 kB
VmallocTotal:   263061440 kB
VmallocUsed:       62124 kB
VmallocChunk:          0 kB
Percpu:             2304 kB
CmaTotal:         294912 kB
CmaFree:               0 kB
MemTotal:       12114512 kB
MemFree:         7558200 kB
MemAvailable:    8665292 kB
Buffers:            3760 kB
Cached:          1232196 kB
SwapCached:            0 kB
Active:          1151120 kB
Inactive:        1043728 kB
Active(anon):     962972 kB
Inactive(anon):    13784 kB
Active(file):     188148 kB
Inactive(file):  1029944 kB
Unevictable:        4124 kB
Mlocked:            4124 kB
SwapTotal:       1048572 kB
SwapFree:        1048572 kB
Dirty:               132 kB
Writeback:             0 kB
AnonPages:        963236 kB
Mapped:           778732 kB
Shmem:             14608 kB
Slab:             180136 kB
SReclaimable:      45072 kB
SUnreclaim:       135064 kB
KernelStack:       37040 kB
PageTables:        50916 kB
NFS_Unstable:          0 kB
Bounce:                0 kB
WritebackTmp:          0 kB
CommitLimit:     7105828 kB
Committed_AS:   60719920 kB
VmallocTotal:   263061440 kB
VmallocUsed:       62092 kB
VmallocChunk:          0 kB
Percpu:             2304 kB
CmaTotal:         294912 kB
CmaFree:               0 kB
MemTotal:       12114512 kB
MemFree:         7559048 kB
MemAvailable:    8666140 kB
Buffers:            3760 kB
Cached:          1232196 kB
SwapCached:            0 kB
Active:          1151344 kB
Inactive:        1043728 kB
Active(anon):     963196 kB
Inactive(anon):    13784 kB
Active(file):     188148 kB
Inactive(file):  1029944 kB
Unevictable:        4124 kB
Mlocked:            4124 kB
SwapTotal:       1048572 kB
SwapFree:        1048572 kB
Dirty:               136 kB
Writeback:             0 kB
AnonPages:        963336 kB
Mapped:           778892 kB
Shmem:             14608 kB
Slab:             180128 kB
SReclaimable:      45072 kB
SUnreclaim:       135056 kB
KernelStack:       37072 kB
PageTables:        50960 kB
NFS_Unstable:          0 kB
Bounce:                0 kB
WritebackTmp:          0 kB
CommitLimit:     7105828 kB
Committed_AS:   60714348 kB
VmallocTotal:   263061440 kB
VmallocUsed:       62092 kB
VmallocChunk:          0 kB
Percpu:             2304 kB
CmaTotal:         294912 kB
CmaFree:               0 kB
MemTotal:       12114512 kB
MemFree:         7559768 kB
MemAvailable:    8666868 kB
Buffers:            3760 kB
Cached:          1232204 kB
SwapCached:            0 kB
Active:          1151712 kB
Inactive:        1043732 kB
Active(anon):     963560 kB
Inactive(anon):    13784 kB
Active(file):     188152 kB
Inactive(file):  1029948 kB
Unevictable:        4124 kB
Mlocked:            4124 kB
SwapTotal:       1048572 kB
SwapFree:        1048572 kB
Dirty:               144 kB
Writeback:             0 kB
AnonPages:        963708 kB
Mapped:           778732 kB
Shmem:             14608 kB
Slab:             180080 kB
SReclaimable:      45072 kB
SUnreclaim:       135008 kB
KernelStack:       37040 kB
PageTables:        50920 kB
NFS_Unstable:          0 kB
Bounce:                0 kB
WritebackTmp:          0 kB
CommitLimit:     7105828 kB
Committed_AS:   60719816 kB
VmallocTotal:   263061440 kB
VmallocUsed:       62108 kB
VmallocChunk:          0 kB
Percpu:             2304 kB
CmaTotal:         294912 kB
CmaFree:               4 kB
MemTotal:       12114512 kB
MemFree:         7558356 kB
MemAvailable:    8665440 kB
Buffers:            3760 kB
Cached:          1232188 kB
SwapCached:            0 kB
Active:          1152160 kB
Inactive:        1043724 kB
Active(anon):     964016 kB
Inactive(anon):    13784 kB
Active(file):     188144 kB
Inactive(file):  1029940 kB
Unevictable:        4124 kB
Mlocked:            4124 kB
SwapTotal:       1048572 kB
SwapFree:        1048572 kB
Dirty:                96 kB
Writeback:             0 kB
AnonPages:        964180 kB
Mapped:           778736 kB
Shmem:             14608 kB
Slab:             180152 kB
SReclaimable:      45072 kB
SUnreclaim:       135080 kB
KernelStack:       37024 kB
PageTables:        50920 kB
NFS_Unstable:          0 kB
Bounce:                0 kB
WritebackTmp:          0 kB
CommitLimit:     7105828 kB
Committed_AS:   60719508 kB
VmallocTotal:   263061440 kB
VmallocUsed:       62108 kB
VmallocChunk:          0 kB
Percpu:             2304 kB
CmaTotal:         294912 kB
CmaFree:               0 kB
MemTotal:       12114512 kB
MemFree:         7558700 kB
MemAvailable:    8665792 kB
Buffers:            3760 kB
Cached:          1232196 kB
SwapCached:            0 kB
Active:          1152432 kB
Inactive:        1043728 kB
Active(anon):     964284 kB
Inactive(anon):    13784 kB
Active(file):     188148 kB
Inactive(file):  1029944 kB
Unevictable:        4124 kB
Mlocked:            4124 kB
SwapTotal:       1048572 kB
SwapFree:        1048572 kB
Dirty:               120 kB
Writeback:             0 kB
AnonPages:        964504 kB
Mapped:           778732 kB
Shmem:             14608 kB
Slab:             180144 kB
SReclaimable:      45072 kB
SUnreclaim:       135072 kB
KernelStack:       37040 kB
PageTables:        50920 kB
NFS_Unstable:          0 kB
Bounce:                0 kB
WritebackTmp:          0 kB
CommitLimit:     7105828 kB
Committed_AS:   60719156 kB
VmallocTotal:   263061440 kB
VmallocUsed:       62076 kB
VmallocChunk:          0 kB
Percpu:             2304 kB
CmaTotal:         294912 kB
CmaFree:               0 kB
MemTotal:       12114512 kB
MemFree:         7558148 kB
MemAvailable:    8665240 kB
Buffers:            3760 kB
Cached:          1232196 kB
SwapCached:            0 kB
Active:          1152704 kB
Inactive:        1043728 kB
Active(anon):     964556 kB
Inactive(anon):    13784 kB
Active(file):     188148 kB
Inactive(file):  1029944 kB
Unevictable:        4124 kB
Mlocked:            4124 kB
SwapTotal:       1048572 kB
SwapFree:        1048572 kB
Dirty:               136 kB
Writeback:             0 kB
AnonPages:        964768 kB
Mapped:           778992 kB
Shmem:             14608 kB
Slab:             180096 kB
SReclaimable:      45072 kB
SUnreclaim:       135024 kB
KernelStack:       37024 kB
PageTables:        50920 kB
NFS_Unstable:          0 kB
Bounce:                0 kB
WritebackTmp:          0 kB
CommitLimit:     7105828 kB
Committed_AS:   60718804 kB
VmallocTotal:   263061440 kB
VmallocUsed:       62060 kB
VmallocChunk:          0 kB
Percpu:             2304 kB
CmaTotal:         294912 kB
CmaFree:               0 kB
MemTotal:       12114512 kB
MemFree:         7558116 kB
MemAvailable:    8665208 kB
Buffers:            3760 kB
Cached:          1232196 kB
SwapCached:            0 kB
Active:          1152504 kB
Inactive:        1043728 kB
Active(anon):     964356 kB
Inactive(anon):    13784 kB
Active(file):     188148 kB
Inactive(file):  1029944 kB
Unevictable:        4124 kB
Mlocked:            4124 kB
SwapTotal:       1048572 kB
SwapFree:        1048572 kB
Dirty:               136 kB
Writeback:             0 kB
AnonPages:        964424 kB
Mapped:           778732 kB
Shmem:             14608 kB
Slab:             180128 kB
SReclaimable:      45072 kB
SUnreclaim:       135056 kB
KernelStack:       37024 kB
PageTables:        50920 kB
NFS_Unstable:          0 kB
Bounce:                0 kB
WritebackTmp:          0 kB
CommitLimit:     7105828 kB
Committed_AS:   60718892 kB
VmallocTotal:   263061440 kB
VmallocUsed:       62060 kB
VmallocChunk:          0 kB
Percpu:             2304 kB
CmaTotal:         294912 kB
CmaFree:               0 kB
MemTotal:       12114512 kB
MemFree:         7557504 kB
MemAvailable:    8664596 kB
Buffers:            3760 kB
Cached:          1232196 kB
SwapCached:            0 kB
Active:          1153364 kB
Inactive:        1043728 kB
Active(anon):     965216 kB
Inactive(anon):    13784 kB
Active(file):     188148 kB
Inactive(file):  1029944 kB
Unevictable:        4124 kB
Mlocked:            4124 kB
SwapTotal:       1048572 kB
SwapFree:        1048572 kB
