MemTotal:       12114512 kB
MemFree:         3906636 kB
MemAvailable:    8961860 kB
Buffers:            4212 kB
Cached:          3676136 kB
SwapCached:            0 kB
Active:          1584796 kB
Inactive:        3162540 kB
Active(anon):    1071220 kB
Inactive(anon):    13180 kB
Active(file):     513576 kB
Inactive(file):  3149360 kB
Unevictable:        4104 kB
Mlocked:            4104 kB
SwapTotal:       1048572 kB
SwapFree:        1048572 kB
Dirty:               108 kB
Writeback:             0 kB
AnonPages:       1071164 kB
Mapped:           793196 kB
Shmem:             14172 kB
Slab:             186360 kB
SReclaimable:      52032 kB
SUnreclaim:       134328 kB
KernelStack:       36624 kB
PageTables:        44220 kB
NFS_Unstable:          0 kB
Bounce:                0 kB
WritebackTmp:          0 kB
CommitLimit:     7105828 kB
Committed_AS:   48486944 kB
VmallocTotal:   263061440 kB
VmallocUsed:       61392 kB
VmallocChunk:          0 kB
Percpu:             2336 kB
CmaTotal:         294912 kB
CmaFree:               0 kB
MemTotal:       12114512 kB
MemFree:         3906768 kB
MemAvailable:    8961992 kB
Buffers:            4212 kB
Cached:          3676136 kB
SwapCached:            0 kB
Active:          1584900 kB
Inactive:        3162540 kB
Active(anon):    1071324 kB
Inactive(anon):    13180 kB
Active(file):     513576 kB
Inactive(file):  3149360 kB
Unevictable:        4104 kB
Mlocked:            4104 kB
SwapTotal:       1048572 kB
SwapFree:        1048572 kB
Dirty:               108 kB
Writeback:             0 kB
AnonPages:       1071216 kB
Mapped:           793056 kB
Shmem:             14172 kB
Slab:             186296 kB
SReclaimable:      52032 kB
SUnreclaim:       134264 kB
KernelStack:       36592 kB
PageTables:        44176 kB
NFS_Unstable:          0 kB
Bounce:                0 kB
WritebackTmp:          0 kB
CommitLimit:     7105828 kB
Committed_AS:   48486884 kB
VmallocTotal:   263061440 kB
VmallocUsed:       61424 kB
VmallocChunk:          0 kB
Percpu:             2336 kB
CmaTotal:         294912 kB
CmaFree:               0 kB
MemTotal:       12114512 kB
MemFree:         3907332 kB
MemAvailable:    8962556 kB
Buffers:            4212 kB
Cached:          3676136 kB
SwapCached:            0 kB
Active:          1584816 kB
Inactive:        3162540 kB
Active(anon):    1071240 kB
Inactive(anon):    13180 kB
Active(file):     513576 kB
Inactive(file):  3149360 kB
Unevictable:        4104 kB
Mlocked:            4104 kB
SwapTotal:       1048572 kB
SwapFree:        1048572 kB
Dirty:               112 kB
Writeback:             0 kB
AnonPages:       1071116 kB
Mapped:           793056 kB
Shmem:             14172 kB
Slab:             186296 kB
SReclaimable:      52032 kB
SUnreclaim:       134264 kB
KernelStack:       36592 kB
PageTables:        44176 kB
NFS_Unstable:          0 kB
Bounce:                0 kB
WritebackTmp:          0 kB
CommitLimit:     7105828 kB
Committed_AS:   48481224 kB
VmallocTotal:   263061440 kB
VmallocUsed:       61392 kB
VmallocChunk:          0 kB
Percpu:             2336 kB
CmaTotal:         294912 kB
CmaFree:               0 kB
MemTotal:       12114512 kB
MemFree:         3906880 kB
MemAvailable:    8962104 kB
Buffers:            4212 kB
Cached:          3676136 kB
SwapCached:            0 kB
Active:          1585096 kB
Inactive:        3162540 kB
Active(anon):    1071520 kB
Inactive(anon):    13180 kB
Active(file):     513576 kB
Inactive(file):  3149360 kB
Unevictable:        4104 kB
Mlocked:            4104 kB
SwapTotal:       1048572 kB
SwapFree:        1048572 kB
Dirty:               148 kB
Writeback:             0 kB
AnonPages:       1071364 kB
Mapped:           793056 kB
Shmem:             14172 kB
Slab:             186296 kB
SReclaimable:      52032 kB
SUnreclaim:       134264 kB
KernelStack:       36512 kB
PageTables:        44044 kB
NFS_Unstable:          0 kB
Bounce:                0 kB
WritebackTmp:          0 kB
CommitLimit:     7105828 kB
Committed_AS:   48486428 kB
VmallocTotal:   263061440 kB
VmallocUsed:       61376 kB
VmallocChunk:          0 kB
Percpu:             2336 kB
CmaTotal:         294912 kB
CmaFree:               0 kB
MemTotal:       12114512 kB
MemFree:         3926304 kB
MemAvailable:    8981528 kB
Buffers:            4212 kB
Cached:          3676136 kB
SwapCached:            0 kB
Active:          1564896 kB
Inactive:        3162540 kB
Active(anon):    1051320 kB
Inactive(anon):    13180 kB
Active(file):     513576 kB
Inactive(file):  3149360 kB
Unevictable:        4104 kB
Mlocked:            4104 kB
SwapTotal:       1048572 kB
SwapFree:        1048572 kB
Dirty:                88 kB
Writeback:             0 kB
AnonPages:       1051124 kB
Mapped:           793056 kB
Shmem:             14172 kB
Slab:             186296 kB
SReclaimable:      52032 kB
SUnreclaim:       134264 kB
KernelStack:       36352 kB
PageTables:        44056 kB
NFS_Unstable:          0 kB
Bounce:                0 kB
WritebackTmp:          0 kB
CommitLimit:     7105828 kB
Committed_AS:   48488640 kB
VmallocTotal:   263061440 kB
VmallocUsed:       61216 kB
VmallocChunk:          0 kB
Percpu:             2336 kB
CmaTotal:         294912 kB
CmaFree:               0 kB
MemTotal:       12114512 kB
MemFree:         3926604 kB
MemAvailable:    8981828 kB
Buffers:            4212 kB
Cached:          3676136 kB
SwapCached:            0 kB
Active:          1565440 kB
Inactive:        3162540 kB
Active(anon):    1051864 kB
Inactive(anon):    13180 kB
Active(file):     513576 kB
Inactive(file):  3149360 kB
Unevictable:        4104 kB
Mlocked:            4104 kB
SwapTotal:       1048572 kB
SwapFree:        1048572 kB
Dirty:               128 kB
Writeback:             0 kB
AnonPages:       1051712 kB
Mapped:           793056 kB
Shmem:             14172 kB
Slab:             186296 kB
SReclaimable:      52032 kB
SUnreclaim:       134264 kB
KernelStack:       36320 kB
PageTables:        44036 kB
NFS_Unstable:          0 kB
Bounce:                0 kB
WritebackTmp:          0 kB
CommitLimit:     7105828 kB
Committed_AS:   48488288 kB
VmallocTotal:   263061440 kB
VmallocUsed:       61152 kB
VmallocChunk:          0 kB
Percpu:             2336 kB
CmaTotal:         294912 kB
CmaFree:               0 kB
MemTotal:       12114512 kB
MemFree:         3926336 kB
MemAvailable:    8981560 kB
Buffers:            4212 kB
Cached:          3676136 kB
SwapCached:            0 kB
Active:          1565540 kB
Inactive:        3162540 kB
Active(anon):    1051964 kB
Inactive(anon):    13180 kB
Active(file):     513576 kB
Inactive(file):  3149360 kB
Unevictable:        4104 kB
Mlocked:            4104 kB
SwapTotal:       1048572 kB
SwapFree:        1048572 kB
Dirty:               136 kB
Writeback:             0 kB
AnonPages:       1051656 kB
Mapped:           793216 kB
Shmem:             14172 kB
Slab:             186296 kB
SReclaimable:      52032 kB
SUnreclaim:       134264 kB
KernelStack:       36368 kB
PageTables:        43820 kB
NFS_Unstable:          0 kB
Bounce:                0 kB
WritebackTmp:          0 kB
CommitLimit:     7105828 kB
Committed_AS:   48480468 kB
VmallocTotal:   263061440 kB
VmallocUsed:       61184 kB
VmallocChunk:          0 kB
Percpu:             2336 kB
CmaTotal:         294912 kB
CmaFree:               0 kB
MemTotal:       12114512 kB
MemFree:         3927736 kB
MemAvailable:    8983516 kB
Buffers:            4212 kB
Cached:          3676332 kB
SwapCached:            0 kB
Active:          1568672 kB
Inactive:        3162452 kB
Active(anon):    1054800 kB
Inactive(anon):    13088 kB
Active(file):     513872 kB
Inactive(file):  3149364 kB
Unevictable:        4104 kB
Mlocked:            4104 kB
SwapTotal:       1048572 kB
SwapFree:        1048572 kB
Dirty:               400 kB
Writeback:             0 kB
AnonPages:       1054700 kB
Mapped:           792796 kB
Shmem:             14068 kB
Slab:             186296 kB
SReclaimable:      52032 kB
SUnreclaim:       134264 kB
KernelStack:       36352 kB
PageTables:        44028 kB
NFS_Unstable:          0 kB
Bounce:                0 kB
WritebackTmp:          0 kB
CommitLimit:     7105828 kB
Committed_AS:   48486112 kB
VmallocTotal:   263061440 kB
VmallocUsed:       61120 kB
VmallocChunk:          0 kB
Percpu:             2336 kB
CmaTotal:         294912 kB
CmaFree:             152 kB
MemTotal:       12114512 kB
MemFree:         3926552 kB
MemAvailable:    8982332 kB
Buffers:            4212 kB
Cached:          3676352 kB
SwapCached:            0 kB
Active:          1566540 kB
Inactive:        3162472 kB
Active(anon):    1052668 kB
Inactive(anon):    13108 kB
Active(file):     513872 kB
Inactive(file):  3149364 kB
Unevictable:        4104 kB
Mlocked:            4104 kB
SwapTotal:       1048572 kB
SwapFree:        1048572 kB
Dirty:               412 kB
Writeback:             0 kB
AnonPages:       1052224 kB
Mapped:           793064 kB
Shmem:             14088 kB
Slab:             186312 kB
SReclaimable:      52032 kB
SUnreclaim:       134280 kB
KernelStack:       36368 kB
PageTables:        44072 kB
NFS_Unstable:          0 kB
Bounce:                0 kB
WritebackTmp:          0 kB
CommitLimit:     7105828 kB
Committed_AS:   48491712 kB
VmallocTotal:   263061440 kB
VmallocUsed:       61184 kB
VmallocChunk:          0 kB
Percpu:             2336 kB
CmaTotal:         294912 kB
CmaFree:               0 kB
MemTotal:       12114512 kB
MemFree:         3913796 kB
MemAvailable:    8969280 kB
Buffers:            4212 kB
Cached:          3676044 kB
SwapCached:            0 kB
Active:          1578024 kB
Inactive:        3162456 kB
Active(anon):    1064448 kB
Inactive(anon):    13092 kB
Active(file):     513576 kB
Inactive(file):  3149364 kB
Unevictable:        4104 kB
Mlocked:            4104 kB
SwapTotal:       1048572 kB
SwapFree:        1048572 kB
Dirty:                84 kB
Writeback:             0 kB
AnonPages:       1064376 kB
Mapped:           792868 kB
Shmem:             14076 kB
Slab:             186320 kB
SReclaimable:      52032 kB
SUnreclaim:       134288 kB
KernelStack:       36272 kB
PageTables:        44160 kB
NFS_Unstable:          0 kB
Bounce:                0 kB
WritebackTmp:          0 kB
CommitLimit:     7105828 kB
Committed_AS:   48489896 kB
VmallocTotal:   263061440 kB
VmallocUsed:       61088 kB
VmallocChunk:          0 kB
Percpu:             2336 kB
CmaTotal:         294912 kB
CmaFree:               0 kB
MemTotal:       12114512 kB
MemFree:         3914420 kB
MemAvailable:    8969432 kB
Buffers:            4212 kB
Cached:          3676388 kB
SwapCached:            0 kB
Active:          1580456 kB
Inactive:        3162500 kB
Active(anon):    1066584 kB
Inactive(anon):    13136 kB
Active(file):     513872 kB
Inactive(file):  3149364 kB
Unevictable:        4104 kB
Mlocked:            4104 kB
SwapTotal:       1048572 kB
SwapFree:        1048572 kB
Dirty:               380 kB
Writeback:             0 kB
AnonPages:       1066488 kB
Mapped:           793052 kB
Shmem:             14124 kB
Slab:             186368 kB
SReclaimable:      52032 kB
SUnreclaim:       134336 kB
KernelStack:       36288 kB
PageTables:        44032 kB
NFS_Unstable:          0 kB
Bounce:                0 kB
WritebackTmp:          0 kB
CommitLimit:     7105828 kB
Committed_AS:   48498516 kB
VmallocTotal:   263061440 kB
VmallocUsed:       61104 kB
VmallocChunk:          0 kB
Percpu:             2336 kB
CmaTotal:         294912 kB
CmaFree:               0 kB
MemTotal:       12114512 kB
MemFree:         3913272 kB
MemAvailable:    8968284 kB
Buffers:            4212 kB
Cached:          3676408 kB
SwapCached:            0 kB
Active:          1579308 kB
Inactive:        3162524 kB
Active(anon):    1065436 kB
Inactive(anon):    13160 kB
Active(file):     513872 kB
Inactive(file):  3149364 kB
Unevictable:        4104 kB
Mlocked:            4104 kB
SwapTotal:       1048572 kB
SwapFree:        1048572 kB
Dirty:               400 kB
Writeback:             0 kB
AnonPages:       1065336 kB
Mapped:           793404 kB
Shmem:             14144 kB
Slab:             186368 kB
SReclaimable:      52032 kB
SUnreclaim:       134336 kB
KernelStack:       36304 kB
PageTables:        44164 kB
NFS_Unstable:          0 kB
Bounce:                0 kB
WritebackTmp:          0 kB
CommitLimit:     7105828 kB
Committed_AS:   48492764 kB
VmallocTotal:   263061440 kB
VmallocUsed:       61120 kB
VmallocChunk:          0 kB
Percpu:             2336 kB
CmaTotal:         294912 kB
CmaFree:               0 kB
MemTotal:       12114512 kB
MemFree:         3914284 kB
MemAvailable:    8969000 kB
Buffers:            4212 kB
Cached:          3676088 kB
SwapCached:            0 kB
Active:          1578640 kB
Inactive:        3162500 kB
Active(anon):    1065064 kB
Inactive(anon):    13136 kB
Active(file):     513576 kB
Inactive(file):  3149364 kB
Unevictable:        4104 kB
Mlocked:            4104 kB
SwapTotal:       1048572 kB
SwapFree:        1048572 kB
Dirty:               400 kB
Writeback:             0 kB
AnonPages:       1064876 kB
Mapped:           793560 kB
Shmem:             14120 kB
Slab:             186368 kB
SReclaimable:      52032 kB
SUnreclaim:       134336 kB
KernelStack:       36288 kB
PageTables:        44076 kB
NFS_Unstable:          0 kB
Bounce:                0 kB
WritebackTmp:          0 kB
CommitLimit:     7105828 kB
Committed_AS:   48488836 kB
VmallocTotal:   263061440 kB
VmallocUsed:       61104 kB
VmallocChunk:          0 kB
Percpu:             2336 kB
CmaTotal:         294912 kB
CmaFree:               0 kB
MemTotal:       12114512 kB
MemFree:         3914928 kB
MemAvailable:    8992516 kB
Buffers:            4212 kB
Cached:          3675972 kB
SwapCached:            0 kB
Active:          1578704 kB
Inactive:        3162408 kB
Active(anon):    1065128 kB
Inactive(anon):    13044 kB
Active(file):     513576 kB
Inactive(file):  3149364 kB
Unevictable:        4104 kB
Mlocked:            4104 kB
SwapTotal:       1048572 kB
SwapFree:        1048572 kB
Dirty:               436 kB
Writeback:             0 kB
AnonPages:       1065124 kB
Mapped:           792456 kB
Shmem:             14004 kB
Slab:             186360 kB
SReclaimable:      52032 kB
SUnreclaim:       134328 kB
KernelStack:       36272 kB
PageTables:        43940 kB
NFS_Unstable:          0 kB
Bounce:                0 kB
WritebackTmp:          0 kB
CommitLimit:     7105828 kB
Committed_AS:   48499076 kB
VmallocTotal:   263061440 kB
VmallocUsed:       61168 kB
VmallocChunk:          0 kB
Percpu:             2336 kB
CmaTotal:         294912 kB
CmaFree:              72 kB
MemTotal:       12114512 kB
MemFree:         3912652 kB
MemAvailable:    8991208 kB
Buffers:            4212 kB
Cached:          3676980 kB
SwapCached:            0 kB
Active:          1580636 kB
Inactive:        3162452 kB
Active(anon):    1066096 kB
Inactive(anon):    13084 kB
Active(file):     514540 kB
Inactive(file):  3149368 kB
Unevictable:        4104 kB
Mlocked:            4104 kB
SwapTotal:       1048572 kB
SwapFree:        1048572 kB
Dirty:                88 kB
Writeback:             0 kB
AnonPages:       1065940 kB
Mapped:           792732 kB
Shmem:             14044 kB
Slab:             186360 kB
SReclaimable:      52032 kB
SUnreclaim:       134328 kB
KernelStack:       36368 kB
PageTables:        43984 kB
NFS_Unstable:          0 kB
Bounce:                0 kB
WritebackTmp:          0 kB
CommitLimit:     7105828 kB
Committed_AS:   48498660 kB
VmallocTotal:   263061440 kB
VmallocUsed:       61136 kB
VmallocChunk:          0 kB
Percpu:             2336 kB
CmaTotal:         294912 kB
CmaFree:               0 kB
MemTotal:       12114512 kB
MemFree:         3913388 kB
MemAvailable:    8991928 kB
Buffers:            4212 kB
Cached:          3676888 kB
SwapCached:            0 kB
Active:          1580916 kB
Inactive:        3162360 kB
Active(anon):    1066376 kB
Inactive(anon):    12992 kB
Active(file):     514540 kB
Inactive(file):  3149368 kB
Unevictable:        4104 kB
Mlocked:            4104 kB
SwapTotal:       1048572 kB
SwapFree:        1048572 kB
Dirty:                88 kB
Writeback:             0 kB
AnonPages:       1066296 kB
Mapped:           792404 kB
Shmem:             13952 kB
Slab:             186360 kB
SReclaimable:      52032 kB
SUnreclaim:       134328 kB
KernelStack:       36304 kB
PageTables:        43944 kB
NFS_Unstable:          0 kB
Bounce:                0 kB
WritebackTmp:          0 kB
CommitLimit:     7105828 kB
Committed_AS:   48491820 kB
VmallocTotal:   263061440 kB
VmallocUsed:       61136 kB
VmallocChunk:          0 kB
Percpu:             2336 kB
CmaTotal:         294912 kB
CmaFree:               0 kB
MemTotal:       12114512 kB
MemFree:         3911592 kB
MemAvailable:    8990132 kB
Buffers:            4212 kB
Cached:          3676916 kB
SwapCached:            0 kB
Active:          1581532 kB
Inactive:        3162388 kB
Active(anon):    1066992 kB
Inactive(anon):    13020 kB
Active(file):     514540 kB
Inactive(file):  3149368 kB
Unevictable:        4104 kB
Mlocked:            4104 kB
SwapTotal:       1048572 kB
SwapFree:        1048572 kB
Dirty:               100 kB
Writeback:             0 kB
AnonPages:       1066920 kB
Mapped:           792452 kB
Shmem:             13980 kB
Slab:             186360 kB
SReclaimable:      52032 kB
SUnreclaim:       134328 kB
KernelStack:       36304 kB
PageTables:        43944 kB
NFS_Unstable:          0 kB
Bounce:                0 kB
WritebackTmp:          0 kB
CommitLimit:     7105828 kB
Committed_AS:   48492356 kB
VmallocTotal:   263061440 kB
VmallocUsed:       61168 kB
VmallocChunk:          0 kB
Percpu:             2336 kB
CmaTotal:         294912 kB
CmaFree:               0 kB
MemTotal:       12114512 kB
MemFree:         3908084 kB
MemAvailable:    8968968 kB
Buffers:            4212 kB
Cached:          3677452 kB
SwapCached:            0 kB
Active:          1584312 kB
Inactive:        3162836 kB
Active(anon):    1069752 kB
Inactive(anon):    13300 kB
Active(file):     514560 kB
Inactive(file):  3149536 kB
Unevictable:        4104 kB
Mlocked:            4104 kB
SwapTotal:       1048572 kB
SwapFree:        1048572 kB
Dirty:              7556 kB
Writeback:             0 kB
AnonPages:       1069744 kB
Mapped:           793264 kB
Shmem:             14328 kB
Slab:             186340 kB
SReclaimable:      52012 kB
SUnreclaim:       134328 kB
KernelStack:       36320 kB
PageTables:        43956 kB
NFS_Unstable:          0 kB
Bounce:                0 kB
WritebackTmp:          0 kB
CommitLimit:     7105828 kB
Committed_AS:   48496048 kB
VmallocTotal:   263061440 kB
VmallocUsed:       61200 kB
VmallocChunk:          0 kB
Percpu:             2336 kB
CmaTotal:         294912 kB
CmaFree:               0 kB
MemTotal:       12114512 kB
MemFree:         3908436 kB
MemAvailable:    8945688 kB
Buffers:            4212 kB
Cached:          3677520 kB
SwapCached:            0 kB
Active:          1583860 kB
Inactive:        3162892 kB
Active(anon):    1069300 kB
Inactive(anon):    13356 kB
Active(file):     514560 kB
Inactive(file):  3149536 kB
Unevictable:        4104 kB
Mlocked:            4104 kB
SwapTotal:       1048572 kB
SwapFree:        1048572 kB
Dirty:              7584 kB
Writeback:             0 kB
AnonPages:       1069156 kB
Mapped:           793456 kB
Shmem:             14396 kB
Slab:             186340 kB
SReclaimable:      52012 kB
SUnreclaim:       134328 kB
KernelStack:       36320 kB
PageTables:        43896 kB
NFS_Unstable:          0 kB
Bounce:                0 kB
WritebackTmp:          0 kB
CommitLimit:     7105828 kB
Committed_AS:   48487288 kB
VmallocTotal:   263061440 kB
VmallocUsed:       61184 kB
VmallocChunk:          0 kB
Percpu:             2336 kB
CmaTotal:         294912 kB
CmaFree:              20 kB
MemTotal:       12114512 kB
MemFree:         3908072 kB
MemAvailable:    8944704 kB
Buffers:            4212 kB
Cached:          3677540 kB
SwapCached:            0 kB
Active:          1584468 kB
Inactive:        3162916 kB
Active(anon):    1069908 kB
Inactive(anon):    13380 kB
Active(file):     514560 kB
Inactive(file):  3149536 kB
Unevictable:        4104 kB
Mlocked:            4104 kB
SwapTotal:       1048572 kB
SwapFree:        1048572 kB
Dirty:              7484 kB
Writeback:             0 kB
AnonPages:       1070028 kB
Mapped:           794448 kB
Shmem:             14416 kB
Slab:             186340 kB
SReclaimable:      52012 kB
SUnreclaim:       134328 kB
KernelStack:       36320 kB
PageTables:        44028 kB
NFS_Unstable:          0 kB
Bounce:                0 kB
WritebackTmp:          0 kB
CommitLimit:     7105828 kB
Committed_AS:   48494196 kB
VmallocTotal:   263061440 kB
VmallocUsed:       61152 kB
VmallocChunk:          0 kB
Percpu:             2336 kB
CmaTotal:         294912 kB
CmaFree:               0 kB
MemTotal:       12114512 kB
MemFree:         3907588 kB
MemAvailable:    8949188 kB
Buffers:            4212 kB
Cached:          3677564 kB
SwapCached:            0 kB
Active:          1585196 kB
Inactive:        3162940 kB
Active(anon):    1070636 kB
Inactive(anon):    13404 kB
Active(file):     514560 kB
Inactive(file):  3149536 kB
Unevictable:        4104 kB
Mlocked:            4104 kB
SwapTotal:       1048572 kB
SwapFree:        1048572 kB
Dirty:              7516 kB
Writeback:             0 kB
AnonPages:       1070476 kB
Mapped:           794440 kB
Shmem:             14440 kB
Slab:             186340 kB
SReclaimable:      52012 kB
SUnreclaim:       134328 kB
KernelStack:       36192 kB
PageTables:        44000 kB
NFS_Unstable:          0 kB
Bounce:                0 kB
WritebackTmp:          0 kB
CommitLimit:     7105828 kB
Committed_AS:   48495656 kB
VmallocTotal:   263061440 kB
VmallocUsed:       61024 kB
VmallocChunk:          0 kB
Percpu:             2336 kB
CmaTotal:         294912 kB
CmaFree:               0 kB
MemTotal:       12114512 kB
MemFree:         3906064 kB
MemAvailable:    8947664 kB
Buffers:            4212 kB
Cached:          3677588 kB
SwapCached:            0 kB
Active:          1585428 kB
Inactive:        3162964 kB
Active(anon):    1070868 kB
Inactive(anon):    13428 kB
Active(file):     514560 kB
Inactive(file):  3149536 kB
Unevictable:        4104 kB
Mlocked:            4104 kB
SwapTotal:       1048572 kB
SwapFree:        1048572 kB
Dirty:              7516 kB
Writeback:             0 kB
AnonPages:       1070824 kB
Mapped:           794520 kB
Shmem:             14464 kB
Slab:             186372 kB
SReclaimable:      52012 kB
SUnreclaim:       134360 kB
KernelStack:       36256 kB
PageTables:        44012 kB
NFS_Unstable:          0 kB
Bounce:                0 kB
WritebackTmp:          0 kB
CommitLimit:     7105828 kB
Committed_AS:   48495348 kB
VmallocTotal:   263061440 kB
VmallocUsed:       61040 kB
VmallocChunk:          0 kB
Percpu:             2336 kB
CmaTotal:         294912 kB
CmaFree:               0 kB
MemTotal:       12114512 kB
MemFree:         3902316 kB
MemAvailable:    8938568 kB
Buffers:            4216 kB
Cached:          3677808 kB
SwapCached:            0 kB
Active:          1590620 kB
Inactive:        3163172 kB
Active(anon):    1076056 kB
Inactive(anon):    13592 kB
Active(file):     514564 kB
Inactive(file):  3149580 kB
Unevictable:        4104 kB
Mlocked:            4104 kB
SwapTotal:       1048572 kB
SwapFree:        1048572 kB
Dirty:               196 kB
Writeback:             0 kB
AnonPages:       1076028 kB
Mapped:           793700 kB
Shmem:             14640 kB
Slab:             186440 kB
SReclaimable:      52016 kB
SUnreclaim:       134424 kB
KernelStack:       36272 kB
PageTables:        44024 kB
NFS_Unstable:          0 kB
Bounce:                0 kB
WritebackTmp:          0 kB
CommitLimit:     7105828 kB
Committed_AS:   48511324 kB
VmallocTotal:   263061440 kB
VmallocUsed:       61088 kB
VmallocChunk:          0 kB
Percpu:             2336 kB
CmaTotal:         294912 kB
CmaFree:               0 kB
MemTotal:       12114512 kB
MemFree:         3894572 kB
MemAvailable:    8963744 kB
Buffers:            4216 kB
Cached:          3677792 kB
SwapCached:            0 kB
Active:          1598040 kB
Inactive:        3163116 kB
Active(anon):    1083476 kB
Inactive(anon):    13532 kB
Active(file):     514564 kB
Inactive(file):  3149584 kB
Unevictable:        4104 kB
Mlocked:            4104 kB
SwapTotal:       1048572 kB
SwapFree:        1048572 kB
Dirty:               224 kB
Writeback:             0 kB
AnonPages:       1083452 kB
Mapped:           797764 kB
Shmem:             14620 kB
Slab:             186440 kB
SReclaimable:      52020 kB
SUnreclaim:       134420 kB
KernelStack:       36640 kB
PageTables:        44752 kB
NFS_Unstable:          0 kB
Bounce:                0 kB
WritebackTmp:          0 kB
CommitLimit:     7105828 kB
Committed_AS:   49883512 kB
VmallocTotal:   263061440 kB
VmallocUsed:       61348 kB
VmallocChunk:          0 kB
Percpu:             2336 kB
CmaTotal:         294912 kB
CmaFree:               0 kB
MemTotal:       12114512 kB
MemFree:         3888900 kB
MemAvailable:    8971328 kB
Buffers:            4216 kB
Cached:          3677808 kB
SwapCached:            0 kB
Active:          1600404 kB
Inactive:        3163140 kB
Active(anon):    1085840 kB
Inactive(anon):    13552 kB
Active(file):     514564 kB
Inactive(file):  3149588 kB
Unevictable:        4104 kB
Mlocked:            4104 kB
SwapTotal:       1048572 kB
SwapFree:        1048572 kB
Dirty:               124 kB
Writeback:             0 kB
AnonPages:       1085812 kB
Mapped:           798348 kB
Shmem:             14632 kB
Slab:             186400 kB
SReclaimable:      52028 kB
SUnreclaim:       134372 kB
KernelStack:       36688 kB
PageTables:        45072 kB
NFS_Unstable:          0 kB
Bounce:                0 kB
WritebackTmp:          0 kB
CommitLimit:     7105828 kB
Committed_AS:   49874560 kB
VmallocTotal:   263061440 kB
VmallocUsed:       61540 kB
VmallocChunk:          0 kB
Percpu:             2336 kB
CmaTotal:         294912 kB
CmaFree:               0 kB
MemTotal:       12114512 kB
MemFree:         3888392 kB
MemAvailable:    8969592 kB
Buffers:            4216 kB
Cached:          3677936 kB
SwapCached:            0 kB
Active:          1600684 kB
Inactive:        3163268 kB
Active(anon):    1086120 kB
Inactive(anon):    13676 kB
Active(file):     514564 kB
Inactive(file):  3149592 kB
Unevictable:        4104 kB
Mlocked:            4104 kB
SwapTotal:       1048572 kB
SwapFree:        1048572 kB
Dirty:               164 kB
Writeback:             0 kB
AnonPages:       1086072 kB
Mapped:           799096 kB
Shmem:             14756 kB
Slab:             186404 kB
SReclaimable:      52032 kB
SUnreclaim:       134372 kB
KernelStack:       36656 kB
PageTables:        45052 kB
NFS_Unstable:          0 kB
Bounce:                0 kB
WritebackTmp:          0 kB
CommitLimit:     7105828 kB
Committed_AS:   49892108 kB
VmallocTotal:   263061440 kB
VmallocUsed:       61476 kB
VmallocChunk:          0 kB
Percpu:             2336 kB
CmaTotal:         294912 kB
CmaFree:               0 kB
MemTotal:       12114512 kB
MemFree:         3887756 kB
MemAvailable:    8967940 kB
Buffers:            4216 kB
Cached:          3677964 kB
SwapCached:            0 kB
Active:          1602368 kB
Inactive:        3163292 kB
Active(anon):    1087800 kB
Inactive(anon):    13696 kB
Active(file):     514568 kB
Inactive(file):  3149596 kB
Unevictable:        4104 kB
Mlocked:            4104 kB
SwapTotal:       1048572 kB
SwapFree:        1048572 kB
Dirty:               176 kB
Writeback:             0 kB
AnonPages:       1087604 kB
Mapped:           801408 kB
Shmem:             14776 kB
Slab:             186404 kB
SReclaimable:      52032 kB
SUnreclaim:       134372 kB
KernelStack:       36672 kB
PageTables:        44816 kB
NFS_Unstable:          0 kB
Bounce:                0 kB
WritebackTmp:          0 kB
CommitLimit:     7105828 kB
Committed_AS:   49891288 kB
VmallocTotal:   263061440 kB
VmallocUsed:       61444 kB
VmallocChunk:          0 kB
Percpu:             2336 kB
CmaTotal:         294912 kB
CmaFree:               0 kB
MemTotal:       12114512 kB
MemFree:         3857524 kB
MemAvailable:    8794668 kB
Buffers:            4216 kB
Cached:          3677796 kB
SwapCached:            0 kB
Active:          1632692 kB
Inactive:        3163012 kB
Active(anon):    1117840 kB
Inactive(anon):    13708 kB
Active(file):     514852 kB
Inactive(file):  3149304 kB
Unevictable:        4104 kB
Mlocked:            4104 kB
SwapTotal:       1048572 kB
SwapFree:        1048572 kB
Dirty:               188 kB
Writeback:             0 kB
AnonPages:       1117652 kB
Mapped:           804236 kB
Shmem:             14616 kB
Slab:             186512 kB
SReclaimable:      52056 kB
SUnreclaim:       134456 kB
KernelStack:       37248 kB
PageTables:        45340 kB
NFS_Unstable:          0 kB
Bounce:                0 kB
WritebackTmp:          0 kB
CommitLimit:     7105828 kB
Committed_AS:   50117576 kB
VmallocTotal:   263061440 kB
VmallocUsed:       62076 kB
VmallocChunk:          0 kB
Percpu:             2336 kB
CmaTotal:         294912 kB
CmaFree:               0 kB
MemTotal:       12114512 kB
MemFree:         3877008 kB
MemAvailable:    8772256 kB
Buffers:            4220 kB
Cached:          3677540 kB
SwapCached:            0 kB
Active:          1610596 kB
Inactive:        3162868 kB
Active(anon):    1096048 kB
Inactive(anon):    13612 kB
Active(file):     514548 kB
Inactive(file):  3149256 kB
Unevictable:        4104 kB
Mlocked:            4104 kB
SwapTotal:       1048572 kB
SwapFree:        1048572 kB
Dirty:               224 kB
Writeback:             0 kB
AnonPages:       1095984 kB
Mapped:           805188 kB
Shmem:             14716 kB
Slab:             186672 kB
SReclaimable:      52116 kB
SUnreclaim:       134556 kB
KernelStack:       37488 kB
PageTables:        45548 kB
NFS_Unstable:          0 kB
Bounce:                0 kB
WritebackTmp:          0 kB
CommitLimit:     7105828 kB
Committed_AS:   50113532 kB
VmallocTotal:   263061440 kB
VmallocUsed:       62532 kB
VmallocChunk:          0 kB
Percpu:             2336 kB
CmaTotal:         294912 kB
CmaFree:            1788 kB
MemTotal:       12114512 kB
MemFree:         3892388 kB
MemAvailable:    8796824 kB
Buffers:            4220 kB
Cached:          3677544 kB
SwapCached:            0 kB
Active:          1593364 kB
Inactive:        3162872 kB
Active(anon):    1078816 kB
Inactive(anon):    13612 kB
Active(file):     514548 kB
Inactive(file):  3149260 kB
Unevictable:        4104 kB
Mlocked:            4104 kB
SwapTotal:       1048572 kB
SwapFree:        1048572 kB
Dirty:                96 kB
Writeback:             0 kB
AnonPages:       1078508 kB
Mapped:           805600 kB
Shmem:             14716 kB
Slab:             186664 kB
SReclaimable:      52116 kB
SUnreclaim:       134548 kB
KernelStack:       37568 kB
PageTables:        45424 kB
NFS_Unstable:          0 kB
Bounce:                0 kB
WritebackTmp:          0 kB
CommitLimit:     7105828 kB
Committed_AS:   50112112 kB
VmallocTotal:   263061440 kB
VmallocUsed:       62564 kB
VmallocChunk:          0 kB
Percpu:             2336 kB
CmaTotal:         294912 kB
CmaFree:             608 kB
MemTotal:       12114512 kB
MemFree:         3894320 kB
MemAvailable:    8880172 kB
Buffers:            4220 kB
Cached:          3677528 kB
SwapCached:            0 kB
Active:          1593360 kB
Inactive:        3162856 kB
Active(anon):    1078812 kB
Inactive(anon):    13596 kB
Active(file):     514548 kB
Inactive(file):  3149260 kB
Unevictable:        4104 kB
Mlocked:            4104 kB
SwapTotal:       1048572 kB
SwapFree:        1048572 kB
Dirty:               104 kB
Writeback:             0 kB
AnonPages:       1078488 kB
Mapped:           805752 kB
Shmem:             14700 kB
Slab:             186664 kB
SReclaimable:      52116 kB
SUnreclaim:       134548 kB
KernelStack:       37568 kB
PageTables:        45356 kB
NFS_Unstable:          0 kB
Bounce:                0 kB
WritebackTmp:          0 kB
CommitLimit:     7105828 kB
Committed_AS:   50107028 kB
VmallocTotal:   263061440 kB
VmallocUsed:       62516 kB
VmallocChunk:          0 kB
Percpu:             2336 kB
CmaTotal:         294912 kB
CmaFree:               0 kB
MemTotal:       12114512 kB
MemFree:         3894324 kB
MemAvailable:    8880176 kB
Buffers:            4220 kB
Cached:          3677528 kB
SwapCached:            0 kB
Active:          1593940 kB
Inactive:        3162856 kB
Active(anon):    1079392 kB
Inactive(anon):    13596 kB
Active(file):     514548 kB
Inactive(file):  3149260 kB
Unevictable:        4104 kB
Mlocked:            4104 kB
SwapTotal:       1048572 kB
SwapFree:        1048572 kB
Dirty:               104 kB
Writeback:             0 kB
AnonPages:       1079016 kB
Mapped:           805752 kB
Shmem:             14700 kB
Slab:             186664 kB
SReclaimable:      52116 kB
SUnreclaim:       134548 kB
KernelStack:       37568 kB
PageTables:        45356 kB
NFS_Unstable:          0 kB
Bounce:                0 kB
WritebackTmp:          0 kB
CommitLimit:     7105828 kB
Committed_AS:   50112476 kB
VmallocTotal:   263061440 kB
VmallocUsed:       62548 kB
VmallocChunk:          0 kB
Percpu:             2336 kB
CmaTotal:         294912 kB
CmaFree:               0 kB
MemTotal:       12114512 kB
MemFree:         3893860 kB
MemAvailable:    8879712 kB
Buffers:            4220 kB
Cached:          3677528 kB
SwapCached:            0 kB
Active:          1593748 kB
Inactive:        3162856 kB
Active(anon):    1079200 kB
Inactive(anon):    13596 kB
Active(file):     514548 kB
Inactive(file):  3149260 kB
Unevictable:        4104 kB
Mlocked:            4104 kB
SwapTotal:       1048572 kB
SwapFree:        1048572 kB
Dirty:               104 kB
Writeback:             0 kB
AnonPages:       1078988 kB
Mapped:           805912 kB
Shmem:             14700 kB
Slab:             186664 kB
SReclaimable:      52116 kB
SUnreclaim:       134548 kB
KernelStack:       37552 kB
PageTables:        45332 kB
NFS_Unstable:          0 kB
Bounce:                0 kB
WritebackTmp:          0 kB
CommitLimit:     7105828 kB
Committed_AS:   50106604 kB
VmallocTotal:   263061440 kB
VmallocUsed:       62532 kB
VmallocChunk:          0 kB
Percpu:             2336 kB
CmaTotal:         294912 kB
CmaFree:               0 kB
MemTotal:       12114512 kB
MemFree:         3890524 kB
MemAvailable:    8883828 kB
Buffers:            4220 kB
Cached:          3677372 kB
SwapCached:            0 kB
Active:          1596524 kB
Inactive:        3162788 kB
Active(anon):    1081900 kB
Inactive(anon):    13580 kB
Active(file):     514624 kB
Inactive(file):  3149208 kB
Unevictable:        4104 kB
Mlocked:            4104 kB
SwapTotal:       1048572 kB
SwapFree:        1048572 kB
Dirty:               116 kB
Writeback:             0 kB
AnonPages:       1082076 kB
Mapped:           805732 kB
Shmem:             14520 kB
Slab:             186656 kB
SReclaimable:      52116 kB
SUnreclaim:       134540 kB
KernelStack:       37568 kB
PageTables:        45328 kB
NFS_Unstable:          0 kB
Bounce:                0 kB
WritebackTmp:          0 kB
CommitLimit:     7105828 kB
Committed_AS:   50106440 kB
VmallocTotal:   263061440 kB
VmallocUsed:       62532 kB
VmallocChunk:          0 kB
Percpu:             2336 kB
CmaTotal:         294912 kB
CmaFree:               0 kB
MemTotal:       12114512 kB
MemFree:         3894640 kB
MemAvailable:    8887920 kB
Buffers:            4220 kB
Cached:          3677348 kB
SwapCached:            0 kB
Active:          1593572 kB
Inactive:        3162768 kB
Active(anon):    1078952 kB
Inactive(anon):    13580 kB
Active(file):     514620 kB
Inactive(file):  3149188 kB
Unevictable:        4104 kB
Mlocked:            4104 kB
SwapTotal:       1048572 kB
SwapFree:        1048572 kB
Dirty:               316 kB
Writeback:             0 kB
AnonPages:       1079076 kB
Mapped:           805616 kB
Shmem:             14520 kB
Slab:             186656 kB
SReclaimable:      52116 kB
SUnreclaim:       134540 kB
KernelStack:       37524 kB
PageTables:        45272 kB
NFS_Unstable:          0 kB
Bounce:                0 kB
WritebackTmp:          0 kB
CommitLimit:     7105828 kB
Committed_AS:   50102288 kB
VmallocTotal:   263061440 kB
VmallocUsed:       62548 kB
VmallocChunk:          0 kB
Percpu:             2336 kB
CmaTotal:         294912 kB
CmaFree:               0 kB
MemTotal:       12114512 kB
MemFree:         3895976 kB
MemAvailable:    8889256 kB
Buffers:            4220 kB
Cached:          3677348 kB
SwapCached:            0 kB
Active:          1591788 kB
Inactive:        3162768 kB
Active(anon):    1077168 kB
Inactive(anon):    13580 kB
Active(file):     514620 kB
Inactive(file):  3149188 kB
Unevictable:        4104 kB
Mlocked:            4104 kB
SwapTotal:       1048572 kB
SwapFree:        1048572 kB
Dirty:               564 kB
Writeback:             0 kB
AnonPages:       1077060 kB
Mapped:           805556 kB
Shmem:             14520 kB
Slab:             186656 kB
SReclaimable:      52116 kB
SUnreclaim:       134540 kB
KernelStack:       37536 kB
PageTables:        45408 kB
NFS_Unstable:          0 kB
Bounce:                0 kB
WritebackTmp:          0 kB
CommitLimit:     7105828 kB
Committed_AS:   50098012 kB
VmallocTotal:   263061440 kB
VmallocUsed:       62532 kB
VmallocChunk:          0 kB
Percpu:             2336 kB
CmaTotal:         294912 kB
CmaFree:             308 kB
MemTotal:       12114512 kB
MemFree:         3894972 kB
MemAvailable:    8888252 kB
Buffers:            4220 kB
Cached:          3677348 kB
SwapCached:            0 kB
Active:          1592884 kB
Inactive:        3162768 kB
Active(anon):    1078264 kB
Inactive(anon):    13580 kB
Active(file):     514620 kB
Inactive(file):  3149188 kB
Unevictable:        4104 kB
Mlocked:            4104 kB
SwapTotal:       1048572 kB
SwapFree:        1048572 kB
Dirty:               564 kB
Writeback:             0 kB
AnonPages:       1078132 kB
Mapped:           805784 kB
Shmem:             14520 kB
Slab:             186712 kB
SReclaimable:      52116 kB
SUnreclaim:       134596 kB
KernelStack:       37552 kB
PageTables:        45316 kB
NFS_Unstable:          0 kB
Bounce:                0 kB
WritebackTmp:          0 kB
CommitLimit:     7105828 kB
Committed_AS:   50098336 kB
VmallocTotal:   263061440 kB
VmallocUsed:       62532 kB
VmallocChunk:          0 kB
Percpu:             2336 kB
CmaTotal:         294912 kB
CmaFree:               0 kB
MemTotal:       12114512 kB
MemFree:         3895348 kB
MemAvailable:    8888628 kB
Buffers:            4220 kB
Cached:          3677348 kB
SwapCached:            0 kB
Active:          1593472 kB
Inactive:        3162768 kB
Active(anon):    1078852 kB
Inactive(anon):    13580 kB
Active(file):     514620 kB
Inactive(file):  3149188 kB
Unevictable:        4104 kB
Mlocked:            4104 kB
SwapTotal:       1048572 kB
SwapFree:        1048572 kB
Dirty:               564 kB
Writeback:             0 kB
AnonPages:       1078828 kB
Mapped:           805556 kB
Shmem:             14520 kB
Slab:             186712 kB
SReclaimable:      52116 kB
SUnreclaim:       134596 kB
KernelStack:       37520 kB
PageTables:        45276 kB
NFS_Unstable:          0 kB
Bounce:                0 kB
WritebackTmp:          0 kB
CommitLimit:     7105828 kB
Committed_AS:   50100616 kB
VmallocTotal:   263061440 kB
VmallocUsed:       62532 kB
VmallocChunk:          0 kB
Percpu:             2336 kB
CmaTotal:         294912 kB
CmaFree:               0 kB
MemTotal:       12114512 kB
MemFree:         3894732 kB
MemAvailable:    8888012 kB
Buffers:            4220 kB
Cached:          3677348 kB
SwapCached:            0 kB
Active:          1594324 kB
Inactive:        3162768 kB
Active(anon):    1079704 kB
Inactive(anon):    13580 kB
Active(file):     514620 kB
Inactive(file):  3149188 kB
Unevictable:        4104 kB
Mlocked:            4104 kB
SwapTotal:       1048572 kB
SwapFree:        1048572 kB
Dirty:               564 kB
Writeback:             0 kB
AnonPages:       1079704 kB
Mapped:           805728 kB
Shmem:             14520 kB
Slab:             186712 kB
SReclaimable:      52116 kB
SUnreclaim:       134596 kB
KernelStack:       37552 kB
PageTables:        45308 kB
NFS_Unstable:          0 kB
Bounce:                0 kB
WritebackTmp:          0 kB
CommitLimit:     7105828 kB
Committed_AS:   50094736 kB
VmallocTotal:   263061440 kB
VmallocUsed:       62564 kB
VmallocChunk:          0 kB
Percpu:             2336 kB
CmaTotal:         294912 kB
CmaFree:             256 kB
MemTotal:       12114512 kB
MemFree:         3891192 kB
MemAvailable:    8884472 kB
Buffers:            4220 kB
Cached:          3677348 kB
SwapCached:            0 kB
Active:          1594884 kB
Inactive:        3162768 kB
Active(anon):    1080264 kB
Inactive(anon):    13580 kB
Active(file):     514620 kB
Inactive(file):  3149188 kB
Unevictable:        4104 kB
Mlocked:            4104 kB
SwapTotal:       1048572 kB
SwapFree:        1048572 kB
Dirty:               304 kB
Writeback:             0 kB
AnonPages:       1080252 kB
Mapped:           805656 kB
Shmem:             14520 kB
Slab:             186704 kB
SReclaimable:      52116 kB
SUnreclaim:       134588 kB
KernelStack:       37504 kB
PageTables:        45244 kB
NFS_Unstable:          0 kB
Bounce:                0 kB
WritebackTmp:          0 kB
CommitLimit:     7105828 kB
Committed_AS:   50105580 kB
VmallocTotal:   263061440 kB
VmallocUsed:       62596 kB
VmallocChunk:          0 kB
Percpu:             2336 kB
CmaTotal:         294912 kB
CmaFree:               0 kB
MemTotal:       12114512 kB
MemFree:         3892072 kB
MemAvailable:    8885352 kB
Buffers:            4220 kB
Cached:          3677348 kB
SwapCached:            0 kB
Active:          1595532 kB
Inactive:        3162768 kB
Active(anon):    1080912 kB
Inactive(anon):    13580 kB
Active(file):     514620 kB
Inactive(file):  3149188 kB
Unevictable:        4104 kB
Mlocked:            4104 kB
SwapTotal:       1048572 kB
SwapFree:        1048572 kB
Dirty:               108 kB
Writeback:             0 kB
AnonPages:       1081124 kB
Mapped:           805796 kB
Shmem:             14520 kB
Slab:             186744 kB
SReclaimable:      52116 kB
SUnreclaim:       134628 kB
KernelStack:       37552 kB
PageTables:        45332 kB
NFS_Unstable:          0 kB
Bounce:                0 kB
WritebackTmp:          0 kB
CommitLimit:     7105828 kB
Committed_AS:   50099144 kB
VmallocTotal:   263061440 kB
VmallocUsed:       62596 kB
VmallocChunk:          0 kB
Percpu:             2336 kB
CmaTotal:         294912 kB
CmaFree:               0 kB
MemTotal:       12114512 kB
MemFree:         3892276 kB
MemAvailable:    8885556 kB
Buffers:            4220 kB
Cached:          3677348 kB
SwapCached:            0 kB
Active:          1595776 kB
Inactive:        3162768 kB
Active(anon):    1081156 kB
Inactive(anon):    13580 kB
Active(file):     514620 kB
Inactive(file):  3149188 kB
Unevictable:        4104 kB
Mlocked:            4104 kB
SwapTotal:       1048572 kB
SwapFree:        1048572 kB
Dirty:               144 kB
Writeback:             0 kB
AnonPages:       1081200 kB
Mapped:           805556 kB
Shmem:             14520 kB
Slab:             186744 kB
SReclaimable:      52116 kB
SUnreclaim:       134628 kB
KernelStack:       37520 kB
PageTables:        45224 kB
NFS_Unstable:          0 kB
Bounce:                0 kB
WritebackTmp:          0 kB
CommitLimit:     7105828 kB
Committed_AS:   50100868 kB
VmallocTotal:   263061440 kB
VmallocUsed:       62596 kB
VmallocChunk:          0 kB
Percpu:             2336 kB
CmaTotal:         294912 kB
CmaFree:              52 kB
MemTotal:       12114512 kB
MemFree:         3892628 kB
MemAvailable:    8885916 kB
Buffers:            4220 kB
Cached:          3677356 kB
SwapCached:            0 kB
Active:          1596256 kB
Inactive:        3162772 kB
Active(anon):    1081632 kB
Inactive(anon):    13580 kB
Active(file):     514624 kB
Inactive(file):  3149192 kB
Unevictable:        4104 kB
Mlocked:            4104 kB
SwapTotal:       1048572 kB
SwapFree:        1048572 kB
Dirty:               176 kB
Writeback:             8 kB
AnonPages:       1081672 kB
Mapped:           805764 kB
Shmem:             14520 kB
Slab:             186752 kB
SReclaimable:      52116 kB
SUnreclaim:       134636 kB
KernelStack:       37568 kB
PageTables:        45396 kB
NFS_Unstable:          0 kB
Bounce:                0 kB
WritebackTmp:          0 kB
CommitLimit:     7105828 kB
Committed_AS:   50089740 kB
VmallocTotal:   263061440 kB
VmallocUsed:       62564 kB
VmallocChunk:          0 kB
Percpu:             2336 kB
CmaTotal:         294912 kB
CmaFree:               0 kB
MemTotal:       12114512 kB
MemFree:         3892228 kB
MemAvailable:    8885508 kB
Buffers:            4220 kB
Cached:          3677348 kB
SwapCached:            0 kB
Active:          1595912 kB
Inactive:        3162768 kB
Active(anon):    1081292 kB
Inactive(anon):    13580 kB
Active(file):     514620 kB
Inactive(file):  3149188 kB
Unevictable:        4104 kB
Mlocked:            4104 kB
SwapTotal:       1048572 kB
SwapFree:        1048572 kB
Dirty:               164 kB
Writeback:             0 kB
AnonPages:       1081208 kB
Mapped:           805784 kB
Shmem:             14520 kB
Slab:             186752 kB
SReclaimable:      52116 kB
SUnreclaim:       134636 kB
KernelStack:       37536 kB
PageTables:        45356 kB
NFS_Unstable:          0 kB
Bounce:                0 kB
WritebackTmp:          0 kB
CommitLimit:     7105828 kB
Committed_AS:   50081820 kB
VmallocTotal:   263061440 kB
VmallocUsed:       62564 kB
VmallocChunk:          0 kB
Percpu:             2336 kB
CmaTotal:         294912 kB
CmaFree:               0 kB
MemTotal:       12114512 kB
MemFree:         3890884 kB
MemAvailable:    8884164 kB
Buffers:            4220 kB
Cached:          3677348 kB
SwapCached:            0 kB
Active:          1598336 kB
Inactive:        3162768 kB
Active(anon):    1083716 kB
Inactive(anon):    13580 kB
Active(file):     514620 kB
Inactive(file):  3149188 kB
Unevictable:        4104 kB
Mlocked:            4104 kB
SwapTotal:       1048572 kB
SwapFree:        1048572 kB
Dirty:               168 kB
Writeback:             0 kB
AnonPages:       1083508 kB
Mapped:           805752 kB
Shmem:             14520 kB
Slab:             186752 kB
SReclaimable:      52116 kB
SUnreclaim:       134636 kB
KernelStack:       37568 kB
PageTables:        45264 kB
NFS_Unstable:          0 kB
Bounce:                0 kB
WritebackTmp:          0 kB
CommitLimit:     7105828 kB
Committed_AS:   50087884 kB
VmallocTotal:   263061440 kB
VmallocUsed:       62548 kB
VmallocChunk:          0 kB
Percpu:             2336 kB
CmaTotal:         294912 kB
CmaFree:               0 kB
MemTotal:       12114512 kB
MemFree:         3891336 kB
MemAvailable:    8884640 kB
Buffers:            4220 kB
Cached:          3677372 kB
SwapCached:            0 kB
Active:          1596032 kB
Inactive:        3162792 kB
Active(anon):    1081412 kB
Inactive(anon):    13580 kB
Active(file):     514620 kB
Inactive(file):  3149212 kB
Unevictable:        4104 kB
Mlocked:            4104 kB
SwapTotal:       1048572 kB
SwapFree:        1048572 kB
Dirty:              7584 kB
Writeback:             0 kB
AnonPages:       1081404 kB
Mapped:           805556 kB
Shmem:             14520 kB
Slab:             186756 kB
SReclaimable:      52120 kB
SUnreclaim:       134636 kB
KernelStack:       37552 kB
PageTables:        45448 kB
NFS_Unstable:          0 kB
Bounce:                0 kB
WritebackTmp:          0 kB
CommitLimit:     7105828 kB
Committed_AS:   50087140 kB
VmallocTotal:   263061440 kB
VmallocUsed:       62548 kB
VmallocChunk:          0 kB
Percpu:             2336 kB
CmaTotal:         294912 kB
CmaFree:               0 kB
MemTotal:       12114512 kB
MemFree:         3891860 kB
MemAvailable:    8885164 kB
Buffers:            4220 kB
Cached:          3677372 kB
SwapCached:            0 kB
Active:          1596376 kB
Inactive:        3162792 kB
Active(anon):    1081756 kB
Inactive(anon):    13580 kB
Active(file):     514620 kB
Inactive(file):  3149212 kB
Unevictable:        4104 kB
Mlocked:            4104 kB
SwapTotal:       1048572 kB
SwapFree:        1048572 kB
Dirty:              7584 kB
Writeback:             0 kB
AnonPages:       1081792 kB
Mapped:           805716 kB
Shmem:             14520 kB
Slab:             186756 kB
SReclaimable:      52120 kB
SUnreclaim:       134636 kB
KernelStack:       37568 kB
PageTables:        45396 kB
NFS_Unstable:          0 kB
Bounce:                0 kB
WritebackTmp:          0 kB
CommitLimit:     7105828 kB
Committed_AS:   50092896 kB
VmallocTotal:   263061440 kB
VmallocUsed:       62548 kB
VmallocChunk:          0 kB
Percpu:             2336 kB
CmaTotal:         294912 kB
CmaFree:               0 kB
MemTotal:       12114512 kB
MemFree:         3891716 kB
MemAvailable:    8885020 kB
Buffers:            4220 kB
Cached:          3677372 kB
SwapCached:            0 kB
Active:          1596540 kB
Inactive:        3162792 kB
Active(anon):    1081920 kB
Inactive(anon):    13580 kB
Active(file):     514620 kB
Inactive(file):  3149212 kB
Unevictable:        4104 kB
Mlocked:            4104 kB
SwapTotal:       1048572 kB
SwapFree:        1048572 kB
Dirty:              7584 kB
Writeback:             0 kB
AnonPages:       1081900 kB
Mapped:           805556 kB
Shmem:             14520 kB
Slab:             186756 kB
SReclaimable:      52120 kB
SUnreclaim:       134636 kB
KernelStack:       37520 kB
PageTables:        45224 kB
NFS_Unstable:          0 kB
Bounce:                0 kB
WritebackTmp:          0 kB
CommitLimit:     7105828 kB
Committed_AS:   50092456 kB
VmallocTotal:   263061440 kB
VmallocUsed:       62564 kB
VmallocChunk:          0 kB
Percpu:             2336 kB
CmaTotal:         294912 kB
CmaFree:               0 kB
MemTotal:       12114512 kB
MemFree:         3891304 kB
MemAvailable:    8884608 kB
Buffers:            4220 kB
Cached:          3677372 kB
SwapCached:            0 kB
Active:          1596356 kB
Inactive:        3162792 kB
Active(anon):    1081736 kB
Inactive(anon):    13580 kB
Active(file):     514620 kB
Inactive(file):  3149212 kB
Unevictable:        4104 kB
Mlocked:            4104 kB
SwapTotal:       1048572 kB
SwapFree:        1048572 kB
Dirty:              7584 kB
Writeback:             0 kB
AnonPages:       1081748 kB
Mapped:           805716 kB
Shmem:             14520 kB
Slab:             186788 kB
SReclaimable:      52120 kB
SUnreclaim:       134668 kB
KernelStack:       37568 kB
PageTables:        45400 kB
NFS_Unstable:          0 kB
Bounce:                0 kB
WritebackTmp:          0 kB
CommitLimit:     7105828 kB
Committed_AS:   50086880 kB
VmallocTotal:   263061440 kB
VmallocUsed:       62564 kB
VmallocChunk:          0 kB
Percpu:             2336 kB
CmaTotal:         294912 kB
CmaFree:               0 kB
MemTotal:       12114512 kB
MemFree:         3891444 kB
MemAvailable:    8884748 kB
Buffers:            4220 kB
Cached:          3677372 kB
SwapCached:            0 kB
Active:          1596692 kB
Inactive:        3162792 kB
Active(anon):    1082072 kB
Inactive(anon):    13580 kB
Active(file):     514620 kB
Inactive(file):  3149212 kB
Unevictable:        4104 kB
Mlocked:            4104 kB
SwapTotal:       1048572 kB
SwapFree:        1048572 kB
Dirty:              7584 kB
Writeback:             0 kB
AnonPages:       1081920 kB
Mapped:           805556 kB
Shmem:             14520 kB
Slab:             186788 kB
SReclaimable:      52120 kB
SUnreclaim:       134668 kB
KernelStack:       37536 kB
PageTables:        45356 kB
NFS_Unstable:          0 kB
Bounce:                0 kB
WritebackTmp:          0 kB
CommitLimit:     7105828 kB
Committed_AS:   50087040 kB
VmallocTotal:   263061440 kB
VmallocUsed:       62548 kB
VmallocChunk:          0 kB
Percpu:             2336 kB
CmaTotal:         294912 kB
CmaFree:               0 kB
MemTotal:       12114512 kB
MemFree:         3888720 kB
MemAvailable:    8882076 kB
Buffers:            4224 kB
Cached:          3677312 kB
SwapCached:            0 kB
Active:          1597512 kB
Inactive:        3162732 kB
Active(anon):    1082888 kB
Inactive(anon):    13476 kB
Active(file):     514624 kB
Inactive(file):  3149256 kB
Unevictable:        4104 kB
Mlocked:            4104 kB
SwapTotal:       1048572 kB
SwapFree:        1048572 kB
Dirty:               164 kB
Writeback:             0 kB
AnonPages:       1082828 kB
Mapped:           805524 kB
Shmem:             14416 kB
Slab:             186784 kB
SReclaimable:      52124 kB
SUnreclaim:       134660 kB
KernelStack:       37584 kB
PageTables:        45368 kB
NFS_Unstable:          0 kB
Bounce:                0 kB
WritebackTmp:          0 kB
CommitLimit:     7105828 kB
Committed_AS:   50099772 kB
VmallocTotal:   263061440 kB
VmallocUsed:       62612 kB
VmallocChunk:          0 kB
Percpu:             2336 kB
CmaTotal:         294912 kB
CmaFree:              12 kB
MemTotal:       12114512 kB
MemFree:         3888988 kB
MemAvailable:    8882344 kB
Buffers:            4224 kB
Cached:          3677416 kB
SwapCached:            0 kB
Active:          1597160 kB
Inactive:        3162836 kB
Active(anon):    1082536 kB
Inactive(anon):    13580 kB
Active(file):     514624 kB
Inactive(file):  3149256 kB
Unevictable:        4104 kB
Mlocked:            4104 kB
SwapTotal:       1048572 kB
SwapFree:        1048572 kB
Dirty:               164 kB
Writeback:             0 kB
AnonPages:       1082384 kB
Mapped:           805556 kB
Shmem:             14520 kB
Slab:             186776 kB
SReclaimable:      52124 kB
SUnreclaim:       134652 kB
KernelStack:       37536 kB
PageTables:        45356 kB
NFS_Unstable:          0 kB
Bounce:                0 kB
WritebackTmp:          0 kB
CommitLimit:     7105828 kB
Committed_AS:   50099820 kB
VmallocTotal:   263061440 kB
VmallocUsed:       62580 kB
VmallocChunk:          0 kB
Percpu:             2336 kB
CmaTotal:         294912 kB
CmaFree:               0 kB
MemTotal:       12114512 kB
MemFree:         3889976 kB
MemAvailable:    8883332 kB
Buffers:            4224 kB
Cached:          3677416 kB
SwapCached:            0 kB
Active:          1597864 kB
Inactive:        3162836 kB
Active(anon):    1083240 kB
Inactive(anon):    13580 kB
Active(file):     514624 kB
Inactive(file):  3149256 kB
Unevictable:        4104 kB
Mlocked:            4104 kB
SwapTotal:       1048572 kB
SwapFree:        1048572 kB
Dirty:               192 kB
Writeback:             0 kB
AnonPages:       1083096 kB
Mapped:           805556 kB
Shmem:             14520 kB
Slab:             186776 kB
SReclaimable:      52124 kB
SUnreclaim:       134652 kB
KernelStack:       37552 kB
PageTables:        45240 kB
NFS_Unstable:          0 kB
Bounce:                0 kB
WritebackTmp:          0 kB
CommitLimit:     7105828 kB
Committed_AS:   50105180 kB
VmallocTotal:   263061440 kB
VmallocUsed:       62580 kB
VmallocChunk:          0 kB
Percpu:             2336 kB
CmaTotal:         294912 kB
CmaFree:               0 kB
MemTotal:       12114512 kB
MemFree:         3889552 kB
MemAvailable:    8882908 kB
Buffers:            4224 kB
Cached:          3677416 kB
SwapCached:            0 kB
Active:          1597748 kB
Inactive:        3162836 kB
Active(anon):    1083124 kB
Inactive(anon):    13580 kB
Active(file):     514624 kB
Inactive(file):  3149256 kB
Unevictable:        4104 kB
Mlocked:            4104 kB
SwapTotal:       1048572 kB
SwapFree:        1048572 kB
Dirty:               192 kB
Writeback:             0 kB
AnonPages:       1083176 kB
Mapped:           805556 kB
Shmem:             14520 kB
Slab:             186784 kB
SReclaimable:      52124 kB
SUnreclaim:       134660 kB
KernelStack:       37552 kB
PageTables:        45100 kB
NFS_Unstable:          0 kB
Bounce:                0 kB
WritebackTmp:          0 kB
CommitLimit:     7105828 kB
Committed_AS:   50081420 kB
VmallocTotal:   263061440 kB
VmallocUsed:       62564 kB
VmallocChunk:          0 kB
Percpu:             2336 kB
CmaTotal:         294912 kB
CmaFree:               0 kB
MemTotal:       12114512 kB
MemFree:         3908160 kB
MemAvailable:    8901516 kB
Buffers:            4224 kB
Cached:          3677416 kB
SwapCached:            0 kB
Active:          1577820 kB
Inactive:        3162836 kB
Active(anon):    1063196 kB
Inactive(anon):    13580 kB
Active(file):     514624 kB
Inactive(file):  3149256 kB
Unevictable:        4104 kB
Mlocked:            4104 kB
SwapTotal:       1048572 kB
SwapFree:        1048572 kB
Dirty:               192 kB
Writeback:             0 kB
AnonPages:       1063224 kB
Mapped:           805652 kB
Shmem:             14520 kB
Slab:             186784 kB
SReclaimable:      52124 kB
SUnreclaim:       134660 kB
KernelStack:       37568 kB
PageTables:        45380 kB
NFS_Unstable:          0 kB
Bounce:                0 kB
WritebackTmp:          0 kB
CommitLimit:     7105828 kB
Committed_AS:   50083660 kB
VmallocTotal:   263061440 kB
VmallocUsed:       62580 kB
VmallocChunk:          0 kB
Percpu:             2336 kB
CmaTotal:         294912 kB
CmaFree:             256 kB
MemTotal:       12114512 kB
MemFree:         3908688 kB
MemAvailable:    8902044 kB
Buffers:            4224 kB
Cached:          3677420 kB
SwapCached:            0 kB
Active:          1577984 kB
Inactive:        3162840 kB
Active(anon):    1063360 kB
Inactive(anon):    13584 kB
Active(file):     514624 kB
Inactive(file):  3149256 kB
Unevictable:        4104 kB
Mlocked:            4104 kB
SwapTotal:       1048572 kB
SwapFree:        1048572 kB
Dirty:               164 kB
Writeback:             0 kB
AnonPages:       1063348 kB
Mapped:           805560 kB
Shmem:             14524 kB
Slab:             186784 kB
SReclaimable:      52124 kB
SUnreclaim:       134660 kB
KernelStack:       37520 kB
PageTables:        45224 kB
NFS_Unstable:          0 kB
Bounce:                0 kB
WritebackTmp:          0 kB
CommitLimit:     7105828 kB
Committed_AS:   50084456 kB
VmallocTotal:   263061440 kB
VmallocUsed:       62564 kB
VmallocChunk:          0 kB
Percpu:             2336 kB
CmaTotal:         294912 kB
CmaFree:               0 kB
MemTotal:       12114512 kB
MemFree:         3908512 kB
MemAvailable:    8901884 kB
Buffers:            4228 kB
Cached:          3677432 kB
SwapCached:            0 kB
Active:          1578136 kB
Inactive:        3162852 kB
Active(anon):    1063508 kB
Inactive(anon):    13584 kB
Active(file):     514628 kB
Inactive(file):  3149268 kB
Unevictable:        4104 kB
Mlocked:            4104 kB
SwapTotal:       1048572 kB
SwapFree:        1048572 kB
Dirty:               132 kB
Writeback:             0 kB
AnonPages:       1063484 kB
Mapped:           805744 kB
Shmem:             14524 kB
Slab:             186788 kB
SReclaimable:      52128 kB
SUnreclaim:       134660 kB
KernelStack:       37552 kB
PageTables:        45264 kB
NFS_Unstable:          0 kB
Bounce:                0 kB
WritebackTmp:          0 kB
CommitLimit:     7105828 kB
Committed_AS:   50089680 kB
VmallocTotal:   263061440 kB
VmallocUsed:       62596 kB
VmallocChunk:          0 kB
Percpu:             2336 kB
CmaTotal:         294912 kB
CmaFree:               0 kB
MemTotal:       12114512 kB
MemFree:         3908552 kB
MemAvailable:    8901924 kB
Buffers:            4228 kB
Cached:          3677432 kB
SwapCached:            0 kB
Active:          1578232 kB
Inactive:        3162852 kB
Active(anon):    1063604 kB
Inactive(anon):    13584 kB
Active(file):     514628 kB
Inactive(file):  3149268 kB
Unevictable:        4104 kB
Mlocked:            4104 kB
SwapTotal:       1048572 kB
SwapFree:        1048572 kB
Dirty:               132 kB
Writeback:             0 kB
AnonPages:       1063644 kB
Mapped:           805560 kB
Shmem:             14524 kB
Slab:             186788 kB
SReclaimable:      52128 kB
SUnreclaim:       134660 kB
KernelStack:       37536 kB
PageTables:        45356 kB
NFS_Unstable:          0 kB
Bounce:                0 kB
WritebackTmp:          0 kB
CommitLimit:     7105828 kB
Committed_AS:   50084232 kB
VmallocTotal:   263061440 kB
VmallocUsed:       62564 kB
VmallocChunk:          0 kB
Percpu:             2336 kB
CmaTotal:         294912 kB
CmaFree:             128 kB
MemTotal:       12114512 kB
MemFree:         3908368 kB
MemAvailable:    8901740 kB
Buffers:            4228 kB
Cached:          3677432 kB
SwapCached:            0 kB
Active:          1578424 kB
Inactive:        3162852 kB
Active(anon):    1063796 kB
Inactive(anon):    13584 kB
Active(file):     514628 kB
Inactive(file):  3149268 kB
Unevictable:        4104 kB
Mlocked:            4104 kB
SwapTotal:       1048572 kB
SwapFree:        1048572 kB
Dirty:               172 kB
Writeback:             0 kB
AnonPages:       1063764 kB
Mapped:           805720 kB
Shmem:             14524 kB
Slab:             186780 kB
SReclaimable:      52128 kB
SUnreclaim:       134652 kB
KernelStack:       37552 kB
PageTables:        45268 kB
NFS_Unstable:          0 kB
Bounce:                0 kB
WritebackTmp:          0 kB
CommitLimit:     7105828 kB
Committed_AS:   50084364 kB
VmallocTotal:   263061440 kB
VmallocUsed:       62564 kB
VmallocChunk:          0 kB
Percpu:             2336 kB
CmaTotal:         294912 kB
CmaFree:               0 kB
MemTotal:       12114512 kB
MemFree:         3908776 kB
MemAvailable:    8902148 kB
Buffers:            4228 kB
Cached:          3677432 kB
SwapCached:            0 kB
Active:          1578504 kB
Inactive:        3162852 kB
Active(anon):    1063876 kB
Inactive(anon):    13584 kB
Active(file):     514628 kB
Inactive(file):  3149268 kB
Unevictable:        4104 kB
Mlocked:            4104 kB
SwapTotal:       1048572 kB
SwapFree:        1048572 kB
Dirty:               172 kB
Writeback:             0 kB
AnonPages:       1063912 kB
Mapped:           805636 kB
Shmem:             14524 kB
Slab:             186780 kB
SReclaimable:      52128 kB
SUnreclaim:       134652 kB
KernelStack:       37520 kB
PageTables:        45236 kB
NFS_Unstable:          0 kB
Bounce:                0 kB
WritebackTmp:          0 kB
CommitLimit:     7105828 kB
Committed_AS:   50081404 kB
VmallocTotal:   263061440 kB
VmallocUsed:       62612 kB
VmallocChunk:          0 kB
Percpu:             2336 kB
CmaTotal:         294912 kB
CmaFree:             228 kB
MemTotal:       12114512 kB
MemFree:         3909008 kB
MemAvailable:    8902380 kB
Buffers:            4228 kB
Cached:          3677432 kB
SwapCached:            0 kB
Active:          1579212 kB
Inactive:        3162852 kB
Active(anon):    1064584 kB
Inactive(anon):    13584 kB
Active(file):     514628 kB
Inactive(file):  3149268 kB
Unevictable:        4104 kB
Mlocked:            4104 kB
SwapTotal:       1048572 kB
SwapFree:        1048572 kB
Dirty:               172 kB
Writeback:             0 kB
AnonPages:       1064688 kB
Mapped:           805692 kB
Shmem:             14524 kB
Slab:             186780 kB
SReclaimable:      52128 kB
SUnreclaim:       134652 kB
KernelStack:       37552 kB
PageTables:        45316 kB
NFS_Unstable:          0 kB
Bounce:                0 kB
WritebackTmp:          0 kB
CommitLimit:     7105828 kB
Committed_AS:   50081580 kB
VmallocTotal:   263061440 kB
VmallocUsed:       62580 kB
VmallocChunk:          0 kB
Percpu:             2336 kB
CmaTotal:         294912 kB
CmaFree:               0 kB
MemTotal:       12114512 kB
MemFree:         3907000 kB
MemAvailable:    8881776 kB
Buffers:            4228 kB
Cached:          3677660 kB
SwapCached:            0 kB
Active:          1582236 kB
Inactive:        3163048 kB
Active(anon):    1067596 kB
Inactive(anon):    13784 kB
Active(file):     514640 kB
Inactive(file):  3149264 kB
Unevictable:        4104 kB
Mlocked:            4104 kB
SwapTotal:       1048572 kB
SwapFree:        1048572 kB
Dirty:               156 kB
Writeback:             0 kB
AnonPages:       1067320 kB
Mapped:           805220 kB
Shmem:             14744 kB
Slab:             186780 kB
SReclaimable:      52136 kB
SUnreclaim:       134644 kB
KernelStack:       37808 kB
PageTables:        45992 kB
NFS_Unstable:          0 kB
Bounce:                0 kB
WritebackTmp:          0 kB
CommitLimit:     7105828 kB
Committed_AS:   51485596 kB
VmallocTotal:   263061440 kB
VmallocUsed:       62776 kB
VmallocChunk:          0 kB
Percpu:             2336 kB
CmaTotal:         294912 kB
CmaFree:             128 kB
MemTotal:       12114512 kB
MemFree:         3908176 kB
MemAvailable:    8882200 kB
Buffers:            4228 kB
Cached:          3677764 kB
SwapCached:            0 kB
Active:          1579032 kB
Inactive:        3163136 kB
Active(anon):    1064404 kB
Inactive(anon):    13864 kB
Active(file):     514628 kB
Inactive(file):  3149272 kB
Unevictable:        4104 kB
Mlocked:            4104 kB
SwapTotal:       1048572 kB
SwapFree:        1048572 kB
Dirty:              7676 kB
Writeback:             0 kB
AnonPages:       1064432 kB
Mapped:           806588 kB
Shmem:             14852 kB
Slab:             186780 kB
SReclaimable:      52144 kB
SUnreclaim:       134636 kB
KernelStack:       37824 kB
PageTables:        45996 kB
NFS_Unstable:          0 kB
Bounce:                0 kB
WritebackTmp:          0 kB
CommitLimit:     7105828 kB
Committed_AS:   51479912 kB
VmallocTotal:   263061440 kB
VmallocUsed:       62808 kB
VmallocChunk:          0 kB
Percpu:             2336 kB
CmaTotal:         294912 kB
CmaFree:               0 kB
MemTotal:       12114512 kB
MemFree:         3856008 kB
MemAvailable:    8870740 kB
Buffers:            4228 kB
Cached:          3678256 kB
SwapCached:            0 kB
Active:          1631408 kB
Inactive:        3163652 kB
Active(anon):    1116776 kB
Inactive(anon):    14376 kB
Active(file):     514632 kB
Inactive(file):  3149276 kB
Unevictable:        4104 kB
Mlocked:            4104 kB
SwapTotal:       1048572 kB
SwapFree:        1048572 kB
Dirty:              7720 kB
Writeback:             0 kB
AnonPages:       1116556 kB
Mapped:           807188 kB
Shmem:             15336 kB
Slab:             186804 kB
SReclaimable:      52144 kB
SUnreclaim:       134660 kB
KernelStack:       37908 kB
PageTables:        46292 kB
NFS_Unstable:          0 kB
Bounce:                0 kB
WritebackTmp:          0 kB
CommitLimit:     7105828 kB
Committed_AS:   51481876 kB
VmallocTotal:   263061440 kB
VmallocUsed:       62888 kB
VmallocChunk:          0 kB
Percpu:             2336 kB
CmaTotal:         294912 kB
CmaFree:             428 kB
MemTotal:       12114512 kB
MemFree:         3903228 kB
MemAvailable:    8918408 kB
Buffers:            4228 kB
Cached:          3677764 kB
SwapCached:            0 kB
Active:          1582932 kB
Inactive:        3163128 kB
Active(anon):    1068292 kB
Inactive(anon):    13796 kB
Active(file):     514640 kB
Inactive(file):  3149332 kB
Unevictable:        4104 kB
Mlocked:            4104 kB
SwapTotal:       1048572 kB
SwapFree:        1048572 kB
Dirty:              7840 kB
Writeback:             0 kB
AnonPages:       1068272 kB
Mapped:           806840 kB
Shmem:             14780 kB
Slab:             186768 kB
SReclaimable:      52144 kB
SUnreclaim:       134624 kB
KernelStack:       37888 kB
PageTables:        46068 kB
NFS_Unstable:          0 kB
Bounce:                0 kB
WritebackTmp:          0 kB
CommitLimit:     7105828 kB
Committed_AS:   51479616 kB
VmallocTotal:   263061440 kB
VmallocUsed:       62888 kB
VmallocChunk:          0 kB
Percpu:             2336 kB
CmaTotal:         294912 kB
CmaFree:               0 kB
MemTotal:       12114512 kB
MemFree:         3903488 kB
MemAvailable:    8918668 kB
Buffers:            4228 kB
Cached:          3677764 kB
SwapCached:            0 kB
Active:          1583100 kB
Inactive:        3163128 kB
Active(anon):    1068460 kB
Inactive(anon):    13796 kB
Active(file):     514640 kB
Inactive(file):  3149332 kB
Unevictable:        4104 kB
Mlocked:            4104 kB
SwapTotal:       1048572 kB
SwapFree:        1048572 kB
Dirty:              7668 kB
Writeback:             0 kB
AnonPages:       1068332 kB
Mapped:           806840 kB
Shmem:             14780 kB
Slab:             186768 kB
SReclaimable:      52144 kB
SUnreclaim:       134624 kB
KernelStack:       37872 kB
PageTables:        45936 kB
NFS_Unstable:          0 kB
Bounce:                0 kB
WritebackTmp:          0 kB
CommitLimit:     7105828 kB
Committed_AS:   51468424 kB
VmallocTotal:   263061440 kB
VmallocUsed:       62920 kB
VmallocChunk:          0 kB
Percpu:             2336 kB
CmaTotal:         294912 kB
CmaFree:             216 kB
MemTotal:       12114512 kB
MemFree:         3902172 kB
MemAvailable:    8917352 kB
Buffers:            4228 kB
Cached:          3677764 kB
SwapCached:            0 kB
Active:          1585268 kB
Inactive:        3163128 kB
Active(anon):    1070628 kB
Inactive(anon):    13796 kB
Active(file):     514640 kB
Inactive(file):  3149332 kB
Unevictable:        4104 kB
Mlocked:            4104 kB
SwapTotal:       1048572 kB
SwapFree:        1048572 kB
Dirty:              7680 kB
Writeback:             0 kB
AnonPages:       1070652 kB
Mapped:           806904 kB
Shmem:             14780 kB
Slab:             186760 kB
SReclaimable:      52144 kB
SUnreclaim:       134616 kB
KernelStack:       37840 kB
PageTables:        45956 kB
NFS_Unstable:          0 kB
Bounce:                0 kB
WritebackTmp:          0 kB
CommitLimit:     7105828 kB
Committed_AS:   51462976 kB
VmallocTotal:   263061440 kB
VmallocUsed:       62856 kB
VmallocChunk:          0 kB
Percpu:             2336 kB
CmaTotal:         294912 kB
CmaFree:               0 kB
MemTotal:       12114512 kB
MemFree:         3902916 kB
MemAvailable:    8918212 kB
Buffers:            4232 kB
Cached:          3677872 kB
SwapCached:            0 kB
Active:          1583496 kB
Inactive:        3163236 kB
Active(anon):    1068852 kB
Inactive(anon):    13796 kB
Active(file):     514644 kB
Inactive(file):  3149440 kB
Unevictable:        4104 kB
Mlocked:            4104 kB
SwapTotal:       1048572 kB
SwapFree:        1048572 kB
Dirty:              7816 kB
Writeback:             0 kB
AnonPages:       1068644 kB
Mapped:           806840 kB
Shmem:             14780 kB
Slab:             186776 kB
SReclaimable:      52152 kB
SUnreclaim:       134624 kB
KernelStack:       37824 kB
PageTables:        46132 kB
NFS_Unstable:          0 kB
Bounce:                0 kB
WritebackTmp:          0 kB
CommitLimit:     7105828 kB
Committed_AS:   51463312 kB
VmallocTotal:   263061440 kB
VmallocUsed:       62872 kB
VmallocChunk:          0 kB
Percpu:             2336 kB
CmaTotal:         294912 kB
CmaFree:              64 kB
MemTotal:       12114512 kB
MemFree:         3902072 kB
MemAvailable:    8917368 kB
Buffers:            4232 kB
Cached:          3677776 kB
SwapCached:            0 kB
Active:          1583320 kB
Inactive:        3163140 kB
Active(anon):    1068676 kB
Inactive(anon):    13700 kB
Active(file):     514644 kB
Inactive(file):  3149440 kB
Unevictable:        4104 kB
Mlocked:            4104 kB
SwapTotal:       1048572 kB
SwapFree:        1048572 kB
Dirty:              7820 kB
Writeback:             0 kB
AnonPages:       1068624 kB
Mapped:           806904 kB
Shmem:             14684 kB
Slab:             186776 kB
SReclaimable:      52152 kB
SUnreclaim:       134624 kB
KernelStack:       37840 kB
PageTables:        46108 kB
NFS_Unstable:          0 kB
Bounce:                0 kB
WritebackTmp:          0 kB
CommitLimit:     7105828 kB
Committed_AS:   51462836 kB
VmallocTotal:   263061440 kB
VmallocUsed:       62840 kB
VmallocChunk:          0 kB
Percpu:             2336 kB
CmaTotal:         294912 kB
CmaFree:               0 kB
MemTotal:       12114512 kB
MemFree:         3890460 kB
MemAvailable:    8905756 kB
Buffers:            4232 kB
Cached:          3677776 kB
SwapCached:            0 kB
Active:          1594364 kB
Inactive:        3163140 kB
Active(anon):    1079720 kB
Inactive(anon):    13700 kB
Active(file):     514644 kB
Inactive(file):  3149440 kB
Unevictable:        4104 kB
Mlocked:            4104 kB
SwapTotal:       1048572 kB
SwapFree:        1048572 kB
Dirty:              7828 kB
Writeback:             0 kB
AnonPages:       1079680 kB
Mapped:           806744 kB
Shmem:             14684 kB
Slab:             186776 kB
SReclaimable:      52152 kB
SUnreclaim:       134624 kB
KernelStack:       37808 kB
PageTables:        46072 kB
NFS_Unstable:          0 kB
Bounce:                0 kB
WritebackTmp:          0 kB
CommitLimit:     7105828 kB
Committed_AS:   51466524 kB
VmallocTotal:   263061440 kB
VmallocUsed:       62824 kB
VmallocChunk:          0 kB
Percpu:             2336 kB
CmaTotal:         294912 kB
CmaFree:              36 kB
MemTotal:       12114512 kB
MemFree:         3894740 kB
MemAvailable:    8910040 kB
Buffers:            4232 kB
Cached:          3677780 kB
SwapCached:            0 kB
Active:          1591396 kB
Inactive:        3163144 kB
Active(anon):    1076752 kB
Inactive(anon):    13700 kB
Active(file):     514644 kB
Inactive(file):  3149444 kB
Unevictable:        4104 kB
Mlocked:            4104 kB
SwapTotal:       1048572 kB
SwapFree:        1048572 kB
Dirty:              7752 kB
Writeback:             0 kB
AnonPages:       1076704 kB
Mapped:           806832 kB
Shmem:             14684 kB
Slab:             186776 kB
SReclaimable:      52152 kB
SUnreclaim:       134624 kB
KernelStack:       37824 kB
PageTables:        45960 kB
NFS_Unstable:          0 kB
Bounce:                0 kB
WritebackTmp:          0 kB
CommitLimit:     7105828 kB
Committed_AS:   51462488 kB
VmallocTotal:   263061440 kB
VmallocUsed:       62856 kB
VmallocChunk:          0 kB
Percpu:             2336 kB
CmaTotal:         294912 kB
CmaFree:               0 kB
MemTotal:       12114512 kB
MemFree:         3893440 kB
MemAvailable:    8908740 kB
Buffers:            4232 kB
Cached:          3677780 kB
SwapCached:            0 kB
Active:          1591660 kB
Inactive:        3163144 kB
Active(anon):    1077016 kB
Inactive(anon):    13700 kB
Active(file):     514644 kB
Inactive(file):  3149444 kB
Unevictable:        4104 kB
Mlocked:            4104 kB
SwapTotal:       1048572 kB
SwapFree:        1048572 kB
Dirty:              7768 kB
Writeback:             0 kB
AnonPages:       1076936 kB
Mapped:           806896 kB
Shmem:             14684 kB
Slab:             186776 kB
SReclaimable:      52152 kB
SUnreclaim:       134624 kB
KernelStack:       37776 kB
PageTables:        46024 kB
NFS_Unstable:          0 kB
Bounce:                0 kB
WritebackTmp:          0 kB
CommitLimit:     7105828 kB
Committed_AS:   51470644 kB
VmallocTotal:   263061440 kB
VmallocUsed:       62856 kB
VmallocChunk:          0 kB
Percpu:             2336 kB
CmaTotal:         294912 kB
CmaFree:               4 kB
MemTotal:       12114512 kB
MemFree:         3893440 kB
MemAvailable:    8908796 kB
Buffers:            4240 kB
Cached:          3677824 kB
SwapCached:            0 kB
Active:          1591784 kB
Inactive:        3163188 kB
Active(anon):    1077132 kB
Inactive(anon):    13700 kB
Active(file):     514652 kB
Inactive(file):  3149488 kB
Unevictable:        4104 kB
Mlocked:            4104 kB
SwapTotal:       1048572 kB
SwapFree:        1048572 kB
Dirty:               200 kB
Writeback:             0 kB
AnonPages:       1077108 kB
Mapped:           806860 kB
Shmem:             14684 kB
Slab:             186780 kB
SReclaimable:      52156 kB
SUnreclaim:       134624 kB
KernelStack:       37824 kB
PageTables:        45976 kB
NFS_Unstable:          0 kB
Bounce:                0 kB
WritebackTmp:          0 kB
CommitLimit:     7105828 kB
Committed_AS:   51465248 kB
VmallocTotal:   263061440 kB
VmallocUsed:       62872 kB
VmallocChunk:          0 kB
Percpu:             2336 kB
CmaTotal:         294912 kB
CmaFree:               0 kB
MemTotal:       12114512 kB
MemFree:         3893208 kB
MemAvailable:    8908564 kB
Buffers:            4240 kB
Cached:          3677824 kB
SwapCached:            0 kB
Active:          1592024 kB
Inactive:        3163188 kB
Active(anon):    1077372 kB
Inactive(anon):    13700 kB
Active(file):     514652 kB
Inactive(file):  3149488 kB
Unevictable:        4104 kB
Mlocked:            4104 kB
SwapTotal:       1048572 kB
SwapFree:        1048572 kB
Dirty:               200 kB
Writeback:             0 kB
AnonPages:       1077268 kB
Mapped:           806700 kB
Shmem:             14684 kB
Slab:             186780 kB
SReclaimable:      52156 kB
SUnreclaim:       134624 kB
KernelStack:       37792 kB
PageTables:        45932 kB
NFS_Unstable:          0 kB
Bounce:                0 kB
WritebackTmp:          0 kB
CommitLimit:     7105828 kB
Committed_AS:   51467520 kB
VmallocTotal:   263061440 kB
VmallocUsed:       62872 kB
VmallocChunk:          0 kB
Percpu:             2336 kB
CmaTotal:         294912 kB
CmaFree:               0 kB
MemTotal:       12114512 kB
MemFree:         3887424 kB
MemAvailable:    8902276 kB
Buffers:            4240 kB
Cached:          3677824 kB
SwapCached:            0 kB
Active:          1599024 kB
Inactive:        3163188 kB
Active(anon):    1084372 kB
Inactive(anon):    13700 kB
Active(file):     514652 kB
Inactive(file):  3149488 kB
Unevictable:        4104 kB
Mlocked:            4104 kB
SwapTotal:       1048572 kB
SwapFree:        1048572 kB
Dirty:               200 kB
Writeback:             0 kB
AnonPages:       1084360 kB
Mapped:           806784 kB
Shmem:             14684 kB
Slab:             186780 kB
SReclaimable:      52156 kB
SUnreclaim:       134624 kB
KernelStack:       37840 kB
PageTables:        45952 kB
NFS_Unstable:          0 kB
Bounce:                0 kB
WritebackTmp:          0 kB
CommitLimit:     7105828 kB
Committed_AS:   51453936 kB
VmallocTotal:   263061440 kB
VmallocUsed:       62808 kB
VmallocChunk:          0 kB
Percpu:             2336 kB
CmaTotal:         294912 kB
CmaFree:             108 kB
MemTotal:       12114512 kB
MemFree:         3892340 kB
MemAvailable:    8907696 kB
Buffers:            4240 kB
Cached:          3677824 kB
SwapCached:            0 kB
Active:          1592584 kB
Inactive:        3163188 kB
Active(anon):    1077932 kB
Inactive(anon):    13700 kB
Active(file):     514652 kB
Inactive(file):  3149488 kB
Unevictable:        4104 kB
Mlocked:            4104 kB
SwapTotal:       1048572 kB
SwapFree:        1048572 kB
Dirty:               136 kB
Writeback:             0 kB
AnonPages:       1077872 kB
Mapped:           806700 kB
Shmem:             14684 kB
Slab:             186780 kB
SReclaimable:      52156 kB
SUnreclaim:       134624 kB
KernelStack:       37792 kB
PageTables:        45932 kB
NFS_Unstable:          0 kB
Bounce:                0 kB
WritebackTmp:          0 kB
CommitLimit:     7105828 kB
Committed_AS:   51460100 kB
VmallocTotal:   263061440 kB
VmallocUsed:       62824 kB
VmallocChunk:          0 kB
Percpu:             2336 kB
CmaTotal:         294912 kB
CmaFree:               0 kB
MemTotal:       12114512 kB
MemFree:         3892104 kB
MemAvailable:    8907460 kB
Buffers:            4240 kB
Cached:          3677824 kB
SwapCached:            0 kB
Active:          1593016 kB
Inactive:        3163188 kB
Active(anon):    1078364 kB
Inactive(anon):    13700 kB
Active(file):     514652 kB
Inactive(file):  3149488 kB
Unevictable:        4104 kB
Mlocked:            4104 kB
SwapTotal:       1048572 kB
SwapFree:        1048572 kB
Dirty:               136 kB
Writeback:             0 kB
AnonPages:       1078280 kB
Mapped:           806860 kB
Shmem:             14684 kB
Slab:             186812 kB
SReclaimable:      52156 kB
SUnreclaim:       134656 kB
KernelStack:       37824 kB
PageTables:        45976 kB
NFS_Unstable:          0 kB
Bounce:                0 kB
WritebackTmp:          0 kB
CommitLimit:     7105828 kB
Committed_AS:   51456576 kB
VmallocTotal:   263061440 kB
VmallocUsed:       62808 kB
VmallocChunk:          0 kB
Percpu:             2336 kB
CmaTotal:         294912 kB
CmaFree:               0 kB
MemTotal:       12114512 kB
MemFree:         3892748 kB
MemAvailable:    8908104 kB
Buffers:            4240 kB
Cached:          3677728 kB
SwapCached:            0 kB
Active:          1593212 kB
Inactive:        3163092 kB
Active(anon):    1078560 kB
Inactive(anon):    13604 kB
Active(file):     514652 kB
Inactive(file):  3149488 kB
Unevictable:        4104 kB
Mlocked:            4104 kB
SwapTotal:       1048572 kB
SwapFree:        1048572 kB
Dirty:               168 kB
Writeback:             0 kB
AnonPages:       1078488 kB
Mapped:           806660 kB
Shmem:             14588 kB
Slab:             186812 kB
SReclaimable:      52156 kB
SUnreclaim:       134656 kB
KernelStack:       37776 kB
PageTables:        46016 kB
NFS_Unstable:          0 kB
Bounce:                0 kB
WritebackTmp:          0 kB
CommitLimit:     7105828 kB
Committed_AS:   51464668 kB
VmallocTotal:   263061440 kB
VmallocUsed:       62792 kB
VmallocChunk:          0 kB
Percpu:             2336 kB
CmaTotal:         294912 kB
CmaFree:               0 kB
MemTotal:       12114512 kB
MemFree:         3892240 kB
MemAvailable:    8907600 kB
Buffers:            4244 kB
Cached:          3677740 kB
SwapCached:            0 kB
Active:          1593496 kB
Inactive:        3163104 kB
Active(anon):    1078840 kB
Inactive(anon):    13604 kB
Active(file):     514656 kB
Inactive(file):  3149500 kB
Unevictable:        4104 kB
Mlocked:            4104 kB
SwapTotal:       1048572 kB
SwapFree:        1048572 kB
Dirty:               148 kB
Writeback:             0 kB
AnonPages:       1078768 kB
Mapped:           806768 kB
Shmem:             14588 kB
Slab:             186812 kB
SReclaimable:      52156 kB
SUnreclaim:       134656 kB
KernelStack:       37824 kB
PageTables:        46096 kB
NFS_Unstable:          0 kB
Bounce:                0 kB
WritebackTmp:          0 kB
CommitLimit:     7105828 kB
Committed_AS:   51459088 kB
VmallocTotal:   263061440 kB
VmallocUsed:       62792 kB
VmallocChunk:          0 kB
Percpu:             2336 kB
CmaTotal:         294912 kB
CmaFree:               0 kB
MemTotal:       12114512 kB
MemFree:         3891964 kB
MemAvailable:    8907324 kB
Buffers:            4244 kB
Cached:          3677740 kB
SwapCached:            0 kB
Active:          1593676 kB
Inactive:        3163104 kB
Active(anon):    1079020 kB
Inactive(anon):    13604 kB
Active(file):     514656 kB
Inactive(file):  3149500 kB
Unevictable:        4104 kB
Mlocked:            4104 kB
SwapTotal:       1048572 kB
SwapFree:        1048572 kB
Dirty:               148 kB
Writeback:             0 kB
AnonPages:       1078964 kB
Mapped:           806608 kB
Shmem:             14588 kB
Slab:             186812 kB
SReclaimable:      52156 kB
SUnreclaim:       134656 kB
KernelStack:       37792 kB
PageTables:        46060 kB
NFS_Unstable:          0 kB
Bounce:                0 kB
WritebackTmp:          0 kB
CommitLimit:     7105828 kB
Committed_AS:   51456864 kB
VmallocTotal:   263061440 kB
VmallocUsed:       62792 kB
VmallocChunk:          0 kB
Percpu:             2336 kB
CmaTotal:         294912 kB
CmaFree:               0 kB
MemTotal:       12114512 kB
MemFree:         3897980 kB
MemAvailable:    8906016 kB
Buffers:            4244 kB
Cached:          3670636 kB
SwapCached:            0 kB
Active:          1594028 kB
Inactive:        3155996 kB
Active(anon):    1079368 kB
Inactive(anon):    13604 kB
Active(file):     514660 kB
Inactive(file):  3142392 kB
Unevictable:        4104 kB
Mlocked:            4104 kB
SwapTotal:       1048572 kB
SwapFree:        1048572 kB
Dirty:               116 kB
Writeback:             0 kB
AnonPages:       1079080 kB
Mapped:           806800 kB
Shmem:             14588 kB
Slab:             186372 kB
SReclaimable:      51716 kB
SUnreclaim:       134656 kB
KernelStack:       37824 kB
PageTables:        45968 kB
NFS_Unstable:          0 kB
Bounce:                0 kB
WritebackTmp:          0 kB
CommitLimit:     7105828 kB
Committed_AS:   51461708 kB
VmallocTotal:   263061440 kB
VmallocUsed:       62824 kB
VmallocChunk:          0 kB
Percpu:             2336 kB
CmaTotal:         294912 kB
CmaFree:               8 kB
MemTotal:       12114512 kB
MemFree:         3892092 kB
MemAvailable:    8907496 kB
Buffers:            4244 kB
Cached:          3677784 kB
SwapCached:            0 kB
Active:          1594076 kB
Inactive:        3163148 kB
Active(anon):    1079420 kB
Inactive(anon):    13604 kB
Active(file):     514656 kB
Inactive(file):  3149544 kB
Unevictable:        4104 kB
Mlocked:            4104 kB
SwapTotal:       1048572 kB
SwapFree:        1048572 kB
Dirty:              7744 kB
Writeback:             0 kB
AnonPages:       1079364 kB
Mapped:           806608 kB
Shmem:             14588 kB
Slab:             186812 kB
SReclaimable:      52156 kB
SUnreclaim:       134656 kB
KernelStack:       37776 kB
PageTables:        45928 kB
NFS_Unstable:          0 kB
Bounce:                0 kB
WritebackTmp:          0 kB
CommitLimit:     7105828 kB
Committed_AS:   51467140 kB
VmallocTotal:   263061440 kB
VmallocUsed:       62840 kB
VmallocChunk:          0 kB
Percpu:             2336 kB
CmaTotal:         294912 kB
CmaFree:               0 kB
MemTotal:       12114512 kB
MemFree:         3891896 kB
MemAvailable:    8907300 kB
Buffers:            4244 kB
Cached:          3677784 kB
SwapCached:            0 kB
Active:          1594260 kB
Inactive:        3163148 kB
Active(anon):    1079604 kB
Inactive(anon):    13604 kB
Active(file):     514656 kB
Inactive(file):  3149544 kB
Unevictable:        4104 kB
Mlocked:            4104 kB
SwapTotal:       1048572 kB
SwapFree:        1048572 kB
Dirty:              7744 kB
Writeback:             0 kB
AnonPages:       1079428 kB
Mapped:           806812 kB
Shmem:             14588 kB
Slab:             186812 kB
SReclaimable:      52156 kB
SUnreclaim:       134656 kB
KernelStack:       37792 kB
PageTables:        45972 kB
NFS_Unstable:          0 kB
Bounce:                0 kB
WritebackTmp:          0 kB
CommitLimit:     7105828 kB
Committed_AS:   51472412 kB
VmallocTotal:   263061440 kB
VmallocUsed:       62824 kB
VmallocChunk:          0 kB
Percpu:             2336 kB
CmaTotal:         294912 kB
CmaFree:               0 kB
MemTotal:       12114512 kB
MemFree:         3892224 kB
MemAvailable:    8907628 kB
Buffers:            4244 kB
Cached:          3677784 kB
SwapCached:            0 kB
Active:          1594156 kB
Inactive:        3163148 kB
Active(anon):    1079500 kB
Inactive(anon):    13604 kB
Active(file):     514656 kB
Inactive(file):  3149544 kB
Unevictable:        4104 kB
Mlocked:            4104 kB
SwapTotal:       1048572 kB
SwapFree:        1048572 kB
Dirty:              7692 kB
Writeback:             0 kB
AnonPages:       1079460 kB
Mapped:           806608 kB
Shmem:             14588 kB
Slab:             186812 kB
SReclaimable:      52156 kB
SUnreclaim:       134656 kB
KernelStack:       37728 kB
PageTables:        45928 kB
NFS_Unstable:          0 kB
Bounce:                0 kB
WritebackTmp:          0 kB
CommitLimit:     7105828 kB
Committed_AS:   51473444 kB
VmallocTotal:   263061440 kB
VmallocUsed:       62776 kB
VmallocChunk:          0 kB
Percpu:             2336 kB
CmaTotal:         294912 kB
CmaFree:               0 kB
MemTotal:       12114512 kB
MemFree:         3890836 kB
MemAvailable:    8906240 kB
Buffers:            4244 kB
Cached:          3677784 kB
SwapCached:            0 kB
Active:          1594640 kB
Inactive:        3163148 kB
Active(anon):    1079984 kB
Inactive(anon):    13604 kB
Active(file):     514656 kB
Inactive(file):  3149544 kB
Unevictable:        4104 kB
Mlocked:            4104 kB
SwapTotal:       1048572 kB
SwapFree:        1048572 kB
Dirty:              7692 kB
Writeback:             0 kB
AnonPages:       1079796 kB
Mapped:           806648 kB
Shmem:             14588 kB
Slab:             186812 kB
SReclaimable:      52156 kB
SUnreclaim:       134656 kB
KernelStack:       37760 kB
PageTables:        45976 kB
NFS_Unstable:          0 kB
Bounce:                0 kB
WritebackTmp:          0 kB
CommitLimit:     7105828 kB
Committed_AS:   51473028 kB
VmallocTotal:   263061440 kB
VmallocUsed:       62776 kB
VmallocChunk:          0 kB
Percpu:             2336 kB
CmaTotal:         294912 kB
CmaFree:               8 kB
MemTotal:       12114512 kB
MemFree:         3891544 kB
MemAvailable:    8906956 kB
Buffers:            4244 kB
Cached:          3677792 kB
SwapCached:            0 kB
Active:          1594680 kB
Inactive:        3163156 kB
Active(anon):    1080024 kB
Inactive(anon):    13604 kB
Active(file):     514656 kB
Inactive(file):  3149552 kB
Unevictable:        4104 kB
Mlocked:            4104 kB
SwapTotal:       1048572 kB
SwapFree:        1048572 kB
Dirty:              3684 kB
Writeback:             0 kB
AnonPages:       1079960 kB
Mapped:           806608 kB
Shmem:             14588 kB
Slab:             186812 kB
SReclaimable:      52156 kB
SUnreclaim:       134656 kB
KernelStack:       37712 kB
PageTables:        45924 kB
NFS_Unstable:          0 kB
Bounce:                0 kB
WritebackTmp:          0 kB
CommitLimit:     7105828 kB
Committed_AS:   51473188 kB
VmallocTotal:   263061440 kB
VmallocUsed:       62776 kB
VmallocChunk:          0 kB
Percpu:             2336 kB
CmaTotal:         294912 kB
CmaFree:               0 kB
MemTotal:       12114512 kB
MemFree:         3891068 kB
MemAvailable:    8906480 kB
Buffers:            4244 kB
Cached:          3677796 kB
SwapCached:            0 kB
Active:          1594848 kB
Inactive:        3163160 kB
Active(anon):    1080192 kB
Inactive(anon):    13608 kB
Active(file):     514656 kB
Inactive(file):  3149552 kB
Unevictable:        4104 kB
Mlocked:            4104 kB
SwapTotal:       1048572 kB
SwapFree:        1048572 kB
Dirty:              3700 kB
Writeback:             0 kB
AnonPages:       1080380 kB
Mapped:           806676 kB
Shmem:             14592 kB
Slab:             186812 kB
SReclaimable:      52156 kB
SUnreclaim:       134656 kB
KernelStack:       37696 kB
PageTables:        45964 kB
NFS_Unstable:          0 kB
Bounce:                0 kB
WritebackTmp:          0 kB
CommitLimit:     7105828 kB
Committed_AS:   51472456 kB
VmallocTotal:   263061440 kB
VmallocUsed:       62760 kB
VmallocChunk:          0 kB
Percpu:             2336 kB
CmaTotal:         294912 kB
CmaFree:               0 kB
MemTotal:       12114512 kB
MemFree:         3890056 kB
MemAvailable:    8905504 kB
Buffers:            4248 kB
Cached:          3677828 kB
SwapCached:            0 kB
Active:          1595340 kB
Inactive:        3163192 kB
Active(anon):    1080680 kB
Inactive(anon):    13608 kB
Active(file):     514660 kB
Inactive(file):  3149584 kB
Unevictable:        4104 kB
Mlocked:            4104 kB
SwapTotal:       1048572 kB
SwapFree:        1048572 kB
Dirty:              3744 kB
Writeback:             0 kB
AnonPages:       1080556 kB
Mapped:           806612 kB
Shmem:             14592 kB
Slab:             186812 kB
SReclaimable:      52156 kB
SUnreclaim:       134656 kB
KernelStack:       37728 kB
PageTables:        45928 kB
NFS_Unstable:          0 kB
Bounce:                0 kB
WritebackTmp:          0 kB
CommitLimit:     7105828 kB
Committed_AS:   51456032 kB
VmallocTotal:   263061440 kB
VmallocUsed:       62696 kB
VmallocChunk:          0 kB
Percpu:             2336 kB
CmaTotal:         294912 kB
CmaFree:               0 kB
MemTotal:       12114512 kB
MemFree:         3891036 kB
MemAvailable:    8906592 kB
Buffers:            4248 kB
Cached:          3677932 kB
SwapCached:            0 kB
Active:          1595332 kB
Inactive:        3163296 kB
Active(anon):    1080672 kB
Inactive(anon):    13608 kB
Active(file):     514660 kB
Inactive(file):  3149688 kB
Unevictable:        4104 kB
Mlocked:            4104 kB
SwapTotal:       1048572 kB
SwapFree:        1048572 kB
Dirty:             11456 kB
Writeback:             0 kB
AnonPages:       1080592 kB
Mapped:           806772 kB
Shmem:             14592 kB
Slab:             186824 kB
SReclaimable:      52168 kB
SUnreclaim:       134656 kB
KernelStack:       37616 kB
PageTables:        46092 kB
NFS_Unstable:          0 kB
Bounce:                0 kB
WritebackTmp:          0 kB
CommitLimit:     7105828 kB
Committed_AS:   51450248 kB
VmallocTotal:   263061440 kB
VmallocUsed:       62616 kB
VmallocChunk:          0 kB
Percpu:             2336 kB
CmaTotal:         294912 kB
CmaFree:               0 kB
MemTotal:       12114512 kB
MemFree:         3891316 kB
MemAvailable:    8906872 kB
Buffers:            4248 kB
Cached:          3677932 kB
SwapCached:            0 kB
Active:          1595228 kB
Inactive:        3163296 kB
Active(anon):    1080568 kB
Inactive(anon):    13608 kB
Active(file):     514660 kB
Inactive(file):  3149688 kB
Unevictable:        4104 kB
Mlocked:            4104 kB
SwapTotal:       1048572 kB
SwapFree:        1048572 kB
Dirty:             11456 kB
Writeback:             0 kB
AnonPages:       1080520 kB
Mapped:           806612 kB
Shmem:             14592 kB
Slab:             186824 kB
SReclaimable:      52168 kB
SUnreclaim:       134656 kB
KernelStack:       37568 kB
PageTables:        45920 kB
NFS_Unstable:          0 kB
Bounce:                0 kB
WritebackTmp:          0 kB
CommitLimit:     7105828 kB
Committed_AS:   51451000 kB
VmallocTotal:   263061440 kB
VmallocUsed:       62616 kB
VmallocChunk:          0 kB
Percpu:             2336 kB
CmaTotal:         294912 kB
CmaFree:               0 kB
MemTotal:       12114512 kB
MemFree:         3890656 kB
MemAvailable:    8906220 kB
Buffers:            4248 kB
Cached:          3677940 kB
SwapCached:            0 kB
Active:          1595392 kB
Inactive:        3163304 kB
Active(anon):    1080732 kB
Inactive(anon):    13608 kB
Active(file):     514660 kB
Inactive(file):  3149696 kB
Unevictable:        4104 kB
Mlocked:            4104 kB
SwapTotal:       1048572 kB
SwapFree:        1048572 kB
Dirty:              7920 kB
Writeback:             0 kB
AnonPages:       1080596 kB
Mapped:           806632 kB
Shmem:             14592 kB
Slab:             186824 kB
SReclaimable:      52168 kB
SUnreclaim:       134656 kB
KernelStack:       37552 kB
PageTables:        45920 kB
NFS_Unstable:          0 kB
Bounce:                0 kB
WritebackTmp:          0 kB
CommitLimit:     7105828 kB
Committed_AS:   51461420 kB
VmallocTotal:   263061440 kB
VmallocUsed:       62616 kB
VmallocChunk:          0 kB
Percpu:             2336 kB
CmaTotal:         294912 kB
CmaFree:               0 kB
MemTotal:       12114512 kB
MemFree:         3890840 kB
MemAvailable:    8906404 kB
Buffers:            4248 kB
Cached:          3677940 kB
SwapCached:            0 kB
Active:          1595000 kB
Inactive:        3163304 kB
Active(anon):    1080340 kB
Inactive(anon):    13608 kB
Active(file):     514660 kB
Inactive(file):  3149696 kB
Unevictable:        4104 kB
Mlocked:            4104 kB
SwapTotal:       1048572 kB
SwapFree:        1048572 kB
Dirty:              7920 kB
Writeback:             0 kB
AnonPages:       1080260 kB
Mapped:           806612 kB
Shmem:             14592 kB
Slab:             186824 kB
SReclaimable:      52168 kB
SUnreclaim:       134656 kB
KernelStack:       37552 kB
PageTables:        45920 kB
NFS_Unstable:          0 kB
Bounce:                0 kB
WritebackTmp:          0 kB
CommitLimit:     7105828 kB
Committed_AS:   51461080 kB
VmallocTotal:   263061440 kB
VmallocUsed:       62600 kB
VmallocChunk:          0 kB
Percpu:             2336 kB
CmaTotal:         294912 kB
CmaFree:               0 kB
MemTotal:       12114512 kB
MemFree:         3891540 kB
MemAvailable:    8907104 kB
Buffers:            4248 kB
Cached:          3677940 kB
SwapCached:            0 kB
Active:          1594564 kB
Inactive:        3163304 kB
Active(anon):    1079904 kB
Inactive(anon):    13608 kB
Active(file):     514660 kB
Inactive(file):  3149696 kB
Unevictable:        4104 kB
Mlocked:            4104 kB
SwapTotal:       1048572 kB
SwapFree:        1048572 kB
Dirty:              7920 kB
Writeback:             0 kB
AnonPages:       1079700 kB
Mapped:           806824 kB
Shmem:             14592 kB
Slab:             186824 kB
SReclaimable:      52168 kB
SUnreclaim:       134656 kB
KernelStack:       37600 kB
PageTables:        46092 kB
NFS_Unstable:          0 kB
Bounce:                0 kB
WritebackTmp:          0 kB
CommitLimit:     7105828 kB
Committed_AS:   51461664 kB
VmallocTotal:   263061440 kB
VmallocUsed:       62568 kB
VmallocChunk:          0 kB
Percpu:             2336 kB
CmaTotal:         294912 kB
CmaFree:               4 kB
MemTotal:       12114512 kB
MemFree:         3891348 kB
MemAvailable:    8906968 kB
Buffers:            4252 kB
Cached:          3677988 kB
SwapCached:            0 kB
Active:          1594580 kB
Inactive:        3163352 kB
Active(anon):    1079916 kB
Inactive(anon):    13608 kB
Active(file):     514664 kB
Inactive(file):  3149744 kB
Unevictable:        4104 kB
Mlocked:            4104 kB
SwapTotal:       1048572 kB
SwapFree:        1048572 kB
Dirty:               172 kB
Writeback:             0 kB
AnonPages:       1079856 kB
Mapped:           806612 kB
Shmem:             14592 kB
Slab:             186832 kB
SReclaimable:      52176 kB
SUnreclaim:       134656 kB
KernelStack:       37536 kB
PageTables:        45920 kB
NFS_Unstable:          0 kB
Bounce:                0 kB
WritebackTmp:          0 kB
CommitLimit:     7105828 kB
Committed_AS:   51461604 kB
VmallocTotal:   263061440 kB
VmallocUsed:       62568 kB
VmallocChunk:          0 kB
Percpu:             2336 kB
CmaTotal:         294912 kB
CmaFree:               0 kB
MemTotal:       12114512 kB
MemFree:         3892156 kB
MemAvailable:    8907776 kB
Buffers:            4252 kB
Cached:          3677988 kB
SwapCached:            0 kB
Active:          1594772 kB
Inactive:        3163352 kB
Active(anon):    1080108 kB
Inactive(anon):    13608 kB
Active(file):     514664 kB
Inactive(file):  3149744 kB
Unevictable:        4104 kB
Mlocked:            4104 kB
SwapTotal:       1048572 kB
SwapFree:        1048572 kB
Dirty:               208 kB
Writeback:             0 kB
AnonPages:       1080088 kB
Mapped:           806612 kB
Shmem:             14592 kB
Slab:             186832 kB
SReclaimable:      52176 kB
SUnreclaim:       134656 kB
KernelStack:       37568 kB
PageTables:        45936 kB
NFS_Unstable:          0 kB
Bounce:                0 kB
WritebackTmp:          0 kB
CommitLimit:     7105828 kB
Committed_AS:   51455448 kB
VmallocTotal:   263061440 kB
VmallocUsed:       62520 kB
VmallocChunk:          0 kB
Percpu:             2336 kB
CmaTotal:         294912 kB
CmaFree:              16 kB
MemTotal:       12114512 kB
MemFree:         3891288 kB
MemAvailable:    8906908 kB
Buffers:            4252 kB
Cached:          3677988 kB
SwapCached:            0 kB
Active:          1595024 kB
Inactive:        3163352 kB
Active(anon):    1080360 kB
Inactive(anon):    13608 kB
Active(file):     514664 kB
Inactive(file):  3149744 kB
Unevictable:        4104 kB
Mlocked:            4104 kB
SwapTotal:       1048572 kB
SwapFree:        1048572 kB
Dirty:               216 kB
Writeback:             0 kB
AnonPages:       1080448 kB
Mapped:           806852 kB
Shmem:             14592 kB
Slab:             186832 kB
SReclaimable:      52176 kB
SUnreclaim:       134656 kB
KernelStack:       37536 kB
PageTables:        45836 kB
NFS_Unstable:          0 kB
Bounce:                0 kB
WritebackTmp:          0 kB
CommitLimit:     7105828 kB
Committed_AS:   51456044 kB
VmallocTotal:   263061440 kB
VmallocUsed:       62520 kB
VmallocChunk:          0 kB
Percpu:             2336 kB
CmaTotal:         294912 kB
CmaFree:              16 kB
MemTotal:       12114512 kB
MemFree:         3892176 kB
MemAvailable:    8907796 kB
Buffers:            4252 kB
Cached:          3677988 kB
SwapCached:            0 kB
Active:          1595300 kB
Inactive:        3163352 kB
Active(anon):    1080636 kB
Inactive(anon):    13608 kB
Active(file):     514664 kB
Inactive(file):  3149744 kB
Unevictable:        4104 kB
Mlocked:            4104 kB
SwapTotal:       1048572 kB
SwapFree:        1048572 kB
