MemTotal:       12114512 kB
MemFree:         3400028 kB
MemAvailable:    8824000 kB
Buffers:            6080 kB
Cached:          4148904 kB
SwapCached:            0 kB
Active:          1695364 kB
Inactive:        3635184 kB
Active(anon):    1179900 kB
Inactive(anon):    14004 kB
Active(file):     515464 kB
Inactive(file):  3621180 kB
Unevictable:        4164 kB
Mlocked:            4164 kB
SwapTotal:       1048572 kB
SwapFree:        1048572 kB
Dirty:               104 kB
Writeback:             0 kB
AnonPages:       1179664 kB
Mapped:           803064 kB
Shmem:             15040 kB
Slab:             194460 kB
SReclaimable:      55932 kB
SUnreclaim:       138528 kB
KernelStack:       39844 kB
PageTables:        49676 kB
NFS_Unstable:          0 kB
Bounce:                0 kB
WritebackTmp:          0 kB
CommitLimit:     7105828 kB
Committed_AS:   55574100 kB
VmallocTotal:   263061440 kB
VmallocUsed:       64824 kB
VmallocChunk:          0 kB
Percpu:             2336 kB
CmaTotal:         294912 kB
CmaFree:               0 kB
MemTotal:       12114512 kB
MemFree:         3402840 kB
MemAvailable:    8827024 kB
Buffers:            6080 kB
Cached:          4148896 kB
SwapCached:            0 kB
Active:          1691120 kB
Inactive:        3635180 kB
Active(anon):    1175656 kB
Inactive(anon):    14020 kB
Active(file):     515464 kB
Inactive(file):  3621160 kB
Unevictable:        4164 kB
Mlocked:            4164 kB
SwapTotal:       1048572 kB
SwapFree:        1048572 kB
Dirty:                56 kB
Writeback:             0 kB
AnonPages:       1175828 kB
Mapped:           802872 kB
Shmem:             15052 kB
Slab:             194532 kB
SReclaimable:      55936 kB
SUnreclaim:       138596 kB
KernelStack:       39824 kB
PageTables:        49712 kB
NFS_Unstable:          0 kB
Bounce:                0 kB
WritebackTmp:          0 kB
CommitLimit:     7105828 kB
Committed_AS:   55577448 kB
VmallocTotal:   263061440 kB
VmallocUsed:       64856 kB
VmallocChunk:          0 kB
Percpu:             2336 kB
CmaTotal:         294912 kB
CmaFree:               0 kB
MemTotal:       12114512 kB
MemFree:         3404724 kB
MemAvailable:    8827340 kB
Buffers:            6080 kB
Cached:          4147252 kB
SwapCached:            0 kB
Active:          1688872 kB
Inactive:        3635116 kB
Active(anon):    1174992 kB
Inactive(anon):    13940 kB
Active(file):     513880 kB
Inactive(file):  3621176 kB
Unevictable:        4164 kB
Mlocked:            4164 kB
SwapTotal:       1048572 kB
SwapFree:        1048572 kB
Dirty:                48 kB
Writeback:             0 kB
AnonPages:       1174808 kB
Mapped:           802984 kB
Shmem:             14976 kB
Slab:             194532 kB
SReclaimable:      55936 kB
SUnreclaim:       138596 kB
KernelStack:       39808 kB
PageTables:        49756 kB
NFS_Unstable:          0 kB
Bounce:                0 kB
WritebackTmp:          0 kB
CommitLimit:     7105828 kB
Committed_AS:   55571180 kB
VmallocTotal:   263061440 kB
VmallocUsed:       64824 kB
VmallocChunk:          0 kB
Percpu:             2336 kB
CmaTotal:         294912 kB
CmaFree:               0 kB
MemTotal:       12114512 kB
MemFree:         3404692 kB
MemAvailable:    8842828 kB
Buffers:            6080 kB
Cached:          4147200 kB
SwapCached:            0 kB
Active:          1690272 kB
Inactive:        3635072 kB
Active(anon):    1176388 kB
Inactive(anon):    13892 kB
Active(file):     513884 kB
Inactive(file):  3621180 kB
Unevictable:        4164 kB
Mlocked:            4164 kB
SwapTotal:       1048572 kB
SwapFree:        1048572 kB
Dirty:               132 kB
Writeback:             0 kB
AnonPages:       1176444 kB
Mapped:           802760 kB
Shmem:             14916 kB
Slab:             194504 kB
SReclaimable:      55936 kB
SUnreclaim:       138568 kB
KernelStack:       39808 kB
PageTables:        49720 kB
NFS_Unstable:          0 kB
Bounce:                0 kB
WritebackTmp:          0 kB
CommitLimit:     7105828 kB
Committed_AS:   55582664 kB
VmallocTotal:   263061440 kB
VmallocUsed:       64824 kB
VmallocChunk:          0 kB
Percpu:             2336 kB
CmaTotal:         294912 kB
CmaFree:             104 kB
MemTotal:       12114512 kB
MemFree:         3406400 kB
MemAvailable:    8849700 kB
Buffers:            6080 kB
Cached:          4148668 kB
SwapCached:            0 kB
Active:          1693204 kB
Inactive:        3634968 kB
Active(anon):    1177736 kB
Inactive(anon):    13792 kB
Active(file):     515468 kB
Inactive(file):  3621176 kB
Unevictable:        4164 kB
Mlocked:            4164 kB
SwapTotal:       1048572 kB
SwapFree:        1048572 kB
Dirty:              1716 kB
Writeback:             0 kB
AnonPages:       1177740 kB
Mapped:           801864 kB
Shmem:             14804 kB
Slab:             194520 kB
SReclaimable:      55936 kB
SUnreclaim:       138584 kB
KernelStack:       39824 kB
PageTables:        49656 kB
NFS_Unstable:          0 kB
Bounce:                0 kB
WritebackTmp:          0 kB
CommitLimit:     7105828 kB
Committed_AS:   55586540 kB
VmallocTotal:   263061440 kB
VmallocUsed:       64776 kB
VmallocChunk:          0 kB
Percpu:             2336 kB
CmaTotal:         294912 kB
CmaFree:               0 kB
MemTotal:       12114512 kB
MemFree:         3404920 kB
MemAvailable:    8848220 kB
Buffers:            6080 kB
Cached:          4148684 kB
SwapCached:            0 kB
Active:          1693956 kB
Inactive:        3634984 kB
Active(anon):    1178488 kB
Inactive(anon):    13808 kB
Active(file):     515468 kB
Inactive(file):  3621176 kB
Unevictable:        4164 kB
Mlocked:            4164 kB
SwapTotal:       1048572 kB
SwapFree:        1048572 kB
Dirty:              1716 kB
Writeback:             0 kB
AnonPages:       1178468 kB
Mapped:           801880 kB
Shmem:             14820 kB
Slab:             194520 kB
SReclaimable:      55936 kB
SUnreclaim:       138584 kB
KernelStack:       39824 kB
PageTables:        49656 kB
NFS_Unstable:          0 kB
Bounce:                0 kB
WritebackTmp:          0 kB
CommitLimit:     7105828 kB
Committed_AS:   55586276 kB
VmallocTotal:   263061440 kB
VmallocUsed:       64776 kB
VmallocChunk:          0 kB
Percpu:             2336 kB
CmaTotal:         294912 kB
CmaFree:               4 kB
MemTotal:       12114512 kB
MemFree:         3403956 kB
MemAvailable:    8847256 kB
Buffers:            6080 kB
Cached:          4148620 kB
SwapCached:            0 kB
Active:          1694092 kB
Inactive:        3634920 kB
Active(anon):    1178624 kB
Inactive(anon):    13744 kB
Active(file):     515468 kB
Inactive(file):  3621176 kB
Unevictable:        4164 kB
Mlocked:            4164 kB
SwapTotal:       1048572 kB
SwapFree:        1048572 kB
Dirty:              1728 kB
Writeback:             0 kB
AnonPages:       1178720 kB
Mapped:           802024 kB
Shmem:             14756 kB
Slab:             194516 kB
SReclaimable:      55936 kB
SUnreclaim:       138580 kB
KernelStack:       39792 kB
PageTables:        49664 kB
NFS_Unstable:          0 kB
Bounce:                0 kB
WritebackTmp:          0 kB
CommitLimit:     7105828 kB
Committed_AS:   55586520 kB
VmallocTotal:   263061440 kB
VmallocUsed:       64792 kB
VmallocChunk:          0 kB
Percpu:             2336 kB
CmaTotal:         294912 kB
CmaFree:               0 kB
MemTotal:       12114512 kB
MemFree:         3401720 kB
MemAvailable:    8845020 kB
Buffers:            6080 kB
Cached:          4148632 kB
SwapCached:            0 kB
Active:          1694300 kB
Inactive:        3634924 kB
Active(anon):    1178832 kB
Inactive(anon):    13748 kB
Active(file):     515468 kB
Inactive(file):  3621176 kB
Unevictable:        4164 kB
Mlocked:            4164 kB
SwapTotal:       1048572 kB
SwapFree:        1048572 kB
Dirty:               172 kB
Writeback:             0 kB
AnonPages:       1178012 kB
Mapped:           801828 kB
Shmem:             14768 kB
Slab:             194524 kB
SReclaimable:      55936 kB
SUnreclaim:       138588 kB
KernelStack:       39808 kB
PageTables:        49656 kB
NFS_Unstable:          0 kB
Bounce:                0 kB
WritebackTmp:          0 kB
CommitLimit:     7105828 kB
Committed_AS:   55588392 kB
VmallocTotal:   263061440 kB
VmallocUsed:       64792 kB
VmallocChunk:          0 kB
Percpu:             2336 kB
CmaTotal:         294912 kB
CmaFree:               0 kB
MemTotal:       12114512 kB
MemFree:         3401776 kB
MemAvailable:    8845080 kB
Buffers:            6080 kB
Cached:          4148624 kB
SwapCached:            0 kB
Active:          1694880 kB
Inactive:        3634920 kB
Active(anon):    1179412 kB
Inactive(anon):    13740 kB
Active(file):     515468 kB
Inactive(file):  3621180 kB
Unevictable:        4164 kB
Mlocked:            4164 kB
SwapTotal:       1048572 kB
SwapFree:        1048572 kB
Dirty:               144 kB
Writeback:             0 kB
AnonPages:       1179336 kB
Mapped:           801816 kB
Shmem:             14756 kB
Slab:             194504 kB
SReclaimable:      55936 kB
SUnreclaim:       138568 kB
KernelStack:       39808 kB
PageTables:        49656 kB
NFS_Unstable:          0 kB
Bounce:                0 kB
WritebackTmp:          0 kB
CommitLimit:     7105828 kB
Committed_AS:   55588128 kB
VmallocTotal:   263061440 kB
VmallocUsed:       64792 kB
VmallocChunk:          0 kB
Percpu:             2336 kB
CmaTotal:         294912 kB
CmaFree:               0 kB
MemTotal:       12114512 kB
MemFree:         3400568 kB
MemAvailable:    8843872 kB
Buffers:            6080 kB
Cached:          4148624 kB
SwapCached:            0 kB
Active:          1694444 kB
Inactive:        3634924 kB
Active(anon):    1178976 kB
Inactive(anon):    13744 kB
Active(file):     515468 kB
Inactive(file):  3621180 kB
Unevictable:        4164 kB
Mlocked:            4164 kB
SwapTotal:       1048572 kB
SwapFree:        1048572 kB
Dirty:               144 kB
Writeback:             0 kB
AnonPages:       1178760 kB
Mapped:           801816 kB
Shmem:             14756 kB
Slab:             194512 kB
SReclaimable:      55936 kB
SUnreclaim:       138576 kB
KernelStack:       39824 kB
PageTables:        49656 kB
NFS_Unstable:          0 kB
Bounce:                0 kB
WritebackTmp:          0 kB
CommitLimit:     7105828 kB
Committed_AS:   55587864 kB
VmallocTotal:   263061440 kB
VmallocUsed:       64776 kB
VmallocChunk:          0 kB
Percpu:             2336 kB
CmaTotal:         294912 kB
CmaFree:              48 kB
MemTotal:       12114512 kB
MemFree:         3401020 kB
MemAvailable:    8844324 kB
Buffers:            6080 kB
Cached:          4148656 kB
SwapCached:            0 kB
Active:          1694552 kB
Inactive:        3634956 kB
Active(anon):    1179084 kB
Inactive(anon):    13776 kB
Active(file):     515468 kB
Inactive(file):  3621180 kB
Unevictable:        4164 kB
Mlocked:            4164 kB
SwapTotal:       1048572 kB
SwapFree:        1048572 kB
Dirty:               164 kB
Writeback:             0 kB
AnonPages:       1179036 kB
Mapped:           801848 kB
Shmem:             14788 kB
Slab:             194516 kB
SReclaimable:      55936 kB
SUnreclaim:       138580 kB
KernelStack:       39808 kB
PageTables:        49652 kB
NFS_Unstable:          0 kB
Bounce:                0 kB
WritebackTmp:          0 kB
CommitLimit:     7105828 kB
Committed_AS:   55587616 kB
VmallocTotal:   263061440 kB
VmallocUsed:       64776 kB
VmallocChunk:          0 kB
Percpu:             2336 kB
CmaTotal:         294912 kB
CmaFree:             108 kB
MemTotal:       12114512 kB
MemFree:         3398940 kB
MemAvailable:    8818680 kB
Buffers:            6080 kB
Cached:          4149052 kB
SwapCached:            0 kB
Active:          1697904 kB
Inactive:        3635328 kB
Active(anon):    1182432 kB
Inactive(anon):    14144 kB
Active(file):     515472 kB
Inactive(file):  3621184 kB
Unevictable:        4164 kB
Mlocked:            4164 kB
SwapTotal:       1048572 kB
SwapFree:        1048572 kB
Dirty:               208 kB
Writeback:            12 kB
AnonPages:       1182104 kB
Mapped:           802708 kB
Shmem:             15176 kB
Slab:             194492 kB
SReclaimable:      55936 kB
SUnreclaim:       138556 kB
KernelStack:       39936 kB
PageTables:        49528 kB
NFS_Unstable:          0 kB
Bounce:                0 kB
WritebackTmp:          0 kB
CommitLimit:     7105828 kB
Committed_AS:   55626252 kB
VmallocTotal:   263061440 kB
VmallocUsed:       64888 kB
VmallocChunk:          0 kB
Percpu:             2336 kB
CmaTotal:         294912 kB
CmaFree:              56 kB
MemTotal:       12114512 kB
MemFree:         3398948 kB
MemAvailable:    8818384 kB
Buffers:            6080 kB
Cached:          4148636 kB
SwapCached:            0 kB
Active:          1696016 kB
Inactive:        3635188 kB
Active(anon):    1180844 kB
Inactive(anon):    14008 kB
Active(file):     515172 kB
Inactive(file):  3621180 kB
Unevictable:        4164 kB
Mlocked:            4164 kB
SwapTotal:       1048572 kB
SwapFree:        1048572 kB
Dirty:                72 kB
Writeback:             0 kB
AnonPages:       1180552 kB
Mapped:           802512 kB
Shmem:             15064 kB
Slab:             194532 kB
SReclaimable:      55936 kB
SUnreclaim:       138596 kB
KernelStack:       39920 kB
PageTables:        49964 kB
NFS_Unstable:          0 kB
Bounce:                0 kB
WritebackTmp:          0 kB
CommitLimit:     7105828 kB
Committed_AS:   55634636 kB
VmallocTotal:   263061440 kB
VmallocUsed:       64920 kB
VmallocChunk:          0 kB
Percpu:             2336 kB
CmaTotal:         294912 kB
CmaFree:               0 kB
MemTotal:       12114512 kB
MemFree:         3404324 kB
MemAvailable:    8840536 kB
Buffers:            6080 kB
Cached:          4148576 kB
SwapCached:            0 kB
Active:          1688500 kB
Inactive:        3635112 kB
Active(anon):    1173328 kB
Inactive(anon):    13932 kB
Active(file):     515172 kB
Inactive(file):  3621180 kB
Unevictable:        4164 kB
Mlocked:            4164 kB
SwapTotal:       1048572 kB
SwapFree:        1048572 kB
Dirty:               140 kB
Writeback:             0 kB
AnonPages:       1172988 kB
Mapped:           802712 kB
Shmem:             15004 kB
Slab:             194516 kB
SReclaimable:      55936 kB
SUnreclaim:       138580 kB
KernelStack:       39856 kB
PageTables:        49408 kB
NFS_Unstable:          0 kB
Bounce:                0 kB
WritebackTmp:          0 kB
CommitLimit:     7105828 kB
Committed_AS:   55611864 kB
VmallocTotal:   263061440 kB
VmallocUsed:       64856 kB
VmallocChunk:          0 kB
Percpu:             2336 kB
CmaTotal:         294912 kB
CmaFree:              44 kB
MemTotal:       12114512 kB
MemFree:         3421128 kB
MemAvailable:    8862468 kB
Buffers:            6080 kB
Cached:          4150020 kB
SwapCached:            0 kB
Active:          1675344 kB
Inactive:        3634984 kB
Active(anon):    1158584 kB
Inactive(anon):    13804 kB
Active(file):     516760 kB
Inactive(file):  3621180 kB
Unevictable:        4164 kB
Mlocked:            4164 kB
SwapTotal:       1048572 kB
SwapFree:        1048572 kB
Dirty:              1732 kB
Writeback:             0 kB
AnonPages:       1158052 kB
Mapped:           802048 kB
Shmem:             14860 kB
Slab:             194568 kB
SReclaimable:      55936 kB
SUnreclaim:       138632 kB
KernelStack:       39888 kB
PageTables:        49764 kB
NFS_Unstable:          0 kB
Bounce:                0 kB
WritebackTmp:          0 kB
CommitLimit:     7105828 kB
Committed_AS:   55622876 kB
VmallocTotal:   263061440 kB
VmallocUsed:       64840 kB
VmallocChunk:          0 kB
Percpu:             2336 kB
CmaTotal:         294912 kB
CmaFree:             172 kB
MemTotal:       12114512 kB
MemFree:         3420428 kB
MemAvailable:    8861768 kB
Buffers:            6080 kB
Cached:          4150028 kB
SwapCached:            0 kB
Active:          1675052 kB
Inactive:        3634996 kB
Active(anon):    1158292 kB
Inactive(anon):    13816 kB
Active(file):     516760 kB
Inactive(file):  3621180 kB
Unevictable:        4164 kB
Mlocked:            4164 kB
SwapTotal:       1048572 kB
SwapFree:        1048572 kB
Dirty:              1732 kB
Writeback:             0 kB
AnonPages:       1158180 kB
Mapped:           802056 kB
Shmem:             14868 kB
Slab:             194580 kB
SReclaimable:      55936 kB
SUnreclaim:       138644 kB
KernelStack:       39936 kB
PageTables:        49948 kB
NFS_Unstable:          0 kB
Bounce:                0 kB
WritebackTmp:          0 kB
CommitLimit:     7105828 kB
Committed_AS:   55617468 kB
VmallocTotal:   263061440 kB
VmallocUsed:       64856 kB
VmallocChunk:          0 kB
Percpu:             2336 kB
CmaTotal:         294912 kB
CmaFree:               0 kB
MemTotal:       12114512 kB
MemFree:         3406632 kB
MemAvailable:    8842864 kB
Buffers:            6080 kB
Cached:          4150404 kB
SwapCached:            0 kB
Active:          1686852 kB
Inactive:        3635360 kB
Active(anon):    1170092 kB
Inactive(anon):    13896 kB
Active(file):     516760 kB
Inactive(file):  3621464 kB
Unevictable:        4164 kB
Mlocked:            4164 kB
SwapTotal:       1048572 kB
SwapFree:        1048572 kB
Dirty:              8748 kB
Writeback:             0 kB
AnonPages:       1169668 kB
Mapped:           802588 kB
Shmem:             14960 kB
Slab:             194592 kB
SReclaimable:      55964 kB
SUnreclaim:       138628 kB
KernelStack:       39904 kB
PageTables:        49524 kB
NFS_Unstable:          0 kB
Bounce:                0 kB
WritebackTmp:          0 kB
CommitLimit:     7105828 kB
Committed_AS:   55613564 kB
VmallocTotal:   263061440 kB
VmallocUsed:       64856 kB
VmallocChunk:          0 kB
Percpu:             2336 kB
CmaTotal:         294912 kB
CmaFree:              12 kB
MemTotal:       12114512 kB
MemFree:         3412280 kB
MemAvailable:    8848484 kB
Buffers:            6080 kB
Cached:          4150260 kB
SwapCached:            0 kB
Active:          1684884 kB
Inactive:        3635240 kB
Active(anon):    1168152 kB
Inactive(anon):    13776 kB
Active(file):     516732 kB
Inactive(file):  3621464 kB
Unevictable:        4164 kB
Mlocked:            4164 kB
SwapTotal:       1048572 kB
SwapFree:        1048572 kB
Dirty:              8764 kB
Writeback:             0 kB
AnonPages:       1168060 kB
Mapped:           802160 kB
Shmem:             14852 kB
Slab:             194608 kB
SReclaimable:      55964 kB
SUnreclaim:       138644 kB
KernelStack:       39908 kB
PageTables:        49684 kB
NFS_Unstable:          0 kB
Bounce:                0 kB
WritebackTmp:          0 kB
CommitLimit:     7105828 kB
Committed_AS:   55621824 kB
VmallocTotal:   263061440 kB
VmallocUsed:       64872 kB
VmallocChunk:          0 kB
Percpu:             2336 kB
CmaTotal:         294912 kB
CmaFree:             108 kB
MemTotal:       12114512 kB
MemFree:         3424712 kB
MemAvailable:    8922348 kB
Buffers:            6080 kB
Cached:          4150356 kB
SwapCached:            0 kB
Active:          1670192 kB
Inactive:        3635300 kB
Active(anon):    1153432 kB
Inactive(anon):    13760 kB
Active(file):     516760 kB
Inactive(file):  3621540 kB
Unevictable:        4164 kB
Mlocked:            4164 kB
SwapTotal:       1048572 kB
SwapFree:        1048572 kB
Dirty:              8736 kB
Writeback:             0 kB
AnonPages:       1153240 kB
Mapped:           801900 kB
Shmem:             14836 kB
Slab:             194472 kB
SReclaimable:      55968 kB
SUnreclaim:       138504 kB
KernelStack:       39776 kB
PageTables:        49352 kB
NFS_Unstable:          0 kB
Bounce:                0 kB
WritebackTmp:          0 kB
CommitLimit:     7105828 kB
Committed_AS:   55618808 kB
VmallocTotal:   263061440 kB
VmallocUsed:       64600 kB
VmallocChunk:          0 kB
Percpu:             2336 kB
CmaTotal:         294912 kB
CmaFree:               0 kB
MemTotal:       12114512 kB
MemFree:         3425208 kB
MemAvailable:    8922844 kB
Buffers:            6080 kB
Cached:          4150404 kB
SwapCached:            0 kB
Active:          1670064 kB
Inactive:        3635348 kB
Active(anon):    1153304 kB
Inactive(anon):    13808 kB
Active(file):     516760 kB
Inactive(file):  3621540 kB
Unevictable:        4164 kB
Mlocked:            4164 kB
SwapTotal:       1048572 kB
SwapFree:        1048572 kB
Dirty:              8736 kB
Writeback:             0 kB
AnonPages:       1153004 kB
Mapped:           801888 kB
Shmem:             14884 kB
Slab:             194424 kB
SReclaimable:      55968 kB
SUnreclaim:       138456 kB
KernelStack:       39744 kB
PageTables:        49836 kB
NFS_Unstable:          0 kB
Bounce:                0 kB
WritebackTmp:          0 kB
CommitLimit:     7105828 kB
Committed_AS:   55633220 kB
VmallocTotal:   263061440 kB
VmallocUsed:       64632 kB
VmallocChunk:          0 kB
Percpu:             2336 kB
CmaTotal:         294912 kB
CmaFree:               0 kB
MemTotal:       12114512 kB
MemFree:         3425728 kB
MemAvailable:    8923348 kB
Buffers:            6080 kB
Cached:          4150400 kB
SwapCached:            0 kB
Active:          1670416 kB
Inactive:        3635344 kB
Active(anon):    1153656 kB
Inactive(anon):    13804 kB
Active(file):     516760 kB
Inactive(file):  3621540 kB
Unevictable:        4164 kB
Mlocked:            4164 kB
SwapTotal:       1048572 kB
SwapFree:        1048572 kB
Dirty:              8740 kB
Writeback:             0 kB
AnonPages:       1153316 kB
Mapped:           802364 kB
Shmem:             14880 kB
Slab:             194472 kB
SReclaimable:      55968 kB
SUnreclaim:       138504 kB
KernelStack:       39776 kB
PageTables:        49480 kB
NFS_Unstable:          0 kB
Bounce:                0 kB
WritebackTmp:          0 kB
CommitLimit:     7105828 kB
Committed_AS:   55622972 kB
VmallocTotal:   263061440 kB
VmallocUsed:       64632 kB
VmallocChunk:          0 kB
Percpu:             2336 kB
CmaTotal:         294912 kB
CmaFree:               0 kB
MemTotal:       12114512 kB
MemFree:         3424540 kB
MemAvailable:    8922212 kB
Buffers:            6084 kB
Cached:          4150372 kB
SwapCached:            0 kB
Active:          1670264 kB
Inactive:        3635300 kB
Active(anon):    1153500 kB
Inactive(anon):    13716 kB
Active(file):     516764 kB
Inactive(file):  3621584 kB
Unevictable:        4164 kB
Mlocked:            4164 kB
SwapTotal:       1048572 kB
SwapFree:        1048572 kB
Dirty:              1708 kB
Writeback:             0 kB
AnonPages:       1153124 kB
Mapped:           801832 kB
Shmem:             14808 kB
Slab:             194476 kB
SReclaimable:      55972 kB
SUnreclaim:       138504 kB
KernelStack:       39776 kB
PageTables:        49580 kB
NFS_Unstable:          0 kB
Bounce:                0 kB
WritebackTmp:          0 kB
CommitLimit:     7105828 kB
Committed_AS:   55626472 kB
VmallocTotal:   263061440 kB
VmallocUsed:       64648 kB
VmallocChunk:          0 kB
Percpu:             2336 kB
CmaTotal:         294912 kB
CmaFree:               0 kB
MemTotal:       12114512 kB
MemFree:         3419216 kB
MemAvailable:    8924236 kB
Buffers:            6084 kB
Cached:          4150528 kB
SwapCached:            0 kB
Active:          1676596 kB
Inactive:        3635424 kB
Active(anon):    1159832 kB
Inactive(anon):    13840 kB
Active(file):     516764 kB
Inactive(file):  3621584 kB
Unevictable:        4164 kB
Mlocked:            4164 kB
SwapTotal:       1048572 kB
SwapFree:        1048572 kB
Dirty:               104 kB
Writeback:             0 kB
AnonPages:       1159540 kB
Mapped:           808128 kB
Shmem:             14964 kB
Slab:             194848 kB
SReclaimable:      55980 kB
SUnreclaim:       138868 kB
KernelStack:       40000 kB
PageTables:        50232 kB
NFS_Unstable:          0 kB
Bounce:                0 kB
WritebackTmp:          0 kB
CommitLimit:     7105828 kB
Committed_AS:   57001012 kB
VmallocTotal:   263061440 kB
VmallocUsed:       64764 kB
VmallocChunk:          0 kB
Percpu:             2336 kB
CmaTotal:         294912 kB
CmaFree:              40 kB
MemTotal:       12114512 kB
MemFree:         3369036 kB
MemAvailable:    8864884 kB
Buffers:            6084 kB
Cached:          4148496 kB
SwapCached:            0 kB
Active:          1726024 kB
Inactive:        3635040 kB
Active(anon):    1210824 kB
Inactive(anon):    13476 kB
Active(file):     515200 kB
Inactive(file):  3621564 kB
Unevictable:        4164 kB
Mlocked:            4164 kB
SwapTotal:       1048572 kB
SwapFree:        1048572 kB
Dirty:               140 kB
Writeback:             0 kB
AnonPages:       1210716 kB
Mapped:           847776 kB
Shmem:             14516 kB
Slab:             194880 kB
SReclaimable:      55980 kB
SUnreclaim:       138900 kB
KernelStack:       40388 kB
PageTables:        50796 kB
NFS_Unstable:          0 kB
Bounce:                0 kB
WritebackTmp:          0 kB
CommitLimit:     7105828 kB
Committed_AS:   57104664 kB
VmallocTotal:   263061440 kB
VmallocUsed:       65164 kB
VmallocChunk:          0 kB
Percpu:             2336 kB
CmaTotal:         294912 kB
CmaFree:               0 kB
MemTotal:       12114512 kB
MemFree:         3369168 kB
MemAvailable:    8870040 kB
Buffers:            6084 kB
Cached:          4148484 kB
SwapCached:            0 kB
Active:          1725184 kB
Inactive:        3634812 kB
Active(anon):    1209980 kB
Inactive(anon):    13240 kB
Active(file):     515204 kB
Inactive(file):  3621572 kB
Unevictable:        4164 kB
Mlocked:            4164 kB
SwapTotal:       1048572 kB
SwapFree:        1048572 kB
Dirty:               136 kB
Writeback:             0 kB
AnonPages:       1209848 kB
Mapped:           848896 kB
Shmem:             14492 kB
Slab:             194932 kB
SReclaimable:      55984 kB
SUnreclaim:       138948 kB
KernelStack:       40336 kB
PageTables:        50760 kB
NFS_Unstable:          0 kB
Bounce:                0 kB
WritebackTmp:          0 kB
CommitLimit:     7105828 kB
Committed_AS:   57116652 kB
VmallocTotal:   263061440 kB
VmallocUsed:       65068 kB
VmallocChunk:          0 kB
Percpu:             2336 kB
CmaTotal:         294912 kB
CmaFree:               0 kB
MemTotal:       12114512 kB
MemFree:         3366660 kB
MemAvailable:    8912132 kB
Buffers:            6084 kB
Cached:          4148764 kB
SwapCached:            0 kB
Active:          1725992 kB
Inactive:        3635312 kB
Active(anon):    1210780 kB
Inactive(anon):    13740 kB
Active(file):     515212 kB
Inactive(file):  3621572 kB
Unevictable:        4164 kB
Mlocked:            4164 kB
SwapTotal:       1048572 kB
SwapFree:        1048572 kB
Dirty:               144 kB
Writeback:            88 kB
AnonPages:       1210756 kB
Mapped:           849384 kB
Shmem:             14764 kB
Slab:             194940 kB
SReclaimable:      55984 kB
SUnreclaim:       138956 kB
KernelStack:       40256 kB
PageTables:        50792 kB
NFS_Unstable:          0 kB
Bounce:                0 kB
WritebackTmp:          0 kB
CommitLimit:     7105828 kB
Committed_AS:   57115624 kB
VmallocTotal:   263061440 kB
VmallocUsed:       65084 kB
VmallocChunk:          0 kB
Percpu:             2336 kB
CmaTotal:         294912 kB
CmaFree:               0 kB
MemTotal:       12114512 kB
MemFree:         3223448 kB
MemAvailable:    8597236 kB
Buffers:            6084 kB
Cached:          4149136 kB
SwapCached:            0 kB
Active:          1871040 kB
Inactive:        3635656 kB
Active(anon):    1355832 kB
Inactive(anon):    14100 kB
Active(file):     515208 kB
Inactive(file):  3621556 kB
Unevictable:        4164 kB
Mlocked:            4164 kB
SwapTotal:       1048572 kB
SwapFree:        1048572 kB
Dirty:               240 kB
Writeback:             0 kB
AnonPages:       1355568 kB
Mapped:           856384 kB
Shmem:             15156 kB
Slab:             194980 kB
SReclaimable:      55984 kB
SUnreclaim:       138996 kB
KernelStack:       40544 kB
PageTables:        51480 kB
NFS_Unstable:          0 kB
Bounce:                0 kB
WritebackTmp:          0 kB
CommitLimit:     7105828 kB
Committed_AS:   57287272 kB
VmallocTotal:   263061440 kB
VmallocUsed:       65308 kB
VmallocChunk:          0 kB
Percpu:             2336 kB
CmaTotal:         294912 kB
CmaFree:              88 kB
MemTotal:       12114512 kB
MemFree:         2828176 kB
MemAvailable:    8055712 kB
Buffers:            6088 kB
Cached:          4149352 kB
SwapCached:            0 kB
Active:          2262472 kB
Inactive:        3635828 kB
Active(anon):    1747220 kB
Inactive(anon):    14208 kB
Active(file):     515252 kB
Inactive(file):  3621620 kB
Unevictable:        4164 kB
Mlocked:            4164 kB
SwapTotal:       1048572 kB
SwapFree:        1048572 kB
Dirty:               200 kB
Writeback:             0 kB
AnonPages:       1746836 kB
Mapped:           874564 kB
Shmem:             15268 kB
Slab:             195356 kB
SReclaimable:      56000 kB
SUnreclaim:       139356 kB
KernelStack:       41264 kB
PageTables:        52800 kB
NFS_Unstable:          0 kB
Bounce:                0 kB
WritebackTmp:          0 kB
CommitLimit:     7105828 kB
Committed_AS:   57689908 kB
VmallocTotal:   263061440 kB
VmallocUsed:       65996 kB
VmallocChunk:          0 kB
Percpu:             2336 kB
CmaTotal:         294912 kB
CmaFree:               0 kB
MemTotal:       12114512 kB
MemFree:         2802068 kB
MemAvailable:    7959692 kB
Buffers:            6088 kB
Cached:          4149224 kB
SwapCached:            0 kB
Active:          2286896 kB
Inactive:        3635784 kB
Active(anon):    1771664 kB
Inactive(anon):    14176 kB
Active(file):     515232 kB
Inactive(file):  3621608 kB
Unevictable:        4164 kB
Mlocked:            4164 kB
SwapTotal:       1048572 kB
SwapFree:        1048572 kB
Dirty:               248 kB
Writeback:             0 kB
AnonPages:       1771616 kB
Mapped:           878628 kB
Shmem:             15172 kB
Slab:             195352 kB
SReclaimable:      56000 kB
SUnreclaim:       139352 kB
KernelStack:       41248 kB
PageTables:        53400 kB
NFS_Unstable:          0 kB
Bounce:                0 kB
WritebackTmp:          0 kB
CommitLimit:     7105828 kB
Committed_AS:   58002864 kB
VmallocTotal:   263061440 kB
VmallocUsed:       66028 kB
VmallocChunk:          0 kB
Percpu:             2336 kB
CmaTotal:         294912 kB
CmaFree:               0 kB
MemTotal:       12114512 kB
MemFree:         2802572 kB
MemAvailable:    8005260 kB
Buffers:            6088 kB
Cached:          4149232 kB
SwapCached:            0 kB
Active:          2284876 kB
Inactive:        3635792 kB
Active(anon):    1769644 kB
Inactive(anon):    14184 kB
Active(file):     515232 kB
Inactive(file):  3621608 kB
Unevictable:        4164 kB
Mlocked:            4164 kB
SwapTotal:       1048572 kB
SwapFree:        1048572 kB
Dirty:               256 kB
Writeback:             0 kB
AnonPages:       1769476 kB
Mapped:           880364 kB
Shmem:             15180 kB
Slab:             195284 kB
SReclaimable:      56000 kB
SUnreclaim:       139284 kB
KernelStack:       41232 kB
PageTables:        53540 kB
NFS_Unstable:          0 kB
Bounce:                0 kB
WritebackTmp:          0 kB
CommitLimit:     7105828 kB
Committed_AS:   57996284 kB
VmallocTotal:   263061440 kB
VmallocUsed:       66044 kB
VmallocChunk:          0 kB
Percpu:             2336 kB
CmaTotal:         294912 kB
CmaFree:               0 kB
MemTotal:       12114512 kB
MemFree:         2802220 kB
MemAvailable:    8004764 kB
Buffers:            6088 kB
Cached:          4149232 kB
SwapCached:            0 kB
Active:          2285584 kB
Inactive:        3635792 kB
Active(anon):    1770352 kB
Inactive(anon):    14184 kB
Active(file):     515232 kB
Inactive(file):  3621608 kB
Unevictable:        4164 kB
Mlocked:            4164 kB
SwapTotal:       1048572 kB
SwapFree:        1048572 kB
Dirty:               272 kB
Writeback:             0 kB
AnonPages:       1770452 kB
Mapped:           880460 kB
Shmem:             15180 kB
Slab:             195328 kB
SReclaimable:      56000 kB
SUnreclaim:       139328 kB
KernelStack:       41248 kB
PageTables:        53660 kB
NFS_Unstable:          0 kB
Bounce:                0 kB
WritebackTmp:          0 kB
CommitLimit:     7105828 kB
Committed_AS:   58006904 kB
VmallocTotal:   263061440 kB
VmallocUsed:       66076 kB
VmallocChunk:          0 kB
Percpu:             2336 kB
CmaTotal:         294912 kB
CmaFree:               0 kB
MemTotal:       12114512 kB
MemFree:         2802256 kB
MemAvailable:    8004800 kB
Buffers:            6088 kB
Cached:          4149232 kB
SwapCached:            0 kB
Active:          2285876 kB
Inactive:        3635792 kB
Active(anon):    1770644 kB
Inactive(anon):    14184 kB
Active(file):     515232 kB
Inactive(file):  3621608 kB
Unevictable:        4164 kB
Mlocked:            4164 kB
SwapTotal:       1048572 kB
SwapFree:        1048572 kB
Dirty:               288 kB
Writeback:             0 kB
AnonPages:       1770336 kB
Mapped:           880512 kB
Shmem:             15180 kB
Slab:             195348 kB
SReclaimable:      56000 kB
SUnreclaim:       139348 kB
KernelStack:       41248 kB
PageTables:        53408 kB
NFS_Unstable:          0 kB
Bounce:                0 kB
WritebackTmp:          0 kB
CommitLimit:     7105828 kB
Committed_AS:   58006824 kB
VmallocTotal:   263061440 kB
VmallocUsed:       66060 kB
VmallocChunk:          0 kB
Percpu:             2336 kB
CmaTotal:         294912 kB
CmaFree:               0 kB
MemTotal:       12114512 kB
MemFree:         2777784 kB
MemAvailable:    7963216 kB
Buffers:            6088 kB
Cached:          4149232 kB
SwapCached:            0 kB
Active:          2311548 kB
Inactive:        3635792 kB
Active(anon):    1796316 kB
Inactive(anon):    14184 kB
Active(file):     515232 kB
Inactive(file):  3621608 kB
Unevictable:        4164 kB
Mlocked:            4164 kB
SwapTotal:       1048572 kB
SwapFree:        1048572 kB
Dirty:               300 kB
Writeback:             0 kB
AnonPages:       1796208 kB
Mapped:           880652 kB
Shmem:             15180 kB
Slab:             195352 kB
SReclaimable:      56000 kB
SUnreclaim:       139352 kB
KernelStack:       41248 kB
PageTables:        53768 kB
NFS_Unstable:          0 kB
Bounce:                0 kB
WritebackTmp:          0 kB
CommitLimit:     7105828 kB
Committed_AS:   58028328 kB
VmallocTotal:   263061440 kB
VmallocUsed:       66108 kB
VmallocChunk:          0 kB
Percpu:             2336 kB
CmaTotal:         294912 kB
CmaFree:              12 kB
MemTotal:       12114512 kB
MemFree:         2700420 kB
MemAvailable:    7965680 kB
Buffers:            6088 kB
Cached:          4149232 kB
SwapCached:            0 kB
Active:          2390116 kB
Inactive:        3635792 kB
Active(anon):    1874884 kB
Inactive(anon):    14184 kB
Active(file):     515232 kB
Inactive(file):  3621608 kB
Unevictable:        4164 kB
Mlocked:            4164 kB
SwapTotal:       1048572 kB
SwapFree:        1048572 kB
Dirty:               128 kB
Writeback:             0 kB
AnonPages:       1874804 kB
Mapped:           884852 kB
Shmem:             15180 kB
Slab:             195448 kB
SReclaimable:      56000 kB
SUnreclaim:       139448 kB
KernelStack:       41300 kB
PageTables:        53404 kB
NFS_Unstable:          0 kB
Bounce:                0 kB
WritebackTmp:          0 kB
CommitLimit:     7105828 kB
Committed_AS:   58080668 kB
VmallocTotal:   263061440 kB
VmallocUsed:       66092 kB
VmallocChunk:          0 kB
Percpu:             2336 kB
CmaTotal:         294912 kB
CmaFree:               0 kB
MemTotal:       12114512 kB
MemFree:         2695604 kB
MemAvailable:    7878408 kB
Buffers:            6088 kB
Cached:          4149232 kB
SwapCached:            0 kB
Active:          2395432 kB
Inactive:        3635800 kB
Active(anon):    1880200 kB
Inactive(anon):    14192 kB
Active(file):     515232 kB
Inactive(file):  3621608 kB
Unevictable:        4164 kB
Mlocked:            4164 kB
SwapTotal:       1048572 kB
SwapFree:        1048572 kB
Dirty:               268 kB
Writeback:             0 kB
AnonPages:       1880232 kB
Mapped:           887252 kB
Shmem:             15180 kB
Slab:             195488 kB
SReclaimable:      56000 kB
SUnreclaim:       139488 kB
KernelStack:       41328 kB
PageTables:        53524 kB
NFS_Unstable:          0 kB
Bounce:                0 kB
WritebackTmp:          0 kB
CommitLimit:     7105828 kB
Committed_AS:   58101900 kB
VmallocTotal:   263061440 kB
VmallocUsed:       66076 kB
VmallocChunk:          0 kB
Percpu:             2336 kB
CmaTotal:         294912 kB
CmaFree:               0 kB
MemTotal:       12114512 kB
MemFree:         2694760 kB
MemAvailable:    7877564 kB
Buffers:            6088 kB
Cached:          4149232 kB
SwapCached:            0 kB
Active:          2395260 kB
Inactive:        3635792 kB
Active(anon):    1880028 kB
Inactive(anon):    14184 kB
Active(file):     515232 kB
Inactive(file):  3621608 kB
Unevictable:        4164 kB
Mlocked:            4164 kB
SwapTotal:       1048572 kB
SwapFree:        1048572 kB
Dirty:               408 kB
Writeback:             0 kB
AnonPages:       1880028 kB
Mapped:           887368 kB
Shmem:             15180 kB
Slab:             195476 kB
SReclaimable:      56000 kB
SUnreclaim:       139476 kB
KernelStack:       41280 kB
PageTables:        53620 kB
NFS_Unstable:          0 kB
Bounce:                0 kB
WritebackTmp:          0 kB
CommitLimit:     7105828 kB
Committed_AS:   58101608 kB
VmallocTotal:   263061440 kB
VmallocUsed:       66060 kB
VmallocChunk:          0 kB
Percpu:             2336 kB
CmaTotal:         294912 kB
CmaFree:               0 kB
MemTotal:       12114512 kB
MemFree:         2717844 kB
MemAvailable:    7899136 kB
Buffers:            6088 kB
Cached:          4149236 kB
SwapCached:            0 kB
Active:          2371788 kB
Inactive:        3635796 kB
Active(anon):    1856556 kB
Inactive(anon):    14184 kB
Active(file):     515232 kB
Inactive(file):  3621612 kB
Unevictable:        4164 kB
Mlocked:            4164 kB
SwapTotal:       1048572 kB
SwapFree:        1048572 kB
Dirty:               412 kB
Writeback:             0 kB
AnonPages:       1855992 kB
Mapped:           888496 kB
Shmem:             15180 kB
Slab:             195472 kB
SReclaimable:      56000 kB
SUnreclaim:       139472 kB
KernelStack:       41328 kB
PageTables:        53624 kB
NFS_Unstable:          0 kB
Bounce:                0 kB
WritebackTmp:          0 kB
CommitLimit:     7105828 kB
Committed_AS:   58101200 kB
VmallocTotal:   263061440 kB
VmallocUsed:       66060 kB
VmallocChunk:          0 kB
Percpu:             2336 kB
CmaTotal:         294912 kB
CmaFree:               0 kB
MemTotal:       12114512 kB
MemFree:         2718316 kB
MemAvailable:    7899548 kB
Buffers:            6088 kB
Cached:          4149236 kB
SwapCached:            0 kB
Active:          2371136 kB
Inactive:        3635796 kB
Active(anon):    1855904 kB
Inactive(anon):    14184 kB
Active(file):     515232 kB
Inactive(file):  3621612 kB
Unevictable:        4164 kB
Mlocked:            4164 kB
SwapTotal:       1048572 kB
SwapFree:        1048572 kB
Dirty:               180 kB
Writeback:             0 kB
AnonPages:       1855672 kB
Mapped:           888852 kB
Shmem:             15180 kB
Slab:             195484 kB
SReclaimable:      56000 kB
SUnreclaim:       139484 kB
KernelStack:       41152 kB
PageTables:        53620 kB
NFS_Unstable:          0 kB
Bounce:                0 kB
WritebackTmp:          0 kB
CommitLimit:     7105828 kB
Committed_AS:   58100892 kB
VmallocTotal:   263061440 kB
VmallocUsed:       65996 kB
VmallocChunk:          0 kB
Percpu:             2336 kB
CmaTotal:         294912 kB
CmaFree:               8 kB
MemTotal:       12114512 kB
MemFree:         2718596 kB
MemAvailable:    7899832 kB
Buffers:            6088 kB
Cached:          4149240 kB
SwapCached:            0 kB
Active:          2370976 kB
Inactive:        3635800 kB
Active(anon):    1855744 kB
Inactive(anon):    14184 kB
Active(file):     515232 kB
Inactive(file):  3621616 kB
Unevictable:        4164 kB
Mlocked:            4164 kB
SwapTotal:       1048572 kB
SwapFree:        1048572 kB
Dirty:               100 kB
Writeback:             0 kB
AnonPages:       1855744 kB
Mapped:           888900 kB
Shmem:             15180 kB
Slab:             195468 kB
SReclaimable:      56000 kB
SUnreclaim:       139468 kB
KernelStack:       41120 kB
PageTables:        53612 kB
NFS_Unstable:          0 kB
Bounce:                0 kB
WritebackTmp:          0 kB
CommitLimit:     7105828 kB
Committed_AS:   58099340 kB
VmallocTotal:   263061440 kB
VmallocUsed:       66012 kB
VmallocChunk:          0 kB
Percpu:             2336 kB
CmaTotal:         294912 kB
CmaFree:              12 kB
MemTotal:       12114512 kB
MemFree:         2718392 kB
MemAvailable:    7899636 kB
Buffers:            6088 kB
Cached:          4149240 kB
SwapCached:            0 kB
Active:          2370988 kB
Inactive:        3635800 kB
Active(anon):    1855756 kB
Inactive(anon):    14184 kB
Active(file):     515232 kB
Inactive(file):  3621616 kB
Unevictable:        4164 kB
Mlocked:            4164 kB
SwapTotal:       1048572 kB
SwapFree:        1048572 kB
Dirty:               140 kB
Writeback:             0 kB
AnonPages:       1855524 kB
Mapped:           888900 kB
Shmem:             15180 kB
Slab:             195480 kB
SReclaimable:      56016 kB
SUnreclaim:       139464 kB
KernelStack:       41204 kB
PageTables:        53616 kB
NFS_Unstable:          0 kB
Bounce:                0 kB
WritebackTmp:          0 kB
CommitLimit:     7105828 kB
Committed_AS:   58098952 kB
VmallocTotal:   263061440 kB
VmallocUsed:       66060 kB
VmallocChunk:          0 kB
Percpu:             2336 kB
CmaTotal:         294912 kB
CmaFree:               0 kB
MemTotal:       12114512 kB
MemFree:         2717196 kB
MemAvailable:    7897952 kB
Buffers:            6088 kB
Cached:          4149144 kB
SwapCached:            0 kB
Active:          2371688 kB
Inactive:        3635704 kB
Active(anon):    1856456 kB
Inactive(anon):    14088 kB
Active(file):     515232 kB
Inactive(file):  3621616 kB
Unevictable:        4164 kB
Mlocked:            4164 kB
SwapTotal:       1048572 kB
SwapFree:        1048572 kB
Dirty:               160 kB
Writeback:             0 kB
AnonPages:       1856580 kB
Mapped:           889008 kB
Shmem:             15084 kB
Slab:             195496 kB
SReclaimable:      56016 kB
SUnreclaim:       139480 kB
KernelStack:       41216 kB
PageTables:        53632 kB
NFS_Unstable:          0 kB
Bounce:                0 kB
WritebackTmp:          0 kB
CommitLimit:     7105828 kB
Committed_AS:   58094884 kB
VmallocTotal:   263061440 kB
VmallocUsed:       66012 kB
VmallocChunk:          0 kB
Percpu:             2336 kB
CmaTotal:         294912 kB
CmaFree:               0 kB
MemTotal:       12114512 kB
MemFree:         2706800 kB
MemAvailable:    7887428 kB
Buffers:            6088 kB
Cached:          4149240 kB
SwapCached:            0 kB
Active:          2382624 kB
Inactive:        3635800 kB
Active(anon):    1867392 kB
Inactive(anon):    14184 kB
Active(file):     515232 kB
Inactive(file):  3621616 kB
Unevictable:        4164 kB
Mlocked:            4164 kB
SwapTotal:       1048572 kB
SwapFree:        1048572 kB
Dirty:               184 kB
Writeback:             0 kB
AnonPages:       1867268 kB
Mapped:           889264 kB
Shmem:             15180 kB
Slab:             195504 kB
SReclaimable:      56016 kB
SUnreclaim:       139488 kB
KernelStack:       40976 kB
PageTables:        53636 kB
NFS_Unstable:          0 kB
Bounce:                0 kB
WritebackTmp:          0 kB
CommitLimit:     7105828 kB
Committed_AS:   58137176 kB
VmallocTotal:   263061440 kB
VmallocUsed:       65756 kB
VmallocChunk:          0 kB
Percpu:             2336 kB
CmaTotal:         294912 kB
CmaFree:              28 kB
MemTotal:       12114512 kB
MemFree:         2705128 kB
MemAvailable:    7885692 kB
Buffers:            6088 kB
Cached:          4149232 kB
SwapCached:            0 kB
Active:          2384596 kB
Inactive:        3635800 kB
Active(anon):    1869364 kB
Inactive(anon):    14184 kB
Active(file):     515232 kB
Inactive(file):  3621616 kB
Unevictable:        4164 kB
Mlocked:            4164 kB
SwapTotal:       1048572 kB
SwapFree:        1048572 kB
Dirty:               188 kB
Writeback:             0 kB
AnonPages:       1869004 kB
Mapped:           889392 kB
Shmem:             15172 kB
Slab:             195504 kB
SReclaimable:      56016 kB
SUnreclaim:       139488 kB
KernelStack:       40928 kB
PageTables:        53616 kB
NFS_Unstable:          0 kB
Bounce:                0 kB
WritebackTmp:          0 kB
CommitLimit:     7105828 kB
Committed_AS:   58135128 kB
VmallocTotal:   263061440 kB
VmallocUsed:       65724 kB
VmallocChunk:          0 kB
Percpu:             2336 kB
CmaTotal:         294912 kB
CmaFree:               0 kB
MemTotal:       12114512 kB
MemFree:         2693332 kB
MemAvailable:    7850732 kB
Buffers:            6088 kB
Cached:          4149240 kB
SwapCached:            0 kB
Active:          2397444 kB
Inactive:        3635800 kB
Active(anon):    1882212 kB
Inactive(anon):    14184 kB
Active(file):     515232 kB
Inactive(file):  3621616 kB
Unevictable:        4164 kB
Mlocked:            4164 kB
SwapTotal:       1048572 kB
SwapFree:        1048572 kB
Dirty:               112 kB
Writeback:             0 kB
AnonPages:       1881960 kB
Mapped:           889608 kB
Shmem:             15180 kB
Slab:             195508 kB
SReclaimable:      56016 kB
SUnreclaim:       139492 kB
KernelStack:       40896 kB
PageTables:        53644 kB
NFS_Unstable:          0 kB
Bounce:                0 kB
WritebackTmp:          0 kB
CommitLimit:     7105828 kB
Committed_AS:   58155588 kB
VmallocTotal:   263061440 kB
VmallocUsed:       65692 kB
VmallocChunk:          0 kB
Percpu:             2336 kB
CmaTotal:         294912 kB
CmaFree:               0 kB
MemTotal:       12114512 kB
MemFree:         2662448 kB
MemAvailable:    7842088 kB
Buffers:            6088 kB
Cached:          4149240 kB
SwapCached:            0 kB
Active:          2426420 kB
Inactive:        3635800 kB
Active(anon):    1911188 kB
Inactive(anon):    14184 kB
Active(file):     515232 kB
Inactive(file):  3621616 kB
Unevictable:        4164 kB
Mlocked:            4164 kB
SwapTotal:       1048572 kB
SwapFree:        1048572 kB
Dirty:               224 kB
Writeback:             0 kB
AnonPages:       1911152 kB
Mapped:           889668 kB
Shmem:             15180 kB
Slab:             195520 kB
SReclaimable:      56016 kB
SUnreclaim:       139504 kB
KernelStack:       40928 kB
PageTables:        53840 kB
NFS_Unstable:          0 kB
Bounce:                0 kB
WritebackTmp:          0 kB
CommitLimit:     7105828 kB
Committed_AS:   58161984 kB
VmallocTotal:   263061440 kB
VmallocUsed:       65692 kB
VmallocChunk:          0 kB
Percpu:             2336 kB
CmaTotal:         294912 kB
CmaFree:               0 kB
MemTotal:       12114512 kB
MemFree:         2662752 kB
MemAvailable:    7869864 kB
Buffers:            6088 kB
Cached:          4149240 kB
SwapCached:            0 kB
Active:          2426424 kB
Inactive:        3635800 kB
Active(anon):    1911192 kB
Inactive(anon):    14184 kB
Active(file):     515232 kB
Inactive(file):  3621616 kB
Unevictable:        4164 kB
Mlocked:            4164 kB
SwapTotal:       1048572 kB
SwapFree:        1048572 kB
Dirty:               224 kB
Writeback:             0 kB
AnonPages:       1911216 kB
Mapped:           889784 kB
Shmem:             15180 kB
Slab:             195520 kB
SReclaimable:      56016 kB
SUnreclaim:       139504 kB
KernelStack:       40772 kB
PageTables:        53572 kB
NFS_Unstable:          0 kB
Bounce:                0 kB
WritebackTmp:          0 kB
CommitLimit:     7105828 kB
Committed_AS:   58161816 kB
VmallocTotal:   263061440 kB
VmallocUsed:       65628 kB
VmallocChunk:          0 kB
Percpu:             2336 kB
CmaTotal:         294912 kB
CmaFree:               0 kB
MemTotal:       12114512 kB
MemFree:         2639440 kB
MemAvailable:    7846544 kB
Buffers:            6088 kB
Cached:          4149240 kB
SwapCached:            0 kB
Active:          2448684 kB
Inactive:        3635800 kB
Active(anon):    1933452 kB
Inactive(anon):    14184 kB
Active(file):     515232 kB
Inactive(file):  3621616 kB
Unevictable:        4164 kB
Mlocked:            4164 kB
SwapTotal:       1048572 kB
SwapFree:        1048572 kB
Dirty:               224 kB
Writeback:             0 kB
AnonPages:       1933336 kB
Mapped:           890144 kB
Shmem:             15180 kB
Slab:             195512 kB
SReclaimable:      56016 kB
SUnreclaim:       139496 kB
KernelStack:       40672 kB
PageTables:        53572 kB
NFS_Unstable:          0 kB
Bounce:                0 kB
WritebackTmp:          0 kB
CommitLimit:     7105828 kB
Committed_AS:   58169344 kB
VmallocTotal:   263061440 kB
VmallocUsed:       65532 kB
VmallocChunk:          0 kB
Percpu:             2336 kB
CmaTotal:         294912 kB
CmaFree:               0 kB
MemTotal:       12114512 kB
MemFree:         2640948 kB
MemAvailable:    7847944 kB
Buffers:            6088 kB
Cached:          4149240 kB
SwapCached:            0 kB
Active:          2448764 kB
Inactive:        3635800 kB
Active(anon):    1933532 kB
Inactive(anon):    14184 kB
Active(file):     515232 kB
Inactive(file):  3621616 kB
Unevictable:        4164 kB
Mlocked:            4164 kB
SwapTotal:       1048572 kB
SwapFree:        1048572 kB
Dirty:               224 kB
Writeback:             0 kB
AnonPages:       1933580 kB
Mapped:           890588 kB
Shmem:             15180 kB
Slab:             195524 kB
SReclaimable:      56016 kB
SUnreclaim:       139508 kB
KernelStack:       40672 kB
PageTables:        53572 kB
NFS_Unstable:          0 kB
Bounce:                0 kB
WritebackTmp:          0 kB
CommitLimit:     7105828 kB
Committed_AS:   58169132 kB
VmallocTotal:   263061440 kB
VmallocUsed:       65532 kB
VmallocChunk:          0 kB
Percpu:             2336 kB
CmaTotal:         294912 kB
CmaFree:               0 kB
MemTotal:       12114512 kB
MemFree:         2640064 kB
MemAvailable:    7847060 kB
Buffers:            6088 kB
Cached:          4149240 kB
SwapCached:            0 kB
Active:          2449020 kB
Inactive:        3635800 kB
Active(anon):    1933788 kB
Inactive(anon):    14184 kB
Active(file):     515232 kB
Inactive(file):  3621616 kB
Unevictable:        4164 kB
Mlocked:            4164 kB
SwapTotal:       1048572 kB
SwapFree:        1048572 kB
Dirty:               144 kB
Writeback:             0 kB
AnonPages:       1933668 kB
Mapped:           890628 kB
Shmem:             15180 kB
Slab:             195532 kB
SReclaimable:      56016 kB
SUnreclaim:       139516 kB
KernelStack:       40640 kB
PageTables:        53568 kB
NFS_Unstable:          0 kB
Bounce:                0 kB
WritebackTmp:          0 kB
CommitLimit:     7105828 kB
Committed_AS:   58168808 kB
VmallocTotal:   263061440 kB
VmallocUsed:       65516 kB
VmallocChunk:          0 kB
Percpu:             2336 kB
CmaTotal:         294912 kB
CmaFree:               0 kB
MemTotal:       12114512 kB
MemFree:         2638980 kB
MemAvailable:    7845976 kB
Buffers:            6088 kB
Cached:          4149404 kB
SwapCached:            0 kB
Active:          2449084 kB
Inactive:        3635964 kB
Active(anon):    1933852 kB
Inactive(anon):    14348 kB
Active(file):     515232 kB
Inactive(file):  3621616 kB
Unevictable:        4164 kB
Mlocked:            4164 kB
SwapTotal:       1048572 kB
SwapFree:        1048572 kB
Dirty:               144 kB
Writeback:             0 kB
AnonPages:       1933704 kB
Mapped:           890796 kB
Shmem:             15344 kB
Slab:             195532 kB
SReclaimable:      56016 kB
SUnreclaim:       139516 kB
KernelStack:       40672 kB
PageTables:        53588 kB
NFS_Unstable:          0 kB
Bounce:                0 kB
WritebackTmp:          0 kB
CommitLimit:     7105828 kB
Committed_AS:   58163804 kB
VmallocTotal:   263061440 kB
VmallocUsed:       65500 kB
VmallocChunk:          0 kB
Percpu:             2336 kB
CmaTotal:         294912 kB
CmaFree:               0 kB
MemTotal:       12114512 kB
MemFree:         2639304 kB
MemAvailable:    7846300 kB
Buffers:            6088 kB
Cached:          4149144 kB
SwapCached:            0 kB
Active:          2449284 kB
Inactive:        3635704 kB
Active(anon):    1934052 kB
Inactive(anon):    14088 kB
Active(file):     515232 kB
Inactive(file):  3621616 kB
Unevictable:        4164 kB
Mlocked:            4164 kB
SwapTotal:       1048572 kB
SwapFree:        1048572 kB
Dirty:               156 kB
Writeback:             0 kB
AnonPages:       1934072 kB
Mapped:           890540 kB
Shmem:             15084 kB
Slab:             195524 kB
SReclaimable:      56016 kB
SUnreclaim:       139508 kB
KernelStack:       40640 kB
PageTables:        53564 kB
NFS_Unstable:          0 kB
Bounce:                0 kB
WritebackTmp:          0 kB
CommitLimit:     7105828 kB
Committed_AS:   58163540 kB
VmallocTotal:   263061440 kB
VmallocUsed:       65484 kB
VmallocChunk:          0 kB
Percpu:             2336 kB
CmaTotal:         294912 kB
CmaFree:               0 kB
MemTotal:       12114512 kB
MemFree:         2641876 kB
MemAvailable:    7848872 kB
Buffers:            6088 kB
Cached:          4149144 kB
SwapCached:            0 kB
Active:          2447668 kB
Inactive:        3635704 kB
Active(anon):    1932436 kB
Inactive(anon):    14088 kB
Active(file):     515232 kB
Inactive(file):  3621616 kB
Unevictable:        4164 kB
Mlocked:            4164 kB
SwapTotal:       1048572 kB
SwapFree:        1048572 kB
Dirty:               156 kB
Writeback:             0 kB
AnonPages:       1932596 kB
Mapped:           890764 kB
Shmem:             15084 kB
Slab:             195532 kB
SReclaimable:      56016 kB
SUnreclaim:       139516 kB
KernelStack:       40744 kB
PageTables:        53516 kB
NFS_Unstable:          0 kB
Bounce:                0 kB
WritebackTmp:          0 kB
CommitLimit:     7105828 kB
Committed_AS:   58162940 kB
VmallocTotal:   263061440 kB
VmallocUsed:       65484 kB
VmallocChunk:          0 kB
Percpu:             2336 kB
CmaTotal:         294912 kB
CmaFree:             264 kB
MemTotal:       12114512 kB
MemFree:         2640932 kB
MemAvailable:    7847932 kB
Buffers:            6088 kB
Cached:          4149148 kB
SwapCached:            0 kB
Active:          2447828 kB
Inactive:        3635708 kB
Active(anon):    1932596 kB
Inactive(anon):    14088 kB
Active(file):     515232 kB
Inactive(file):  3621620 kB
Unevictable:        4164 kB
Mlocked:            4164 kB
SwapTotal:       1048572 kB
SwapFree:        1048572 kB
Dirty:               160 kB
Writeback:             0 kB
AnonPages:       1932408 kB
Mapped:           890780 kB
Shmem:             15084 kB
Slab:             195516 kB
SReclaimable:      56016 kB
SUnreclaim:       139500 kB
KernelStack:       40640 kB
PageTables:        53476 kB
NFS_Unstable:          0 kB
Bounce:                0 kB
WritebackTmp:          0 kB
CommitLimit:     7105828 kB
Committed_AS:   58163356 kB
VmallocTotal:   263061440 kB
VmallocUsed:       65484 kB
VmallocChunk:          0 kB
Percpu:             2336 kB
CmaTotal:         294912 kB
CmaFree:               0 kB
MemTotal:       12114512 kB
MemFree:         2641124 kB
MemAvailable:    7848124 kB
Buffers:            6088 kB
Cached:          4149148 kB
SwapCached:            0 kB
Active:          2448032 kB
Inactive:        3635708 kB
Active(anon):    1932800 kB
Inactive(anon):    14088 kB
Active(file):     515232 kB
Inactive(file):  3621620 kB
Unevictable:        4164 kB
Mlocked:            4164 kB
SwapTotal:       1048572 kB
SwapFree:        1048572 kB
Dirty:               108 kB
Writeback:             0 kB
AnonPages:       1932380 kB
Mapped:           890548 kB
Shmem:             15084 kB
Slab:             195508 kB
SReclaimable:      56016 kB
SUnreclaim:       139492 kB
KernelStack:       40640 kB
PageTables:        53560 kB
NFS_Unstable:          0 kB
Bounce:                0 kB
WritebackTmp:          0 kB
CommitLimit:     7105828 kB
Committed_AS:   58163632 kB
VmallocTotal:   263061440 kB
VmallocUsed:       65484 kB
VmallocChunk:          0 kB
Percpu:             2336 kB
CmaTotal:         294912 kB
CmaFree:               0 kB
MemTotal:       12114512 kB
MemFree:         2641340 kB
MemAvailable:    7848340 kB
Buffers:            6088 kB
Cached:          4149148 kB
SwapCached:            0 kB
Active:          2448304 kB
Inactive:        3635708 kB
Active(anon):    1933072 kB
Inactive(anon):    14088 kB
Active(file):     515232 kB
Inactive(file):  3621620 kB
Unevictable:        4164 kB
Mlocked:            4164 kB
SwapTotal:       1048572 kB
SwapFree:        1048572 kB
Dirty:               156 kB
Writeback:             0 kB
AnonPages:       1932908 kB
Mapped:           890548 kB
Shmem:             15084 kB
Slab:             195516 kB
SReclaimable:      56016 kB
SUnreclaim:       139500 kB
KernelStack:       40712 kB
PageTables:        53560 kB
NFS_Unstable:          0 kB
Bounce:                0 kB
WritebackTmp:          0 kB
CommitLimit:     7105828 kB
Committed_AS:   58163200 kB
VmallocTotal:   263061440 kB
VmallocUsed:       65516 kB
VmallocChunk:          0 kB
Percpu:             2336 kB
CmaTotal:         294912 kB
CmaFree:               0 kB
MemTotal:       12114512 kB
MemFree:         2645524 kB
MemAvailable:    7845504 kB
Buffers:            6088 kB
Cached:          4142128 kB
SwapCached:            0 kB
Active:          2449000 kB
Inactive:        3628688 kB
Active(anon):    1933768 kB
Inactive(anon):    14088 kB
Active(file):     515232 kB
Inactive(file):  3614600 kB
Unevictable:        4164 kB
Mlocked:            4164 kB
SwapTotal:       1048572 kB
SwapFree:        1048572 kB
Dirty:               156 kB
Writeback:             0 kB
AnonPages:       1933524 kB
Mapped:           890816 kB
Shmem:             15084 kB
Slab:             195508 kB
SReclaimable:      56016 kB
SUnreclaim:       139492 kB
KernelStack:       40640 kB
PageTables:        53560 kB
NFS_Unstable:          0 kB
Bounce:                0 kB
WritebackTmp:          0 kB
CommitLimit:     7105828 kB
Committed_AS:   58169016 kB
VmallocTotal:   263061440 kB
VmallocUsed:       65516 kB
VmallocChunk:          0 kB
Percpu:             2336 kB
CmaTotal:         294912 kB
CmaFree:               0 kB
MemTotal:       12114512 kB
MemFree:         2639960 kB
MemAvailable:    7846868 kB
Buffers:            6088 kB
Cached:          4149060 kB
SwapCached:            0 kB
Active:          2448624 kB
Inactive:        3635620 kB
Active(anon):    1933392 kB
Inactive(anon):    14088 kB
Active(file):     515232 kB
Inactive(file):  3621532 kB
Unevictable:        4164 kB
Mlocked:            4164 kB
SwapTotal:       1048572 kB
SwapFree:        1048572 kB
Dirty:              7128 kB
Writeback:             0 kB
AnonPages:       1933472 kB
Mapped:           890556 kB
Shmem:             15084 kB
Slab:             195492 kB
SReclaimable:      56008 kB
SUnreclaim:       139484 kB
KernelStack:       40640 kB
PageTables:        53560 kB
NFS_Unstable:          0 kB
Bounce:                0 kB
WritebackTmp:          0 kB
CommitLimit:     7105828 kB
Committed_AS:   58168760 kB
VmallocTotal:   263061440 kB
VmallocUsed:       65516 kB
VmallocChunk:          0 kB
Percpu:             2336 kB
CmaTotal:         294912 kB
CmaFree:               0 kB
MemTotal:       12114512 kB
MemFree:         2640020 kB
MemAvailable:    7846928 kB
Buffers:            6088 kB
Cached:          4149060 kB
SwapCached:            0 kB
Active:          2448624 kB
Inactive:        3635620 kB
Active(anon):    1933392 kB
Inactive(anon):    14088 kB
Active(file):     515232 kB
Inactive(file):  3621532 kB
Unevictable:        4164 kB
Mlocked:            4164 kB
SwapTotal:       1048572 kB
SwapFree:        1048572 kB
Dirty:              7128 kB
Writeback:             0 kB
AnonPages:       1933392 kB
Mapped:           890556 kB
Shmem:             15084 kB
Slab:             195500 kB
SReclaimable:      56008 kB
SUnreclaim:       139492 kB
KernelStack:       40640 kB
PageTables:        53560 kB
NFS_Unstable:          0 kB
Bounce:                0 kB
WritebackTmp:          0 kB
CommitLimit:     7105828 kB
Committed_AS:   58163336 kB
VmallocTotal:   263061440 kB
VmallocUsed:       65532 kB
VmallocChunk:          0 kB
Percpu:             2336 kB
CmaTotal:         294912 kB
CmaFree:               0 kB
MemTotal:       12114512 kB
MemFree:         2646472 kB
MemAvailable:    7853380 kB
Buffers:            6088 kB
Cached:          4149060 kB
SwapCached:            0 kB
Active:          2441136 kB
Inactive:        3635620 kB
Active(anon):    1925904 kB
Inactive(anon):    14088 kB
Active(file):     515232 kB
Inactive(file):  3621532 kB
Unevictable:        4164 kB
Mlocked:            4164 kB
SwapTotal:       1048572 kB
SwapFree:        1048572 kB
Dirty:              7080 kB
Writeback:             0 kB
AnonPages:       1925512 kB
Mapped:           890560 kB
Shmem:             15084 kB
Slab:             195532 kB
SReclaimable:      56008 kB
SUnreclaim:       139524 kB
KernelStack:       40640 kB
PageTables:        53560 kB
NFS_Unstable:          0 kB
Bounce:                0 kB
WritebackTmp:          0 kB
CommitLimit:     7105828 kB
Committed_AS:   58163448 kB
VmallocTotal:   263061440 kB
VmallocUsed:       65532 kB
VmallocChunk:          0 kB
Percpu:             2336 kB
CmaTotal:         294912 kB
CmaFree:             364 kB
MemTotal:       12114512 kB
MemFree:         2646616 kB
MemAvailable:    7853524 kB
Buffers:            6088 kB
Cached:          4149060 kB
SwapCached:            0 kB
Active:          2440908 kB
Inactive:        3635620 kB
Active(anon):    1925676 kB
Inactive(anon):    14088 kB
Active(file):     515232 kB
Inactive(file):  3621532 kB
Unevictable:        4164 kB
Mlocked:            4164 kB
SwapTotal:       1048572 kB
SwapFree:        1048572 kB
Dirty:              7080 kB
Writeback:             0 kB
AnonPages:       1925500 kB
Mapped:           890560 kB
Shmem:             15084 kB
Slab:             195520 kB
SReclaimable:      56008 kB
SUnreclaim:       139512 kB
KernelStack:       40640 kB
PageTables:        53560 kB
NFS_Unstable:          0 kB
Bounce:                0 kB
WritebackTmp:          0 kB
CommitLimit:     7105828 kB
Committed_AS:   58163228 kB
VmallocTotal:   263061440 kB
VmallocUsed:       65532 kB
VmallocChunk:          0 kB
Percpu:             2336 kB
CmaTotal:         294912 kB
CmaFree:               0 kB
MemTotal:       12114512 kB
MemFree:         2646372 kB
MemAvailable:    7853280 kB
Buffers:            6092 kB
Cached:          4149056 kB
SwapCached:            0 kB
Active:          2441216 kB
Inactive:        3635620 kB
Active(anon):    1925984 kB
Inactive(anon):    14088 kB
Active(file):     515232 kB
Inactive(file):  3621532 kB
Unevictable:        4164 kB
Mlocked:            4164 kB
SwapTotal:       1048572 kB
SwapFree:        1048572 kB
Dirty:               332 kB
Writeback:          5980 kB
AnonPages:       1925824 kB
Mapped:           890568 kB
Shmem:             15084 kB
Slab:             195508 kB
SReclaimable:      56008 kB
SUnreclaim:       139500 kB
KernelStack:       40640 kB
PageTables:        53560 kB
NFS_Unstable:          0 kB
Bounce:                0 kB
WritebackTmp:          0 kB
CommitLimit:     7105828 kB
Committed_AS:   58163140 kB
VmallocTotal:   263061440 kB
VmallocUsed:       65532 kB
VmallocChunk:          0 kB
Percpu:             2336 kB
CmaTotal:         294912 kB
CmaFree:               0 kB
MemTotal:       12114512 kB
MemFree:         2648332 kB
MemAvailable:    7855284 kB
Buffers:            6092 kB
Cached:          4149100 kB
SwapCached:            0 kB
Active:          2440496 kB
Inactive:        3635660 kB
Active(anon):    1925260 kB
Inactive(anon):    14088 kB
Active(file):     515236 kB
Inactive(file):  3621572 kB
Unevictable:        4164 kB
Mlocked:            4164 kB
SwapTotal:       1048572 kB
SwapFree:        1048572 kB
Dirty:               172 kB
Writeback:             0 kB
AnonPages:       1925124 kB
Mapped:           890572 kB
Shmem:             15084 kB
Slab:             195512 kB
SReclaimable:      56008 kB
SUnreclaim:       139504 kB
KernelStack:       40624 kB
PageTables:        53560 kB
NFS_Unstable:          0 kB
Bounce:                0 kB
WritebackTmp:          0 kB
CommitLimit:     7105828 kB
Committed_AS:   58165244 kB
VmallocTotal:   263061440 kB
VmallocUsed:       65452 kB
VmallocChunk:          0 kB
Percpu:             2336 kB
CmaTotal:         294912 kB
CmaFree:              40 kB
MemTotal:       12114512 kB
MemFree:         2648396 kB
MemAvailable:    7855316 kB
Buffers:            6092 kB
Cached:          4149100 kB
SwapCached:            0 kB
Active:          2440976 kB
Inactive:        3635660 kB
Active(anon):    1925740 kB
Inactive(anon):    14088 kB
Active(file):     515236 kB
Inactive(file):  3621572 kB
Unevictable:        4164 kB
Mlocked:            4164 kB
SwapTotal:       1048572 kB
SwapFree:        1048572 kB
Dirty:               172 kB
Writeback:             0 kB
AnonPages:       1925756 kB
Mapped:           890592 kB
Shmem:             15084 kB
Slab:             195520 kB
SReclaimable:      56008 kB
SUnreclaim:       139512 kB
KernelStack:       40624 kB
PageTables:        53560 kB
NFS_Unstable:          0 kB
Bounce:                0 kB
WritebackTmp:          0 kB
CommitLimit:     7105828 kB
Committed_AS:   58160064 kB
VmallocTotal:   263061440 kB
VmallocUsed:       65452 kB
VmallocChunk:          0 kB
Percpu:             2336 kB
CmaTotal:         294912 kB
CmaFree:              20 kB
MemTotal:       12114512 kB
MemFree:         2648900 kB
MemAvailable:    7855816 kB
Buffers:            6092 kB
Cached:          4149100 kB
SwapCached:            0 kB
Active:          2440836 kB
Inactive:        3635660 kB
Active(anon):    1925600 kB
Inactive(anon):    14088 kB
Active(file):     515236 kB
Inactive(file):  3621572 kB
Unevictable:        4164 kB
Mlocked:            4164 kB
SwapTotal:       1048572 kB
SwapFree:        1048572 kB
Dirty:               156 kB
Writeback:             0 kB
AnonPages:       1925704 kB
Mapped:           890596 kB
Shmem:             15084 kB
Slab:             195516 kB
SReclaimable:      56008 kB
SUnreclaim:       139508 kB
KernelStack:       40624 kB
PageTables:        53560 kB
NFS_Unstable:          0 kB
Bounce:                0 kB
WritebackTmp:          0 kB
CommitLimit:     7105828 kB
Committed_AS:   58159800 kB
VmallocTotal:   263061440 kB
VmallocUsed:       65452 kB
VmallocChunk:          0 kB
Percpu:             2336 kB
CmaTotal:         294912 kB
CmaFree:               0 kB
MemTotal:       12114512 kB
MemFree:         2652628 kB
MemAvailable:    7859540 kB
Buffers:            6092 kB
Cached:          4149100 kB
SwapCached:            0 kB
Active:          2435492 kB
Inactive:        3635660 kB
Active(anon):    1920256 kB
Inactive(anon):    14088 kB
Active(file):     515236 kB
Inactive(file):  3621572 kB
Unevictable:        4164 kB
Mlocked:            4164 kB
SwapTotal:       1048572 kB
SwapFree:        1048572 kB
Dirty:               156 kB
Writeback:             0 kB
AnonPages:       1920320 kB
Mapped:           890608 kB
Shmem:             15084 kB
Slab:             195520 kB
SReclaimable:      56008 kB
SUnreclaim:       139512 kB
KernelStack:       40624 kB
PageTables:        53560 kB
NFS_Unstable:          0 kB
Bounce:                0 kB
WritebackTmp:          0 kB
CommitLimit:     7105828 kB
Committed_AS:   58159668 kB
VmallocTotal:   263061440 kB
VmallocUsed:       65452 kB
VmallocChunk:          0 kB
Percpu:             2336 kB
CmaTotal:         294912 kB
CmaFree:               0 kB
MemTotal:       12114512 kB
MemFree:         2654432 kB
MemAvailable:    7861344 kB
Buffers:            6092 kB
Cached:          4149100 kB
SwapCached:            0 kB
Active:          2434924 kB
Inactive:        3635660 kB
Active(anon):    1919688 kB
Inactive(anon):    14088 kB
Active(file):     515236 kB
Inactive(file):  3621572 kB
Unevictable:        4164 kB
Mlocked:            4164 kB
SwapTotal:       1048572 kB
SwapFree:        1048572 kB
Dirty:               156 kB
Writeback:             0 kB
AnonPages:       1919168 kB
Mapped:           890608 kB
Shmem:             15084 kB
Slab:             195520 kB
SReclaimable:      56008 kB
SUnreclaim:       139512 kB
KernelStack:       40624 kB
PageTables:        53560 kB
NFS_Unstable:          0 kB
Bounce:                0 kB
WritebackTmp:          0 kB
CommitLimit:     7105828 kB
Committed_AS:   58159404 kB
VmallocTotal:   263061440 kB
VmallocUsed:       65452 kB
VmallocChunk:          0 kB
Percpu:             2336 kB
CmaTotal:         294912 kB
CmaFree:               0 kB
MemTotal:       12114512 kB
MemFree:         2654220 kB
MemAvailable:    7861132 kB
Buffers:            6096 kB
Cached:          4149100 kB
SwapCached:            0 kB
Active:          2434856 kB
Inactive:        3635664 kB
Active(anon):    1919620 kB
Inactive(anon):    14092 kB
Active(file):     515236 kB
Inactive(file):  3621572 kB
Unevictable:        4164 kB
Mlocked:            4164 kB
SwapTotal:       1048572 kB
SwapFree:        1048572 kB
Dirty:               156 kB
Writeback:             0 kB
AnonPages:       1919532 kB
Mapped:           890616 kB
Shmem:             15088 kB
Slab:             195520 kB
SReclaimable:      56008 kB
SUnreclaim:       139512 kB
KernelStack:       40624 kB
PageTables:        53560 kB
NFS_Unstable:          0 kB
Bounce:                0 kB
WritebackTmp:          0 kB
CommitLimit:     7105828 kB
Committed_AS:   58159184 kB
VmallocTotal:   263061440 kB
VmallocUsed:       65452 kB
VmallocChunk:          0 kB
Percpu:             2336 kB
CmaTotal:         294912 kB
CmaFree:               0 kB
MemTotal:       12114512 kB
MemFree:         2653700 kB
MemAvailable:    7860596 kB
Buffers:            6096 kB
Cached:          4149116 kB
SwapCached:            0 kB
Active:          2434700 kB
Inactive:        3635676 kB
Active(anon):    1919460 kB
Inactive(anon):    14092 kB
Active(file):     515240 kB
Inactive(file):  3621584 kB
Unevictable:        4164 kB
Mlocked:            4164 kB
SwapTotal:       1048572 kB
SwapFree:        1048572 kB
Dirty:               164 kB
Writeback:             0 kB
AnonPages:       1919296 kB
Mapped:           890620 kB
Shmem:             15088 kB
Slab:             195520 kB
SReclaimable:      56008 kB
SUnreclaim:       139512 kB
KernelStack:       40624 kB
PageTables:        53560 kB
NFS_Unstable:          0 kB
Bounce:                0 kB
WritebackTmp:          0 kB
CommitLimit:     7105828 kB
Committed_AS:   58158920 kB
VmallocTotal:   263061440 kB
VmallocUsed:       65452 kB
VmallocChunk:          0 kB
Percpu:             2336 kB
CmaTotal:         294912 kB
CmaFree:               0 kB
MemTotal:       12114512 kB
MemFree:         2653892 kB
MemAvailable:    7860788 kB
Buffers:            6096 kB
Cached:          4149116 kB
SwapCached:            0 kB
Active:          2435060 kB
Inactive:        3635676 kB
Active(anon):    1919820 kB
Inactive(anon):    14092 kB
Active(file):     515240 kB
Inactive(file):  3621584 kB
Unevictable:        4164 kB
Mlocked:            4164 kB
SwapTotal:       1048572 kB
SwapFree:        1048572 kB
Dirty:               164 kB
Writeback:             0 kB
AnonPages:       1919636 kB
Mapped:           890640 kB
Shmem:             15088 kB
Slab:             195520 kB
SReclaimable:      56008 kB
SUnreclaim:       139512 kB
KernelStack:       40624 kB
PageTables:        53560 kB
NFS_Unstable:          0 kB
Bounce:                0 kB
WritebackTmp:          0 kB
CommitLimit:     7105828 kB
Committed_AS:   58159184 kB
VmallocTotal:   263061440 kB
VmallocUsed:       65468 kB
VmallocChunk:          0 kB
Percpu:             2336 kB
CmaTotal:         294912 kB
CmaFree:               0 kB
MemTotal:       12114512 kB
MemFree:         2653284 kB
MemAvailable:    7860176 kB
Buffers:            6096 kB
Cached:          4149120 kB
SwapCached:            0 kB
Active:          2435024 kB
Inactive:        3635680 kB
Active(anon):    1919784 kB
Inactive(anon):    14092 kB
Active(file):     515240 kB
Inactive(file):  3621588 kB
Unevictable:        4164 kB
Mlocked:            4164 kB
SwapTotal:       1048572 kB
SwapFree:        1048572 kB
Dirty:               168 kB
Writeback:             0 kB
AnonPages:       1919876 kB
Mapped:           890644 kB
Shmem:             15088 kB
Slab:             195520 kB
SReclaimable:      56008 kB
SUnreclaim:       139512 kB
KernelStack:       40624 kB
PageTables:        53560 kB
NFS_Unstable:          0 kB
Bounce:                0 kB
WritebackTmp:          0 kB
CommitLimit:     7105828 kB
Committed_AS:   58158964 kB
VmallocTotal:   263061440 kB
VmallocUsed:       65468 kB
VmallocChunk:          0 kB
Percpu:             2336 kB
CmaTotal:         294912 kB
CmaFree:               0 kB
MemTotal:       12114512 kB
MemFree:         2653316 kB
MemAvailable:    7860208 kB
Buffers:            6096 kB
Cached:          4149120 kB
SwapCached:            0 kB
Active:          2435024 kB
Inactive:        3635680 kB
Active(anon):    1919784 kB
Inactive(anon):    14092 kB
Active(file):     515240 kB
Inactive(file):  3621588 kB
Unevictable:        4164 kB
Mlocked:            4164 kB
SwapTotal:       1048572 kB
SwapFree:        1048572 kB
Dirty:               168 kB
Writeback:             0 kB
AnonPages:       1919756 kB
Mapped:           890652 kB
Shmem:             15088 kB
Slab:             195520 kB
SReclaimable:      56008 kB
SUnreclaim:       139512 kB
KernelStack:       40624 kB
PageTables:        53560 kB
NFS_Unstable:          0 kB
Bounce:                0 kB
WritebackTmp:          0 kB
CommitLimit:     7105828 kB
Committed_AS:   58158320 kB
VmallocTotal:   263061440 kB
VmallocUsed:       65452 kB
VmallocChunk:          0 kB
Percpu:             2336 kB
CmaTotal:         294912 kB
CmaFree:               0 kB
MemTotal:       12114512 kB
MemFree:         2652292 kB
MemAvailable:    7859184 kB
Buffers:            6096 kB
Cached:          4149120 kB
SwapCached:            0 kB
Active:          2435292 kB
Inactive:        3635680 kB
Active(anon):    1920052 kB
Inactive(anon):    14092 kB
Active(file):     515240 kB
Inactive(file):  3621588 kB
Unevictable:        4164 kB
Mlocked:            4164 kB
SwapTotal:       1048572 kB
SwapFree:        1048572 kB
Dirty:               168 kB
Writeback:             0 kB
AnonPages:       1919856 kB
Mapped:           890656 kB
Shmem:             15088 kB
Slab:             195516 kB
SReclaimable:      56008 kB
SUnreclaim:       139508 kB
KernelStack:       40592 kB
PageTables:        53556 kB
NFS_Unstable:          0 kB
Bounce:                0 kB
WritebackTmp:          0 kB
CommitLimit:     7105828 kB
Committed_AS:   58158028 kB
VmallocTotal:   263061440 kB
VmallocUsed:       65436 kB
VmallocChunk:          0 kB
Percpu:             2336 kB
CmaTotal:         294912 kB
CmaFree:              88 kB
MemTotal:       12114512 kB
MemFree:         2653260 kB
MemAvailable:    7860152 kB
Buffers:            6096 kB
Cached:          4149120 kB
SwapCached:            0 kB
Active:          2435212 kB
Inactive:        3635680 kB
Active(anon):    1919972 kB
Inactive(anon):    14092 kB
Active(file):     515240 kB
Inactive(file):  3621588 kB
Unevictable:        4164 kB
Mlocked:            4164 kB
SwapTotal:       1048572 kB
SwapFree:        1048572 kB
Dirty:               168 kB
Writeback:             0 kB
AnonPages:       1919836 kB
Mapped:           890656 kB
Shmem:             15088 kB
Slab:             195520 kB
SReclaimable:      56008 kB
SUnreclaim:       139512 kB
KernelStack:       40576 kB
PageTables:        53556 kB
NFS_Unstable:          0 kB
Bounce:                0 kB
WritebackTmp:          0 kB
CommitLimit:     7105828 kB
Committed_AS:   58157764 kB
VmallocTotal:   263061440 kB
VmallocUsed:       65420 kB
VmallocChunk:          0 kB
Percpu:             2336 kB
CmaTotal:         294912 kB
CmaFree:             184 kB
MemTotal:       12114512 kB
MemFree:         2653180 kB
MemAvailable:    7860072 kB
Buffers:            6096 kB
Cached:          4149120 kB
SwapCached:            0 kB
Active:          2435292 kB
Inactive:        3635680 kB
Active(anon):    1920052 kB
Inactive(anon):    14092 kB
Active(file):     515240 kB
Inactive(file):  3621588 kB
Unevictable:        4164 kB
Mlocked:            4164 kB
SwapTotal:       1048572 kB
SwapFree:        1048572 kB
Dirty:               128 kB
Writeback:             0 kB
AnonPages:       1919960 kB
Mapped:           890656 kB
Shmem:             15088 kB
Slab:             195516 kB
SReclaimable:      56008 kB
SUnreclaim:       139508 kB
KernelStack:       40576 kB
PageTables:        53556 kB
NFS_Unstable:          0 kB
Bounce:                0 kB
WritebackTmp:          0 kB
CommitLimit:     7105828 kB
Committed_AS:   58158116 kB
VmallocTotal:   263061440 kB
VmallocUsed:       65420 kB
VmallocChunk:          0 kB
Percpu:             2336 kB
CmaTotal:         294912 kB
CmaFree:               0 kB
MemTotal:       12114512 kB
MemFree:         2652608 kB
MemAvailable:    7859500 kB
Buffers:            6096 kB
Cached:          4149120 kB
SwapCached:            0 kB
Active:          2435564 kB
Inactive:        3635680 kB
Active(anon):    1920324 kB
Inactive(anon):    14092 kB
Active(file):     515240 kB
Inactive(file):  3621588 kB
Unevictable:        4164 kB
Mlocked:            4164 kB
SwapTotal:       1048572 kB
SwapFree:        1048572 kB
Dirty:               128 kB
Writeback:             0 kB
AnonPages:       1920248 kB
Mapped:           890660 kB
Shmem:             15088 kB
Slab:             195520 kB
SReclaimable:      56008 kB
SUnreclaim:       139512 kB
KernelStack:       40560 kB
PageTables:        53556 kB
NFS_Unstable:          0 kB
Bounce:                0 kB
WritebackTmp:          0 kB
CommitLimit:     7105828 kB
Committed_AS:   58158980 kB
VmallocTotal:   263061440 kB
VmallocUsed:       65420 kB
VmallocChunk:          0 kB
Percpu:             2336 kB
CmaTotal:         294912 kB
CmaFree:               0 kB
MemTotal:       12114512 kB
MemFree:         2652608 kB
MemAvailable:    7859500 kB
Buffers:            6096 kB
Cached:          4149120 kB
SwapCached:            0 kB
Active:          2435412 kB
Inactive:        3635680 kB
Active(anon):    1920172 kB
Inactive(anon):    14092 kB
Active(file):     515240 kB
Inactive(file):  3621588 kB
Unevictable:        4164 kB
Mlocked:            4164 kB
SwapTotal:       1048572 kB
SwapFree:        1048572 kB
Dirty:               128 kB
Writeback:             0 kB
AnonPages:       1920024 kB
Mapped:           890660 kB
Shmem:             15088 kB
Slab:             195516 kB
SReclaimable:      56008 kB
SUnreclaim:       139508 kB
KernelStack:       40544 kB
PageTables:        53556 kB
NFS_Unstable:          0 kB
Bounce:                0 kB
WritebackTmp:          0 kB
CommitLimit:     7105828 kB
Committed_AS:   58158716 kB
VmallocTotal:   263061440 kB
VmallocUsed:       65420 kB
VmallocChunk:          0 kB
Percpu:             2336 kB
CmaTotal:         294912 kB
CmaFree:               0 kB
MemTotal:       12114512 kB
MemFree:         2652620 kB
MemAvailable:    7859512 kB
Buffers:            6096 kB
Cached:          4149120 kB
SwapCached:            0 kB
Active:          2436140 kB
Inactive:        3635680 kB
Active(anon):    1920900 kB
Inactive(anon):    14092 kB
Active(file):     515240 kB
Inactive(file):  3621588 kB
Unevictable:        4164 kB
Mlocked:            4164 kB
SwapTotal:       1048572 kB
SwapFree:        1048572 kB
Dirty:               148 kB
Writeback:             0 kB
AnonPages:       1920612 kB
Mapped:           890660 kB
Shmem:             15088 kB
Slab:             195520 kB
SReclaimable:      56008 kB
SUnreclaim:       139512 kB
KernelStack:       40544 kB
PageTables:        53556 kB
NFS_Unstable:          0 kB
Bounce:                0 kB
WritebackTmp:          0 kB
CommitLimit:     7105828 kB
Committed_AS:   58163988 kB
VmallocTotal:   263061440 kB
VmallocUsed:       65420 kB
VmallocChunk:          0 kB
Percpu:             2336 kB
CmaTotal:         294912 kB
CmaFree:               0 kB
MemTotal:       12114512 kB
MemFree:         2654340 kB
MemAvailable:    7861232 kB
Buffers:            6096 kB
Cached:          4149096 kB
SwapCached:            0 kB
Active:          2433636 kB
Inactive:        3635656 kB
Active(anon):    1918396 kB
Inactive(anon):    14068 kB
Active(file):     515240 kB
Inactive(file):  3621588 kB
Unevictable:        4164 kB
Mlocked:            4164 kB
SwapTotal:       1048572 kB
SwapFree:        1048572 kB
Dirty:               144 kB
Writeback:             0 kB
AnonPages:       1918212 kB
Mapped:           890584 kB
Shmem:             15064 kB
Slab:             195516 kB
SReclaimable:      56008 kB
SUnreclaim:       139508 kB
KernelStack:       40320 kB
PageTables:        52868 kB
NFS_Unstable:          0 kB
Bounce:                0 kB
WritebackTmp:          0 kB
CommitLimit:     7105828 kB
Committed_AS:   56794736 kB
VmallocTotal:   263061440 kB
VmallocUsed:       65208 kB
VmallocChunk:          0 kB
Percpu:             2336 kB
CmaTotal:         294912 kB
CmaFree:              36 kB
MemTotal:       12114512 kB
MemFree:         2655040 kB
MemAvailable:    7861932 kB
Buffers:            6096 kB
Cached:          4149096 kB
SwapCached:            0 kB
Active:          2433420 kB
Inactive:        3635656 kB
Active(anon):    1918180 kB
Inactive(anon):    14068 kB
Active(file):     515240 kB
Inactive(file):  3621588 kB
Unevictable:        4164 kB
Mlocked:            4164 kB
SwapTotal:       1048572 kB
SwapFree:        1048572 kB
Dirty:               136 kB
Writeback:             0 kB
AnonPages:       1917972 kB
Mapped:           890584 kB
Shmem:             15064 kB
Slab:             195516 kB
SReclaimable:      56008 kB
SUnreclaim:       139508 kB
KernelStack:       40320 kB
PageTables:        52868 kB
NFS_Unstable:          0 kB
Bounce:                0 kB
WritebackTmp:          0 kB
CommitLimit:     7105828 kB
Committed_AS:   56794916 kB
VmallocTotal:   263061440 kB
VmallocUsed:       65208 kB
VmallocChunk:          0 kB
Percpu:             2336 kB
CmaTotal:         294912 kB
CmaFree:               0 kB
MemTotal:       12114512 kB
MemFree:         2655568 kB
MemAvailable:    7862712 kB
Buffers:            6096 kB
Cached:          4149096 kB
SwapCached:            0 kB
Active:          2433296 kB
Inactive:        3635656 kB
Active(anon):    1918056 kB
Inactive(anon):    14068 kB
Active(file):     515240 kB
Inactive(file):  3621588 kB
Unevictable:        4164 kB
Mlocked:            4164 kB
SwapTotal:       1048572 kB
SwapFree:        1048572 kB
Dirty:               136 kB
Writeback:             0 kB
AnonPages:       1917844 kB
Mapped:           890584 kB
Shmem:             15064 kB
Slab:             195516 kB
SReclaimable:      56008 kB
SUnreclaim:       139508 kB
KernelStack:       40304 kB
PageTables:        52868 kB
NFS_Unstable:          0 kB
Bounce:                0 kB
WritebackTmp:          0 kB
CommitLimit:     7105828 kB
Committed_AS:   56795436 kB
VmallocTotal:   263061440 kB
VmallocUsed:       65192 kB
VmallocChunk:          0 kB
Percpu:             2336 kB
CmaTotal:         294912 kB
CmaFree:               0 kB
MemTotal:       12114512 kB
MemFree:         2655512 kB
MemAvailable:    7862404 kB
Buffers:            6096 kB
Cached:          4149096 kB
SwapCached:            0 kB
Active:          2433472 kB
Inactive:        3635656 kB
Active(anon):    1918232 kB
Inactive(anon):    14068 kB
Active(file):     515240 kB
Inactive(file):  3621588 kB
Unevictable:        4164 kB
Mlocked:            4164 kB
SwapTotal:       1048572 kB
SwapFree:        1048572 kB
Dirty:               136 kB
Writeback:             0 kB
AnonPages:       1917852 kB
Mapped:           890584 kB
Shmem:             15064 kB
Slab:             195516 kB
SReclaimable:      56008 kB
SUnreclaim:       139508 kB
KernelStack:       40304 kB
PageTables:        52868 kB
NFS_Unstable:          0 kB
Bounce:                0 kB
WritebackTmp:          0 kB
CommitLimit:     7105828 kB
Committed_AS:   56795172 kB
VmallocTotal:   263061440 kB
VmallocUsed:       65192 kB
VmallocChunk:          0 kB
Percpu:             2336 kB
CmaTotal:         294912 kB
CmaFree:              56 kB
MemTotal:       12114512 kB
MemFree:         2654628 kB
MemAvailable:    7861520 kB
Buffers:            6096 kB
Cached:          4149096 kB
SwapCached:            0 kB
Active:          2433408 kB
Inactive:        3635656 kB
Active(anon):    1918168 kB
Inactive(anon):    14068 kB
Active(file):     515240 kB
Inactive(file):  3621588 kB
Unevictable:        4164 kB
Mlocked:            4164 kB
SwapTotal:       1048572 kB
SwapFree:        1048572 kB
Dirty:               136 kB
Writeback:             0 kB
AnonPages:       1917904 kB
Mapped:           890584 kB
Shmem:             15064 kB
Slab:             195516 kB
SReclaimable:      56008 kB
SUnreclaim:       139508 kB
KernelStack:       40288 kB
PageTables:        52868 kB
NFS_Unstable:          0 kB
Bounce:                0 kB
WritebackTmp:          0 kB
CommitLimit:     7105828 kB
Committed_AS:   56795040 kB
VmallocTotal:   263061440 kB
VmallocUsed:       65176 kB
VmallocChunk:          0 kB
Percpu:             2336 kB
CmaTotal:         294912 kB
CmaFree:               0 kB
MemTotal:       12114512 kB
MemFree:         2655348 kB
MemAvailable:    7862240 kB
Buffers:            6096 kB
Cached:          4149096 kB
SwapCached:            0 kB
Active:          2433696 kB
Inactive:        3635656 kB
Active(anon):    1918456 kB
Inactive(anon):    14068 kB
Active(file):     515240 kB
Inactive(file):  3621588 kB
Unevictable:        4164 kB
Mlocked:            4164 kB
SwapTotal:       1048572 kB
SwapFree:        1048572 kB
Dirty:               136 kB
Writeback:             0 kB
AnonPages:       1918412 kB
Mapped:           890584 kB
Shmem:             15064 kB
Slab:             195516 kB
SReclaimable:      56008 kB
SUnreclaim:       139508 kB
KernelStack:       40288 kB
PageTables:        52868 kB
NFS_Unstable:          0 kB
Bounce:                0 kB
WritebackTmp:          0 kB
CommitLimit:     7105828 kB
Committed_AS:   56794776 kB
VmallocTotal:   263061440 kB
VmallocUsed:       65192 kB
VmallocChunk:          0 kB
Percpu:             2336 kB
CmaTotal:         294912 kB
CmaFree:               0 kB
MemTotal:       12114512 kB
MemFree:         2656660 kB
MemAvailable:    7863552 kB
Buffers:            6096 kB
Cached:          4149096 kB
SwapCached:            0 kB
Active:          2432784 kB
Inactive:        3635656 kB
Active(anon):    1917544 kB
Inactive(anon):    14068 kB
Active(file):     515240 kB
Inactive(file):  3621588 kB
Unevictable:        4164 kB
Mlocked:            4164 kB
SwapTotal:       1048572 kB
SwapFree:        1048572 kB
Dirty:               120 kB
Writeback:             0 kB
AnonPages:       1917200 kB
Mapped:           890584 kB
Shmem:             15064 kB
Slab:             195516 kB
SReclaimable:      56008 kB
SUnreclaim:       139508 kB
KernelStack:       40304 kB
PageTables:        52868 kB
NFS_Unstable:          0 kB
Bounce:                0 kB
WritebackTmp:          0 kB
CommitLimit:     7105828 kB
Committed_AS:   56794652 kB
VmallocTotal:   263061440 kB
VmallocUsed:       65192 kB
VmallocChunk:          0 kB
Percpu:             2336 kB
CmaTotal:         294912 kB
CmaFree:              88 kB
MemTotal:       12114512 kB
MemFree:         2656168 kB
MemAvailable:    7863060 kB
Buffers:            6096 kB
Cached:          4149096 kB
SwapCached:            0 kB
Active:          2432796 kB
Inactive:        3635656 kB
Active(anon):    1917556 kB
Inactive(anon):    14068 kB
Active(file):     515240 kB
Inactive(file):  3621588 kB
Unevictable:        4164 kB
Mlocked:            4164 kB
SwapTotal:       1048572 kB
SwapFree:        1048572 kB
Dirty:               120 kB
Writeback:             0 kB
AnonPages:       1917396 kB
Mapped:           890584 kB
Shmem:             15064 kB
Slab:             195516 kB
SReclaimable:      56008 kB
SUnreclaim:       139508 kB
KernelStack:       40288 kB
PageTables:        52868 kB
NFS_Unstable:          0 kB
Bounce:                0 kB
WritebackTmp:          0 kB
CommitLimit:     7105828 kB
Committed_AS:   56794476 kB
VmallocTotal:   263061440 kB
VmallocUsed:       65176 kB
VmallocChunk:          0 kB
Percpu:             2336 kB
CmaTotal:         294912 kB
CmaFree:               0 kB
MemTotal:       12114512 kB
MemFree:         2656676 kB
MemAvailable:    7863572 kB
Buffers:            6096 kB
Cached:          4149100 kB
SwapCached:            0 kB
Active:          2432580 kB
Inactive:        3635660 kB
Active(anon):    1917340 kB
Inactive(anon):    14068 kB
Active(file):     515240 kB
Inactive(file):  3621592 kB
Unevictable:        4164 kB
Mlocked:            4164 kB
SwapTotal:       1048572 kB
SwapFree:        1048572 kB
Dirty:               124 kB
Writeback:             0 kB
AnonPages:       1917172 kB
Mapped:           890588 kB
Shmem:             15064 kB
Slab:             195516 kB
SReclaimable:      56008 kB
SUnreclaim:       139508 kB
KernelStack:       40256 kB
PageTables:        52864 kB
NFS_Unstable:          0 kB
Bounce:                0 kB
WritebackTmp:          0 kB
CommitLimit:     7105828 kB
Committed_AS:   56794220 kB
VmallocTotal:   263061440 kB
VmallocUsed:       65112 kB
VmallocChunk:          0 kB
Percpu:             2336 kB
CmaTotal:         294912 kB
CmaFree:               0 kB
MemTotal:       12114512 kB
MemFree:         2676664 kB
MemAvailable:    7883560 kB
Buffers:            6096 kB
Cached:          4149100 kB
SwapCached:            0 kB
Active:          2412184 kB
Inactive:        3635660 kB
Active(anon):    1896944 kB
Inactive(anon):    14068 kB
Active(file):     515240 kB
Inactive(file):  3621592 kB
Unevictable:        4164 kB
Mlocked:            4164 kB
SwapTotal:       1048572 kB
SwapFree:        1048572 kB
Dirty:               124 kB
Writeback:             0 kB
AnonPages:       1896820 kB
Mapped:           890588 kB
Shmem:             15064 kB
Slab:             195516 kB
SReclaimable:      56008 kB
SUnreclaim:       139508 kB
KernelStack:       40160 kB
PageTables:        52860 kB
NFS_Unstable:          0 kB
Bounce:                0 kB
WritebackTmp:          0 kB
CommitLimit:     7105828 kB
Committed_AS:   56793956 kB
VmallocTotal:   263061440 kB
VmallocUsed:       64952 kB
VmallocChunk:          0 kB
Percpu:             2336 kB
CmaTotal:         294912 kB
CmaFree:             236 kB
MemTotal:       12114512 kB
MemFree:         2676272 kB
MemAvailable:    7883172 kB
Buffers:            6096 kB
Cached:          4149104 kB
SwapCached:            0 kB
Active:          2413368 kB
Inactive:        3635664 kB
Active(anon):    1898128 kB
Inactive(anon):    14068 kB
Active(file):     515240 kB
Inactive(file):  3621596 kB
Unevictable:        4164 kB
Mlocked:            4164 kB
SwapTotal:       1048572 kB
SwapFree:        1048572 kB
Dirty:               128 kB
Writeback:             0 kB
AnonPages:       1898356 kB
Mapped:           890880 kB
Shmem:             15064 kB
Slab:             195516 kB
SReclaimable:      56008 kB
SUnreclaim:       139508 kB
KernelStack:       40064 kB
PageTables:        52852 kB
NFS_Unstable:          0 kB
Bounce:                0 kB
WritebackTmp:          0 kB
CommitLimit:     7105828 kB
Committed_AS:   56795068 kB
VmallocTotal:   263061440 kB
VmallocUsed:       64936 kB
VmallocChunk:          0 kB
Percpu:             2336 kB
CmaTotal:         294912 kB
CmaFree:               8 kB
MemTotal:       12114512 kB
MemFree:         2675808 kB
MemAvailable:    7882708 kB
Buffers:            6096 kB
Cached:          4149104 kB
SwapCached:            0 kB
Active:          2412872 kB
Inactive:        3635664 kB
Active(anon):    1897632 kB
Inactive(anon):    14068 kB
Active(file):     515240 kB
Inactive(file):  3621596 kB
Unevictable:        4164 kB
Mlocked:            4164 kB
SwapTotal:       1048572 kB
SwapFree:        1048572 kB
Dirty:               128 kB
Writeback:             0 kB
AnonPages:       1897720 kB
Mapped:           890624 kB
Shmem:             15064 kB
Slab:             195516 kB
SReclaimable:      56008 kB
SUnreclaim:       139508 kB
KernelStack:       40048 kB
PageTables:        52852 kB
NFS_Unstable:          0 kB
Bounce:                0 kB
WritebackTmp:          0 kB
CommitLimit:     7105828 kB
Committed_AS:   56794920 kB
VmallocTotal:   263061440 kB
VmallocUsed:       64904 kB
VmallocChunk:          0 kB
Percpu:             2336 kB
CmaTotal:         294912 kB
CmaFree:             184 kB
MemTotal:       12114512 kB
MemFree:         2676556 kB
MemAvailable:    7883456 kB
Buffers:            6096 kB
Cached:          4149104 kB
SwapCached:            0 kB
Active:          2413332 kB
Inactive:        3635664 kB
Active(anon):    1898092 kB
Inactive(anon):    14068 kB
Active(file):     515240 kB
Inactive(file):  3621596 kB
Unevictable:        4164 kB
Mlocked:            4164 kB
SwapTotal:       1048572 kB
SwapFree:        1048572 kB
Dirty:               140 kB
Writeback:             0 kB
AnonPages:       1897976 kB
Mapped:           890624 kB
Shmem:             15064 kB
Slab:             195516 kB
SReclaimable:      56008 kB
SUnreclaim:       139508 kB
KernelStack:       40016 kB
PageTables:        52848 kB
NFS_Unstable:          0 kB
Bounce:                0 kB
WritebackTmp:          0 kB
CommitLimit:     7105828 kB
Committed_AS:   56794700 kB
VmallocTotal:   263061440 kB
VmallocUsed:       64904 kB
VmallocChunk:          0 kB
Percpu:             2336 kB
CmaTotal:         294912 kB
CmaFree:              28 kB
MemTotal:       12114512 kB
MemFree:         2676356 kB
MemAvailable:    7883256 kB
Buffers:            6096 kB
Cached:          4149104 kB
SwapCached:            0 kB
Active:          2413228 kB
Inactive:        3635664 kB
Active(anon):    1897988 kB
Inactive(anon):    14068 kB
Active(file):     515240 kB
Inactive(file):  3621596 kB
Unevictable:        4164 kB
Mlocked:            4164 kB
SwapTotal:       1048572 kB
SwapFree:        1048572 kB
Dirty:               168 kB
Writeback:             0 kB
AnonPages:       1897576 kB
Mapped:           890624 kB
Shmem:             15064 kB
Slab:             195516 kB
SReclaimable:      56008 kB
SUnreclaim:       139508 kB
KernelStack:       40016 kB
PageTables:        52848 kB
NFS_Unstable:          0 kB
Bounce:                0 kB
WritebackTmp:          0 kB
CommitLimit:     7105828 kB
Committed_AS:   56794524 kB
VmallocTotal:   263061440 kB
VmallocUsed:       64904 kB
VmallocChunk:          0 kB
Percpu:             2336 kB
CmaTotal:         294912 kB
CmaFree:             140 kB
MemTotal:       12114512 kB
MemFree:         2676396 kB
MemAvailable:    7883296 kB
Buffers:            6096 kB
Cached:          4149104 kB
SwapCached:            0 kB
Active:          2412912 kB
Inactive:        3635664 kB
Active(anon):    1897672 kB
Inactive(anon):    14068 kB
Active(file):     515240 kB
Inactive(file):  3621596 kB
Unevictable:        4164 kB
Mlocked:            4164 kB
SwapTotal:       1048572 kB
SwapFree:        1048572 kB
Dirty:               176 kB
Writeback:             0 kB
AnonPages:       1897360 kB
Mapped:           890624 kB
Shmem:             15064 kB
Slab:             195516 kB
SReclaimable:      56008 kB
SUnreclaim:       139508 kB
KernelStack:       39984 kB
PageTables:        52848 kB
NFS_Unstable:          0 kB
Bounce:                0 kB
WritebackTmp:          0 kB
CommitLimit:     7105828 kB
Committed_AS:   56793912 kB
VmallocTotal:   263061440 kB
VmallocUsed:       64840 kB
VmallocChunk:          0 kB
Percpu:             2336 kB
CmaTotal:         294912 kB
CmaFree:               0 kB
MemTotal:       12114512 kB
MemFree:         2675788 kB
MemAvailable:    7882688 kB
Buffers:            6096 kB
Cached:          4149104 kB
SwapCached:            0 kB
Active:          2412952 kB
Inactive:        3635664 kB
Active(anon):    1897712 kB
Inactive(anon):    14068 kB
Active(file):     515240 kB
Inactive(file):  3621596 kB
Unevictable:        4164 kB
Mlocked:            4164 kB
SwapTotal:       1048572 kB
SwapFree:        1048572 kB
Dirty:               176 kB
Writeback:             0 kB
AnonPages:       1897716 kB
Mapped:           890624 kB
Shmem:             15064 kB
Slab:             195516 kB
SReclaimable:      56008 kB
SUnreclaim:       139508 kB
KernelStack:       39984 kB
PageTables:        52848 kB
NFS_Unstable:          0 kB
Bounce:                0 kB
WritebackTmp:          0 kB
CommitLimit:     7105828 kB
Committed_AS:   56793780 kB
VmallocTotal:   263061440 kB
VmallocUsed:       64856 kB
VmallocChunk:          0 kB
Percpu:             2336 kB
CmaTotal:         294912 kB
CmaFree:               0 kB
MemTotal:       12114512 kB
MemFree:         2676372 kB
MemAvailable:    7883272 kB
Buffers:            6096 kB
Cached:          4149104 kB
SwapCached:            0 kB
Active:          2413160 kB
Inactive:        3635664 kB
Active(anon):    1897920 kB
Inactive(anon):    14068 kB
Active(file):     515240 kB
Inactive(file):  3621596 kB
Unevictable:        4164 kB
Mlocked:            4164 kB
SwapTotal:       1048572 kB
SwapFree:        1048572 kB
Dirty:               124 kB
Writeback:             0 kB
AnonPages:       1897900 kB
Mapped:           890624 kB
Shmem:             15064 kB
Slab:             195516 kB
SReclaimable:      56008 kB
SUnreclaim:       139508 kB
KernelStack:       39968 kB
PageTables:        52848 kB
NFS_Unstable:          0 kB
Bounce:                0 kB
WritebackTmp:          0 kB
CommitLimit:     7105828 kB
Committed_AS:   56793308 kB
VmallocTotal:   263061440 kB
VmallocUsed:       64840 kB
VmallocChunk:          0 kB
Percpu:             2336 kB
CmaTotal:         294912 kB
CmaFree:              16 kB
MemTotal:       12114512 kB
MemFree:         2676356 kB
MemAvailable:    7883256 kB
Buffers:            6096 kB
Cached:          4149104 kB
SwapCached:            0 kB
Active:          2413084 kB
Inactive:        3635664 kB
Active(anon):    1897844 kB
Inactive(anon):    14068 kB
Active(file):     515240 kB
Inactive(file):  3621596 kB
Unevictable:        4164 kB
Mlocked:            4164 kB
SwapTotal:       1048572 kB
SwapFree:        1048572 kB
Dirty:               124 kB
Writeback:             0 kB
AnonPages:       1897644 kB
Mapped:           890624 kB
Shmem:             15064 kB
Slab:             195516 kB
SReclaimable:      56008 kB
SUnreclaim:       139508 kB
KernelStack:       39968 kB
PageTables:        52848 kB
NFS_Unstable:          0 kB
Bounce:                0 kB
WritebackTmp:          0 kB
CommitLimit:     7105828 kB
Committed_AS:   56793052 kB
VmallocTotal:   263061440 kB
VmallocUsed:       64840 kB
VmallocChunk:          0 kB
Percpu:             2336 kB
CmaTotal:         294912 kB
CmaFree:              64 kB
MemTotal:       12114512 kB
MemFree:         2676796 kB
MemAvailable:    7883696 kB
Buffers:            6096 kB
Cached:          4149104 kB
SwapCached:            0 kB
Active:          2413280 kB
Inactive:        3635664 kB
Active(anon):    1898040 kB
Inactive(anon):    14068 kB
Active(file):     515240 kB
Inactive(file):  3621596 kB
Unevictable:        4164 kB
Mlocked:            4164 kB
SwapTotal:       1048572 kB
SwapFree:        1048572 kB
Dirty:               156 kB
Writeback:             0 kB
AnonPages:       1897980 kB
Mapped:           890624 kB
Shmem:             15064 kB
Slab:             195516 kB
SReclaimable:      56008 kB
SUnreclaim:       139508 kB
KernelStack:       39952 kB
PageTables:        52848 kB
NFS_Unstable:          0 kB
Bounce:                0 kB
WritebackTmp:          0 kB
CommitLimit:     7105828 kB
Committed_AS:   56792796 kB
VmallocTotal:   263061440 kB
VmallocUsed:       64824 kB
VmallocChunk:          0 kB
Percpu:             2336 kB
CmaTotal:         294912 kB
CmaFree:               0 kB
MemTotal:       12114512 kB
MemFree:         2676020 kB
MemAvailable:    7882920 kB
Buffers:            6096 kB
Cached:          4149104 kB
SwapCached:            0 kB
Active:          2413388 kB
Inactive:        3635664 kB
Active(anon):    1898148 kB
Inactive(anon):    14068 kB
Active(file):     515240 kB
Inactive(file):  3621596 kB
Unevictable:        4164 kB
Mlocked:            4164 kB
SwapTotal:       1048572 kB
SwapFree:        1048572 kB
