MemTotal:       12114512 kB
MemFree:         7538432 kB
MemAvailable:    9490824 kB
Buffers:            3896 kB
Cached:          1243404 kB
SwapCached:            0 kB
Active:          1147804 kB
Inactive:        1027668 kB
Active(anon):     932436 kB
Inactive(anon):    12704 kB
Active(file):     215368 kB
Inactive(file):  1014964 kB
Unevictable:        4124 kB
Mlocked:            4124 kB
SwapTotal:       1048572 kB
SwapFree:        1048572 kB
Dirty:                24 kB
Writeback:             0 kB
AnonPages:        932344 kB
Mapped:           775024 kB
Shmem:             13712 kB
Slab:             181276 kB
SReclaimable:      45544 kB
SUnreclaim:       135732 kB
KernelStack:       34916 kB
PageTables:        47612 kB
NFS_Unstable:          0 kB
Bounce:                0 kB
WritebackTmp:          0 kB
CommitLimit:     7105828 kB
Committed_AS:   57309496 kB
VmallocTotal:   263061440 kB
VmallocUsed:       59652 kB
VmallocChunk:          0 kB
Percpu:             2304 kB
CmaTotal:         294912 kB
CmaFree:               0 kB
MemTotal:       12114512 kB
MemFree:         7537432 kB
MemAvailable:    9489828 kB
Buffers:            3896 kB
Cached:          1243408 kB
SwapCached:            0 kB
Active:          1148336 kB
Inactive:        1027672 kB
Active(anon):     932968 kB
Inactive(anon):    12704 kB
Active(file):     215368 kB
Inactive(file):  1014968 kB
Unevictable:        4124 kB
Mlocked:            4124 kB
SwapTotal:       1048572 kB
SwapFree:        1048572 kB
Dirty:                32 kB
Writeback:             0 kB
AnonPages:        932576 kB
Mapped:           774868 kB
Shmem:             13712 kB
Slab:             181268 kB
SReclaimable:      45544 kB
SUnreclaim:       135724 kB
KernelStack:       34932 kB
PageTables:        47660 kB
NFS_Unstable:          0 kB
Bounce:                0 kB
WritebackTmp:          0 kB
CommitLimit:     7105828 kB
Committed_AS:   57308144 kB
VmallocTotal:   263061440 kB
VmallocUsed:       59748 kB
VmallocChunk:          0 kB
Percpu:             2304 kB
CmaTotal:         294912 kB
CmaFree:               0 kB
MemTotal:       12114512 kB
MemFree:         7535656 kB
MemAvailable:    9488052 kB
Buffers:            3896 kB
Cached:          1243408 kB
SwapCached:            0 kB
Active:          1148304 kB
Inactive:        1027672 kB
Active(anon):     932936 kB
Inactive(anon):    12704 kB
Active(file):     215368 kB
Inactive(file):  1014968 kB
Unevictable:        4124 kB
Mlocked:            4124 kB
SwapTotal:       1048572 kB
SwapFree:        1048572 kB
Dirty:                32 kB
Writeback:             0 kB
AnonPages:        932540 kB
Mapped:           775064 kB
Shmem:             13712 kB
Slab:             181268 kB
SReclaimable:      45544 kB
SUnreclaim:       135724 kB
KernelStack:       34904 kB
PageTables:        47940 kB
NFS_Unstable:          0 kB
Bounce:                0 kB
WritebackTmp:          0 kB
CommitLimit:     7105828 kB
Committed_AS:   57307624 kB
VmallocTotal:   263061440 kB
VmallocUsed:       59764 kB
VmallocChunk:          0 kB
Percpu:             2304 kB
CmaTotal:         294912 kB
CmaFree:              20 kB
MemTotal:       12114512 kB
MemFree:         7536136 kB
MemAvailable:    9488532 kB
Buffers:            3896 kB
Cached:          1243408 kB
SwapCached:            0 kB
Active:          1148280 kB
Inactive:        1027672 kB
Active(anon):     932912 kB
Inactive(anon):    12704 kB
Active(file):     215368 kB
Inactive(file):  1014968 kB
Unevictable:        4124 kB
Mlocked:            4124 kB
SwapTotal:       1048572 kB
SwapFree:        1048572 kB
Dirty:                32 kB
Writeback:             0 kB
AnonPages:        932764 kB
Mapped:           775096 kB
Shmem:             13712 kB
Slab:             181268 kB
SReclaimable:      45544 kB
SUnreclaim:       135724 kB
KernelStack:       34848 kB
PageTables:        47604 kB
NFS_Unstable:          0 kB
Bounce:                0 kB
WritebackTmp:          0 kB
CommitLimit:     7105828 kB
Committed_AS:   57307272 kB
VmallocTotal:   263061440 kB
VmallocUsed:       59764 kB
VmallocChunk:          0 kB
Percpu:             2304 kB
CmaTotal:         294912 kB
CmaFree:               8 kB
MemTotal:       12114512 kB
MemFree:         7536648 kB
MemAvailable:    9489044 kB
Buffers:            3896 kB
Cached:          1243408 kB
SwapCached:            0 kB
Active:          1147424 kB
Inactive:        1027672 kB
Active(anon):     932056 kB
Inactive(anon):    12704 kB
Active(file):     215368 kB
Inactive(file):  1014968 kB
Unevictable:        4124 kB
Mlocked:            4124 kB
SwapTotal:       1048572 kB
SwapFree:        1048572 kB
Dirty:                32 kB
Writeback:             0 kB
AnonPages:        931916 kB
Mapped:           775064 kB
Shmem:             13712 kB
Slab:             181268 kB
SReclaimable:      45544 kB
SUnreclaim:       135724 kB
KernelStack:       34932 kB
PageTables:        47552 kB
NFS_Unstable:          0 kB
Bounce:                0 kB
WritebackTmp:          0 kB
CommitLimit:     7105828 kB
Committed_AS:   57307008 kB
VmallocTotal:   263061440 kB
VmallocUsed:       59780 kB
VmallocChunk:          0 kB
Percpu:             2304 kB
CmaTotal:         294912 kB
CmaFree:              36 kB
MemTotal:       12114512 kB
MemFree:         7533572 kB
MemAvailable:    9399820 kB
Buffers:            3896 kB
Cached:          1243528 kB
SwapCached:            0 kB
Active:          1155068 kB
Inactive:        1027760 kB
Active(anon):     939700 kB
Inactive(anon):    12792 kB
Active(file):     215368 kB
Inactive(file):  1014968 kB
Unevictable:        4124 kB
Mlocked:            4124 kB
SwapTotal:       1048572 kB
SwapFree:        1048572 kB
Dirty:                60 kB
Writeback:             0 kB
AnonPages:        938892 kB
Mapped:           774908 kB
Shmem:             13832 kB
Slab:             181264 kB
SReclaimable:      45544 kB
SUnreclaim:       135720 kB
KernelStack:       35280 kB
PageTables:        47964 kB
NFS_Unstable:          0 kB
Bounce:                0 kB
WritebackTmp:          0 kB
CommitLimit:     7105828 kB
Committed_AS:   57301436 kB
VmallocTotal:   263061440 kB
VmallocUsed:       60024 kB
VmallocChunk:          0 kB
Percpu:             2304 kB
CmaTotal:         294912 kB
CmaFree:               0 kB
MemTotal:       12114512 kB
MemFree:         7412204 kB
MemAvailable:    9056396 kB
Buffers:            3896 kB
Cached:          1245288 kB
SwapCached:            0 kB
Active:          1257264 kB
Inactive:        1029504 kB
Active(anon):    1041848 kB
Inactive(anon):    12972 kB
Active(file):     215416 kB
Inactive(file):  1016532 kB
Unevictable:        4124 kB
Mlocked:            4124 kB
SwapTotal:       1048572 kB
SwapFree:        1048572 kB
Dirty:              1748 kB
Writeback:           120 kB
AnonPages:       1041696 kB
Mapped:           776972 kB
Shmem:             13980 kB
Slab:             181272 kB
SReclaimable:      45544 kB
SUnreclaim:       135728 kB
KernelStack:       36872 kB
PageTables:        48276 kB
NFS_Unstable:          0 kB
Bounce:                0 kB
WritebackTmp:          0 kB
CommitLimit:     7105828 kB
Committed_AS:   57321556 kB
VmallocTotal:   263061440 kB
VmallocUsed:       61824 kB
VmallocChunk:          0 kB
Percpu:             2304 kB
CmaTotal:         294912 kB
CmaFree:             340 kB
MemTotal:       12114512 kB
MemFree:         7471140 kB
MemAvailable:    9070908 kB
Buffers:            3896 kB
Cached:          1245412 kB
SwapCached:            0 kB
Active:          1200916 kB
Inactive:        1028604 kB
Active(anon):     984664 kB
Inactive(anon):    13184 kB
Active(file):     216252 kB
Inactive(file):  1015420 kB
Unevictable:        4124 kB
Mlocked:            4124 kB
SwapTotal:       1048572 kB
SwapFree:        1048572 kB
Dirty:              3368 kB
Writeback:             0 kB
AnonPages:        984552 kB
Mapped:           778844 kB
Shmem:             14128 kB
Slab:             181376 kB
SReclaimable:      45544 kB
SUnreclaim:       135832 kB
KernelStack:       36880 kB
PageTables:        48816 kB
NFS_Unstable:          0 kB
Bounce:                0 kB
WritebackTmp:          0 kB
CommitLimit:     7105828 kB
Committed_AS:   57344484 kB
VmallocTotal:   263061440 kB
VmallocUsed:       61856 kB
VmallocChunk:          0 kB
Percpu:             2304 kB
CmaTotal:         294912 kB
CmaFree:              92 kB
MemTotal:       12114512 kB
MemFree:         7490932 kB
MemAvailable:    9102264 kB
Buffers:            3896 kB
Cached:          1245468 kB
SwapCached:            0 kB
Active:          1176356 kB
Inactive:        1028192 kB
Active(anon):     959400 kB
Inactive(anon):    13216 kB
Active(file):     216956 kB
Inactive(file):  1014976 kB
Unevictable:        4124 kB
Mlocked:            4124 kB
SwapTotal:       1048572 kB
SwapFree:        1048572 kB
Dirty:              3452 kB
Writeback:             0 kB
AnonPages:        959388 kB
Mapped:           778876 kB
Shmem:             14176 kB
Slab:             181356 kB
SReclaimable:      45544 kB
SUnreclaim:       135812 kB
KernelStack:       36864 kB
PageTables:        48544 kB
NFS_Unstable:          0 kB
Bounce:                0 kB
WritebackTmp:          0 kB
CommitLimit:     7105828 kB
Committed_AS:   57335944 kB
VmallocTotal:   263061440 kB
VmallocUsed:       61840 kB
VmallocChunk:          0 kB
Percpu:             2304 kB
CmaTotal:         294912 kB
CmaFree:             152 kB
MemTotal:       12114512 kB
MemFree:         7490856 kB
MemAvailable:    9102188 kB
Buffers:            3896 kB
Cached:          1245500 kB
SwapCached:            0 kB
Active:          1178168 kB
Inactive:        1028224 kB
Active(anon):     961212 kB
Inactive(anon):    13248 kB
Active(file):     216956 kB
Inactive(file):  1014976 kB
Unevictable:        4124 kB
Mlocked:            4124 kB
SwapTotal:       1048572 kB
SwapFree:        1048572 kB
Dirty:              3472 kB
Writeback:             0 kB
AnonPages:        960964 kB
Mapped:           778916 kB
Shmem:             14208 kB
Slab:             181388 kB
SReclaimable:      45544 kB
SUnreclaim:       135844 kB
KernelStack:       37012 kB
PageTables:        48920 kB
NFS_Unstable:          0 kB
Bounce:                0 kB
WritebackTmp:          0 kB
CommitLimit:     7105828 kB
Committed_AS:   57339044 kB
VmallocTotal:   263061440 kB
VmallocUsed:       61984 kB
VmallocChunk:          0 kB
Percpu:             2304 kB
CmaTotal:         294912 kB
CmaFree:              80 kB
MemTotal:       12114512 kB
MemFree:         7490544 kB
MemAvailable:    9101880 kB
Buffers:            3896 kB
Cached:          1245528 kB
SwapCached:            0 kB
Active:          1177972 kB
Inactive:        1028252 kB
Active(anon):     961016 kB
Inactive(anon):    13272 kB
Active(file):     216956 kB
Inactive(file):  1014980 kB
Unevictable:        4124 kB
Mlocked:            4124 kB
SwapTotal:       1048572 kB
SwapFree:        1048572 kB
Dirty:              3476 kB
Writeback:             0 kB
AnonPages:        960816 kB
Mapped:           778876 kB
Shmem:             14232 kB
Slab:             181388 kB
SReclaimable:      45544 kB
SUnreclaim:       135844 kB
KernelStack:       37092 kB
PageTables:        48616 kB
NFS_Unstable:          0 kB
Bounce:                0 kB
WritebackTmp:          0 kB
CommitLimit:     7105828 kB
Committed_AS:   57338824 kB
VmallocTotal:   263061440 kB
VmallocUsed:       62016 kB
VmallocChunk:          0 kB
Percpu:             2304 kB
CmaTotal:         294912 kB
CmaFree:             128 kB
MemTotal:       12114512 kB
MemFree:         7472432 kB
MemAvailable:    9082616 kB
Buffers:            3896 kB
Cached:          1245556 kB
SwapCached:            0 kB
Active:          1196272 kB
Inactive:        1028280 kB
Active(anon):     979316 kB
Inactive(anon):    13300 kB
Active(file):     216956 kB
Inactive(file):  1014980 kB
Unevictable:        4124 kB
Mlocked:            4124 kB
SwapTotal:       1048572 kB
SwapFree:        1048572 kB
Dirty:              3496 kB
Writeback:             0 kB
AnonPages:        979156 kB
Mapped:           779512 kB
Shmem:             14260 kB
Slab:             181388 kB
SReclaimable:      45544 kB
SUnreclaim:       135844 kB
KernelStack:       37056 kB
PageTables:        48636 kB
NFS_Unstable:          0 kB
Bounce:                0 kB
WritebackTmp:          0 kB
CommitLimit:     7105828 kB
Committed_AS:   57350200 kB
VmallocTotal:   263061440 kB
VmallocUsed:       62016 kB
VmallocChunk:          0 kB
Percpu:             2304 kB
CmaTotal:         294912 kB
CmaFree:              40 kB
MemTotal:       12114512 kB
MemFree:         7495464 kB
MemAvailable:    9157800 kB
Buffers:            3896 kB
Cached:          1245592 kB
SwapCached:            0 kB
Active:          1173160 kB
Inactive:        1028316 kB
Active(anon):     956204 kB
Inactive(anon):    13328 kB
Active(file):     216956 kB
Inactive(file):  1014988 kB
Unevictable:        4124 kB
Mlocked:            4124 kB
SwapTotal:       1048572 kB
SwapFree:        1048572 kB
Dirty:               108 kB
Writeback:             0 kB
AnonPages:        956108 kB
Mapped:           779220 kB
Shmem:             14288 kB
Slab:             181260 kB
SReclaimable:      45544 kB
SUnreclaim:       135716 kB
KernelStack:       36980 kB
PageTables:        48396 kB
NFS_Unstable:          0 kB
Bounce:                0 kB
WritebackTmp:          0 kB
CommitLimit:     7105828 kB
Committed_AS:   57351548 kB
VmallocTotal:   263061440 kB
VmallocUsed:       61792 kB
VmallocChunk:          0 kB
Percpu:             2304 kB
CmaTotal:         294912 kB
CmaFree:             132 kB
MemTotal:       12114512 kB
MemFree:         7496320 kB
MemAvailable:    9158656 kB
Buffers:            3896 kB
Cached:          1245612 kB
SwapCached:            0 kB
Active:          1172584 kB
Inactive:        1028336 kB
Active(anon):     955628 kB
Inactive(anon):    13348 kB
Active(file):     216956 kB
Inactive(file):  1014988 kB
Unevictable:        4124 kB
Mlocked:            4124 kB
SwapTotal:       1048572 kB
SwapFree:        1048572 kB
Dirty:               124 kB
Writeback:             0 kB
AnonPages:        955728 kB
Mapped:           779248 kB
Shmem:             14308 kB
Slab:             181260 kB
SReclaimable:      45544 kB
SUnreclaim:       135716 kB
KernelStack:       36912 kB
PageTables:        48424 kB
NFS_Unstable:          0 kB
Bounce:                0 kB
WritebackTmp:          0 kB
CommitLimit:     7105828 kB
Committed_AS:   57350656 kB
VmallocTotal:   263061440 kB
VmallocUsed:       61792 kB
VmallocChunk:          0 kB
Percpu:             2304 kB
CmaTotal:         294912 kB
CmaFree:               0 kB
MemTotal:       12114512 kB
MemFree:         7479004 kB
MemAvailable:    9141340 kB
Buffers:            3896 kB
Cached:          1245636 kB
SwapCached:            0 kB
Active:          1189236 kB
Inactive:        1028360 kB
Active(anon):     972280 kB
Inactive(anon):    13372 kB
Active(file):     216956 kB
Inactive(file):  1014988 kB
Unevictable:        4124 kB
Mlocked:            4124 kB
SwapTotal:       1048572 kB
SwapFree:        1048572 kB
Dirty:               124 kB
Writeback:             0 kB
AnonPages:        972296 kB
Mapped:           779428 kB
Shmem:             14332 kB
Slab:             181260 kB
SReclaimable:      45544 kB
SUnreclaim:       135716 kB
KernelStack:       36916 kB
PageTables:        48376 kB
NFS_Unstable:          0 kB
Bounce:                0 kB
WritebackTmp:          0 kB
CommitLimit:     7105828 kB
Committed_AS:   57358100 kB
VmallocTotal:   263061440 kB
VmallocUsed:       61792 kB
VmallocChunk:          0 kB
Percpu:             2304 kB
CmaTotal:         294912 kB
CmaFree:             308 kB
MemTotal:       12114512 kB
MemFree:         7479060 kB
MemAvailable:    9141388 kB
Buffers:            3896 kB
Cached:          1245676 kB
SwapCached:            0 kB
Active:          1189600 kB
Inactive:        1028396 kB
Active(anon):     972640 kB
Inactive(anon):    13388 kB
Active(file):     216960 kB
Inactive(file):  1015008 kB
Unevictable:        4124 kB
Mlocked:            4124 kB
SwapTotal:       1048572 kB
SwapFree:        1048572 kB
Dirty:               136 kB
Writeback:            20 kB
AnonPages:        972324 kB
Mapped:           779480 kB
Shmem:             14348 kB
Slab:             181260 kB
SReclaimable:      45544 kB
SUnreclaim:       135716 kB
KernelStack:       36900 kB
PageTables:        48392 kB
NFS_Unstable:          0 kB
Bounce:                0 kB
WritebackTmp:          0 kB
CommitLimit:     7105828 kB
Committed_AS:   57357836 kB
VmallocTotal:   263061440 kB
VmallocUsed:       61776 kB
VmallocChunk:          0 kB
Percpu:             2304 kB
CmaTotal:         294912 kB
CmaFree:               0 kB
MemTotal:       12114512 kB
MemFree:         7481292 kB
MemAvailable:    9143628 kB
Buffers:            3904 kB
Cached:          1245672 kB
SwapCached:            0 kB
Active:          1186816 kB
Inactive:        1028404 kB
Active(anon):     969860 kB
Inactive(anon):    13408 kB
Active(file):     216956 kB
Inactive(file):  1014996 kB
Unevictable:        4124 kB
Mlocked:            4124 kB
SwapTotal:       1048572 kB
SwapFree:        1048572 kB
Dirty:               164 kB
Writeback:             0 kB
AnonPages:        970016 kB
Mapped:           779476 kB
Shmem:             14368 kB
Slab:             181252 kB
SReclaimable:      45544 kB
SUnreclaim:       135708 kB
KernelStack:       36932 kB
PageTables:        48344 kB
NFS_Unstable:          0 kB
Bounce:                0 kB
WritebackTmp:          0 kB
CommitLimit:     7105828 kB
Committed_AS:   57353404 kB
VmallocTotal:   263061440 kB
VmallocUsed:       61776 kB
VmallocChunk:          0 kB
Percpu:             2304 kB
CmaTotal:         294912 kB
CmaFree:              44 kB
MemTotal:       12114512 kB
MemFree:         7475012 kB
MemAvailable:    9137364 kB
Buffers:            3904 kB
Cached:          1245720 kB
SwapCached:            0 kB
Active:          1193768 kB
Inactive:        1028444 kB
Active(anon):     976804 kB
Inactive(anon):    13440 kB
Active(file):     216964 kB
Inactive(file):  1015004 kB
Unevictable:        4124 kB
Mlocked:            4124 kB
SwapTotal:       1048572 kB
SwapFree:        1048572 kB
Dirty:               140 kB
Writeback:            60 kB
AnonPages:        976828 kB
Mapped:           779412 kB
Shmem:             14400 kB
Slab:             181260 kB
SReclaimable:      45544 kB
SUnreclaim:       135716 kB
KernelStack:       36980 kB
PageTables:        48384 kB
NFS_Unstable:          0 kB
Bounce:                0 kB
WritebackTmp:          0 kB
CommitLimit:     7105828 kB
Committed_AS:   57357320 kB
VmallocTotal:   263061440 kB
VmallocUsed:       61760 kB
VmallocChunk:          0 kB
Percpu:             2304 kB
CmaTotal:         294912 kB
CmaFree:              20 kB
MemTotal:       12114512 kB
MemFree:         7478212 kB
MemAvailable:    9145576 kB
Buffers:            3904 kB
Cached:          1245736 kB
SwapCached:            0 kB
Active:          1191284 kB
Inactive:        1028460 kB
Active(anon):     974320 kB
Inactive(anon):    13456 kB
Active(file):     216964 kB
Inactive(file):  1015004 kB
Unevictable:        4124 kB
Mlocked:            4124 kB
SwapTotal:       1048572 kB
SwapFree:        1048572 kB
Dirty:               144 kB
Writeback:             0 kB
AnonPages:        974512 kB
Mapped:           779564 kB
Shmem:             14416 kB
Slab:             181264 kB
SReclaimable:      45544 kB
SUnreclaim:       135720 kB
KernelStack:       37096 kB
PageTables:        48400 kB
NFS_Unstable:          0 kB
Bounce:                0 kB
WritebackTmp:          0 kB
CommitLimit:     7105828 kB
Committed_AS:   57352756 kB
VmallocTotal:   263061440 kB
VmallocUsed:       61916 kB
VmallocChunk:          0 kB
Percpu:             2304 kB
CmaTotal:         294912 kB
CmaFree:               0 kB
MemTotal:       12114512 kB
MemFree:         7480548 kB
MemAvailable:    9147896 kB
Buffers:            3904 kB
Cached:          1245760 kB
SwapCached:            0 kB
Active:          1186864 kB
Inactive:        1028484 kB
Active(anon):     969900 kB
Inactive(anon):    13480 kB
Active(file):     216964 kB
Inactive(file):  1015004 kB
Unevictable:        4124 kB
Mlocked:            4124 kB
SwapTotal:       1048572 kB
SwapFree:        1048572 kB
Dirty:               168 kB
Writeback:             0 kB
AnonPages:        970164 kB
Mapped:           779552 kB
Shmem:             14440 kB
Slab:             181248 kB
SReclaimable:      45544 kB
SUnreclaim:       135704 kB
KernelStack:       37076 kB
PageTables:        48328 kB
NFS_Unstable:          0 kB
Bounce:                0 kB
WritebackTmp:          0 kB
CommitLimit:     7105828 kB
Committed_AS:   57349720 kB
VmallocTotal:   263061440 kB
VmallocUsed:       61948 kB
VmallocChunk:          0 kB
Percpu:             2304 kB
CmaTotal:         294912 kB
CmaFree:              96 kB
MemTotal:       12114512 kB
MemFree:         7473616 kB
MemAvailable:    9140960 kB
Buffers:            3904 kB
Cached:          1245892 kB
SwapCached:            0 kB
Active:          1196004 kB
Inactive:        1028616 kB
Active(anon):     979040 kB
Inactive(anon):    13612 kB
Active(file):     216964 kB
Inactive(file):  1015004 kB
Unevictable:        4124 kB
Mlocked:            4124 kB
SwapTotal:       1048572 kB
SwapFree:        1048572 kB
Dirty:               180 kB
Writeback:             0 kB
AnonPages:        979080 kB
Mapped:           780988 kB
Shmem:             14572 kB
Slab:             181264 kB
SReclaimable:      45544 kB
SUnreclaim:       135720 kB
KernelStack:       37172 kB
PageTables:        48516 kB
NFS_Unstable:          0 kB
Bounce:                0 kB
WritebackTmp:          0 kB
CommitLimit:     7105828 kB
Committed_AS:   57368720 kB
VmallocTotal:   263061440 kB
VmallocUsed:       62044 kB
VmallocChunk:          0 kB
Percpu:             2304 kB
CmaTotal:         294912 kB
CmaFree:              24 kB
MemTotal:       12114512 kB
MemFree:         7481112 kB
MemAvailable:    9146960 kB
Buffers:            3904 kB
Cached:          1245948 kB
SwapCached:            0 kB
Active:          1186776 kB
Inactive:        1028648 kB
Active(anon):     969812 kB
Inactive(anon):    13644 kB
Active(file):     216964 kB
Inactive(file):  1015004 kB
Unevictable:        4124 kB
Mlocked:            4124 kB
SwapTotal:       1048572 kB
SwapFree:        1048572 kB
Dirty:               188 kB
Writeback:             0 kB
AnonPages:        969628 kB
Mapped:           780620 kB
Shmem:             14628 kB
Slab:             181252 kB
SReclaimable:      45544 kB
SUnreclaim:       135708 kB
KernelStack:       37280 kB
PageTables:        48464 kB
NFS_Unstable:          0 kB
Bounce:                0 kB
WritebackTmp:          0 kB
CommitLimit:     7105828 kB
Committed_AS:   57375864 kB
VmallocTotal:   263061440 kB
VmallocUsed:       62140 kB
VmallocChunk:          0 kB
Percpu:             2304 kB
CmaTotal:         294912 kB
CmaFree:             340 kB
MemTotal:       12114512 kB
MemFree:         7480996 kB
MemAvailable:    9146824 kB
Buffers:            3904 kB
Cached:          1245988 kB
SwapCached:            0 kB
Active:          1186484 kB
Inactive:        1028684 kB
Active(anon):     969520 kB
Inactive(anon):    13680 kB
Active(file):     216964 kB
Inactive(file):  1015004 kB
Unevictable:        4124 kB
Mlocked:            4124 kB
SwapTotal:       1048572 kB
SwapFree:        1048572 kB
Dirty:               188 kB
Writeback:             0 kB
AnonPages:        969304 kB
Mapped:           780664 kB
Shmem:             14668 kB
Slab:             181252 kB
SReclaimable:      45544 kB
SUnreclaim:       135708 kB
KernelStack:       37300 kB
PageTables:        48476 kB
NFS_Unstable:          0 kB
Bounce:                0 kB
WritebackTmp:          0 kB
CommitLimit:     7105828 kB
Committed_AS:   57371620 kB
VmallocTotal:   263061440 kB
VmallocUsed:       62188 kB
VmallocChunk:          0 kB
Percpu:             2304 kB
CmaTotal:         294912 kB
CmaFree:             160 kB
MemTotal:       12114512 kB
MemFree:         7478576 kB
MemAvailable:    9144404 kB
Buffers:            3904 kB
Cached:          1246012 kB
SwapCached:            0 kB
Active:          1189432 kB
Inactive:        1028704 kB
Active(anon):     972468 kB
Inactive(anon):    13700 kB
Active(file):     216964 kB
Inactive(file):  1015004 kB
Unevictable:        4124 kB
Mlocked:            4124 kB
SwapTotal:       1048572 kB
SwapFree:        1048572 kB
Dirty:               136 kB
Writeback:             0 kB
AnonPages:        972556 kB
Mapped:           780620 kB
Shmem:             14692 kB
Slab:             181260 kB
SReclaimable:      45544 kB
SUnreclaim:       135716 kB
KernelStack:       37280 kB
PageTables:        48512 kB
NFS_Unstable:          0 kB
Bounce:                0 kB
WritebackTmp:          0 kB
CommitLimit:     7105828 kB
Committed_AS:   57379272 kB
VmallocTotal:   263061440 kB
VmallocUsed:       62188 kB
VmallocChunk:          0 kB
Percpu:             2304 kB
CmaTotal:         294912 kB
CmaFree:              24 kB
MemTotal:       12114512 kB
MemFree:         7474176 kB
MemAvailable:    9119976 kB
Buffers:            3904 kB
Cached:          1246248 kB
SwapCached:            0 kB
Active:          1194688 kB
Inactive:        1028904 kB
Active(anon):     977724 kB
Inactive(anon):    13900 kB
Active(file):     216964 kB
Inactive(file):  1015004 kB
Unevictable:        4124 kB
Mlocked:            4124 kB
SwapTotal:       1048572 kB
SwapFree:        1048572 kB
Dirty:               148 kB
Writeback:             0 kB
AnonPages:        977772 kB
Mapped:           780180 kB
Shmem:             14928 kB
Slab:             181256 kB
SReclaimable:      45544 kB
SUnreclaim:       135712 kB
KernelStack:       37376 kB
PageTables:        48640 kB
NFS_Unstable:          0 kB
Bounce:                0 kB
WritebackTmp:          0 kB
CommitLimit:     7105828 kB
Committed_AS:   57373412 kB
VmallocTotal:   263061440 kB
VmallocUsed:       62236 kB
VmallocChunk:          0 kB
Percpu:             2304 kB
CmaTotal:         294912 kB
CmaFree:               0 kB
MemTotal:       12114512 kB
MemFree:         7472204 kB
MemAvailable:    9117980 kB
Buffers:            3904 kB
Cached:          1246324 kB
SwapCached:            0 kB
Active:          1195268 kB
Inactive:        1028968 kB
Active(anon):     978304 kB
Inactive(anon):    13964 kB
Active(file):     216964 kB
Inactive(file):  1015004 kB
Unevictable:        4124 kB
Mlocked:            4124 kB
SwapTotal:       1048572 kB
SwapFree:        1048572 kB
Dirty:               184 kB
Writeback:             0 kB
AnonPages:        978268 kB
Mapped:           780868 kB
Shmem:             15004 kB
Slab:             181248 kB
SReclaimable:      45544 kB
SUnreclaim:       135704 kB
KernelStack:       37408 kB
PageTables:        48540 kB
NFS_Unstable:          0 kB
Bounce:                0 kB
WritebackTmp:          0 kB
CommitLimit:     7105828 kB
Committed_AS:   57373328 kB
VmallocTotal:   263061440 kB
VmallocUsed:       62252 kB
VmallocChunk:          0 kB
Percpu:             2304 kB
CmaTotal:         294912 kB
CmaFree:               0 kB
MemTotal:       12114512 kB
MemFree:         7469628 kB
MemAvailable:    9117688 kB
Buffers:            3904 kB
Cached:          1246296 kB
SwapCached:            0 kB
Active:          1198684 kB
Inactive:        1028892 kB
Active(anon):     981720 kB
Inactive(anon):    13888 kB
Active(file):     216964 kB
Inactive(file):  1015004 kB
Unevictable:        4124 kB
Mlocked:            4124 kB
SwapTotal:       1048572 kB
SwapFree:        1048572 kB
Dirty:               184 kB
Writeback:             0 kB
AnonPages:        981636 kB
Mapped:           780968 kB
Shmem:             14976 kB
Slab:             181248 kB
SReclaimable:      45544 kB
SUnreclaim:       135704 kB
KernelStack:       37392 kB
PageTables:        48548 kB
NFS_Unstable:          0 kB
Bounce:                0 kB
WritebackTmp:          0 kB
CommitLimit:     7105828 kB
Committed_AS:   57375008 kB
VmallocTotal:   263061440 kB
VmallocUsed:       62236 kB
VmallocChunk:          0 kB
Percpu:             2304 kB
CmaTotal:         294912 kB
CmaFree:               0 kB
MemTotal:       12114512 kB
MemFree:         7471276 kB
MemAvailable:    9119568 kB
Buffers:            3904 kB
Cached:          1246244 kB
SwapCached:            0 kB
Active:          1196664 kB
Inactive:        1028896 kB
Active(anon):     979700 kB
Inactive(anon):    13892 kB
Active(file):     216964 kB
Inactive(file):  1015004 kB
Unevictable:        4124 kB
Mlocked:            4124 kB
SwapTotal:       1048572 kB
SwapFree:        1048572 kB
Dirty:               188 kB
Writeback:             0 kB
AnonPages:        979200 kB
Mapped:           781124 kB
Shmem:             14924 kB
Slab:             181288 kB
SReclaimable:      45544 kB
SUnreclaim:       135744 kB
KernelStack:       37392 kB
PageTables:        48652 kB
NFS_Unstable:          0 kB
Bounce:                0 kB
WritebackTmp:          0 kB
CommitLimit:     7105828 kB
Committed_AS:   57377820 kB
VmallocTotal:   263061440 kB
VmallocUsed:       62236 kB
VmallocChunk:          0 kB
Percpu:             2304 kB
CmaTotal:         294912 kB
CmaFree:               0 kB
MemTotal:       12114512 kB
MemFree:         7470032 kB
MemAvailable:    9117300 kB
Buffers:            3904 kB
Cached:          1246268 kB
SwapCached:            0 kB
Active:          1198552 kB
Inactive:        1028924 kB
Active(anon):     981584 kB
Inactive(anon):    13924 kB
Active(file):     216968 kB
Inactive(file):  1015000 kB
Unevictable:        4124 kB
Mlocked:            4124 kB
SwapTotal:       1048572 kB
SwapFree:        1048572 kB
Dirty:               200 kB
Writeback:             0 kB
AnonPages:        981592 kB
Mapped:           781892 kB
Shmem:             14948 kB
Slab:             181288 kB
SReclaimable:      45544 kB
SUnreclaim:       135744 kB
KernelStack:       37376 kB
PageTables:        48544 kB
NFS_Unstable:          0 kB
Bounce:                0 kB
WritebackTmp:          0 kB
CommitLimit:     7105828 kB
Committed_AS:   57375516 kB
VmallocTotal:   263061440 kB
VmallocUsed:       62204 kB
VmallocChunk:          0 kB
Percpu:             2304 kB
CmaTotal:         294912 kB
CmaFree:              28 kB
MemTotal:       12114512 kB
MemFree:         7469508 kB
MemAvailable:    9093784 kB
Buffers:            3904 kB
Cached:          1246232 kB
SwapCached:            0 kB
Active:          1196148 kB
Inactive:        1028852 kB
Active(anon):     979180 kB
Inactive(anon):    13852 kB
Active(file):     216968 kB
Inactive(file):  1015000 kB
Unevictable:        4124 kB
Mlocked:            4124 kB
SwapTotal:       1048572 kB
SwapFree:        1048572 kB
Dirty:               204 kB
Writeback:             0 kB
AnonPages:        978912 kB
Mapped:           781352 kB
Shmem:             14912 kB
Slab:             181288 kB
SReclaimable:      45544 kB
SUnreclaim:       135744 kB
KernelStack:       37392 kB
PageTables:        48592 kB
NFS_Unstable:          0 kB
Bounce:                0 kB
WritebackTmp:          0 kB
CommitLimit:     7105828 kB
Committed_AS:   57374872 kB
VmallocTotal:   263061440 kB
VmallocUsed:       62236 kB
VmallocChunk:          0 kB
Percpu:             2304 kB
CmaTotal:         294912 kB
CmaFree:               0 kB
MemTotal:       12114512 kB
MemFree:         7469620 kB
MemAvailable:    9104320 kB
Buffers:            3904 kB
Cached:          1246344 kB
SwapCached:            0 kB
Active:          1197256 kB
Inactive:        1028988 kB
Active(anon):     980292 kB
Inactive(anon):    13992 kB
Active(file):     216964 kB
Inactive(file):  1014996 kB
Unevictable:        4124 kB
Mlocked:            4124 kB
SwapTotal:       1048572 kB
SwapFree:        1048572 kB
Dirty:               204 kB
Writeback:             4 kB
AnonPages:        980336 kB
Mapped:           781320 kB
Shmem:             15032 kB
Slab:             181256 kB
SReclaimable:      45544 kB
SUnreclaim:       135712 kB
KernelStack:       37328 kB
PageTables:        48972 kB
NFS_Unstable:          0 kB
Bounce:                0 kB
WritebackTmp:          0 kB
CommitLimit:     7105828 kB
Committed_AS:   59261716 kB
VmallocTotal:   263061440 kB
VmallocUsed:       62128 kB
VmallocChunk:          0 kB
Percpu:             2304 kB
CmaTotal:         294912 kB
CmaFree:               0 kB
MemTotal:       12114512 kB
MemFree:         7472380 kB
MemAvailable:    9137048 kB
Buffers:            3904 kB
Cached:          1246464 kB
SwapCached:            0 kB
Active:          1197068 kB
Inactive:        1028808 kB
Active(anon):     980076 kB
Inactive(anon):    13984 kB
Active(file):     216992 kB
Inactive(file):  1014824 kB
Unevictable:        4124 kB
Mlocked:            4124 kB
SwapTotal:       1048572 kB
SwapFree:        1048572 kB
Dirty:               172 kB
Writeback:           104 kB
AnonPages:        980484 kB
Mapped:           782148 kB
Shmem:             15036 kB
Slab:             181272 kB
SReclaimable:      45544 kB
SUnreclaim:       135728 kB
KernelStack:       37160 kB
PageTables:        48592 kB
NFS_Unstable:          0 kB
Bounce:                0 kB
WritebackTmp:          0 kB
CommitLimit:     7105828 kB
Committed_AS:   57358604 kB
VmallocTotal:   263061440 kB
VmallocUsed:       61996 kB
VmallocChunk:          0 kB
Percpu:             2304 kB
CmaTotal:         294912 kB
CmaFree:               0 kB
MemTotal:       12114512 kB
MemFree:         7461928 kB
MemAvailable:    9119300 kB
Buffers:            3904 kB
Cached:          1246308 kB
SwapCached:            0 kB
Active:          1205304 kB
Inactive:        1028624 kB
Active(anon):     988088 kB
Inactive(anon):    13792 kB
Active(file):     217216 kB
Inactive(file):  1014832 kB
Unevictable:        4124 kB
Mlocked:            4124 kB
SwapTotal:       1048572 kB
SwapFree:        1048572 kB
Dirty:               176 kB
Writeback:             8 kB
AnonPages:        988076 kB
Mapped:           782264 kB
Shmem:             14908 kB
Slab:             181252 kB
SReclaimable:      45564 kB
SUnreclaim:       135688 kB
KernelStack:       37504 kB
PageTables:        48604 kB
NFS_Unstable:          0 kB
Bounce:                0 kB
WritebackTmp:          0 kB
CommitLimit:     7105828 kB
Committed_AS:   57377692 kB
VmallocTotal:   263061440 kB
VmallocUsed:       62316 kB
VmallocChunk:          0 kB
Percpu:             2304 kB
CmaTotal:         294912 kB
CmaFree:             104 kB
MemTotal:       12114512 kB
MemFree:         7455052 kB
MemAvailable:    9108804 kB
Buffers:            3904 kB
Cached:          1246616 kB
SwapCached:            0 kB
Active:          1211464 kB
Inactive:        1028824 kB
Active(anon):     994244 kB
Inactive(anon):    13964 kB
Active(file):     217220 kB
Inactive(file):  1014860 kB
Unevictable:        4124 kB
Mlocked:            4124 kB
SwapTotal:       1048572 kB
SwapFree:        1048572 kB
Dirty:               208 kB
Writeback:            88 kB
AnonPages:        994428 kB
Mapped:           783828 kB
Shmem:             15184 kB
Slab:             181256 kB
SReclaimable:      45568 kB
SUnreclaim:       135688 kB
KernelStack:       37552 kB
PageTables:        48640 kB
NFS_Unstable:          0 kB
Bounce:                0 kB
WritebackTmp:          0 kB
CommitLimit:     7105828 kB
Committed_AS:   57407696 kB
VmallocTotal:   263061440 kB
VmallocUsed:       62348 kB
VmallocChunk:          0 kB
Percpu:             2304 kB
CmaTotal:         294912 kB
CmaFree:              24 kB
MemTotal:       12114512 kB
MemFree:         7453888 kB
MemAvailable:    9108408 kB
Buffers:            3904 kB
Cached:          1246552 kB
SwapCached:            0 kB
Active:          1211652 kB
Inactive:        1028808 kB
Active(anon):     994432 kB
Inactive(anon):    13948 kB
Active(file):     217220 kB
Inactive(file):  1014860 kB
Unevictable:        4124 kB
Mlocked:            4124 kB
SwapTotal:       1048572 kB
SwapFree:        1048572 kB
Dirty:               232 kB
Writeback:             0 kB
AnonPages:        994112 kB
Mapped:           783328 kB
Shmem:             15120 kB
Slab:             181256 kB
SReclaimable:      45568 kB
SUnreclaim:       135688 kB
KernelStack:       37536 kB
PageTables:        48604 kB
NFS_Unstable:          0 kB
Bounce:                0 kB
WritebackTmp:          0 kB
CommitLimit:     7105828 kB
Committed_AS:   57406092 kB
VmallocTotal:   263061440 kB
VmallocUsed:       62380 kB
VmallocChunk:          0 kB
Percpu:             2304 kB
CmaTotal:         294912 kB
CmaFree:               0 kB
MemTotal:       12114512 kB
MemFree:         7452760 kB
MemAvailable:    9087512 kB
Buffers:            3904 kB
Cached:          1246788 kB
SwapCached:            0 kB
Active:          1213220 kB
Inactive:        1029020 kB
Active(anon):     996004 kB
Inactive(anon):    14164 kB
Active(file):     217216 kB
Inactive(file):  1014856 kB
Unevictable:        4124 kB
Mlocked:            4124 kB
SwapTotal:       1048572 kB
SwapFree:        1048572 kB
Dirty:               308 kB
Writeback:             0 kB
AnonPages:        995284 kB
Mapped:           782660 kB
Shmem:             15364 kB
Slab:             181256 kB
SReclaimable:      45568 kB
SUnreclaim:       135688 kB
KernelStack:       37552 kB
PageTables:        48612 kB
NFS_Unstable:          0 kB
Bounce:                0 kB
WritebackTmp:          0 kB
CommitLimit:     7105828 kB
Committed_AS:   57405736 kB
VmallocTotal:   263061440 kB
VmallocUsed:       62348 kB
VmallocChunk:          0 kB
Percpu:             2304 kB
CmaTotal:         294912 kB
CmaFree:               0 kB
MemTotal:       12114512 kB
MemFree:         7450632 kB
MemAvailable:    9067052 kB
Buffers:            3904 kB
Cached:          1246776 kB
SwapCached:            0 kB
Active:          1215824 kB
Inactive:        1029112 kB
Active(anon):     998592 kB
Inactive(anon):    14272 kB
Active(file):     217232 kB
Inactive(file):  1014840 kB
Unevictable:        4124 kB
Mlocked:            4124 kB
SwapTotal:       1048572 kB
SwapFree:        1048572 kB
Dirty:               372 kB
Writeback:             0 kB
AnonPages:        998420 kB
Mapped:           782920 kB
Shmem:             15352 kB
Slab:             181256 kB
SReclaimable:      45568 kB
SUnreclaim:       135688 kB
KernelStack:       37536 kB
PageTables:        48904 kB
NFS_Unstable:          0 kB
Bounce:                0 kB
WritebackTmp:          0 kB
CommitLimit:     7105828 kB
Committed_AS:   57408232 kB
VmallocTotal:   263061440 kB
VmallocUsed:       62364 kB
VmallocChunk:          0 kB
Percpu:             2304 kB
CmaTotal:         294912 kB
CmaFree:               0 kB
MemTotal:       12114512 kB
MemFree:         7443564 kB
MemAvailable:    9094024 kB
Buffers:            3904 kB
Cached:          1246900 kB
SwapCached:            0 kB
Active:          1222352 kB
Inactive:        1029212 kB
Active(anon):    1005120 kB
Inactive(anon):    14372 kB
Active(file):     217232 kB
Inactive(file):  1014840 kB
Unevictable:        4124 kB
Mlocked:            4124 kB
SwapTotal:       1048572 kB
SwapFree:        1048572 kB
Dirty:               148 kB
Writeback:             0 kB
AnonPages:       1005072 kB
Mapped:           787224 kB
Shmem:             15476 kB
Slab:             181332 kB
SReclaimable:      45568 kB
SUnreclaim:       135764 kB
KernelStack:       37848 kB
PageTables:        49148 kB
NFS_Unstable:          0 kB
Bounce:                0 kB
WritebackTmp:          0 kB
CommitLimit:     7105828 kB
Committed_AS:   58780668 kB
VmallocTotal:   263061440 kB
VmallocUsed:       62688 kB
VmallocChunk:          0 kB
Percpu:             2304 kB
CmaTotal:         294912 kB
CmaFree:              44 kB
MemTotal:       12114512 kB
MemFree:         7421772 kB
MemAvailable:    8975352 kB
Buffers:            3904 kB
Cached:          1247008 kB
SwapCached:            0 kB
Active:          1242780 kB
Inactive:        1029164 kB
Active(anon):    1025256 kB
Inactive(anon):    14616 kB
Active(file):     217524 kB
Inactive(file):  1014548 kB
Unevictable:        4124 kB
Mlocked:            4124 kB
SwapTotal:       1048572 kB
SwapFree:        1048572 kB
Dirty:               248 kB
Writeback:             0 kB
AnonPages:       1025176 kB
Mapped:           788536 kB
Shmem:             15584 kB
Slab:             181544 kB
SReclaimable:      45568 kB
SUnreclaim:       135976 kB
KernelStack:       38660 kB
PageTables:        49944 kB
NFS_Unstable:          0 kB
Bounce:                0 kB
WritebackTmp:          0 kB
CommitLimit:     7105828 kB
Committed_AS:   59013180 kB
VmallocTotal:   263061440 kB
VmallocUsed:       63488 kB
VmallocChunk:          0 kB
Percpu:             2304 kB
CmaTotal:         294912 kB
CmaFree:               4 kB
MemTotal:       12114512 kB
MemFree:         7414824 kB
MemAvailable:    8925252 kB
Buffers:            3904 kB
Cached:          1245264 kB
SwapCached:            0 kB
Active:          1247768 kB
Inactive:        1028836 kB
Active(anon):    1031804 kB
Inactive(anon):    14292 kB
Active(file):     215964 kB
Inactive(file):  1014544 kB
Unevictable:        4124 kB
Mlocked:            4124 kB
SwapTotal:       1048572 kB
SwapFree:        1048572 kB
Dirty:               324 kB
Writeback:             0 kB
AnonPages:       1031380 kB
Mapped:           789424 kB
Shmem:             15404 kB
Slab:             181672 kB
SReclaimable:      45620 kB
SUnreclaim:       136052 kB
KernelStack:       38776 kB
PageTables:        49664 kB
NFS_Unstable:          0 kB
Bounce:                0 kB
WritebackTmp:          0 kB
CommitLimit:     7105828 kB
Committed_AS:   58998548 kB
VmallocTotal:   263061440 kB
VmallocUsed:       63776 kB
VmallocChunk:          0 kB
Percpu:             2304 kB
CmaTotal:         294912 kB
CmaFree:             316 kB
MemTotal:       12114512 kB
MemFree:         7419620 kB
MemAvailable:    8939200 kB
Buffers:            3904 kB
Cached:          1245212 kB
SwapCached:            0 kB
Active:          1241680 kB
Inactive:        1028796 kB
Active(anon):    1025740 kB
Inactive(anon):    14256 kB
Active(file):     215940 kB
Inactive(file):  1014540 kB
Unevictable:        4124 kB
Mlocked:            4124 kB
SwapTotal:       1048572 kB
SwapFree:        1048572 kB
Dirty:               352 kB
Writeback:             0 kB
AnonPages:       1025908 kB
Mapped:           789340 kB
Shmem:             15380 kB
Slab:             181780 kB
SReclaimable:      45620 kB
SUnreclaim:       136160 kB
KernelStack:       38848 kB
PageTables:        50120 kB
NFS_Unstable:          0 kB
Bounce:                0 kB
WritebackTmp:          0 kB
CommitLimit:     7105828 kB
Committed_AS:   59003496 kB
VmallocTotal:   263061440 kB
VmallocUsed:       63776 kB
VmallocChunk:          0 kB
Percpu:             2304 kB
CmaTotal:         294912 kB
CmaFree:             248 kB
MemTotal:       12114512 kB
MemFree:         7419612 kB
MemAvailable:    8983788 kB
Buffers:            3904 kB
Cached:          1245100 kB
SwapCached:            0 kB
Active:          1242968 kB
Inactive:        1028684 kB
Active(anon):    1027028 kB
Inactive(anon):    14140 kB
Active(file):     215940 kB
Inactive(file):  1014544 kB
Unevictable:        4124 kB
Mlocked:            4124 kB
SwapTotal:       1048572 kB
SwapFree:        1048572 kB
Dirty:               364 kB
Writeback:             0 kB
AnonPages:       1026684 kB
Mapped:           789300 kB
Shmem:             15264 kB
Slab:             181736 kB
SReclaimable:      45620 kB
SUnreclaim:       136116 kB
KernelStack:       38720 kB
PageTables:        49708 kB
NFS_Unstable:          0 kB
Bounce:                0 kB
WritebackTmp:          0 kB
CommitLimit:     7105828 kB
Committed_AS:   59003584 kB
VmallocTotal:   263061440 kB
VmallocUsed:       63760 kB
VmallocChunk:          0 kB
Percpu:             2304 kB
CmaTotal:         294912 kB
CmaFree:               0 kB
MemTotal:       12114512 kB
MemFree:         7418804 kB
MemAvailable:    8982984 kB
Buffers:            3904 kB
Cached:          1245204 kB
SwapCached:            0 kB
Active:          1242816 kB
Inactive:        1028788 kB
Active(anon):    1026876 kB
Inactive(anon):    14240 kB
Active(file):     215940 kB
Inactive(file):  1014548 kB
Unevictable:        4124 kB
Mlocked:            4124 kB
SwapTotal:       1048572 kB
SwapFree:        1048572 kB
Dirty:               196 kB
Writeback:             4 kB
AnonPages:       1026684 kB
Mapped:           789336 kB
Shmem:             15364 kB
Slab:             181772 kB
SReclaimable:      45620 kB
SUnreclaim:       136152 kB
KernelStack:       38672 kB
PageTables:        49772 kB
NFS_Unstable:          0 kB
Bounce:                0 kB
WritebackTmp:          0 kB
CommitLimit:     7105828 kB
Committed_AS:   59008944 kB
VmallocTotal:   263061440 kB
VmallocUsed:       63680 kB
VmallocChunk:          0 kB
Percpu:             2304 kB
CmaTotal:         294912 kB
CmaFree:               0 kB
MemTotal:       12114512 kB
MemFree:         7419280 kB
MemAvailable:    8990636 kB
Buffers:            3904 kB
Cached:          1245044 kB
SwapCached:            0 kB
Active:          1241596 kB
Inactive:        1028788 kB
Active(anon):    1025656 kB
Inactive(anon):    14240 kB
Active(file):     215940 kB
Inactive(file):  1014548 kB
Unevictable:        4124 kB
Mlocked:            4124 kB
SwapTotal:       1048572 kB
SwapFree:        1048572 kB
Dirty:               340 kB
Writeback:             0 kB
AnonPages:       1025488 kB
Mapped:           789144 kB
Shmem:             15204 kB
Slab:             181760 kB
SReclaimable:      45620 kB
SUnreclaim:       136140 kB
KernelStack:       38456 kB
PageTables:        49784 kB
NFS_Unstable:          0 kB
Bounce:                0 kB
WritebackTmp:          0 kB
CommitLimit:     7105828 kB
Committed_AS:   59008696 kB
VmallocTotal:   263061440 kB
VmallocUsed:       63456 kB
VmallocChunk:          0 kB
Percpu:             2304 kB
CmaTotal:         294912 kB
CmaFree:               0 kB
MemTotal:       12114512 kB
MemFree:         7418196 kB
MemAvailable:    8989520 kB
Buffers:            3904 kB
Cached:          1245044 kB
SwapCached:            0 kB
Active:          1246640 kB
Inactive:        1028788 kB
Active(anon):    1030700 kB
Inactive(anon):    14240 kB
Active(file):     215940 kB
Inactive(file):  1014548 kB
Unevictable:        4124 kB
Mlocked:            4124 kB
SwapTotal:       1048572 kB
SwapFree:        1048572 kB
Dirty:               364 kB
Writeback:             0 kB
AnonPages:       1030584 kB
Mapped:           789420 kB
Shmem:             15204 kB
Slab:             181760 kB
SReclaimable:      45620 kB
SUnreclaim:       136140 kB
KernelStack:       38372 kB
PageTables:        49908 kB
NFS_Unstable:          0 kB
Bounce:                0 kB
WritebackTmp:          0 kB
CommitLimit:     7105828 kB
Committed_AS:   59007740 kB
VmallocTotal:   263061440 kB
VmallocUsed:       63456 kB
VmallocChunk:          0 kB
Percpu:             2304 kB
CmaTotal:         294912 kB
CmaFree:               4 kB
MemTotal:       12114512 kB
MemFree:         7425540 kB
MemAvailable:    8996896 kB
Buffers:            3904 kB
Cached:          1245044 kB
SwapCached:            0 kB
Active:          1237572 kB
Inactive:        1028788 kB
Active(anon):    1021632 kB
Inactive(anon):    14240 kB
Active(file):     215940 kB
Inactive(file):  1014548 kB
Unevictable:        4124 kB
Mlocked:            4124 kB
SwapTotal:       1048572 kB
SwapFree:        1048572 kB
Dirty:               364 kB
Writeback:             0 kB
AnonPages:       1021380 kB
Mapped:           789184 kB
Shmem:             15204 kB
Slab:             181760 kB
SReclaimable:      45620 kB
SUnreclaim:       136140 kB
KernelStack:       38388 kB
PageTables:        49672 kB
NFS_Unstable:          0 kB
Bounce:                0 kB
WritebackTmp:          0 kB
CommitLimit:     7105828 kB
Committed_AS:   59004600 kB
VmallocTotal:   263061440 kB
VmallocUsed:       63456 kB
VmallocChunk:          0 kB
Percpu:             2304 kB
CmaTotal:         294912 kB
CmaFree:              16 kB
MemTotal:       12114512 kB
MemFree:         7424860 kB
MemAvailable:    8996216 kB
Buffers:            3904 kB
Cached:          1245044 kB
SwapCached:            0 kB
Active:          1238348 kB
Inactive:        1028788 kB
Active(anon):    1022408 kB
Inactive(anon):    14240 kB
Active(file):     215940 kB
Inactive(file):  1014548 kB
Unevictable:        4124 kB
Mlocked:            4124 kB
SwapTotal:       1048572 kB
SwapFree:        1048572 kB
Dirty:               364 kB
Writeback:             0 kB
AnonPages:       1022088 kB
Mapped:           789244 kB
Shmem:             15204 kB
Slab:             181760 kB
SReclaimable:      45620 kB
SUnreclaim:       136140 kB
KernelStack:       38340 kB
PageTables:        49888 kB
NFS_Unstable:          0 kB
Bounce:                0 kB
WritebackTmp:          0 kB
CommitLimit:     7105828 kB
Committed_AS:   58999520 kB
VmallocTotal:   263061440 kB
VmallocUsed:       63456 kB
VmallocChunk:          0 kB
Percpu:             2304 kB
CmaTotal:         294912 kB
CmaFree:             104 kB
MemTotal:       12114512 kB
MemFree:         7419756 kB
MemAvailable:    8991112 kB
Buffers:            3904 kB
Cached:          1245296 kB
SwapCached:            0 kB
Active:          1244688 kB
Inactive:        1029040 kB
Active(anon):    1028748 kB
Inactive(anon):    14492 kB
Active(file):     215940 kB
Inactive(file):  1014548 kB
Unevictable:        4124 kB
Mlocked:            4124 kB
SwapTotal:       1048572 kB
SwapFree:        1048572 kB
Dirty:               364 kB
Writeback:             0 kB
AnonPages:       1028776 kB
Mapped:           789664 kB
Shmem:             15456 kB
Slab:             181760 kB
SReclaimable:      45620 kB
SUnreclaim:       136140 kB
KernelStack:       38404 kB
PageTables:        49640 kB
NFS_Unstable:          0 kB
Bounce:                0 kB
WritebackTmp:          0 kB
CommitLimit:     7105828 kB
Committed_AS:   59007180 kB
VmallocTotal:   263061440 kB
VmallocUsed:       63424 kB
VmallocChunk:          0 kB
Percpu:             2304 kB
CmaTotal:         294912 kB
CmaFree:              72 kB
MemTotal:       12114512 kB
MemFree:         7423720 kB
MemAvailable:    8995076 kB
Buffers:            3904 kB
Cached:          1245044 kB
SwapCached:            0 kB
Active:          1239000 kB
Inactive:        1028788 kB
Active(anon):    1023060 kB
Inactive(anon):    14240 kB
Active(file):     215940 kB
Inactive(file):  1014548 kB
Unevictable:        4124 kB
Mlocked:            4124 kB
SwapTotal:       1048572 kB
SwapFree:        1048572 kB
Dirty:               108 kB
Writeback:             0 kB
AnonPages:       1023056 kB
Mapped:           789324 kB
Shmem:             15204 kB
Slab:             181796 kB
SReclaimable:      45624 kB
SUnreclaim:       136172 kB
KernelStack:       38320 kB
PageTables:        49660 kB
NFS_Unstable:          0 kB
Bounce:                0 kB
WritebackTmp:          0 kB
CommitLimit:     7105828 kB
Committed_AS:   59007204 kB
VmallocTotal:   263061440 kB
VmallocUsed:       63440 kB
VmallocChunk:          0 kB
Percpu:             2304 kB
CmaTotal:         294912 kB
CmaFree:               0 kB
MemTotal:       12114512 kB
MemFree:         7424728 kB
MemAvailable:    8996084 kB
Buffers:            3904 kB
Cached:          1245044 kB
SwapCached:            0 kB
Active:          1238608 kB
Inactive:        1028788 kB
Active(anon):    1022668 kB
Inactive(anon):    14240 kB
Active(file):     215940 kB
Inactive(file):  1014548 kB
Unevictable:        4124 kB
Mlocked:            4124 kB
SwapTotal:       1048572 kB
SwapFree:        1048572 kB
Dirty:               124 kB
Writeback:             0 kB
AnonPages:       1022660 kB
Mapped:           789372 kB
Shmem:             15204 kB
Slab:             181796 kB
SReclaimable:      45624 kB
SUnreclaim:       136172 kB
KernelStack:       38356 kB
PageTables:        49576 kB
NFS_Unstable:          0 kB
Bounce:                0 kB
WritebackTmp:          0 kB
CommitLimit:     7105828 kB
Committed_AS:   59002708 kB
VmallocTotal:   263061440 kB
VmallocUsed:       63424 kB
VmallocChunk:          0 kB
Percpu:             2304 kB
CmaTotal:         294912 kB
CmaFree:               0 kB
MemTotal:       12114512 kB
MemFree:         7418936 kB
MemAvailable:    8990292 kB
Buffers:            3904 kB
Cached:          1245104 kB
SwapCached:            0 kB
Active:          1245168 kB
Inactive:        1029036 kB
Active(anon):    1029228 kB
Inactive(anon):    14488 kB
Active(file):     215940 kB
Inactive(file):  1014548 kB
Unevictable:        4124 kB
Mlocked:            4124 kB
SwapTotal:       1048572 kB
SwapFree:        1048572 kB
Dirty:               124 kB
Writeback:             0 kB
AnonPages:       1029236 kB
Mapped:           789476 kB
Shmem:             15264 kB
Slab:             181796 kB
SReclaimable:      45624 kB
SUnreclaim:       136172 kB
KernelStack:       38384 kB
PageTables:        49736 kB
NFS_Unstable:          0 kB
Bounce:                0 kB
WritebackTmp:          0 kB
CommitLimit:     7105828 kB
Committed_AS:   59002364 kB
VmallocTotal:   263061440 kB
VmallocUsed:       63424 kB
VmallocChunk:          0 kB
Percpu:             2304 kB
CmaTotal:         294912 kB
CmaFree:               4 kB
MemTotal:       12114512 kB
MemFree:         7423808 kB
MemAvailable:    8995164 kB
Buffers:            3904 kB
Cached:          1245044 kB
SwapCached:            0 kB
Active:          1240632 kB
Inactive:        1028788 kB
Active(anon):    1024692 kB
Inactive(anon):    14240 kB
Active(file):     215940 kB
Inactive(file):  1014548 kB
Unevictable:        4124 kB
Mlocked:            4124 kB
SwapTotal:       1048572 kB
SwapFree:        1048572 kB
Dirty:               124 kB
Writeback:             0 kB
AnonPages:       1024288 kB
Mapped:           789416 kB
Shmem:             15204 kB
Slab:             181788 kB
SReclaimable:      45624 kB
SUnreclaim:       136164 kB
KernelStack:       38304 kB
PageTables:        49628 kB
NFS_Unstable:          0 kB
Bounce:                0 kB
WritebackTmp:          0 kB
CommitLimit:     7105828 kB
Committed_AS:   59002956 kB
VmallocTotal:   263061440 kB
VmallocUsed:       63408 kB
VmallocChunk:          0 kB
Percpu:             2304 kB
CmaTotal:         294912 kB
CmaFree:              56 kB
MemTotal:       12114512 kB
MemFree:         7423164 kB
MemAvailable:    8994520 kB
Buffers:            3904 kB
Cached:          1245044 kB
SwapCached:            0 kB
Active:          1240480 kB
Inactive:        1028788 kB
Active(anon):    1024540 kB
Inactive(anon):    14240 kB
Active(file):     215940 kB
Inactive(file):  1014548 kB
Unevictable:        4124 kB
Mlocked:            4124 kB
SwapTotal:       1048572 kB
SwapFree:        1048572 kB
Dirty:               124 kB
Writeback:             0 kB
AnonPages:       1024504 kB
Mapped:           789188 kB
Shmem:             15204 kB
Slab:             181796 kB
SReclaimable:      45624 kB
SUnreclaim:       136172 kB
KernelStack:       38388 kB
PageTables:        49684 kB
NFS_Unstable:          0 kB
Bounce:                0 kB
WritebackTmp:          0 kB
CommitLimit:     7105828 kB
Committed_AS:   59002560 kB
VmallocTotal:   263061440 kB
VmallocUsed:       63424 kB
VmallocChunk:          0 kB
Percpu:             2304 kB
CmaTotal:         294912 kB
CmaFree:               0 kB
MemTotal:       12114512 kB
MemFree:         7418368 kB
MemAvailable:    8989724 kB
Buffers:            3904 kB
Cached:          1245044 kB
SwapCached:            0 kB
Active:          1245776 kB
Inactive:        1028788 kB
Active(anon):    1029836 kB
Inactive(anon):    14240 kB
Active(file):     215940 kB
Inactive(file):  1014548 kB
Unevictable:        4124 kB
Mlocked:            4124 kB
SwapTotal:       1048572 kB
SwapFree:        1048572 kB
Dirty:               108 kB
Writeback:             0 kB
AnonPages:       1029580 kB
Mapped:           789196 kB
Shmem:             15204 kB
Slab:             181796 kB
SReclaimable:      45624 kB
SUnreclaim:       136172 kB
KernelStack:       38384 kB
PageTables:        49748 kB
NFS_Unstable:          0 kB
Bounce:                0 kB
WritebackTmp:          0 kB
CommitLimit:     7105828 kB
Committed_AS:   59002208 kB
VmallocTotal:   263061440 kB
VmallocUsed:       63440 kB
VmallocChunk:          0 kB
Percpu:             2304 kB
CmaTotal:         294912 kB
CmaFree:               0 kB
MemTotal:       12114512 kB
MemFree:         7423404 kB
MemAvailable:    8994768 kB
Buffers:            3904 kB
Cached:          1245052 kB
SwapCached:            0 kB
Active:          1241236 kB
Inactive:        1028792 kB
Active(anon):    1025292 kB
Inactive(anon):    14240 kB
Active(file):     215944 kB
Inactive(file):  1014552 kB
Unevictable:        4124 kB
Mlocked:            4124 kB
SwapTotal:       1048572 kB
SwapFree:        1048572 kB
Dirty:               116 kB
Writeback:             4 kB
AnonPages:       1025164 kB
Mapped:           789172 kB
Shmem:             15204 kB
Slab:             181796 kB
SReclaimable:      45624 kB
SUnreclaim:       136172 kB
KernelStack:       38372 kB
PageTables:        49692 kB
NFS_Unstable:          0 kB
Bounce:                0 kB
WritebackTmp:          0 kB
CommitLimit:     7105828 kB
Committed_AS:   59001848 kB
VmallocTotal:   263061440 kB
VmallocUsed:       63424 kB
VmallocChunk:          0 kB
Percpu:             2304 kB
CmaTotal:         294912 kB
CmaFree:               0 kB
MemTotal:       12114512 kB
MemFree:         7421732 kB
MemAvailable:    8993088 kB
Buffers:            3904 kB
Cached:          1245044 kB
SwapCached:            0 kB
Active:          1241484 kB
Inactive:        1028788 kB
Active(anon):    1025544 kB
Inactive(anon):    14240 kB
Active(file):     215940 kB
Inactive(file):  1014548 kB
Unevictable:        4124 kB
Mlocked:            4124 kB
SwapTotal:       1048572 kB
SwapFree:        1048572 kB
Dirty:               132 kB
Writeback:             0 kB
AnonPages:       1025364 kB
Mapped:           789408 kB
Shmem:             15204 kB
Slab:             181796 kB
SReclaimable:      45624 kB
SUnreclaim:       136172 kB
KernelStack:       38340 kB
PageTables:        49632 kB
NFS_Unstable:          0 kB
Bounce:                0 kB
WritebackTmp:          0 kB
CommitLimit:     7105828 kB
Committed_AS:   59004788 kB
VmallocTotal:   263061440 kB
VmallocUsed:       63440 kB
VmallocChunk:          0 kB
Percpu:             2304 kB
CmaTotal:         294912 kB
CmaFree:               0 kB
MemTotal:       12114512 kB
MemFree:         7421024 kB
MemAvailable:    8992380 kB
Buffers:            3904 kB
Cached:          1245044 kB
SwapCached:            0 kB
Active:          1241340 kB
Inactive:        1028788 kB
Active(anon):    1025400 kB
Inactive(anon):    14240 kB
Active(file):     215940 kB
Inactive(file):  1014548 kB
Unevictable:        4124 kB
Mlocked:            4124 kB
SwapTotal:       1048572 kB
SwapFree:        1048572 kB
Dirty:               136 kB
Writeback:             0 kB
AnonPages:       1025440 kB
Mapped:           789188 kB
Shmem:             15204 kB
Slab:             181796 kB
SReclaimable:      45624 kB
SUnreclaim:       136172 kB
KernelStack:       38336 kB
PageTables:        49688 kB
NFS_Unstable:          0 kB
Bounce:                0 kB
WritebackTmp:          0 kB
CommitLimit:     7105828 kB
Committed_AS:   59004400 kB
VmallocTotal:   263061440 kB
VmallocUsed:       63424 kB
VmallocChunk:          0 kB
Percpu:             2304 kB
CmaTotal:         294912 kB
CmaFree:               0 kB
MemTotal:       12114512 kB
MemFree:         7421304 kB
MemAvailable:    8992660 kB
Buffers:            3904 kB
Cached:          1245044 kB
SwapCached:            0 kB
Active:          1241836 kB
Inactive:        1028788 kB
Active(anon):    1025896 kB
Inactive(anon):    14240 kB
Active(file):     215940 kB
Inactive(file):  1014548 kB
Unevictable:        4124 kB
Mlocked:            4124 kB
SwapTotal:       1048572 kB
SwapFree:        1048572 kB
Dirty:               136 kB
Writeback:             0 kB
AnonPages:       1025836 kB
Mapped:           789172 kB
Shmem:             15204 kB
Slab:             181796 kB
SReclaimable:      45624 kB
SUnreclaim:       136172 kB
KernelStack:       38336 kB
PageTables:        49688 kB
NFS_Unstable:          0 kB
Bounce:                0 kB
WritebackTmp:          0 kB
CommitLimit:     7105828 kB
Committed_AS:   59004004 kB
VmallocTotal:   263061440 kB
VmallocUsed:       63440 kB
VmallocChunk:          0 kB
Percpu:             2304 kB
CmaTotal:         294912 kB
CmaFree:               0 kB
MemTotal:       12114512 kB
MemFree:         7420988 kB
MemAvailable:    8992344 kB
Buffers:            3904 kB
Cached:          1245044 kB
SwapCached:            0 kB
Active:          1241908 kB
Inactive:        1028788 kB
Active(anon):    1025968 kB
Inactive(anon):    14240 kB
Active(file):     215940 kB
Inactive(file):  1014548 kB
Unevictable:        4124 kB
Mlocked:            4124 kB
SwapTotal:       1048572 kB
SwapFree:        1048572 kB
Dirty:               136 kB
Writeback:             0 kB
AnonPages:       1025648 kB
Mapped:           789420 kB
Shmem:             15204 kB
Slab:             181796 kB
SReclaimable:      45624 kB
SUnreclaim:       136172 kB
KernelStack:       38352 kB
PageTables:        49728 kB
NFS_Unstable:          0 kB
Bounce:                0 kB
WritebackTmp:          0 kB
CommitLimit:     7105828 kB
Committed_AS:   59003660 kB
VmallocTotal:   263061440 kB
VmallocUsed:       63456 kB
VmallocChunk:          0 kB
Percpu:             2304 kB
CmaTotal:         294912 kB
CmaFree:               0 kB
MemTotal:       12114512 kB
MemFree:         7421544 kB
MemAvailable:    8992900 kB
Buffers:            3904 kB
Cached:          1245044 kB
SwapCached:            0 kB
Active:          1242328 kB
Inactive:        1028788 kB
Active(anon):    1026388 kB
Inactive(anon):    14240 kB
Active(file):     215940 kB
Inactive(file):  1014548 kB
Unevictable:        4124 kB
Mlocked:            4124 kB
SwapTotal:       1048572 kB
SwapFree:        1048572 kB
Dirty:               136 kB
Writeback:             0 kB
AnonPages:       1026000 kB
Mapped:           789392 kB
Shmem:             15204 kB
Slab:             181796 kB
SReclaimable:      45624 kB
SUnreclaim:       136172 kB
KernelStack:       38352 kB
PageTables:        49692 kB
NFS_Unstable:          0 kB
Bounce:                0 kB
WritebackTmp:          0 kB
CommitLimit:     7105828 kB
Committed_AS:   59003264 kB
VmallocTotal:   263061440 kB
VmallocUsed:       63440 kB
VmallocChunk:          0 kB
Percpu:             2304 kB
CmaTotal:         294912 kB
CmaFree:               0 kB
MemTotal:       12114512 kB
MemFree:         7420056 kB
MemAvailable:    8991412 kB
Buffers:            3904 kB
Cached:          1245044 kB
SwapCached:            0 kB
Active:          1242320 kB
Inactive:        1028788 kB
Active(anon):    1026380 kB
Inactive(anon):    14240 kB
Active(file):     215940 kB
Inactive(file):  1014548 kB
Unevictable:        4124 kB
Mlocked:            4124 kB
SwapTotal:       1048572 kB
SwapFree:        1048572 kB
Dirty:               136 kB
Writeback:             0 kB
AnonPages:       1026136 kB
Mapped:           789148 kB
Shmem:             15204 kB
Slab:             181796 kB
SReclaimable:      45624 kB
SUnreclaim:       136172 kB
KernelStack:       38356 kB
PageTables:        49632 kB
NFS_Unstable:          0 kB
Bounce:                0 kB
WritebackTmp:          0 kB
CommitLimit:     7105828 kB
Committed_AS:   59003316 kB
VmallocTotal:   263061440 kB
VmallocUsed:       63440 kB
VmallocChunk:          0 kB
Percpu:             2304 kB
CmaTotal:         294912 kB
CmaFree:               0 kB
MemTotal:       12114512 kB
MemFree:         7420132 kB
MemAvailable:    8991488 kB
Buffers:            3904 kB
Cached:          1245044 kB
SwapCached:            0 kB
Active:          1242284 kB
Inactive:        1028788 kB
Active(anon):    1026344 kB
Inactive(anon):    14240 kB
Active(file):     215940 kB
Inactive(file):  1014548 kB
Unevictable:        4124 kB
Mlocked:            4124 kB
SwapTotal:       1048572 kB
SwapFree:        1048572 kB
Dirty:               136 kB
Writeback:             0 kB
AnonPages:       1026516 kB
Mapped:           789176 kB
Shmem:             15204 kB
Slab:             181796 kB
SReclaimable:      45624 kB
SUnreclaim:       136172 kB
KernelStack:       38368 kB
PageTables:        49684 kB
NFS_Unstable:          0 kB
Bounce:                0 kB
WritebackTmp:          0 kB
CommitLimit:     7105828 kB
Committed_AS:   59002964 kB
VmallocTotal:   263061440 kB
VmallocUsed:       63424 kB
VmallocChunk:          0 kB
Percpu:             2304 kB
CmaTotal:         294912 kB
CmaFree:               0 kB
MemTotal:       12114512 kB
MemFree:         7420272 kB
MemAvailable:    8991628 kB
Buffers:            3904 kB
Cached:          1245044 kB
SwapCached:            0 kB
Active:          1242484 kB
Inactive:        1028788 kB
Active(anon):    1026544 kB
Inactive(anon):    14240 kB
Active(file):     215940 kB
Inactive(file):  1014548 kB
Unevictable:        4124 kB
Mlocked:            4124 kB
SwapTotal:       1048572 kB
SwapFree:        1048572 kB
Dirty:               136 kB
Writeback:             0 kB
AnonPages:       1026416 kB
Mapped:           789180 kB
Shmem:             15204 kB
Slab:             181796 kB
SReclaimable:      45624 kB
SUnreclaim:       136172 kB
KernelStack:       38320 kB
PageTables:        49684 kB
NFS_Unstable:          0 kB
Bounce:                0 kB
WritebackTmp:          0 kB
CommitLimit:     7105828 kB
Committed_AS:   59002656 kB
VmallocTotal:   263061440 kB
VmallocUsed:       63408 kB
VmallocChunk:          0 kB
Percpu:             2304 kB
CmaTotal:         294912 kB
CmaFree:               0 kB
MemTotal:       12114512 kB
MemFree:         7420540 kB
MemAvailable:    8991896 kB
Buffers:            3904 kB
Cached:          1245044 kB
SwapCached:            0 kB
Active:          1242852 kB
Inactive:        1028788 kB
Active(anon):    1026912 kB
Inactive(anon):    14240 kB
Active(file):     215940 kB
Inactive(file):  1014548 kB
Unevictable:        4124 kB
Mlocked:            4124 kB
SwapTotal:       1048572 kB
SwapFree:        1048572 kB
Dirty:               108 kB
Writeback:             0 kB
AnonPages:       1026764 kB
Mapped:           789220 kB
Shmem:             15204 kB
Slab:             181796 kB
SReclaimable:      45624 kB
SUnreclaim:       136172 kB
KernelStack:       38320 kB
PageTables:        49712 kB
NFS_Unstable:          0 kB
Bounce:                0 kB
WritebackTmp:          0 kB
CommitLimit:     7105828 kB
Committed_AS:   59002304 kB
VmallocTotal:   263061440 kB
VmallocUsed:       63408 kB
VmallocChunk:          0 kB
Percpu:             2304 kB
CmaTotal:         294912 kB
CmaFree:               0 kB
MemTotal:       12114512 kB
MemFree:         7419744 kB
MemAvailable:    8991100 kB
Buffers:            3904 kB
Cached:          1245044 kB
SwapCached:            0 kB
Active:          1243248 kB
Inactive:        1028788 kB
Active(anon):    1027308 kB
Inactive(anon):    14240 kB
Active(file):     215940 kB
Inactive(file):  1014548 kB
Unevictable:        4124 kB
Mlocked:            4124 kB
SwapTotal:       1048572 kB
SwapFree:        1048572 kB
Dirty:               108 kB
Writeback:             0 kB
AnonPages:       1027240 kB
Mapped:           789412 kB
Shmem:             15204 kB
Slab:             181796 kB
SReclaimable:      45624 kB
SUnreclaim:       136172 kB
KernelStack:       38356 kB
PageTables:        49648 kB
NFS_Unstable:          0 kB
Bounce:                0 kB
WritebackTmp:          0 kB
CommitLimit:     7105828 kB
Committed_AS:   59001428 kB
VmallocTotal:   263061440 kB
VmallocUsed:       63424 kB
VmallocChunk:          0 kB
Percpu:             2304 kB
CmaTotal:         294912 kB
CmaFree:               8 kB
MemTotal:       12114512 kB
MemFree:         7440124 kB
MemAvailable:    9011480 kB
Buffers:            3904 kB
Cached:          1245044 kB
SwapCached:            0 kB
Active:          1222504 kB
Inactive:        1028788 kB
Active(anon):    1006564 kB
Inactive(anon):    14240 kB
Active(file):     215940 kB
Inactive(file):  1014548 kB
Unevictable:        4124 kB
Mlocked:            4124 kB
SwapTotal:       1048572 kB
SwapFree:        1048572 kB
Dirty:               108 kB
Writeback:             0 kB
AnonPages:       1006424 kB
Mapped:           788972 kB
Shmem:             15204 kB
Slab:             181796 kB
SReclaimable:      45624 kB
SUnreclaim:       136172 kB
KernelStack:       38320 kB
PageTables:        49612 kB
NFS_Unstable:          0 kB
Bounce:                0 kB
WritebackTmp:          0 kB
CommitLimit:     7105828 kB
Committed_AS:   59004384 kB
VmallocTotal:   263061440 kB
VmallocUsed:       63408 kB
VmallocChunk:          0 kB
Percpu:             2304 kB
CmaTotal:         294912 kB
CmaFree:             228 kB
MemTotal:       12114512 kB
MemFree:         7439512 kB
MemAvailable:    9010868 kB
Buffers:            3904 kB
Cached:          1245048 kB
SwapCached:            0 kB
Active:          1223084 kB
Inactive:        1028792 kB
Active(anon):    1007144 kB
Inactive(anon):    14244 kB
Active(file):     215940 kB
Inactive(file):  1014548 kB
Unevictable:        4124 kB
Mlocked:            4124 kB
SwapTotal:       1048572 kB
SwapFree:        1048572 kB
Dirty:               128 kB
Writeback:             0 kB
AnonPages:       1007384 kB
Mapped:           789232 kB
Shmem:             15208 kB
Slab:             181796 kB
SReclaimable:      45624 kB
SUnreclaim:       136172 kB
KernelStack:       38336 kB
PageTables:        49688 kB
NFS_Unstable:          0 kB
Bounce:                0 kB
WritebackTmp:          0 kB
CommitLimit:     7105828 kB
Committed_AS:   59001996 kB
VmallocTotal:   263061440 kB
VmallocUsed:       63424 kB
VmallocChunk:          0 kB
Percpu:             2304 kB
CmaTotal:         294912 kB
CmaFree:               0 kB
MemTotal:       12114512 kB
MemFree:         7439520 kB
MemAvailable:    9010876 kB
Buffers:            3904 kB
Cached:          1245048 kB
SwapCached:            0 kB
Active:          1223480 kB
Inactive:        1028792 kB
Active(anon):    1007540 kB
Inactive(anon):    14244 kB
Active(file):     215940 kB
Inactive(file):  1014548 kB
Unevictable:        4124 kB
Mlocked:            4124 kB
SwapTotal:       1048572 kB
SwapFree:        1048572 kB
Dirty:               188 kB
Writeback:             0 kB
AnonPages:       1007188 kB
Mapped:           789240 kB
Shmem:             15208 kB
Slab:             181796 kB
SReclaimable:      45624 kB
SUnreclaim:       136172 kB
KernelStack:       38372 kB
PageTables:        49696 kB
NFS_Unstable:          0 kB
Bounce:                0 kB
WritebackTmp:          0 kB
CommitLimit:     7105828 kB
Committed_AS:   59001644 kB
VmallocTotal:   263061440 kB
VmallocUsed:       63408 kB
VmallocChunk:          0 kB
Percpu:             2304 kB
CmaTotal:         294912 kB
CmaFree:               0 kB
MemTotal:       12114512 kB
MemFree:         7439012 kB
MemAvailable:    9010368 kB
Buffers:            3904 kB
Cached:          1245048 kB
SwapCached:            0 kB
Active:          1223616 kB
Inactive:        1028792 kB
Active(anon):    1007676 kB
Inactive(anon):    14244 kB
Active(file):     215940 kB
Inactive(file):  1014548 kB
Unevictable:        4124 kB
Mlocked:            4124 kB
SwapTotal:       1048572 kB
SwapFree:        1048572 kB
Dirty:               192 kB
Writeback:             0 kB
AnonPages:       1007616 kB
Mapped:           789248 kB
Shmem:             15208 kB
Slab:             181796 kB
SReclaimable:      45624 kB
SUnreclaim:       136172 kB
KernelStack:       38356 kB
PageTables:        49692 kB
NFS_Unstable:          0 kB
Bounce:                0 kB
WritebackTmp:          0 kB
CommitLimit:     7105828 kB
Committed_AS:   59001292 kB
VmallocTotal:   263061440 kB
VmallocUsed:       63408 kB
VmallocChunk:          0 kB
Percpu:             2304 kB
CmaTotal:         294912 kB
CmaFree:               0 kB
MemTotal:       12114512 kB
MemFree:         7438980 kB
MemAvailable:    9010336 kB
Buffers:            3904 kB
Cached:          1245048 kB
SwapCached:            0 kB
Active:          1223644 kB
Inactive:        1028792 kB
Active(anon):    1007704 kB
Inactive(anon):    14244 kB
Active(file):     215940 kB
Inactive(file):  1014548 kB
Unevictable:        4124 kB
Mlocked:            4124 kB
SwapTotal:       1048572 kB
SwapFree:        1048572 kB
Dirty:               204 kB
Writeback:             0 kB
AnonPages:       1007580 kB
Mapped:           789428 kB
Shmem:             15208 kB
Slab:             181796 kB
SReclaimable:      45624 kB
SUnreclaim:       136172 kB
KernelStack:       38324 kB
PageTables:        49576 kB
NFS_Unstable:          0 kB
Bounce:                0 kB
WritebackTmp:          0 kB
CommitLimit:     7105828 kB
Committed_AS:   58999828 kB
VmallocTotal:   263061440 kB
VmallocUsed:       63424 kB
VmallocChunk:          0 kB
Percpu:             2304 kB
CmaTotal:         294912 kB
CmaFree:             140 kB
MemTotal:       12114512 kB
MemFree:         7444928 kB
MemAvailable:    9016292 kB
Buffers:            3904 kB
Cached:          1245056 kB
SwapCached:            0 kB
Active:          1217456 kB
Inactive:        1028796 kB
Active(anon):    1001512 kB
Inactive(anon):    14244 kB
Active(file):     215944 kB
Inactive(file):  1014552 kB
Unevictable:        4124 kB
Mlocked:            4124 kB
SwapTotal:       1048572 kB
SwapFree:        1048572 kB
Dirty:               212 kB
Writeback:            12 kB
AnonPages:       1001832 kB
Mapped:           789392 kB
Shmem:             15208 kB
Slab:             181804 kB
SReclaimable:      45624 kB
SUnreclaim:       136180 kB
KernelStack:       38360 kB
PageTables:        49912 kB
NFS_Unstable:          0 kB
Bounce:                0 kB
WritebackTmp:          0 kB
CommitLimit:     7105828 kB
Committed_AS:   58999132 kB
VmallocTotal:   263061440 kB
VmallocUsed:       63440 kB
VmallocChunk:          0 kB
Percpu:             2304 kB
CmaTotal:         294912 kB
CmaFree:             280 kB
MemTotal:       12114512 kB
MemFree:         7445168 kB
MemAvailable:    9016524 kB
Buffers:            3904 kB
Cached:          1245048 kB
SwapCached:            0 kB
Active:          1217168 kB
Inactive:        1028792 kB
Active(anon):    1001228 kB
Inactive(anon):    14244 kB
Active(file):     215940 kB
Inactive(file):  1014548 kB
Unevictable:        4124 kB
Mlocked:            4124 kB
SwapTotal:       1048572 kB
SwapFree:        1048572 kB
Dirty:               204 kB
Writeback:             0 kB
AnonPages:       1001124 kB
Mapped:           789480 kB
Shmem:             15208 kB
Slab:             181796 kB
SReclaimable:      45624 kB
SUnreclaim:       136172 kB
KernelStack:       38372 kB
PageTables:        49628 kB
NFS_Unstable:          0 kB
Bounce:                0 kB
WritebackTmp:          0 kB
CommitLimit:     7105828 kB
Committed_AS:   59003520 kB
VmallocTotal:   263061440 kB
VmallocUsed:       63440 kB
VmallocChunk:          0 kB
Percpu:             2304 kB
CmaTotal:         294912 kB
CmaFree:               4 kB
MemTotal:       12114512 kB
MemFree:         7445648 kB
MemAvailable:    9017004 kB
Buffers:            3904 kB
Cached:          1245048 kB
SwapCached:            0 kB
Active:          1217368 kB
Inactive:        1028792 kB
Active(anon):    1001428 kB
Inactive(anon):    14244 kB
Active(file):     215940 kB
Inactive(file):  1014548 kB
Unevictable:        4124 kB
Mlocked:            4124 kB
SwapTotal:       1048572 kB
SwapFree:        1048572 kB
Dirty:               204 kB
Writeback:             0 kB
AnonPages:       1001364 kB
Mapped:           789452 kB
Shmem:             15208 kB
Slab:             181796 kB
SReclaimable:      45624 kB
SUnreclaim:       136172 kB
KernelStack:       38304 kB
PageTables:        49684 kB
NFS_Unstable:          0 kB
Bounce:                0 kB
WritebackTmp:          0 kB
CommitLimit:     7105828 kB
Committed_AS:   59003212 kB
VmallocTotal:   263061440 kB
VmallocUsed:       63440 kB
VmallocChunk:          0 kB
Percpu:             2304 kB
CmaTotal:         294912 kB
CmaFree:               0 kB
MemTotal:       12114512 kB
MemFree:         7445720 kB
MemAvailable:    9017076 kB
Buffers:            3904 kB
Cached:          1245048 kB
SwapCached:            0 kB
Active:          1217584 kB
Inactive:        1028792 kB
Active(anon):    1001644 kB
Inactive(anon):    14244 kB
Active(file):     215940 kB
Inactive(file):  1014548 kB
Unevictable:        4124 kB
Mlocked:            4124 kB
SwapTotal:       1048572 kB
SwapFree:        1048572 kB
Dirty:               112 kB
Writeback:             0 kB
AnonPages:       1001852 kB
Mapped:           789324 kB
Shmem:             15208 kB
Slab:             181732 kB
SReclaimable:      45624 kB
SUnreclaim:       136108 kB
KernelStack:       38336 kB
PageTables:        49720 kB
NFS_Unstable:          0 kB
Bounce:                0 kB
WritebackTmp:          0 kB
CommitLimit:     7105828 kB
Committed_AS:   59002860 kB
VmallocTotal:   263061440 kB
VmallocUsed:       63440 kB
VmallocChunk:          0 kB
Percpu:             2304 kB
CmaTotal:         294912 kB
CmaFree:               0 kB
MemTotal:       12114512 kB
MemFree:         7445492 kB
MemAvailable:    9016848 kB
Buffers:            3904 kB
Cached:          1245048 kB
SwapCached:            0 kB
Active:          1217700 kB
Inactive:        1028792 kB
Active(anon):    1001760 kB
Inactive(anon):    14244 kB
Active(file):     215940 kB
Inactive(file):  1014548 kB
Unevictable:        4124 kB
Mlocked:            4124 kB
SwapTotal:       1048572 kB
SwapFree:        1048572 kB
Dirty:               144 kB
Writeback:             0 kB
AnonPages:       1001716 kB
Mapped:           789232 kB
Shmem:             15208 kB
Slab:             181732 kB
SReclaimable:      45624 kB
SUnreclaim:       136108 kB
KernelStack:       38352 kB
PageTables:        49688 kB
NFS_Unstable:          0 kB
Bounce:                0 kB
WritebackTmp:          0 kB
CommitLimit:     7105828 kB
Committed_AS:   59002464 kB
VmallocTotal:   263061440 kB
VmallocUsed:       63408 kB
VmallocChunk:          0 kB
Percpu:             2304 kB
CmaTotal:         294912 kB
CmaFree:               0 kB
MemTotal:       12114512 kB
MemFree:         7446700 kB
MemAvailable:    9018056 kB
Buffers:            3904 kB
Cached:          1245048 kB
SwapCached:            0 kB
Active:          1216696 kB
Inactive:        1028792 kB
Active(anon):    1000756 kB
Inactive(anon):    14244 kB
Active(file):     215940 kB
Inactive(file):  1014548 kB
Unevictable:        4124 kB
Mlocked:            4124 kB
SwapTotal:       1048572 kB
SwapFree:        1048572 kB
Dirty:               164 kB
Writeback:             0 kB
AnonPages:       1000764 kB
Mapped:           789484 kB
Shmem:             15208 kB
Slab:             181724 kB
SReclaimable:      45624 kB
SUnreclaim:       136100 kB
KernelStack:       38356 kB
PageTables:        49628 kB
NFS_Unstable:          0 kB
Bounce:                0 kB
WritebackTmp:          0 kB
CommitLimit:     7105828 kB
Committed_AS:   59002728 kB
VmallocTotal:   263061440 kB
VmallocUsed:       63408 kB
VmallocChunk:          0 kB
Percpu:             2304 kB
CmaTotal:         294912 kB
CmaFree:               0 kB
MemTotal:       12114512 kB
MemFree:         7446880 kB
MemAvailable:    9018236 kB
Buffers:            3904 kB
Cached:          1245048 kB
SwapCached:            0 kB
Active:          1216836 kB
Inactive:        1028792 kB
Active(anon):    1000896 kB
Inactive(anon):    14244 kB
Active(file):     215940 kB
Inactive(file):  1014548 kB
Unevictable:        4124 kB
Mlocked:            4124 kB
SwapTotal:       1048572 kB
SwapFree:        1048572 kB
Dirty:               164 kB
Writeback:             0 kB
AnonPages:       1000852 kB
Mapped:           789236 kB
Shmem:             15208 kB
Slab:             181732 kB
SReclaimable:      45624 kB
SUnreclaim:       136108 kB
KernelStack:       38372 kB
PageTables:        49688 kB
NFS_Unstable:          0 kB
Bounce:                0 kB
WritebackTmp:          0 kB
CommitLimit:     7105828 kB
Committed_AS:   59002376 kB
VmallocTotal:   263061440 kB
VmallocUsed:       63408 kB
VmallocChunk:          0 kB
Percpu:             2304 kB
CmaTotal:         294912 kB
CmaFree:             128 kB
MemTotal:       12114512 kB
MemFree:         7446788 kB
MemAvailable:    9018144 kB
Buffers:            3904 kB
Cached:          1245048 kB
SwapCached:            0 kB
Active:          1217404 kB
Inactive:        1028792 kB
Active(anon):    1001464 kB
Inactive(anon):    14244 kB
Active(file):     215940 kB
Inactive(file):  1014548 kB
Unevictable:        4124 kB
Mlocked:            4124 kB
SwapTotal:       1048572 kB
SwapFree:        1048572 kB
Dirty:               164 kB
Writeback:             0 kB
AnonPages:       1001308 kB
Mapped:           789244 kB
Shmem:             15208 kB
Slab:             181732 kB
SReclaimable:      45624 kB
SUnreclaim:       136108 kB
KernelStack:       38372 kB
PageTables:        49692 kB
NFS_Unstable:          0 kB
Bounce:                0 kB
WritebackTmp:          0 kB
CommitLimit:     7105828 kB
Committed_AS:   59001980 kB
VmallocTotal:   263061440 kB
VmallocUsed:       63408 kB
VmallocChunk:          0 kB
Percpu:             2304 kB
CmaTotal:         294912 kB
CmaFree:               0 kB
MemTotal:       12114512 kB
MemFree:         7446980 kB
MemAvailable:    9018340 kB
Buffers:            3904 kB
Cached:          1245052 kB
SwapCached:            0 kB
Active:          1217644 kB
Inactive:        1028796 kB
Active(anon):    1001704 kB
Inactive(anon):    14244 kB
Active(file):     215940 kB
Inactive(file):  1014552 kB
Unevictable:        4124 kB
Mlocked:            4124 kB
SwapTotal:       1048572 kB
SwapFree:        1048572 kB
Dirty:               120 kB
Writeback:             0 kB
AnonPages:       1001692 kB
Mapped:           789240 kB
Shmem:             15208 kB
Slab:             181740 kB
SReclaimable:      45624 kB
SUnreclaim:       136116 kB
KernelStack:       38340 kB
PageTables:        49688 kB
NFS_Unstable:          0 kB
Bounce:                0 kB
WritebackTmp:          0 kB
CommitLimit:     7105828 kB
Committed_AS:   59001672 kB
VmallocTotal:   263061440 kB
VmallocUsed:       63360 kB
VmallocChunk:          0 kB
Percpu:             2304 kB
CmaTotal:         294912 kB
CmaFree:               0 kB
MemTotal:       12114512 kB
MemFree:         7446624 kB
MemAvailable:    9017984 kB
Buffers:            3904 kB
Cached:          1245056 kB
SwapCached:            0 kB
Active:          1217516 kB
Inactive:        1028800 kB
Active(anon):    1001576 kB
Inactive(anon):    14248 kB
Active(file):     215940 kB
Inactive(file):  1014552 kB
Unevictable:        4124 kB
Mlocked:            4124 kB
SwapTotal:       1048572 kB
SwapFree:        1048572 kB
Dirty:               120 kB
Writeback:             0 kB
AnonPages:       1001588 kB
Mapped:           789444 kB
Shmem:             15212 kB
Slab:             181732 kB
SReclaimable:      45624 kB
SUnreclaim:       136108 kB
KernelStack:       38256 kB
PageTables:        49720 kB
NFS_Unstable:          0 kB
Bounce:                0 kB
WritebackTmp:          0 kB
CommitLimit:     7105828 kB
Committed_AS:   58999588 kB
VmallocTotal:   263061440 kB
VmallocUsed:       63360 kB
VmallocChunk:          0 kB
Percpu:             2304 kB
CmaTotal:         294912 kB
CmaFree:               0 kB
MemTotal:       12114512 kB
MemFree:         7445276 kB
MemAvailable:    9016636 kB
Buffers:            3904 kB
Cached:          1245056 kB
SwapCached:            0 kB
Active:          1217756 kB
Inactive:        1028800 kB
Active(anon):    1001816 kB
Inactive(anon):    14248 kB
Active(file):     215940 kB
Inactive(file):  1014552 kB
Unevictable:        4124 kB
Mlocked:            4124 kB
SwapTotal:       1048572 kB
SwapFree:        1048572 kB
Dirty:               120 kB
Writeback:             0 kB
AnonPages:       1001576 kB
Mapped:           789300 kB
Shmem:             15212 kB
Slab:             181732 kB
SReclaimable:      45624 kB
SUnreclaim:       136108 kB
KernelStack:       38276 kB
PageTables:        49560 kB
NFS_Unstable:          0 kB
Bounce:                0 kB
WritebackTmp:          0 kB
CommitLimit:     7105828 kB
Committed_AS:   59002636 kB
VmallocTotal:   263061440 kB
VmallocUsed:       63328 kB
VmallocChunk:          0 kB
Percpu:             2304 kB
CmaTotal:         294912 kB
CmaFree:               0 kB
MemTotal:       12114512 kB
MemFree:         7445004 kB
MemAvailable:    9016364 kB
Buffers:            3904 kB
Cached:          1245056 kB
SwapCached:            0 kB
Active:          1217976 kB
Inactive:        1028800 kB
Active(anon):    1002036 kB
Inactive(anon):    14248 kB
Active(file):     215940 kB
Inactive(file):  1014552 kB
Unevictable:        4124 kB
Mlocked:            4124 kB
SwapTotal:       1048572 kB
SwapFree:        1048572 kB
Dirty:               120 kB
Writeback:             0 kB
AnonPages:       1002060 kB
Mapped:           789236 kB
Shmem:             15212 kB
Slab:             181732 kB
SReclaimable:      45624 kB
SUnreclaim:       136108 kB
KernelStack:       38224 kB
PageTables:        49688 kB
NFS_Unstable:          0 kB
Bounce:                0 kB
WritebackTmp:          0 kB
CommitLimit:     7105828 kB
Committed_AS:   59002284 kB
VmallocTotal:   263061440 kB
VmallocUsed:       63328 kB
VmallocChunk:          0 kB
Percpu:             2304 kB
CmaTotal:         294912 kB
CmaFree:               0 kB
MemTotal:       12114512 kB
MemFree:         7444088 kB
MemAvailable:    9015448 kB
Buffers:            3904 kB
Cached:          1245056 kB
SwapCached:            0 kB
Active:          1218124 kB
Inactive:        1028800 kB
Active(anon):    1002184 kB
Inactive(anon):    14248 kB
Active(file):     215940 kB
Inactive(file):  1014552 kB
Unevictable:        4124 kB
Mlocked:            4124 kB
SwapTotal:       1048572 kB
SwapFree:        1048572 kB
Dirty:               120 kB
Writeback:             0 kB
AnonPages:       1002024 kB
Mapped:           789252 kB
Shmem:             15212 kB
Slab:             181732 kB
SReclaimable:      45624 kB
SUnreclaim:       136108 kB
KernelStack:       38208 kB
PageTables:        49700 kB
NFS_Unstable:          0 kB
Bounce:                0 kB
WritebackTmp:          0 kB
CommitLimit:     7105828 kB
Committed_AS:   58999196 kB
VmallocTotal:   263061440 kB
VmallocUsed:       63344 kB
VmallocChunk:          0 kB
Percpu:             2304 kB
CmaTotal:         294912 kB
CmaFree:               0 kB
MemTotal:       12114512 kB
MemFree:         7440592 kB
MemAvailable:    9011952 kB
Buffers:            3904 kB
Cached:          1245056 kB
SwapCached:            0 kB
Active:          1223388 kB
Inactive:        1028800 kB
Active(anon):    1007448 kB
Inactive(anon):    14248 kB
Active(file):     215940 kB
Inactive(file):  1014552 kB
Unevictable:        4124 kB
Mlocked:            4124 kB
SwapTotal:       1048572 kB
SwapFree:        1048572 kB
Dirty:               112 kB
Writeback:             0 kB
AnonPages:       1007456 kB
Mapped:           789492 kB
Shmem:             15212 kB
Slab:             181732 kB
SReclaimable:      45624 kB
SUnreclaim:       136108 kB
KernelStack:       38256 kB
PageTables:        49688 kB
NFS_Unstable:          0 kB
Bounce:                0 kB
WritebackTmp:          0 kB
CommitLimit:     7105828 kB
Committed_AS:   58997044 kB
VmallocTotal:   263061440 kB
VmallocUsed:       63344 kB
VmallocChunk:          0 kB
Percpu:             2304 kB
CmaTotal:         294912 kB
CmaFree:               0 kB
MemTotal:       12114512 kB
MemFree:         7436204 kB
MemAvailable:    9007564 kB
Buffers:            3904 kB
Cached:          1245056 kB
SwapCached:            0 kB
Active:          1226876 kB
Inactive:        1028800 kB
Active(anon):    1010936 kB
Inactive(anon):    14248 kB
Active(file):     215940 kB
Inactive(file):  1014552 kB
Unevictable:        4124 kB
Mlocked:            4124 kB
SwapTotal:       1048572 kB
SwapFree:        1048572 kB
Dirty:               128 kB
Writeback:             0 kB
AnonPages:       1010984 kB
Mapped:           789372 kB
Shmem:             15212 kB
Slab:             181732 kB
SReclaimable:      45624 kB
SUnreclaim:       136108 kB
KernelStack:       38244 kB
PageTables:        49620 kB
NFS_Unstable:          0 kB
Bounce:                0 kB
WritebackTmp:          0 kB
CommitLimit:     7105828 kB
Committed_AS:   59009948 kB
VmallocTotal:   263061440 kB
VmallocUsed:       63328 kB
VmallocChunk:          0 kB
Percpu:             2304 kB
CmaTotal:         294912 kB
CmaFree:              52 kB
MemTotal:       12114512 kB
MemFree:         7436400 kB
MemAvailable:    9007760 kB
Buffers:            3904 kB
Cached:          1245056 kB
SwapCached:            0 kB
Active:          1227248 kB
Inactive:        1028800 kB
Active(anon):    1011308 kB
Inactive(anon):    14248 kB
Active(file):     215940 kB
Inactive(file):  1014552 kB
Unevictable:        4124 kB
Mlocked:            4124 kB
SwapTotal:       1048572 kB
SwapFree:        1048572 kB
Dirty:               128 kB
Writeback:             0 kB
AnonPages:       1011044 kB
Mapped:           789268 kB
Shmem:             15212 kB
Slab:             181732 kB
SReclaimable:      45624 kB
SUnreclaim:       136108 kB
KernelStack:       38280 kB
PageTables:        49588 kB
NFS_Unstable:          0 kB
Bounce:                0 kB
WritebackTmp:          0 kB
CommitLimit:     7105828 kB
Committed_AS:   59002580 kB
VmallocTotal:   263061440 kB
VmallocUsed:       63328 kB
VmallocChunk:          0 kB
Percpu:             2304 kB
CmaTotal:         294912 kB
CmaFree:               4 kB
MemTotal:       12114512 kB
MemFree:         7432528 kB
MemAvailable:    9003888 kB
Buffers:            3904 kB
Cached:          1245056 kB
SwapCached:            0 kB
Active:          1231980 kB
Inactive:        1028800 kB
Active(anon):    1016040 kB
Inactive(anon):    14248 kB
Active(file):     215940 kB
Inactive(file):  1014552 kB
Unevictable:        4124 kB
Mlocked:            4124 kB
SwapTotal:       1048572 kB
SwapFree:        1048572 kB
Dirty:               128 kB
Writeback:             0 kB
AnonPages:       1016036 kB
Mapped:           789228 kB
Shmem:             15212 kB
Slab:             181732 kB
SReclaimable:      45624 kB
SUnreclaim:       136108 kB
KernelStack:       38260 kB
PageTables:        49684 kB
NFS_Unstable:          0 kB
Bounce:                0 kB
WritebackTmp:          0 kB
CommitLimit:     7105828 kB
Committed_AS:   59009320 kB
VmallocTotal:   263061440 kB
VmallocUsed:       63328 kB
VmallocChunk:          0 kB
Percpu:             2304 kB
CmaTotal:         294912 kB
CmaFree:              52 kB
MemTotal:       12114512 kB
MemFree:         7435336 kB
MemAvailable:    9006696 kB
Buffers:            3904 kB
Cached:          1245056 kB
SwapCached:            0 kB
Active:          1227080 kB
Inactive:        1028800 kB
Active(anon):    1011140 kB
Inactive(anon):    14248 kB
Active(file):     215940 kB
Inactive(file):  1014552 kB
Unevictable:        4124 kB
Mlocked:            4124 kB
SwapTotal:       1048572 kB
SwapFree:        1048572 kB
Dirty:               128 kB
Writeback:             0 kB
AnonPages:       1011128 kB
Mapped:           789476 kB
Shmem:             15212 kB
Slab:             181732 kB
SReclaimable:      45624 kB
SUnreclaim:       136108 kB
KernelStack:       38244 kB
PageTables:        49620 kB
NFS_Unstable:          0 kB
Bounce:                0 kB
WritebackTmp:          0 kB
CommitLimit:     7105828 kB
Committed_AS:   59010716 kB
VmallocTotal:   263061440 kB
VmallocUsed:       63328 kB
VmallocChunk:          0 kB
Percpu:             2304 kB
CmaTotal:         294912 kB
CmaFree:               0 kB
MemTotal:       12114512 kB
MemFree:         7435844 kB
MemAvailable:    9007204 kB
Buffers:            3904 kB
Cached:          1245056 kB
SwapCached:            0 kB
Active:          1227284 kB
Inactive:        1028800 kB
Active(anon):    1011344 kB
Inactive(anon):    14248 kB
Active(file):     215940 kB
Inactive(file):  1014552 kB
Unevictable:        4124 kB
Mlocked:            4124 kB
SwapTotal:       1048572 kB
SwapFree:        1048572 kB
Dirty:               112 kB
Writeback:             0 kB
AnonPages:       1011216 kB
Mapped:           789312 kB
Shmem:             15212 kB
Slab:             181732 kB
SReclaimable:      45624 kB
SUnreclaim:       136108 kB
KernelStack:       38276 kB
PageTables:        49624 kB
NFS_Unstable:          0 kB
Bounce:                0 kB
WritebackTmp:          0 kB
CommitLimit:     7105828 kB
Committed_AS:   59010416 kB
VmallocTotal:   263061440 kB
VmallocUsed:       63312 kB
VmallocChunk:          0 kB
Percpu:             2304 kB
CmaTotal:         294912 kB
CmaFree:               0 kB
MemTotal:       12114512 kB
MemFree:         7436412 kB
MemAvailable:    9007772 kB
Buffers:            3904 kB
Cached:          1245056 kB
SwapCached:            0 kB
Active:          1227768 kB
Inactive:        1028800 kB
Active(anon):    1011828 kB
Inactive(anon):    14248 kB
Active(file):     215940 kB
Inactive(file):  1014552 kB
Unevictable:        4124 kB
Mlocked:            4124 kB
SwapTotal:       1048572 kB
SwapFree:        1048572 kB
Dirty:               112 kB
Writeback:             0 kB
AnonPages:       1011468 kB
Mapped:           789480 kB
Shmem:             15212 kB
Slab:             181732 kB
SReclaimable:      45624 kB
SUnreclaim:       136108 kB
KernelStack:       38192 kB
PageTables:        49624 kB
NFS_Unstable:          0 kB
Bounce:                0 kB
WritebackTmp:          0 kB
CommitLimit:     7105828 kB
Committed_AS:   59010452 kB
VmallocTotal:   263061440 kB
VmallocUsed:       63312 kB
VmallocChunk:          0 kB
Percpu:             2304 kB
CmaTotal:         294912 kB
CmaFree:               0 kB
MemTotal:       12114512 kB
MemFree:         7435320 kB
MemAvailable:    9006680 kB
Buffers:            3904 kB
Cached:          1245056 kB
SwapCached:            0 kB
Active:          1227940 kB
Inactive:        1028800 kB
Active(anon):    1012000 kB
Inactive(anon):    14248 kB
Active(file):     215940 kB
Inactive(file):  1014552 kB
Unevictable:        4124 kB
Mlocked:            4124 kB
SwapTotal:       1048572 kB
SwapFree:        1048572 kB
Dirty:               112 kB
Writeback:             0 kB
AnonPages:       1011844 kB
Mapped:           789328 kB
Shmem:             15212 kB
Slab:             181732 kB
SReclaimable:      45624 kB
SUnreclaim:       136108 kB
KernelStack:       38244 kB
PageTables:        49660 kB
NFS_Unstable:          0 kB
Bounce:                0 kB
WritebackTmp:          0 kB
CommitLimit:     7105828 kB
Committed_AS:   59002004 kB
VmallocTotal:   263061440 kB
VmallocUsed:       63312 kB
VmallocChunk:          0 kB
Percpu:             2304 kB
CmaTotal:         294912 kB
CmaFree:               0 kB
MemTotal:       12114512 kB
MemFree:         7435672 kB
MemAvailable:    9007032 kB
Buffers:            3904 kB
Cached:          1245056 kB
SwapCached:            0 kB
Active:          1227912 kB
Inactive:        1028800 kB
Active(anon):    1011972 kB
Inactive(anon):    14248 kB
Active(file):     215940 kB
Inactive(file):  1014552 kB
Unevictable:        4124 kB
Mlocked:            4124 kB
SwapTotal:       1048572 kB
SwapFree:        1048572 kB
Dirty:               112 kB
Writeback:             0 kB
AnonPages:       1012020 kB
Mapped:           789284 kB
Shmem:             15212 kB
Slab:             181732 kB
SReclaimable:      45624 kB
SUnreclaim:       136108 kB
KernelStack:       38192 kB
PageTables:        49712 kB
NFS_Unstable:          0 kB
Bounce:                0 kB
WritebackTmp:          0 kB
CommitLimit:     7105828 kB
Committed_AS:   59001608 kB
VmallocTotal:   263061440 kB
VmallocUsed:       63296 kB
VmallocChunk:          0 kB
Percpu:             2304 kB
CmaTotal:         294912 kB
CmaFree:               0 kB
MemTotal:       12114512 kB
MemFree:         7435608 kB
MemAvailable:    9006968 kB
Buffers:            3904 kB
Cached:          1245056 kB
SwapCached:            0 kB
Active:          1228432 kB
Inactive:        1028800 kB
Active(anon):    1012492 kB
Inactive(anon):    14248 kB
Active(file):     215940 kB
Inactive(file):  1014552 kB
Unevictable:        4124 kB
Mlocked:            4124 kB
SwapTotal:       1048572 kB
SwapFree:        1048572 kB
Dirty:               144 kB
Writeback:             0 kB
AnonPages:       1012484 kB
Mapped:           789488 kB
Shmem:             15212 kB
Slab:             181732 kB
SReclaimable:      45624 kB
SUnreclaim:       136108 kB
KernelStack:       38160 kB
PageTables:        49736 kB
NFS_Unstable:          0 kB
Bounce:                0 kB
WritebackTmp:          0 kB
CommitLimit:     7105828 kB
Committed_AS:   59001168 kB
VmallocTotal:   263061440 kB
VmallocUsed:       63184 kB
VmallocChunk:          0 kB
Percpu:             2304 kB
CmaTotal:         294912 kB
CmaFree:               0 kB
MemTotal:       12114512 kB
MemFree:         7435128 kB
MemAvailable:    9006488 kB
Buffers:            3904 kB
Cached:          1245056 kB
SwapCached:            0 kB
Active:          1228488 kB
Inactive:        1028800 kB
Active(anon):    1012548 kB
Inactive(anon):    14248 kB
Active(file):     215940 kB
Inactive(file):  1014552 kB
Unevictable:        4124 kB
Mlocked:            4124 kB
SwapTotal:       1048572 kB
SwapFree:        1048572 kB
Dirty:               144 kB
Writeback:             0 kB
AnonPages:       1012296 kB
Mapped:           789240 kB
Shmem:             15212 kB
Slab:             181732 kB
SReclaimable:      45624 kB
SUnreclaim:       136108 kB
KernelStack:       38128 kB
PageTables:        49680 kB
NFS_Unstable:          0 kB
Bounce:                0 kB
WritebackTmp:          0 kB
CommitLimit:     7105828 kB
Committed_AS:   59001240 kB
VmallocTotal:   263061440 kB
VmallocUsed:       63200 kB
VmallocChunk:          0 kB
Percpu:             2304 kB
CmaTotal:         294912 kB
CmaFree:               0 kB
MemTotal:       12114512 kB
MemFree:         7434544 kB
MemAvailable:    9005904 kB
Buffers:            3904 kB
Cached:          1245056 kB
SwapCached:            0 kB
Active:          1228420 kB
Inactive:        1028800 kB
Active(anon):    1012480 kB
Inactive(anon):    14248 kB
Active(file):     215940 kB
Inactive(file):  1014552 kB
Unevictable:        4124 kB
Mlocked:            4124 kB
SwapTotal:       1048572 kB
SwapFree:        1048572 kB
Dirty:               148 kB
Writeback:             0 kB
AnonPages:       1012540 kB
Mapped:           789284 kB
Shmem:             15212 kB
Slab:             181732 kB
SReclaimable:      45624 kB
SUnreclaim:       136108 kB
KernelStack:       38144 kB
PageTables:        49732 kB
NFS_Unstable:          0 kB
Bounce:                0 kB
WritebackTmp:          0 kB
CommitLimit:     7105828 kB
Committed_AS:   59000800 kB
VmallocTotal:   263061440 kB
VmallocUsed:       63200 kB
VmallocChunk:          0 kB
Percpu:             2304 kB
CmaTotal:         294912 kB
CmaFree:               0 kB
MemTotal:       12114512 kB
MemFree:         7435552 kB
MemAvailable:    9006912 kB
Buffers:            3904 kB
Cached:          1245056 kB
SwapCached:            0 kB
Active:          1228932 kB
Inactive:        1028800 kB
Active(anon):    1012992 kB
Inactive(anon):    14248 kB
Active(file):     215940 kB
Inactive(file):  1014552 kB
Unevictable:        4124 kB
Mlocked:            4124 kB
SwapTotal:       1048572 kB
SwapFree:        1048572 kB
Dirty:               156 kB
Writeback:             0 kB
AnonPages:       1012888 kB
Mapped:           789240 kB
Shmem:             15212 kB
Slab:             181732 kB
SReclaimable:      45624 kB
SUnreclaim:       136108 kB
KernelStack:       38148 kB
PageTables:        49684 kB
NFS_Unstable:          0 kB
Bounce:                0 kB
WritebackTmp:          0 kB
CommitLimit:     7105828 kB
Committed_AS:   59000448 kB
VmallocTotal:   263061440 kB
VmallocUsed:       63184 kB
VmallocChunk:          0 kB
Percpu:             2304 kB
CmaTotal:         294912 kB
CmaFree:               0 kB
MemTotal:       12114512 kB
MemFree:         7435400 kB
MemAvailable:    9006760 kB
Buffers:            3904 kB
Cached:          1245056 kB
SwapCached:            0 kB
Active:          1228916 kB
Inactive:        1028800 kB
Active(anon):    1012976 kB
Inactive(anon):    14248 kB
Active(file):     215940 kB
Inactive(file):  1014552 kB
Unevictable:        4124 kB
Mlocked:            4124 kB
SwapTotal:       1048572 kB
SwapFree:        1048572 kB
