MemTotal:       12114512 kB
MemFree:         3390868 kB
MemAvailable:    8807964 kB
Buffers:            6196 kB
Cached:          4146936 kB
SwapCached:            0 kB
Active:          1771692 kB
Inactive:        3553824 kB
Active(anon):    1176780 kB
Inactive(anon):    13904 kB
Active(file):     594912 kB
Inactive(file):  3539920 kB
Unevictable:        4164 kB
Mlocked:            4164 kB
SwapTotal:       1048572 kB
SwapFree:        1048572 kB
Dirty:               108 kB
Writeback:             0 kB
AnonPages:       1176340 kB
Mapped:           806036 kB
Shmem:             15000 kB
Slab:             195232 kB
SReclaimable:      55944 kB
SUnreclaim:       139288 kB
KernelStack:       39264 kB
PageTables:        49776 kB
NFS_Unstable:          0 kB
Bounce:                0 kB
WritebackTmp:          0 kB
CommitLimit:     7105828 kB
Committed_AS:   56971656 kB
VmallocTotal:   263061440 kB
VmallocUsed:       64260 kB
VmallocChunk:          0 kB
Percpu:             2336 kB
CmaTotal:         294912 kB
CmaFree:               0 kB
MemTotal:       12114512 kB
MemFree:         3390400 kB
MemAvailable:    8807496 kB
Buffers:            6196 kB
Cached:          4146960 kB
SwapCached:            0 kB
Active:          1771100 kB
Inactive:        3553848 kB
Active(anon):    1176188 kB
Inactive(anon):    13928 kB
Active(file):     594912 kB
Inactive(file):  3539920 kB
Unevictable:        4164 kB
Mlocked:            4164 kB
SwapTotal:       1048572 kB
SwapFree:        1048572 kB
Dirty:               112 kB
Writeback:             0 kB
AnonPages:       1176132 kB
Mapped:           806060 kB
Shmem:             15024 kB
Slab:             195168 kB
SReclaimable:      55944 kB
SUnreclaim:       139224 kB
KernelStack:       39264 kB
PageTables:        49888 kB
NFS_Unstable:          0 kB
Bounce:                0 kB
WritebackTmp:          0 kB
CommitLimit:     7105828 kB
Committed_AS:   56972276 kB
VmallocTotal:   263061440 kB
VmallocUsed:       64276 kB
VmallocChunk:          0 kB
Percpu:             2336 kB
CmaTotal:         294912 kB
CmaFree:               0 kB
MemTotal:       12114512 kB
MemFree:         3392096 kB
MemAvailable:    8808936 kB
Buffers:            6196 kB
Cached:          4146708 kB
SwapCached:            0 kB
Active:          1769712 kB
Inactive:        3553856 kB
Active(anon):    1175060 kB
Inactive(anon):    13936 kB
Active(file):     594652 kB
Inactive(file):  3539920 kB
Unevictable:        4164 kB
Mlocked:            4164 kB
SwapTotal:       1048572 kB
SwapFree:        1048572 kB
Dirty:                92 kB
Writeback:             0 kB
AnonPages:       1174820 kB
Mapped:           806068 kB
Shmem:             15032 kB
Slab:             195172 kB
SReclaimable:      55948 kB
SUnreclaim:       139224 kB
KernelStack:       39232 kB
PageTables:        49780 kB
NFS_Unstable:          0 kB
Bounce:                0 kB
WritebackTmp:          0 kB
CommitLimit:     7105828 kB
Committed_AS:   56971196 kB
VmallocTotal:   263061440 kB
VmallocUsed:       64292 kB
VmallocChunk:          0 kB
Percpu:             2336 kB
CmaTotal:         294912 kB
CmaFree:             112 kB
MemTotal:       12114512 kB
MemFree:         3391988 kB
MemAvailable:    8808792 kB
Buffers:            6196 kB
Cached:          4146636 kB
SwapCached:            0 kB
Active:          1768976 kB
Inactive:        3553820 kB
Active(anon):    1174360 kB
Inactive(anon):    13900 kB
Active(file):     594616 kB
Inactive(file):  3539920 kB
Unevictable:        4164 kB
Mlocked:            4164 kB
SwapTotal:       1048572 kB
SwapFree:        1048572 kB
Dirty:                96 kB
Writeback:             0 kB
AnonPages:       1174220 kB
Mapped:           806100 kB
Shmem:             14996 kB
Slab:             195172 kB
SReclaimable:      55948 kB
SUnreclaim:       139224 kB
KernelStack:       39204 kB
PageTables:        49676 kB
NFS_Unstable:          0 kB
Bounce:                0 kB
WritebackTmp:          0 kB
CommitLimit:     7105828 kB
Committed_AS:   56968484 kB
VmallocTotal:   263061440 kB
VmallocUsed:       64292 kB
VmallocChunk:          0 kB
Percpu:             2336 kB
CmaTotal:         294912 kB
CmaFree:             124 kB
MemTotal:       12114512 kB
MemFree:         3392716 kB
MemAvailable:    8809520 kB
Buffers:            6196 kB
Cached:          4146636 kB
SwapCached:            0 kB
Active:          1769352 kB
Inactive:        3553820 kB
Active(anon):    1174736 kB
Inactive(anon):    13900 kB
Active(file):     594616 kB
Inactive(file):  3539920 kB
Unevictable:        4164 kB
Mlocked:            4164 kB
SwapTotal:       1048572 kB
SwapFree:        1048572 kB
Dirty:                96 kB
Writeback:             0 kB
AnonPages:       1174528 kB
Mapped:           806260 kB
Shmem:             14996 kB
Slab:             195172 kB
SReclaimable:      55948 kB
SUnreclaim:       139224 kB
KernelStack:       39236 kB
PageTables:        49728 kB
NFS_Unstable:          0 kB
Bounce:                0 kB
WritebackTmp:          0 kB
CommitLimit:     7105828 kB
Committed_AS:   56968356 kB
VmallocTotal:   263061440 kB
VmallocUsed:       64292 kB
VmallocChunk:          0 kB
Percpu:             2336 kB
CmaTotal:         294912 kB
CmaFree:              40 kB
MemTotal:       12114512 kB
MemFree:         3392324 kB
MemAvailable:    8809128 kB
Buffers:            6196 kB
Cached:          4146636 kB
SwapCached:            0 kB
Active:          1770528 kB
Inactive:        3553820 kB
Active(anon):    1175912 kB
Inactive(anon):    13900 kB
Active(file):     594616 kB
Inactive(file):  3539920 kB
Unevictable:        4164 kB
Mlocked:            4164 kB
SwapTotal:       1048572 kB
SwapFree:        1048572 kB
Dirty:                80 kB
Writeback:             0 kB
AnonPages:       1175280 kB
Mapped:           806100 kB
Shmem:             14996 kB
Slab:             195168 kB
SReclaimable:      55948 kB
SUnreclaim:       139220 kB
KernelStack:       39188 kB
PageTables:        49680 kB
NFS_Unstable:          0 kB
Bounce:                0 kB
WritebackTmp:          0 kB
CommitLimit:     7105828 kB
Committed_AS:   56965200 kB
VmallocTotal:   263061440 kB
VmallocUsed:       64292 kB
VmallocChunk:          0 kB
Percpu:             2336 kB
CmaTotal:         294912 kB
CmaFree:              40 kB
MemTotal:       12114512 kB
MemFree:         3391540 kB
MemAvailable:    8808344 kB
Buffers:            6196 kB
Cached:          4146636 kB
SwapCached:            0 kB
Active:          1770220 kB
Inactive:        3553820 kB
Active(anon):    1175604 kB
Inactive(anon):    13900 kB
Active(file):     594616 kB
Inactive(file):  3539920 kB
Unevictable:        4164 kB
Mlocked:            4164 kB
SwapTotal:       1048572 kB
SwapFree:        1048572 kB
Dirty:                84 kB
Writeback:             0 kB
AnonPages:       1175180 kB
Mapped:           806260 kB
Shmem:             14996 kB
Slab:             195172 kB
SReclaimable:      55948 kB
SUnreclaim:       139224 kB
KernelStack:       39220 kB
PageTables:        49732 kB
NFS_Unstable:          0 kB
Bounce:                0 kB
WritebackTmp:          0 kB
CommitLimit:     7105828 kB
Committed_AS:   56963544 kB
VmallocTotal:   263061440 kB
VmallocUsed:       64292 kB
VmallocChunk:          0 kB
Percpu:             2336 kB
CmaTotal:         294912 kB
CmaFree:               0 kB
MemTotal:       12114512 kB
MemFree:         3391684 kB
MemAvailable:    8808488 kB
Buffers:            6196 kB
Cached:          4146540 kB
SwapCached:            0 kB
Active:          1770296 kB
Inactive:        3553724 kB
Active(anon):    1175680 kB
Inactive(anon):    13804 kB
Active(file):     594616 kB
Inactive(file):  3539920 kB
Unevictable:        4164 kB
Mlocked:            4164 kB
SwapTotal:       1048572 kB
SwapFree:        1048572 kB
Dirty:                84 kB
Writeback:             0 kB
AnonPages:       1175284 kB
Mapped:           805936 kB
Shmem:             14900 kB
Slab:             195172 kB
SReclaimable:      55948 kB
SUnreclaim:       139224 kB
KernelStack:       39184 kB
PageTables:        49784 kB
NFS_Unstable:          0 kB
Bounce:                0 kB
WritebackTmp:          0 kB
CommitLimit:     7105828 kB
Committed_AS:   56960252 kB
VmallocTotal:   263061440 kB
VmallocUsed:       64276 kB
VmallocChunk:          0 kB
Percpu:             2336 kB
CmaTotal:         294912 kB
CmaFree:               0 kB
MemTotal:       12114512 kB
MemFree:         3387644 kB
MemAvailable:    8801164 kB
Buffers:            6196 kB
Cached:          4146692 kB
SwapCached:            0 kB
Active:          1776296 kB
Inactive:        3553892 kB
Active(anon):    1181680 kB
Inactive(anon):    13972 kB
Active(file):     594616 kB
Inactive(file):  3539920 kB
Unevictable:        4164 kB
Mlocked:            4164 kB
SwapTotal:       1048572 kB
SwapFree:        1048572 kB
Dirty:               172 kB
Writeback:             0 kB
AnonPages:       1181464 kB
Mapped:           806148 kB
Shmem:             15052 kB
Slab:             195172 kB
SReclaimable:      55948 kB
SUnreclaim:       139224 kB
KernelStack:       39216 kB
PageTables:        49788 kB
NFS_Unstable:          0 kB
Bounce:                0 kB
WritebackTmp:          0 kB
CommitLimit:     7105828 kB
Committed_AS:   56966728 kB
VmallocTotal:   263061440 kB
VmallocUsed:       64276 kB
VmallocChunk:          0 kB
Percpu:             2336 kB
CmaTotal:         294912 kB
CmaFree:               0 kB
MemTotal:       12114512 kB
MemFree:         3387392 kB
MemAvailable:    8799412 kB
Buffers:            6196 kB
Cached:          4145252 kB
SwapCached:            0 kB
Active:          1779080 kB
Inactive:        3552432 kB
Active(anon):    1184464 kB
Inactive(anon):    14012 kB
Active(file):     594616 kB
Inactive(file):  3538420 kB
Unevictable:        4164 kB
Mlocked:            4164 kB
SwapTotal:       1048572 kB
SwapFree:        1048572 kB
Dirty:              3764 kB
Writeback:             0 kB
AnonPages:       1184304 kB
Mapped:           807000 kB
Shmem:             15112 kB
Slab:             195172 kB
SReclaimable:      55948 kB
SUnreclaim:       139224 kB
KernelStack:       39232 kB
PageTables:        49792 kB
NFS_Unstable:          0 kB
Bounce:                0 kB
WritebackTmp:          0 kB
CommitLimit:     7105828 kB
Committed_AS:   56966420 kB
VmallocTotal:   263061440 kB
VmallocUsed:       64244 kB
VmallocChunk:          0 kB
Percpu:             2336 kB
CmaTotal:         294912 kB
CmaFree:               0 kB
MemTotal:       12114512 kB
MemFree:         3386156 kB
MemAvailable:    8799676 kB
Buffers:            6196 kB
Cached:          4146736 kB
SwapCached:            0 kB
Active:          1777380 kB
Inactive:        3553916 kB
Active(anon):    1182764 kB
Inactive(anon):    13996 kB
Active(file):     594616 kB
Inactive(file):  3539920 kB
Unevictable:        4164 kB
Mlocked:            4164 kB
SwapTotal:       1048572 kB
SwapFree:        1048572 kB
Dirty:              5188 kB
Writeback:             0 kB
AnonPages:       1182632 kB
Mapped:           806980 kB
Shmem:             15096 kB
Slab:             195168 kB
SReclaimable:      55948 kB
SUnreclaim:       139220 kB
KernelStack:       39216 kB
PageTables:        49792 kB
NFS_Unstable:          0 kB
Bounce:                0 kB
WritebackTmp:          0 kB
CommitLimit:     7105828 kB
Committed_AS:   56972164 kB
VmallocTotal:   263061440 kB
VmallocUsed:       64244 kB
VmallocChunk:          0 kB
Percpu:             2336 kB
CmaTotal:         294912 kB
CmaFree:               0 kB
MemTotal:       12114512 kB
MemFree:         3384108 kB
MemAvailable:    8797628 kB
Buffers:            6196 kB
Cached:          4146736 kB
SwapCached:            0 kB
Active:          1778068 kB
Inactive:        3553916 kB
Active(anon):    1183452 kB
Inactive(anon):    13996 kB
Active(file):     594616 kB
Inactive(file):  3539920 kB
Unevictable:        4164 kB
Mlocked:            4164 kB
SwapTotal:       1048572 kB
SwapFree:        1048572 kB
Dirty:              5192 kB
Writeback:             0 kB
AnonPages:       1183168 kB
Mapped:           806980 kB
Shmem:             15096 kB
Slab:             195172 kB
SReclaimable:      55948 kB
SUnreclaim:       139224 kB
KernelStack:       39216 kB
PageTables:        49792 kB
NFS_Unstable:          0 kB
Bounce:                0 kB
WritebackTmp:          0 kB
CommitLimit:     7105828 kB
Committed_AS:   56971900 kB
VmallocTotal:   263061440 kB
VmallocUsed:       64260 kB
VmallocChunk:          0 kB
Percpu:             2336 kB
CmaTotal:         294912 kB
CmaFree:              40 kB
MemTotal:       12114512 kB
MemFree:         3383820 kB
MemAvailable:    8800416 kB
Buffers:            6196 kB
Cached:          4146656 kB
SwapCached:            0 kB
Active:          1778840 kB
Inactive:        3553836 kB
Active(anon):    1184224 kB
Inactive(anon):    13916 kB
Active(file):     594616 kB
Inactive(file):  3539920 kB
Unevictable:        4164 kB
Mlocked:            4164 kB
SwapTotal:       1048572 kB
SwapFree:        1048572 kB
Dirty:              5204 kB
Writeback:             0 kB
AnonPages:       1184076 kB
Mapped:           806712 kB
Shmem:             15016 kB
Slab:             195172 kB
SReclaimable:      55948 kB
SUnreclaim:       139224 kB
KernelStack:       39200 kB
PageTables:        49792 kB
NFS_Unstable:          0 kB
Bounce:                0 kB
WritebackTmp:          0 kB
CommitLimit:     7105828 kB
Committed_AS:   56976236 kB
VmallocTotal:   263061440 kB
VmallocUsed:       64292 kB
VmallocChunk:          0 kB
Percpu:             2336 kB
CmaTotal:         294912 kB
CmaFree:              28 kB
MemTotal:       12114512 kB
MemFree:         3383120 kB
MemAvailable:    8799664 kB
Buffers:            6196 kB
Cached:          4146468 kB
SwapCached:            0 kB
Active:          1779192 kB
Inactive:        3553780 kB
Active(anon):    1184572 kB
Inactive(anon):    13916 kB
Active(file):     594620 kB
Inactive(file):  3539864 kB
Unevictable:        4164 kB
Mlocked:            4164 kB
SwapTotal:       1048572 kB
SwapFree:        1048572 kB
Dirty:              5164 kB
Writeback:             0 kB
AnonPages:       1184200 kB
Mapped:           806324 kB
Shmem:             15016 kB
Slab:             195168 kB
SReclaimable:      55948 kB
SUnreclaim:       139220 kB
KernelStack:       39236 kB
PageTables:        49768 kB
NFS_Unstable:          0 kB
Bounce:                0 kB
WritebackTmp:          0 kB
CommitLimit:     7105828 kB
Committed_AS:   56972848 kB
VmallocTotal:   263061440 kB
VmallocUsed:       64308 kB
VmallocChunk:          0 kB
Percpu:             2336 kB
CmaTotal:         294912 kB
CmaFree:               0 kB
MemTotal:       12114512 kB
MemFree:         3381884 kB
MemAvailable:    8798508 kB
Buffers:            6200 kB
Cached:          4146680 kB
SwapCached:            0 kB
Active:          1782400 kB
Inactive:        3553864 kB
Active(anon):    1187784 kB
Inactive(anon):    13916 kB
Active(file):     594616 kB
Inactive(file):  3539948 kB
Unevictable:        4164 kB
Mlocked:            4164 kB
SwapTotal:       1048572 kB
SwapFree:        1048572 kB
Dirty:               376 kB
Writeback:             0 kB
AnonPages:       1187516 kB
Mapped:           806440 kB
Shmem:             15016 kB
Slab:             195172 kB
SReclaimable:      55948 kB
SUnreclaim:       139224 kB
KernelStack:       39184 kB
PageTables:        49740 kB
NFS_Unstable:          0 kB
Bounce:                0 kB
WritebackTmp:          0 kB
CommitLimit:     7105828 kB
Committed_AS:   56970636 kB
VmallocTotal:   263061440 kB
VmallocUsed:       64308 kB
VmallocChunk:          0 kB
Percpu:             2336 kB
CmaTotal:         294912 kB
CmaFree:               0 kB
MemTotal:       12114512 kB
MemFree:         3382692 kB
MemAvailable:    8799436 kB
Buffers:            6200 kB
Cached:          4146700 kB
SwapCached:            0 kB
Active:          1779700 kB
Inactive:        3553880 kB
Active(anon):    1185080 kB
Inactive(anon):    13820 kB
Active(file):     594620 kB
Inactive(file):  3540060 kB
Unevictable:        4164 kB
Mlocked:            4164 kB
SwapTotal:       1048572 kB
SwapFree:        1048572 kB
Dirty:              5344 kB
Writeback:             0 kB
AnonPages:       1185016 kB
Mapped:           806144 kB
Shmem:             14920 kB
Slab:             195188 kB
SReclaimable:      55960 kB
SUnreclaim:       139228 kB
KernelStack:       39216 kB
PageTables:        49856 kB
NFS_Unstable:          0 kB
Bounce:                0 kB
WritebackTmp:          0 kB
CommitLimit:     7105828 kB
Committed_AS:   56969128 kB
VmallocTotal:   263061440 kB
VmallocUsed:       64292 kB
VmallocChunk:          0 kB
Percpu:             2336 kB
CmaTotal:         294912 kB
CmaFree:               0 kB
MemTotal:       12114512 kB
MemFree:         3370092 kB
MemAvailable:    8786260 kB
Buffers:            6200 kB
Cached:          4150348 kB
SwapCached:            0 kB
Active:          1789396 kB
Inactive:        3557532 kB
Active(anon):    1194776 kB
Inactive(anon):    17472 kB
Active(file):     594620 kB
Inactive(file):  3540060 kB
Unevictable:        4164 kB
Mlocked:            4164 kB
SwapTotal:       1048572 kB
SwapFree:        1048572 kB
Dirty:              5348 kB
Writeback:             0 kB
AnonPages:       1194324 kB
Mapped:           809792 kB
Shmem:             18568 kB
Slab:             195192 kB
SReclaimable:      55960 kB
SUnreclaim:       139232 kB
KernelStack:       39200 kB
PageTables:        49796 kB
NFS_Unstable:          0 kB
Bounce:                0 kB
WritebackTmp:          0 kB
CommitLimit:     7105828 kB
Committed_AS:   56964792 kB
VmallocTotal:   263061440 kB
VmallocUsed:       64212 kB
VmallocChunk:          0 kB
Percpu:             2336 kB
CmaTotal:         294912 kB
CmaFree:               0 kB
MemTotal:       12114512 kB
MemFree:         3368928 kB
MemAvailable:    8784480 kB
Buffers:            6200 kB
Cached:          4146700 kB
SwapCached:            0 kB
Active:          1793308 kB
Inactive:        3553864 kB
Active(anon):    1198688 kB
Inactive(anon):    13804 kB
Active(file):     594620 kB
Inactive(file):  3540060 kB
Unevictable:        4164 kB
Mlocked:            4164 kB
SwapTotal:       1048572 kB
SwapFree:        1048572 kB
Dirty:              5368 kB
Writeback:             0 kB
AnonPages:       1198628 kB
Mapped:           806452 kB
Shmem:             14920 kB
Slab:             195208 kB
SReclaimable:      55960 kB
SUnreclaim:       139248 kB
KernelStack:       39152 kB
PageTables:        49796 kB
NFS_Unstable:          0 kB
Bounce:                0 kB
WritebackTmp:          0 kB
CommitLimit:     7105828 kB
Committed_AS:   56966644 kB
VmallocTotal:   263061440 kB
VmallocUsed:       64212 kB
VmallocChunk:          0 kB
Percpu:             2336 kB
CmaTotal:         294912 kB
CmaFree:               0 kB
MemTotal:       12114512 kB
MemFree:         3378256 kB
MemAvailable:    8872520 kB
Buffers:            6204 kB
Cached:          4148092 kB
SwapCached:            0 kB
Active:          1786292 kB
Inactive:        3553672 kB
Active(anon):    1190080 kB
Inactive(anon):    13564 kB
Active(file):     596212 kB
Inactive(file):  3540108 kB
Unevictable:        4164 kB
Mlocked:            4164 kB
SwapTotal:       1048572 kB
SwapFree:        1048572 kB
Dirty:              1740 kB
Writeback:             0 kB
AnonPages:       1189856 kB
Mapped:           805920 kB
Shmem:             14676 kB
Slab:             195064 kB
SReclaimable:      55960 kB
SUnreclaim:       139104 kB
KernelStack:       39008 kB
PageTables:        49600 kB
NFS_Unstable:          0 kB
Bounce:                0 kB
WritebackTmp:          0 kB
CommitLimit:     7105828 kB
Committed_AS:   56975684 kB
VmallocTotal:   263061440 kB
VmallocUsed:       63860 kB
VmallocChunk:          0 kB
Percpu:             2336 kB
CmaTotal:         294912 kB
CmaFree:               4 kB
MemTotal:       12114512 kB
MemFree:         3377816 kB
MemAvailable:    8872064 kB
Buffers:            6204 kB
Cached:          4148124 kB
SwapCached:            0 kB
Active:          1786804 kB
Inactive:        3553704 kB
Active(anon):    1190592 kB
Inactive(anon):    13596 kB
Active(file):     596212 kB
Inactive(file):  3540108 kB
Unevictable:        4164 kB
Mlocked:            4164 kB
SwapTotal:       1048572 kB
SwapFree:        1048572 kB
Dirty:              1740 kB
Writeback:             0 kB
AnonPages:       1190588 kB
Mapped:           806020 kB
Shmem:             14708 kB
Slab:             195064 kB
SReclaimable:      55960 kB
SUnreclaim:       139104 kB
KernelStack:       39008 kB
PageTables:        49608 kB
NFS_Unstable:          0 kB
Bounce:                0 kB
WritebackTmp:          0 kB
CommitLimit:     7105828 kB
Committed_AS:   56975376 kB
VmallocTotal:   263061440 kB
VmallocUsed:       63844 kB
VmallocChunk:          0 kB
Percpu:             2336 kB
CmaTotal:         294912 kB
CmaFree:               0 kB
MemTotal:       12114512 kB
MemFree:         3370868 kB
MemAvailable:    8867932 kB
Buffers:            6204 kB
Cached:          4151748 kB
SwapCached:            0 kB
Active:          1790716 kB
Inactive:        3557348 kB
Active(anon):    1194504 kB
Inactive(anon):    17240 kB
Active(file):     596212 kB
Inactive(file):  3540108 kB
Unevictable:        4164 kB
Mlocked:            4164 kB
SwapTotal:       1048572 kB
SwapFree:        1048572 kB
Dirty:              1768 kB
Writeback:             0 kB
AnonPages:       1194284 kB
Mapped:           809820 kB
Shmem:             18332 kB
Slab:             195064 kB
SReclaimable:      55960 kB
SUnreclaim:       139104 kB
KernelStack:       38996 kB
PageTables:        49536 kB
NFS_Unstable:          0 kB
Bounce:                0 kB
WritebackTmp:          0 kB
CommitLimit:     7105828 kB
Committed_AS:   56978688 kB
VmallocTotal:   263061440 kB
VmallocUsed:       63844 kB
VmallocChunk:          0 kB
Percpu:             2336 kB
CmaTotal:         294912 kB
CmaFree:               0 kB
MemTotal:       12114512 kB
MemFree:         3376664 kB
MemAvailable:    8873728 kB
Buffers:            6204 kB
Cached:          4148148 kB
SwapCached:            0 kB
Active:          1787292 kB
Inactive:        3553748 kB
Active(anon):    1191080 kB
Inactive(anon):    13640 kB
Active(file):     596212 kB
Inactive(file):  3540108 kB
Unevictable:        4164 kB
Mlocked:            4164 kB
SwapTotal:       1048572 kB
SwapFree:        1048572 kB
Dirty:              1776 kB
Writeback:             0 kB
AnonPages:       1190776 kB
Mapped:           806116 kB
Shmem:             14732 kB
Slab:             195064 kB
SReclaimable:      55960 kB
SUnreclaim:       139104 kB
KernelStack:       38976 kB
PageTables:        49560 kB
NFS_Unstable:          0 kB
Bounce:                0 kB
WritebackTmp:          0 kB
CommitLimit:     7105828 kB
Committed_AS:   56975496 kB
VmallocTotal:   263061440 kB
VmallocUsed:       63860 kB
VmallocChunk:          0 kB
Percpu:             2336 kB
CmaTotal:         294912 kB
CmaFree:               0 kB
MemTotal:       12114512 kB
MemFree:         3379240 kB
MemAvailable:    8876328 kB
Buffers:            6204 kB
Cached:          4148192 kB
SwapCached:            0 kB
Active:          1785340 kB
Inactive:        3553792 kB
Active(anon):    1189128 kB
Inactive(anon):    13684 kB
Active(file):     596212 kB
Inactive(file):  3540108 kB
Unevictable:        4164 kB
Mlocked:            4164 kB
SwapTotal:       1048572 kB
SwapFree:        1048572 kB
Dirty:              1780 kB
Writeback:             0 kB
AnonPages:       1188864 kB
Mapped:           806260 kB
Shmem:             14776 kB
Slab:             195072 kB
SReclaimable:      55960 kB
SUnreclaim:       139112 kB
KernelStack:       38996 kB
PageTables:        49536 kB
NFS_Unstable:          0 kB
Bounce:                0 kB
WritebackTmp:          0 kB
CommitLimit:     7105828 kB
Committed_AS:   56975108 kB
VmallocTotal:   263061440 kB
VmallocUsed:       63828 kB
VmallocChunk:          0 kB
Percpu:             2336 kB
CmaTotal:         294912 kB
CmaFree:               0 kB
MemTotal:       12114512 kB
MemFree:         3381588 kB
MemAvailable:    8878680 kB
Buffers:            6212 kB
Cached:          4151876 kB
SwapCached:            0 kB
Active:          1778332 kB
Inactive:        3557484 kB
Active(anon):    1182120 kB
Inactive(anon):    17372 kB
Active(file):     596212 kB
Inactive(file):  3540112 kB
Unevictable:        4164 kB
Mlocked:            4164 kB
SwapTotal:       1048572 kB
SwapFree:        1048572 kB
Dirty:               192 kB
Writeback:            84 kB
AnonPages:       1181696 kB
Mapped:           809728 kB
Shmem:             18464 kB
Slab:             195072 kB
SReclaimable:      55960 kB
SUnreclaim:       139112 kB
KernelStack:       38928 kB
PageTables:        49560 kB
NFS_Unstable:          0 kB
Bounce:                0 kB
WritebackTmp:          0 kB
CommitLimit:     7105828 kB
Committed_AS:   56982048 kB
VmallocTotal:   263061440 kB
VmallocUsed:       63732 kB
VmallocChunk:          0 kB
Percpu:             2336 kB
CmaTotal:         294912 kB
CmaFree:               0 kB
MemTotal:       12114512 kB
MemFree:         3385888 kB
MemAvailable:    8888016 kB
Buffers:            6212 kB
Cached:          4148068 kB
SwapCached:            0 kB
Active:          1778488 kB
Inactive:        3553668 kB
Active(anon):    1182268 kB
Inactive(anon):    13540 kB
Active(file):     596220 kB
Inactive(file):  3540128 kB
Unevictable:        4164 kB
Mlocked:            4164 kB
SwapTotal:       1048572 kB
SwapFree:        1048572 kB
Dirty:               152 kB
Writeback:             0 kB
AnonPages:       1181584 kB
Mapped:           806120 kB
Shmem:             14632 kB
Slab:             195048 kB
SReclaimable:      55960 kB
SUnreclaim:       139088 kB
KernelStack:       38736 kB
PageTables:        49500 kB
NFS_Unstable:          0 kB
Bounce:                0 kB
WritebackTmp:          0 kB
CommitLimit:     7105828 kB
Committed_AS:   56975276 kB
VmallocTotal:   263061440 kB
VmallocUsed:       63620 kB
VmallocChunk:          0 kB
Percpu:             2336 kB
CmaTotal:         294912 kB
CmaFree:               0 kB
MemTotal:       12114512 kB
MemFree:         3385392 kB
MemAvailable:    8887520 kB
Buffers:            6212 kB
Cached:          4148096 kB
SwapCached:            0 kB
Active:          1778484 kB
Inactive:        3553696 kB
Active(anon):    1182264 kB
Inactive(anon):    13568 kB
Active(file):     596220 kB
Inactive(file):  3540128 kB
Unevictable:        4164 kB
Mlocked:            4164 kB
SwapTotal:       1048572 kB
SwapFree:        1048572 kB
Dirty:               160 kB
Writeback:             0 kB
AnonPages:       1182216 kB
Mapped:           806084 kB
Shmem:             14660 kB
Slab:             195064 kB
SReclaimable:      55960 kB
SUnreclaim:       139104 kB
KernelStack:       38768 kB
PageTables:        49592 kB
NFS_Unstable:          0 kB
Bounce:                0 kB
WritebackTmp:          0 kB
CommitLimit:     7105828 kB
Committed_AS:   56975012 kB
VmallocTotal:   263061440 kB
VmallocUsed:       63636 kB
VmallocChunk:          0 kB
Percpu:             2336 kB
CmaTotal:         294912 kB
CmaFree:               0 kB
MemTotal:       12114512 kB
MemFree:         3382484 kB
MemAvailable:    8883844 kB
Buffers:            6212 kB
Cached:          4151364 kB
SwapCached:            0 kB
Active:          1779208 kB
Inactive:        3556964 kB
Active(anon):    1182988 kB
Inactive(anon):    16836 kB
Active(file):     596220 kB
Inactive(file):  3540128 kB
Unevictable:        4164 kB
Mlocked:            4164 kB
SwapTotal:       1048572 kB
SwapFree:        1048572 kB
Dirty:               164 kB
Writeback:             0 kB
AnonPages:       1182908 kB
Mapped:           809420 kB
Shmem:             17928 kB
Slab:             195064 kB
SReclaimable:      55960 kB
SUnreclaim:       139104 kB
KernelStack:       38756 kB
PageTables:        49508 kB
NFS_Unstable:          0 kB
Bounce:                0 kB
WritebackTmp:          0 kB
CommitLimit:     7105828 kB
Committed_AS:   56983992 kB
VmallocTotal:   263061440 kB
VmallocUsed:       63652 kB
VmallocChunk:          0 kB
Percpu:             2336 kB
CmaTotal:         294912 kB
CmaFree:               0 kB
MemTotal:       12114512 kB
MemFree:         3392152 kB
MemAvailable:    8893712 kB
Buffers:            6212 kB
Cached:          4148156 kB
SwapCached:            0 kB
Active:          1772848 kB
Inactive:        3553752 kB
Active(anon):    1176628 kB
Inactive(anon):    13624 kB
Active(file):     596220 kB
Inactive(file):  3540128 kB
Unevictable:        4164 kB
Mlocked:            4164 kB
SwapTotal:       1048572 kB
SwapFree:        1048572 kB
Dirty:               168 kB
Writeback:             0 kB
AnonPages:       1176144 kB
Mapped:           805464 kB
Shmem:             14720 kB
Slab:             195088 kB
SReclaimable:      55960 kB
SUnreclaim:       139128 kB
KernelStack:       38768 kB
PageTables:        49572 kB
NFS_Unstable:          0 kB
Bounce:                0 kB
WritebackTmp:          0 kB
CommitLimit:     7105828 kB
Committed_AS:   56976936 kB
VmallocTotal:   263061440 kB
VmallocUsed:       63636 kB
VmallocChunk:          0 kB
Percpu:             2336 kB
CmaTotal:         294912 kB
CmaFree:             252 kB
MemTotal:       12114512 kB
MemFree:         3386248 kB
MemAvailable:    8892920 kB
Buffers:            6212 kB
Cached:          4148296 kB
SwapCached:            0 kB
Active:          1778864 kB
Inactive:        3553872 kB
Active(anon):    1182644 kB
Inactive(anon):    13744 kB
Active(file):     596220 kB
Inactive(file):  3540128 kB
Unevictable:        4164 kB
Mlocked:            4164 kB
SwapTotal:       1048572 kB
SwapFree:        1048572 kB
Dirty:               156 kB
Writeback:             0 kB
AnonPages:       1182440 kB
Mapped:           811236 kB
Shmem:             14860 kB
Slab:             195436 kB
SReclaimable:      55964 kB
SUnreclaim:       139472 kB
KernelStack:       39040 kB
PageTables:        50276 kB
NFS_Unstable:          0 kB
Bounce:                0 kB
WritebackTmp:          0 kB
CommitLimit:     7105828 kB
Committed_AS:   58339832 kB
VmallocTotal:   263061440 kB
VmallocUsed:       63848 kB
VmallocChunk:          0 kB
Percpu:             2336 kB
CmaTotal:         294912 kB
CmaFree:             148 kB
MemTotal:       12114512 kB
MemFree:         3333164 kB
MemAvailable:    8875508 kB
Buffers:            6212 kB
Cached:          4147464 kB
SwapCached:            0 kB
Active:          1831988 kB
Inactive:        3553384 kB
Active(anon):    1236024 kB
Inactive(anon):    13272 kB
Active(file):     595964 kB
Inactive(file):  3540112 kB
Unevictable:        4164 kB
Mlocked:            4164 kB
SwapTotal:       1048572 kB
SwapFree:        1048572 kB
Dirty:               140 kB
Writeback:             0 kB
AnonPages:       1235912 kB
Mapped:           851664 kB
Shmem:             14300 kB
Slab:             195532 kB
SReclaimable:      55964 kB
SUnreclaim:       139568 kB
KernelStack:       39660 kB
PageTables:        50776 kB
NFS_Unstable:          0 kB
Bounce:                0 kB
WritebackTmp:          0 kB
CommitLimit:     7105828 kB
Committed_AS:   58453328 kB
VmallocTotal:   263061440 kB
VmallocUsed:       64392 kB
VmallocChunk:          0 kB
Percpu:             2336 kB
CmaTotal:         294912 kB
CmaFree:             104 kB
MemTotal:       12114512 kB
MemFree:         3330604 kB
MemAvailable:    8872932 kB
Buffers:            6212 kB
Cached:          4147528 kB
SwapCached:            0 kB
Active:          1833316 kB
Inactive:        3553460 kB
Active(anon):    1237380 kB
Inactive(anon):    13336 kB
Active(file):     595936 kB
Inactive(file):  3540124 kB
Unevictable:        4164 kB
Mlocked:            4164 kB
SwapTotal:       1048572 kB
SwapFree:        1048572 kB
Dirty:               144 kB
Writeback:             0 kB
AnonPages:       1237320 kB
Mapped:           852704 kB
Shmem:             14380 kB
Slab:             195612 kB
SReclaimable:      55964 kB
SUnreclaim:       139648 kB
KernelStack:       39616 kB
PageTables:        50772 kB
NFS_Unstable:          0 kB
Bounce:                0 kB
WritebackTmp:          0 kB
CommitLimit:     7105828 kB
Committed_AS:   58453356 kB
VmallocTotal:   263061440 kB
VmallocUsed:       64408 kB
VmallocChunk:          0 kB
Percpu:             2336 kB
CmaTotal:         294912 kB
CmaFree:               0 kB
MemTotal:       12114512 kB
MemFree:         3318724 kB
MemAvailable:    8742648 kB
Buffers:            6212 kB
Cached:          4147812 kB
SwapCached:            0 kB
Active:          1847484 kB
Inactive:        3553724 kB
Active(anon):    1251548 kB
Inactive(anon):    13608 kB
Active(file):     595936 kB
Inactive(file):  3540116 kB
Unevictable:        4164 kB
Mlocked:            4164 kB
SwapTotal:       1048572 kB
SwapFree:        1048572 kB
Dirty:               160 kB
Writeback:             4 kB
AnonPages:       1251512 kB
Mapped:           853488 kB
Shmem:             14672 kB
Slab:             195596 kB
SReclaimable:      55964 kB
SUnreclaim:       139632 kB
KernelStack:       39872 kB
PageTables:        51120 kB
NFS_Unstable:          0 kB
Bounce:                0 kB
WritebackTmp:          0 kB
CommitLimit:     7105828 kB
Committed_AS:   58483140 kB
VmallocTotal:   263061440 kB
VmallocUsed:       64696 kB
VmallocChunk:          0 kB
Percpu:             2336 kB
CmaTotal:         294912 kB
CmaFree:             132 kB
MemTotal:       12114512 kB
MemFree:         3122136 kB
MemAvailable:    8492588 kB
Buffers:            6212 kB
Cached:          4148448 kB
SwapCached:            0 kB
Active:          2037652 kB
Inactive:        3554324 kB
Active(anon):    1441708 kB
Inactive(anon):    14208 kB
Active(file):     595944 kB
Inactive(file):  3540116 kB
Unevictable:        4164 kB
Mlocked:            4164 kB
SwapTotal:       1048572 kB
SwapFree:        1048572 kB
Dirty:               248 kB
Writeback:             0 kB
AnonPages:       1441696 kB
Mapped:           862032 kB
Shmem:             15300 kB
Slab:             195664 kB
SReclaimable:      55964 kB
SUnreclaim:       139700 kB
KernelStack:       39904 kB
PageTables:        51600 kB
NFS_Unstable:          0 kB
Bounce:                0 kB
WritebackTmp:          0 kB
CommitLimit:     7105828 kB
Committed_AS:   58683820 kB
VmallocTotal:   263061440 kB
VmallocUsed:       64744 kB
VmallocChunk:          0 kB
Percpu:             2336 kB
CmaTotal:         294912 kB
CmaFree:               0 kB
MemTotal:       12114512 kB
MemFree:         2692232 kB
MemAvailable:    7883528 kB
Buffers:            6212 kB
Cached:          4148564 kB
SwapCached:            0 kB
Active:          2465836 kB
Inactive:        3554396 kB
Active(anon):    1869880 kB
Inactive(anon):    14288 kB
Active(file):     595956 kB
Inactive(file):  3540108 kB
Unevictable:        4164 kB
Mlocked:            4164 kB
SwapTotal:       1048572 kB
SwapFree:        1048572 kB
Dirty:               312 kB
Writeback:             0 kB
AnonPages:       1869736 kB
Mapped:           879520 kB
Shmem:             15412 kB
Slab:             195864 kB
SReclaimable:      55964 kB
SUnreclaim:       139900 kB
KernelStack:       40704 kB
PageTables:        52848 kB
NFS_Unstable:          0 kB
Bounce:                0 kB
WritebackTmp:          0 kB
CommitLimit:     7105828 kB
Committed_AS:   59112576 kB
VmallocTotal:   263061440 kB
VmallocUsed:       65464 kB
VmallocChunk:          0 kB
Percpu:             2336 kB
CmaTotal:         294912 kB
CmaFree:               0 kB
MemTotal:       12114512 kB
MemFree:         2746220 kB
MemAvailable:    7945880 kB
Buffers:            6212 kB
Cached:          4148456 kB
SwapCached:            0 kB
Active:          2411408 kB
Inactive:        3554380 kB
Active(anon):    1815452 kB
Inactive(anon):    14268 kB
Active(file):     595956 kB
Inactive(file):  3540112 kB
Unevictable:        4164 kB
Mlocked:            4164 kB
SwapTotal:       1048572 kB
SwapFree:        1048572 kB
Dirty:               444 kB
Writeback:             0 kB
AnonPages:       1815452 kB
Mapped:           884448 kB
Shmem:             15300 kB
Slab:             195936 kB
SReclaimable:      55964 kB
SUnreclaim:       139972 kB
KernelStack:       40704 kB
PageTables:        53504 kB
NFS_Unstable:          0 kB
Bounce:                0 kB
WritebackTmp:          0 kB
CommitLimit:     7105828 kB
Committed_AS:   59348404 kB
VmallocTotal:   263061440 kB
VmallocUsed:       65448 kB
VmallocChunk:          0 kB
Percpu:             2336 kB
CmaTotal:         294912 kB
CmaFree:               0 kB
MemTotal:       12114512 kB
MemFree:         2739376 kB
MemAvailable:    7938348 kB
Buffers:            6212 kB
Cached:          4149480 kB
SwapCached:            0 kB
Active:          2415428 kB
Inactive:        3555412 kB
Active(anon):    1819472 kB
Inactive(anon):    15300 kB
Active(file):     595956 kB
Inactive(file):  3540112 kB
Unevictable:        4164 kB
Mlocked:            4164 kB
SwapTotal:       1048572 kB
SwapFree:        1048572 kB
Dirty:               652 kB
Writeback:             0 kB
AnonPages:       1819404 kB
Mapped:           886440 kB
Shmem:             16324 kB
Slab:             195892 kB
SReclaimable:      55964 kB
SUnreclaim:       139928 kB
KernelStack:       40640 kB
PageTables:        53412 kB
NFS_Unstable:          0 kB
Bounce:                0 kB
WritebackTmp:          0 kB
CommitLimit:     7105828 kB
Committed_AS:   59364760 kB
VmallocTotal:   263061440 kB
VmallocUsed:       65448 kB
VmallocChunk:          0 kB
Percpu:             2336 kB
CmaTotal:         294912 kB
CmaFree:               0 kB
MemTotal:       12114512 kB
MemFree:         2744760 kB
MemAvailable:    7943716 kB
Buffers:            6212 kB
Cached:          4148440 kB
SwapCached:            0 kB
Active:          2411624 kB
Inactive:        3554372 kB
Active(anon):    1815668 kB
Inactive(anon):    14260 kB
Active(file):     595956 kB
Inactive(file):  3540112 kB
Unevictable:        4164 kB
Mlocked:            4164 kB
SwapTotal:       1048572 kB
SwapFree:        1048572 kB
Dirty:               780 kB
Writeback:             0 kB
AnonPages:       1815664 kB
Mapped:           885592 kB
Shmem:             15284 kB
Slab:             195860 kB
SReclaimable:      55964 kB
SUnreclaim:       139896 kB
KernelStack:       40640 kB
PageTables:        53316 kB
NFS_Unstable:          0 kB
Bounce:                0 kB
WritebackTmp:          0 kB
CommitLimit:     7105828 kB
Committed_AS:   59358408 kB
VmallocTotal:   263061440 kB
VmallocUsed:       65496 kB
VmallocChunk:          0 kB
Percpu:             2336 kB
CmaTotal:         294912 kB
CmaFree:               0 kB
MemTotal:       12114512 kB
MemFree:         2743960 kB
MemAvailable:    7942908 kB
Buffers:            6212 kB
Cached:          4148440 kB
SwapCached:            0 kB
Active:          2411060 kB
Inactive:        3554372 kB
Active(anon):    1815104 kB
Inactive(anon):    14260 kB
Active(file):     595956 kB
Inactive(file):  3540112 kB
Unevictable:        4164 kB
Mlocked:            4164 kB
SwapTotal:       1048572 kB
SwapFree:        1048572 kB
Dirty:               848 kB
Writeback:             0 kB
AnonPages:       1815012 kB
Mapped:           885680 kB
Shmem:             15284 kB
Slab:             195888 kB
SReclaimable:      55968 kB
SUnreclaim:       139920 kB
KernelStack:       40640 kB
PageTables:        53412 kB
NFS_Unstable:          0 kB
Bounce:                0 kB
WritebackTmp:          0 kB
CommitLimit:     7105828 kB
Committed_AS:   59358100 kB
VmallocTotal:   263061440 kB
VmallocUsed:       65512 kB
VmallocChunk:          0 kB
Percpu:             2336 kB
CmaTotal:         294912 kB
CmaFree:               0 kB
MemTotal:       12114512 kB
MemFree:         2696928 kB
MemAvailable:    7849152 kB
Buffers:            6212 kB
Cached:          4155480 kB
SwapCached:            0 kB
Active:          2454368 kB
Inactive:        3561412 kB
Active(anon):    1858412 kB
Inactive(anon):    21280 kB
Active(file):     595956 kB
Inactive(file):  3540132 kB
Unevictable:        4164 kB
Mlocked:            4164 kB
SwapTotal:       1048572 kB
SwapFree:        1048572 kB
Dirty:               112 kB
Writeback:            20 kB
AnonPages:       1857860 kB
Mapped:           894088 kB
Shmem:             22304 kB
Slab:             195944 kB
SReclaimable:      55968 kB
SUnreclaim:       139976 kB
KernelStack:       40656 kB
PageTables:        53852 kB
NFS_Unstable:          0 kB
Bounce:                0 kB
WritebackTmp:          0 kB
CommitLimit:     7105828 kB
Committed_AS:   59406184 kB
VmallocTotal:   263061440 kB
VmallocUsed:       65528 kB
VmallocChunk:          0 kB
Percpu:             2336 kB
CmaTotal:         294912 kB
CmaFree:               0 kB
MemTotal:       12114512 kB
MemFree:         2646060 kB
MemAvailable:    7907896 kB
Buffers:            6212 kB
Cached:          4148440 kB
SwapCached:            0 kB
Active:          2510296 kB
Inactive:        3554372 kB
Active(anon):    1914340 kB
Inactive(anon):    14260 kB
Active(file):     595956 kB
Inactive(file):  3540112 kB
Unevictable:        4164 kB
Mlocked:            4164 kB
SwapTotal:       1048572 kB
SwapFree:        1048572 kB
Dirty:               100 kB
Writeback:             0 kB
AnonPages:       1914308 kB
Mapped:           890268 kB
Shmem:             15284 kB
Slab:             196040 kB
SReclaimable:      55968 kB
SUnreclaim:       140072 kB
KernelStack:       40720 kB
PageTables:        53528 kB
NFS_Unstable:          0 kB
Bounce:                0 kB
WritebackTmp:          0 kB
CommitLimit:     7105828 kB
Committed_AS:   59436612 kB
VmallocTotal:   263061440 kB
VmallocUsed:       65528 kB
VmallocChunk:          0 kB
Percpu:             2336 kB
CmaTotal:         294912 kB
CmaFree:               0 kB
MemTotal:       12114512 kB
MemFree:         2640892 kB
MemAvailable:    7820272 kB
Buffers:            6212 kB
Cached:          4148440 kB
SwapCached:            0 kB
Active:          2517164 kB
Inactive:        3554372 kB
Active(anon):    1921208 kB
Inactive(anon):    14260 kB
Active(file):     595956 kB
Inactive(file):  3540112 kB
Unevictable:        4164 kB
Mlocked:            4164 kB
SwapTotal:       1048572 kB
SwapFree:        1048572 kB
Dirty:               108 kB
Writeback:             0 kB
AnonPages:       1921076 kB
Mapped:           892060 kB
Shmem:             15284 kB
Slab:             196040 kB
SReclaimable:      55968 kB
SUnreclaim:       140072 kB
KernelStack:       40704 kB
PageTables:        53540 kB
NFS_Unstable:          0 kB
Bounce:                0 kB
WritebackTmp:          0 kB
CommitLimit:     7105828 kB
Committed_AS:   59457092 kB
VmallocTotal:   263061440 kB
VmallocUsed:       65512 kB
VmallocChunk:          0 kB
Percpu:             2336 kB
CmaTotal:         294912 kB
CmaFree:               0 kB
MemTotal:       12114512 kB
MemFree:         2633040 kB
MemAvailable:    7812400 kB
Buffers:            6212 kB
Cached:          4155704 kB
SwapCached:            0 kB
Active:          2517396 kB
Inactive:        3561636 kB
Active(anon):    1921440 kB
Inactive(anon):    21524 kB
Active(file):     595956 kB
Inactive(file):  3540112 kB
Unevictable:        4164 kB
Mlocked:            4164 kB
SwapTotal:       1048572 kB
SwapFree:        1048572 kB
Dirty:               116 kB
Writeback:             0 kB
AnonPages:       1921148 kB
Mapped:           899528 kB
Shmem:             22548 kB
Slab:             196048 kB
SReclaimable:      55968 kB
SUnreclaim:       140080 kB
KernelStack:       40736 kB
PageTables:        53668 kB
NFS_Unstable:          0 kB
Bounce:                0 kB
WritebackTmp:          0 kB
CommitLimit:     7105828 kB
Committed_AS:   59456784 kB
VmallocTotal:   263061440 kB
VmallocUsed:       65512 kB
VmallocChunk:          0 kB
Percpu:             2336 kB
CmaTotal:         294912 kB
CmaFree:               0 kB
MemTotal:       12114512 kB
MemFree:         2640216 kB
MemAvailable:    7819580 kB
Buffers:            6212 kB
Cached:          4148540 kB
SwapCached:            0 kB
Active:          2516368 kB
Inactive:        3554472 kB
Active(anon):    1920412 kB
Inactive(anon):    14356 kB
Active(file):     595956 kB
Inactive(file):  3540116 kB
Unevictable:        4164 kB
Mlocked:            4164 kB
SwapTotal:       1048572 kB
SwapFree:        1048572 kB
Dirty:               120 kB
Writeback:             0 kB
AnonPages:       1920124 kB
Mapped:           892372 kB
Shmem:             15380 kB
Slab:             196060 kB
SReclaimable:      55968 kB
SUnreclaim:       140092 kB
KernelStack:       40672 kB
PageTables:        53620 kB
NFS_Unstable:          0 kB
Bounce:                0 kB
WritebackTmp:          0 kB
CommitLimit:     7105828 kB
Committed_AS:   59450372 kB
VmallocTotal:   263061440 kB
VmallocUsed:       65512 kB
VmallocChunk:          0 kB
Percpu:             2336 kB
CmaTotal:         294912 kB
CmaFree:               0 kB
MemTotal:       12114512 kB
MemFree:         2640420 kB
MemAvailable:    7819784 kB
Buffers:            6212 kB
Cached:          4148444 kB
SwapCached:            0 kB
Active:          2516456 kB
Inactive:        3554376 kB
Active(anon):    1920500 kB
Inactive(anon):    14260 kB
Active(file):     595956 kB
Inactive(file):  3540116 kB
Unevictable:        4164 kB
Mlocked:            4164 kB
SwapTotal:       1048572 kB
SwapFree:        1048572 kB
Dirty:               176 kB
Writeback:             0 kB
AnonPages:       1920364 kB
Mapped:           892412 kB
Shmem:             15284 kB
Slab:             196048 kB
SReclaimable:      55968 kB
SUnreclaim:       140080 kB
KernelStack:       40688 kB
PageTables:        53596 kB
NFS_Unstable:          0 kB
Bounce:                0 kB
WritebackTmp:          0 kB
CommitLimit:     7105828 kB
Committed_AS:   59448844 kB
VmallocTotal:   263061440 kB
VmallocUsed:       65512 kB
VmallocChunk:          0 kB
Percpu:             2336 kB
CmaTotal:         294912 kB
CmaFree:               8 kB
MemTotal:       12114512 kB
MemFree:         2630900 kB
MemAvailable:    7810264 kB
Buffers:            6212 kB
Cached:          4153896 kB
SwapCached:            0 kB
Active:          2520204 kB
Inactive:        3559796 kB
Active(anon):    1924248 kB
Inactive(anon):    19680 kB
Active(file):     595956 kB
Inactive(file):  3540116 kB
Unevictable:        4164 kB
Mlocked:            4164 kB
SwapTotal:       1048572 kB
SwapFree:        1048572 kB
Dirty:               144 kB
Writeback:             0 kB
AnonPages:       1924428 kB
Mapped:           897764 kB
Shmem:             20736 kB
Slab:             196056 kB
SReclaimable:      55968 kB
SUnreclaim:       140088 kB
KernelStack:       40688 kB
PageTables:        53628 kB
NFS_Unstable:          0 kB
Bounce:                0 kB
WritebackTmp:          0 kB
CommitLimit:     7105828 kB
Committed_AS:   59456116 kB
VmallocTotal:   263061440 kB
VmallocUsed:       65528 kB
VmallocChunk:          0 kB
Percpu:             2336 kB
CmaTotal:         294912 kB
CmaFree:               0 kB
MemTotal:       12114512 kB
MemFree:         2638112 kB
MemAvailable:    7815420 kB
Buffers:            6212 kB
Cached:          4148444 kB
SwapCached:            0 kB
Active:          2519868 kB
Inactive:        3554376 kB
Active(anon):    1923912 kB
Inactive(anon):    14260 kB
Active(file):     595956 kB
Inactive(file):  3540116 kB
Unevictable:        4164 kB
Mlocked:            4164 kB
SwapTotal:       1048572 kB
SwapFree:        1048572 kB
Dirty:               148 kB
Writeback:             0 kB
AnonPages:       1923700 kB
Mapped:           893448 kB
Shmem:             15284 kB
Slab:             196076 kB
SReclaimable:      55968 kB
SUnreclaim:       140108 kB
KernelStack:       40704 kB
PageTables:        53648 kB
NFS_Unstable:          0 kB
Bounce:                0 kB
WritebackTmp:          0 kB
CommitLimit:     7105828 kB
Committed_AS:   59479124 kB
VmallocTotal:   263061440 kB
VmallocUsed:       65528 kB
VmallocChunk:          0 kB
Percpu:             2336 kB
CmaTotal:         294912 kB
CmaFree:               0 kB
MemTotal:       12114512 kB
MemFree:         2636148 kB
MemAvailable:    7813456 kB
Buffers:            6212 kB
Cached:          4148444 kB
SwapCached:            0 kB
Active:          2520240 kB
Inactive:        3554376 kB
Active(anon):    1924284 kB
Inactive(anon):    14260 kB
Active(file):     595956 kB
Inactive(file):  3540116 kB
Unevictable:        4164 kB
Mlocked:            4164 kB
SwapTotal:       1048572 kB
SwapFree:        1048572 kB
Dirty:               148 kB
Writeback:             0 kB
AnonPages:       1924208 kB
Mapped:           893740 kB
Shmem:             15284 kB
Slab:             196064 kB
SReclaimable:      55968 kB
SUnreclaim:       140096 kB
KernelStack:       40672 kB
PageTables:        53584 kB
NFS_Unstable:          0 kB
Bounce:                0 kB
WritebackTmp:          0 kB
CommitLimit:     7105828 kB
Committed_AS:   59481228 kB
VmallocTotal:   263061440 kB
VmallocUsed:       65528 kB
VmallocChunk:          0 kB
Percpu:             2336 kB
CmaTotal:         294912 kB
CmaFree:               0 kB
MemTotal:       12114512 kB
MemFree:         2629880 kB
MemAvailable:    7807188 kB
Buffers:            6212 kB
Cached:          4154792 kB
SwapCached:            0 kB
Active:          2520244 kB
Inactive:        3560676 kB
Active(anon):    1924288 kB
Inactive(anon):    20560 kB
Active(file):     595956 kB
Inactive(file):  3540116 kB
Unevictable:        4164 kB
Mlocked:            4164 kB
SwapTotal:       1048572 kB
SwapFree:        1048572 kB
Dirty:               152 kB
Writeback:             0 kB
AnonPages:       1922476 kB
Mapped:           899864 kB
Shmem:             21632 kB
Slab:             196076 kB
SReclaimable:      55968 kB
SUnreclaim:       140108 kB
KernelStack:       40688 kB
PageTables:        53644 kB
NFS_Unstable:          0 kB
Bounce:                0 kB
WritebackTmp:          0 kB
CommitLimit:     7105828 kB
Committed_AS:   59488064 kB
VmallocTotal:   263061440 kB
VmallocUsed:       65544 kB
VmallocChunk:          0 kB
Percpu:             2336 kB
CmaTotal:         294912 kB
CmaFree:               0 kB
MemTotal:       12114512 kB
MemFree:         2635428 kB
MemAvailable:    7812736 kB
Buffers:            6212 kB
Cached:          4148444 kB
SwapCached:            0 kB
Active:          2521656 kB
Inactive:        3553772 kB
Active(anon):    1925096 kB
Inactive(anon):    14260 kB
Active(file):     596560 kB
Inactive(file):  3539512 kB
Unevictable:        4164 kB
Mlocked:            4164 kB
SwapTotal:       1048572 kB
SwapFree:        1048572 kB
Dirty:               168 kB
Writeback:             0 kB
AnonPages:       1924452 kB
Mapped:           893584 kB
Shmem:             15284 kB
Slab:             196080 kB
SReclaimable:      55968 kB
SUnreclaim:       140112 kB
KernelStack:       40704 kB
PageTables:        53640 kB
NFS_Unstable:          0 kB
Bounce:                0 kB
WritebackTmp:          0 kB
CommitLimit:     7105828 kB
Committed_AS:   59488004 kB
VmallocTotal:   263061440 kB
VmallocUsed:       65528 kB
VmallocChunk:          0 kB
Percpu:             2336 kB
CmaTotal:         294912 kB
CmaFree:               0 kB
MemTotal:       12114512 kB
MemFree:         2641024 kB
MemAvailable:    7817968 kB
Buffers:            6212 kB
Cached:          4148444 kB
SwapCached:            0 kB
Active:          2516436 kB
Inactive:        3553772 kB
Active(anon):    1919876 kB
Inactive(anon):    14260 kB
Active(file):     596560 kB
Inactive(file):  3539512 kB
Unevictable:        4164 kB
Mlocked:            4164 kB
SwapTotal:       1048572 kB
SwapFree:        1048572 kB
Dirty:               124 kB
Writeback:             0 kB
AnonPages:       1919600 kB
Mapped:           893580 kB
Shmem:             15284 kB
Slab:             196068 kB
SReclaimable:      55968 kB
SUnreclaim:       140100 kB
KernelStack:       40704 kB
PageTables:        53612 kB
NFS_Unstable:          0 kB
Bounce:                0 kB
WritebackTmp:          0 kB
CommitLimit:     7105828 kB
Committed_AS:   59478580 kB
VmallocTotal:   263061440 kB
VmallocUsed:       65528 kB
VmallocChunk:          0 kB
Percpu:             2336 kB
CmaTotal:         294912 kB
CmaFree:             116 kB
MemTotal:       12114512 kB
MemFree:         2640584 kB
MemAvailable:    7817280 kB
Buffers:            6212 kB
Cached:          4148444 kB
SwapCached:            0 kB
Active:          2516492 kB
Inactive:        3553772 kB
Active(anon):    1919932 kB
Inactive(anon):    14260 kB
Active(file):     596560 kB
Inactive(file):  3539512 kB
Unevictable:        4164 kB
Mlocked:            4164 kB
SwapTotal:       1048572 kB
SwapFree:        1048572 kB
Dirty:               124 kB
Writeback:             0 kB
AnonPages:       1919904 kB
Mapped:           893516 kB
Shmem:             15284 kB
Slab:             196080 kB
SReclaimable:      55968 kB
SUnreclaim:       140112 kB
KernelStack:       40768 kB
PageTables:        53684 kB
NFS_Unstable:          0 kB
Bounce:                0 kB
WritebackTmp:          0 kB
CommitLimit:     7105828 kB
Committed_AS:   59478316 kB
VmallocTotal:   263061440 kB
VmallocUsed:       65544 kB
VmallocChunk:          0 kB
Percpu:             2336 kB
CmaTotal:         294912 kB
CmaFree:              68 kB
MemTotal:       12114512 kB
MemFree:         2639992 kB
MemAvailable:    7816684 kB
Buffers:            6212 kB
Cached:          4148444 kB
SwapCached:            0 kB
Active:          2516928 kB
Inactive:        3553772 kB
Active(anon):    1920368 kB
Inactive(anon):    14260 kB
Active(file):     596560 kB
Inactive(file):  3539512 kB
Unevictable:        4164 kB
Mlocked:            4164 kB
SwapTotal:       1048572 kB
SwapFree:        1048572 kB
Dirty:               124 kB
Writeback:             0 kB
AnonPages:       1920260 kB
Mapped:           893988 kB
Shmem:             15284 kB
Slab:             196064 kB
SReclaimable:      55968 kB
SUnreclaim:       140096 kB
KernelStack:       40784 kB
PageTables:        53580 kB
NFS_Unstable:          0 kB
Bounce:                0 kB
WritebackTmp:          0 kB
CommitLimit:     7105828 kB
Committed_AS:   59474780 kB
VmallocTotal:   263061440 kB
VmallocUsed:       65608 kB
VmallocChunk:          0 kB
Percpu:             2336 kB
CmaTotal:         294912 kB
CmaFree:               0 kB
MemTotal:       12114512 kB
MemFree:         2640208 kB
MemAvailable:    7816536 kB
Buffers:            6212 kB
Cached:          4148444 kB
SwapCached:            0 kB
Active:          2517048 kB
Inactive:        3553772 kB
Active(anon):    1920488 kB
Inactive(anon):    14260 kB
Active(file):     596560 kB
Inactive(file):  3539512 kB
Unevictable:        4164 kB
Mlocked:            4164 kB
SwapTotal:       1048572 kB
SwapFree:        1048572 kB
Dirty:               124 kB
Writeback:             0 kB
AnonPages:       1920100 kB
Mapped:           893720 kB
Shmem:             15284 kB
Slab:             196064 kB
SReclaimable:      55968 kB
SUnreclaim:       140096 kB
KernelStack:       40784 kB
PageTables:        53596 kB
NFS_Unstable:          0 kB
Bounce:                0 kB
WritebackTmp:          0 kB
CommitLimit:     7105828 kB
Committed_AS:   59474992 kB
VmallocTotal:   263061440 kB
VmallocUsed:       65608 kB
VmallocChunk:          0 kB
Percpu:             2336 kB
CmaTotal:         294912 kB
CmaFree:               0 kB
MemTotal:       12114512 kB
MemFree:         2640416 kB
MemAvailable:    7816660 kB
Buffers:            6212 kB
Cached:          4148348 kB
SwapCached:            0 kB
Active:          2517084 kB
Inactive:        3553676 kB
Active(anon):    1920524 kB
Inactive(anon):    14164 kB
Active(file):     596560 kB
Inactive(file):  3539512 kB
Unevictable:        4164 kB
Mlocked:            4164 kB
SwapTotal:       1048572 kB
SwapFree:        1048572 kB
Dirty:               128 kB
Writeback:             0 kB
AnonPages:       1920356 kB
Mapped:           893984 kB
Shmem:             15188 kB
Slab:             196076 kB
SReclaimable:      55968 kB
SUnreclaim:       140108 kB
KernelStack:       40736 kB
PageTables:        53592 kB
NFS_Unstable:          0 kB
Bounce:                0 kB
WritebackTmp:          0 kB
CommitLimit:     7105828 kB
Committed_AS:   59474772 kB
VmallocTotal:   263061440 kB
VmallocUsed:       65592 kB
VmallocChunk:          0 kB
Percpu:             2336 kB
CmaTotal:         294912 kB
CmaFree:               0 kB
MemTotal:       12114512 kB
MemFree:         2629024 kB
MemAvailable:    7805204 kB
Buffers:            6212 kB
Cached:          4148348 kB
SwapCached:            0 kB
Active:          2528676 kB
Inactive:        3553676 kB
Active(anon):    1932116 kB
Inactive(anon):    14164 kB
Active(file):     596560 kB
Inactive(file):  3539512 kB
Unevictable:        4164 kB
Mlocked:            4164 kB
SwapTotal:       1048572 kB
SwapFree:        1048572 kB
Dirty:                68 kB
Writeback:             0 kB
AnonPages:       1931984 kB
Mapped:           894196 kB
Shmem:             15188 kB
Slab:             196064 kB
SReclaimable:      55968 kB
SUnreclaim:       140096 kB
KernelStack:       40832 kB
PageTables:        53696 kB
NFS_Unstable:          0 kB
Bounce:                0 kB
WritebackTmp:          0 kB
CommitLimit:     7105828 kB
Committed_AS:   59489496 kB
VmallocTotal:   263061440 kB
VmallocUsed:       65672 kB
VmallocChunk:          0 kB
Percpu:             2336 kB
CmaTotal:         294912 kB
CmaFree:               0 kB
MemTotal:       12114512 kB
MemFree:         2627324 kB
MemAvailable:    7803504 kB
Buffers:            6212 kB
Cached:          4148348 kB
SwapCached:            0 kB
Active:          2529740 kB
Inactive:        3553676 kB
Active(anon):    1933180 kB
Inactive(anon):    14164 kB
Active(file):     596560 kB
Inactive(file):  3539512 kB
Unevictable:        4164 kB
Mlocked:            4164 kB
SwapTotal:       1048572 kB
SwapFree:        1048572 kB
Dirty:                80 kB
Writeback:             0 kB
AnonPages:       1933024 kB
Mapped:           894004 kB
Shmem:             15188 kB
Slab:             196072 kB
SReclaimable:      55968 kB
SUnreclaim:       140104 kB
KernelStack:       40768 kB
PageTables:        53660 kB
NFS_Unstable:          0 kB
Bounce:                0 kB
WritebackTmp:          0 kB
CommitLimit:     7105828 kB
Committed_AS:   59489232 kB
VmallocTotal:   263061440 kB
VmallocUsed:       65672 kB
VmallocChunk:          0 kB
Percpu:             2336 kB
CmaTotal:         294912 kB
CmaFree:               0 kB
MemTotal:       12114512 kB
MemFree:         2613572 kB
MemAvailable:    7789688 kB
Buffers:            6212 kB
Cached:          4148348 kB
SwapCached:            0 kB
Active:          2553668 kB
Inactive:        3542316 kB
Active(anon):    1945748 kB
Inactive(anon):    14164 kB
Active(file):     607920 kB
Inactive(file):  3528152 kB
Unevictable:        4164 kB
Mlocked:            4164 kB
SwapTotal:       1048572 kB
SwapFree:        1048572 kB
Dirty:               112 kB
Writeback:             0 kB
AnonPages:       1945764 kB
Mapped:           894088 kB
Shmem:             15188 kB
Slab:             196072 kB
SReclaimable:      55968 kB
SUnreclaim:       140104 kB
KernelStack:       40768 kB
PageTables:        53684 kB
NFS_Unstable:          0 kB
Bounce:                0 kB
WritebackTmp:          0 kB
CommitLimit:     7105828 kB
Committed_AS:   59500712 kB
VmallocTotal:   263061440 kB
VmallocUsed:       65672 kB
VmallocChunk:          0 kB
Percpu:             2336 kB
CmaTotal:         294912 kB
CmaFree:              28 kB
MemTotal:       12114512 kB
MemFree:         2612784 kB
MemAvailable:    7788900 kB
Buffers:            6212 kB
Cached:          4148348 kB
SwapCached:            0 kB
Active:          2554008 kB
Inactive:        3542316 kB
Active(anon):    1946088 kB
Inactive(anon):    14164 kB
Active(file):     607920 kB
Inactive(file):  3528152 kB
Unevictable:        4164 kB
Mlocked:            4164 kB
SwapTotal:       1048572 kB
SwapFree:        1048572 kB
Dirty:               120 kB
Writeback:             0 kB
AnonPages:       1945764 kB
Mapped:           894172 kB
Shmem:             15188 kB
Slab:             196088 kB
SReclaimable:      55968 kB
SUnreclaim:       140120 kB
KernelStack:       40800 kB
PageTables:        53708 kB
NFS_Unstable:          0 kB
Bounce:                0 kB
WritebackTmp:          0 kB
CommitLimit:     7105828 kB
Committed_AS:   59500324 kB
VmallocTotal:   263061440 kB
VmallocUsed:       65624 kB
VmallocChunk:          0 kB
Percpu:             2336 kB
CmaTotal:         294912 kB
CmaFree:               0 kB
MemTotal:       12114512 kB
MemFree:         2609820 kB
MemAvailable:    7785940 kB
Buffers:            6212 kB
Cached:          4148352 kB
SwapCached:            0 kB
Active:          2555456 kB
Inactive:        3542320 kB
Active(anon):    1947536 kB
Inactive(anon):    14164 kB
Active(file):     607920 kB
Inactive(file):  3528156 kB
Unevictable:        4164 kB
Mlocked:            4164 kB
SwapTotal:       1048572 kB
SwapFree:        1048572 kB
Dirty:               164 kB
Writeback:             0 kB
AnonPages:       1947448 kB
Mapped:           894132 kB
Shmem:             15188 kB
Slab:             196088 kB
SReclaimable:      55968 kB
SUnreclaim:       140120 kB
KernelStack:       40768 kB
PageTables:        53684 kB
NFS_Unstable:          0 kB
Bounce:                0 kB
WritebackTmp:          0 kB
CommitLimit:     7105828 kB
Committed_AS:   59500060 kB
VmallocTotal:   263061440 kB
VmallocUsed:       65640 kB
VmallocChunk:          0 kB
Percpu:             2336 kB
CmaTotal:         294912 kB
CmaFree:               0 kB
MemTotal:       12114512 kB
MemFree:         2623444 kB
MemAvailable:    7799564 kB
Buffers:            6212 kB
Cached:          4148352 kB
SwapCached:            0 kB
Active:          2541048 kB
Inactive:        3542320 kB
Active(anon):    1933128 kB
Inactive(anon):    14164 kB
Active(file):     607920 kB
Inactive(file):  3528156 kB
Unevictable:        4164 kB
Mlocked:            4164 kB
SwapTotal:       1048572 kB
SwapFree:        1048572 kB
Dirty:                84 kB
Writeback:             0 kB
AnonPages:       1933268 kB
Mapped:           894188 kB
Shmem:             15188 kB
Slab:             196068 kB
SReclaimable:      55968 kB
SUnreclaim:       140100 kB
KernelStack:       40768 kB
PageTables:        53652 kB
NFS_Unstable:          0 kB
Bounce:                0 kB
WritebackTmp:          0 kB
CommitLimit:     7105828 kB
Committed_AS:   59500400 kB
VmallocTotal:   263061440 kB
VmallocUsed:       65656 kB
VmallocChunk:          0 kB
Percpu:             2336 kB
CmaTotal:         294912 kB
CmaFree:               0 kB
MemTotal:       12114512 kB
MemFree:         2624676 kB
MemAvailable:    7800796 kB
Buffers:            6212 kB
Cached:          4148352 kB
SwapCached:            0 kB
Active:          2541084 kB
Inactive:        3542320 kB
Active(anon):    1933164 kB
Inactive(anon):    14164 kB
Active(file):     607920 kB
Inactive(file):  3528156 kB
Unevictable:        4164 kB
Mlocked:            4164 kB
SwapTotal:       1048572 kB
SwapFree:        1048572 kB
Dirty:                84 kB
Writeback:             0 kB
AnonPages:       1932912 kB
Mapped:           894268 kB
Shmem:             15188 kB
Slab:             196084 kB
SReclaimable:      55968 kB
SUnreclaim:       140116 kB
KernelStack:       40868 kB
PageTables:        53684 kB
NFS_Unstable:          0 kB
Bounce:                0 kB
WritebackTmp:          0 kB
CommitLimit:     7105828 kB
Committed_AS:   59499888 kB
VmallocTotal:   263061440 kB
VmallocUsed:       65624 kB
VmallocChunk:          0 kB
Percpu:             2336 kB
CmaTotal:         294912 kB
CmaFree:               0 kB
MemTotal:       12114512 kB
MemFree:         2626816 kB
MemAvailable:    7802936 kB
Buffers:            6212 kB
Cached:          4148352 kB
SwapCached:            0 kB
Active:          2540264 kB
Inactive:        3542320 kB
Active(anon):    1932344 kB
Inactive(anon):    14164 kB
Active(file):     607920 kB
Inactive(file):  3528156 kB
Unevictable:        4164 kB
Mlocked:            4164 kB
SwapTotal:       1048572 kB
SwapFree:        1048572 kB
Dirty:                84 kB
Writeback:             0 kB
AnonPages:       1932040 kB
Mapped:           894452 kB
Shmem:             15188 kB
Slab:             196088 kB
SReclaimable:      55968 kB
SUnreclaim:       140120 kB
KernelStack:       40752 kB
PageTables:        53668 kB
NFS_Unstable:          0 kB
Bounce:                0 kB
WritebackTmp:          0 kB
CommitLimit:     7105828 kB
Committed_AS:   59498112 kB
VmallocTotal:   263061440 kB
VmallocUsed:       65624 kB
VmallocChunk:          0 kB
Percpu:             2336 kB
CmaTotal:         294912 kB
CmaFree:              40 kB
MemTotal:       12114512 kB
MemFree:         2626044 kB
MemAvailable:    7802164 kB
Buffers:            6212 kB
Cached:          4148352 kB
SwapCached:            0 kB
Active:          2540000 kB
Inactive:        3542320 kB
Active(anon):    1932080 kB
Inactive(anon):    14164 kB
Active(file):     607920 kB
Inactive(file):  3528156 kB
Unevictable:        4164 kB
Mlocked:            4164 kB
SwapTotal:       1048572 kB
SwapFree:        1048572 kB
Dirty:                84 kB
Writeback:             0 kB
AnonPages:       1931992 kB
Mapped:           894264 kB
Shmem:             15188 kB
Slab:             196088 kB
SReclaimable:      55968 kB
SUnreclaim:       140120 kB
KernelStack:       40752 kB
PageTables:        53684 kB
NFS_Unstable:          0 kB
Bounce:                0 kB
WritebackTmp:          0 kB
CommitLimit:     7105828 kB
Committed_AS:   59497892 kB
VmallocTotal:   263061440 kB
VmallocUsed:       65608 kB
VmallocChunk:          0 kB
Percpu:             2336 kB
CmaTotal:         294912 kB
CmaFree:               0 kB
MemTotal:       12114512 kB
MemFree:         2618164 kB
MemAvailable:    7794284 kB
Buffers:            6212 kB
Cached:          4148352 kB
SwapCached:            0 kB
Active:          2556856 kB
Inactive:        3534972 kB
Active(anon):    1941588 kB
Inactive(anon):    14164 kB
Active(file):     615268 kB
Inactive(file):  3520808 kB
Unevictable:        4164 kB
Mlocked:            4164 kB
SwapTotal:       1048572 kB
SwapFree:        1048572 kB
Dirty:               100 kB
Writeback:             0 kB
AnonPages:       1941320 kB
Mapped:           894276 kB
Shmem:             15188 kB
Slab:             196084 kB
SReclaimable:      55968 kB
SUnreclaim:       140116 kB
KernelStack:       40768 kB
PageTables:        53700 kB
NFS_Unstable:          0 kB
Bounce:                0 kB
WritebackTmp:          0 kB
CommitLimit:     7105828 kB
Committed_AS:   59504980 kB
VmallocTotal:   263061440 kB
VmallocUsed:       65624 kB
VmallocChunk:          0 kB
Percpu:             2336 kB
CmaTotal:         294912 kB
CmaFree:               0 kB
MemTotal:       12114512 kB
MemFree:         2617912 kB
MemAvailable:    7794032 kB
Buffers:            6212 kB
Cached:          4148352 kB
SwapCached:            0 kB
Active:          2556756 kB
Inactive:        3534972 kB
Active(anon):    1941488 kB
Inactive(anon):    14164 kB
Active(file):     615268 kB
Inactive(file):  3520808 kB
Unevictable:        4164 kB
Mlocked:            4164 kB
SwapTotal:       1048572 kB
SwapFree:        1048572 kB
Dirty:                84 kB
Writeback:             0 kB
AnonPages:       1941368 kB
Mapped:           894508 kB
Shmem:             15188 kB
Slab:             196068 kB
SReclaimable:      55968 kB
SUnreclaim:       140100 kB
KernelStack:       40788 kB
PageTables:        53648 kB
NFS_Unstable:          0 kB
Bounce:                0 kB
WritebackTmp:          0 kB
CommitLimit:     7105828 kB
Committed_AS:   59505296 kB
VmallocTotal:   263061440 kB
VmallocUsed:       65640 kB
VmallocChunk:          0 kB
Percpu:             2336 kB
CmaTotal:         294912 kB
CmaFree:               0 kB
MemTotal:       12114512 kB
MemFree:         2618636 kB
MemAvailable:    7794756 kB
Buffers:            6212 kB
Cached:          4148352 kB
SwapCached:            0 kB
Active:          2556100 kB
Inactive:        3534972 kB
Active(anon):    1940832 kB
Inactive(anon):    14164 kB
Active(file):     615268 kB
Inactive(file):  3520808 kB
Unevictable:        4164 kB
Mlocked:            4164 kB
SwapTotal:       1048572 kB
SwapFree:        1048572 kB
Dirty:               104 kB
Writeback:             0 kB
AnonPages:       1940704 kB
Mapped:           894280 kB
Shmem:             15188 kB
Slab:             196084 kB
SReclaimable:      55968 kB
SUnreclaim:       140116 kB
KernelStack:       40768 kB
PageTables:        53700 kB
NFS_Unstable:          0 kB
Bounce:                0 kB
WritebackTmp:          0 kB
CommitLimit:     7105828 kB
Committed_AS:   59505040 kB
VmallocTotal:   263061440 kB
VmallocUsed:       65624 kB
VmallocChunk:          0 kB
Percpu:             2336 kB
CmaTotal:         294912 kB
CmaFree:               0 kB
MemTotal:       12114512 kB
MemFree:         2618396 kB
MemAvailable:    7794516 kB
Buffers:            6212 kB
Cached:          4148352 kB
SwapCached:            0 kB
Active:          2556216 kB
Inactive:        3534972 kB
Active(anon):    1940948 kB
Inactive(anon):    14164 kB
Active(file):     615268 kB
Inactive(file):  3520808 kB
Unevictable:        4164 kB
Mlocked:            4164 kB
SwapTotal:       1048572 kB
SwapFree:        1048572 kB
Dirty:               104 kB
Writeback:             0 kB
AnonPages:       1940260 kB
Mapped:           894508 kB
Shmem:             15188 kB
Slab:             196076 kB
SReclaimable:      55968 kB
SUnreclaim:       140108 kB
KernelStack:       40772 kB
PageTables:        53644 kB
NFS_Unstable:          0 kB
Bounce:                0 kB
WritebackTmp:          0 kB
CommitLimit:     7105828 kB
Committed_AS:   59505408 kB
VmallocTotal:   263061440 kB
VmallocUsed:       65624 kB
VmallocChunk:          0 kB
Percpu:             2336 kB
CmaTotal:         294912 kB
CmaFree:               0 kB
MemTotal:       12114512 kB
MemFree:         2616952 kB
MemAvailable:    7793072 kB
Buffers:            6212 kB
Cached:          4148352 kB
SwapCached:            0 kB
Active:          2556772 kB
Inactive:        3534972 kB
Active(anon):    1941504 kB
Inactive(anon):    14164 kB
Active(file):     615268 kB
Inactive(file):  3520808 kB
Unevictable:        4164 kB
Mlocked:            4164 kB
SwapTotal:       1048572 kB
SwapFree:        1048572 kB
Dirty:               136 kB
Writeback:             0 kB
AnonPages:       1941536 kB
Mapped:           894428 kB
Shmem:             15188 kB
Slab:             196084 kB
SReclaimable:      55968 kB
SUnreclaim:       140116 kB
KernelStack:       40720 kB
PageTables:        53676 kB
NFS_Unstable:          0 kB
Bounce:                0 kB
WritebackTmp:          0 kB
CommitLimit:     7105828 kB
Committed_AS:   59511904 kB
VmallocTotal:   263061440 kB
VmallocUsed:       65624 kB
VmallocChunk:          0 kB
Percpu:             2336 kB
CmaTotal:         294912 kB
CmaFree:               0 kB
MemTotal:       12114512 kB
MemFree:         2616448 kB
MemAvailable:    7792568 kB
Buffers:            6212 kB
Cached:          4148352 kB
SwapCached:            0 kB
Active:          2557140 kB
Inactive:        3534972 kB
Active(anon):    1941872 kB
Inactive(anon):    14164 kB
Active(file):     615268 kB
Inactive(file):  3520808 kB
Unevictable:        4164 kB
Mlocked:            4164 kB
SwapTotal:       1048572 kB
SwapFree:        1048572 kB
Dirty:               140 kB
Writeback:             0 kB
AnonPages:       1941536 kB
Mapped:           894300 kB
Shmem:             15188 kB
Slab:             196084 kB
SReclaimable:      55968 kB
SUnreclaim:       140116 kB
KernelStack:       40720 kB
PageTables:        53700 kB
NFS_Unstable:          0 kB
Bounce:                0 kB
WritebackTmp:          0 kB
CommitLimit:     7105828 kB
Committed_AS:   59511640 kB
VmallocTotal:   263061440 kB
VmallocUsed:       65608 kB
VmallocChunk:          0 kB
Percpu:             2336 kB
CmaTotal:         294912 kB
CmaFree:               0 kB
MemTotal:       12114512 kB
MemFree:         2622100 kB
MemAvailable:    7798220 kB
Buffers:            6212 kB
Cached:          4148352 kB
SwapCached:            0 kB
Active:          2551652 kB
Inactive:        3534972 kB
Active(anon):    1936384 kB
Inactive(anon):    14164 kB
Active(file):     615268 kB
Inactive(file):  3520808 kB
Unevictable:        4164 kB
Mlocked:            4164 kB
SwapTotal:       1048572 kB
SwapFree:        1048572 kB
Dirty:                68 kB
Writeback:             0 kB
AnonPages:       1936492 kB
Mapped:           894524 kB
Shmem:             15188 kB
Slab:             196068 kB
SReclaimable:      55968 kB
SUnreclaim:       140100 kB
KernelStack:       40756 kB
PageTables:        53644 kB
NFS_Unstable:          0 kB
Bounce:                0 kB
WritebackTmp:          0 kB
CommitLimit:     7105828 kB
Committed_AS:   59511720 kB
VmallocTotal:   263061440 kB
VmallocUsed:       65624 kB
VmallocChunk:          0 kB
Percpu:             2336 kB
CmaTotal:         294912 kB
CmaFree:             252 kB
MemTotal:       12114512 kB
MemFree:         2621564 kB
MemAvailable:    7797684 kB
Buffers:            6212 kB
Cached:          4148360 kB
SwapCached:            0 kB
Active:          2552248 kB
Inactive:        3534980 kB
Active(anon):    1936980 kB
Inactive(anon):    14172 kB
Active(file):     615268 kB
Inactive(file):  3520808 kB
Unevictable:        4164 kB
Mlocked:            4164 kB
SwapTotal:       1048572 kB
SwapFree:        1048572 kB
Dirty:                80 kB
Writeback:             0 kB
AnonPages:       1936612 kB
Mapped:           894540 kB
Shmem:             15196 kB
Slab:             196072 kB
SReclaimable:      55968 kB
SUnreclaim:       140104 kB
KernelStack:       40756 kB
PageTables:        53644 kB
NFS_Unstable:          0 kB
Bounce:                0 kB
WritebackTmp:          0 kB
CommitLimit:     7105828 kB
Committed_AS:   59505456 kB
VmallocTotal:   263061440 kB
VmallocUsed:       65624 kB
VmallocChunk:          0 kB
Percpu:             2336 kB
CmaTotal:         294912 kB
CmaFree:              36 kB
MemTotal:       12114512 kB
MemFree:         2620976 kB
MemAvailable:    7797096 kB
Buffers:            6212 kB
Cached:          4148356 kB
SwapCached:            0 kB
Active:          2552292 kB
Inactive:        3534976 kB
Active(anon):    1937024 kB
Inactive(anon):    14168 kB
Active(file):     615268 kB
Inactive(file):  3520808 kB
Unevictable:        4164 kB
Mlocked:            4164 kB
SwapTotal:       1048572 kB
SwapFree:        1048572 kB
Dirty:                84 kB
Writeback:             0 kB
AnonPages:       1936396 kB
Mapped:           894356 kB
Shmem:             15192 kB
Slab:             196076 kB
SReclaimable:      55968 kB
SUnreclaim:       140108 kB
KernelStack:       40704 kB
PageTables:        53672 kB
NFS_Unstable:          0 kB
Bounce:                0 kB
WritebackTmp:          0 kB
CommitLimit:     7105828 kB
Committed_AS:   59505324 kB
VmallocTotal:   263061440 kB
VmallocUsed:       65608 kB
VmallocChunk:          0 kB
Percpu:             2336 kB
CmaTotal:         294912 kB
CmaFree:               4 kB
MemTotal:       12114512 kB
MemFree:         2589312 kB
MemAvailable:    7740052 kB
Buffers:            6212 kB
Cached:          4148356 kB
SwapCached:            0 kB
Active:          2587020 kB
Inactive:        3534976 kB
Active(anon):    1971752 kB
Inactive(anon):    14168 kB
Active(file):     615268 kB
Inactive(file):  3520808 kB
Unevictable:        4164 kB
Mlocked:            4164 kB
SwapTotal:       1048572 kB
SwapFree:        1048572 kB
Dirty:                84 kB
Writeback:             0 kB
AnonPages:       1971712 kB
Mapped:           894464 kB
Shmem:             15192 kB
Slab:             196100 kB
SReclaimable:      55968 kB
SUnreclaim:       140132 kB
KernelStack:       40704 kB
PageTables:        53808 kB
NFS_Unstable:          0 kB
Bounce:                0 kB
WritebackTmp:          0 kB
CommitLimit:     7105828 kB
Committed_AS:   59544132 kB
VmallocTotal:   263061440 kB
VmallocUsed:       65624 kB
VmallocChunk:          0 kB
Percpu:             2336 kB
CmaTotal:         294912 kB
CmaFree:               0 kB
MemTotal:       12114512 kB
MemFree:         2583816 kB
MemAvailable:    7812536 kB
Buffers:            6212 kB
Cached:          4148356 kB
SwapCached:            0 kB
Active:          2591748 kB
Inactive:        3534960 kB
Active(anon):    1976464 kB
Inactive(anon):    14168 kB
Active(file):     615284 kB
Inactive(file):  3520792 kB
Unevictable:        4164 kB
Mlocked:            4164 kB
SwapTotal:       1048572 kB
SwapFree:        1048572 kB
Dirty:               128 kB
Writeback:             0 kB
AnonPages:       1976436 kB
Mapped:           895088 kB
Shmem:             15192 kB
Slab:             196116 kB
SReclaimable:      55968 kB
SUnreclaim:       140148 kB
KernelStack:       40724 kB
PageTables:        53928 kB
NFS_Unstable:          0 kB
Bounce:                0 kB
WritebackTmp:          0 kB
CommitLimit:     7105828 kB
Committed_AS:   59542436 kB
VmallocTotal:   263061440 kB
VmallocUsed:       65608 kB
VmallocChunk:          0 kB
Percpu:             2336 kB
CmaTotal:         294912 kB
CmaFree:               0 kB
MemTotal:       12114512 kB
MemFree:         2584040 kB
MemAvailable:    7812752 kB
Buffers:            6212 kB
Cached:          4148356 kB
SwapCached:            0 kB
Active:          2591692 kB
Inactive:        3534960 kB
Active(anon):    1976408 kB
Inactive(anon):    14168 kB
Active(file):     615284 kB
Inactive(file):  3520792 kB
Unevictable:        4164 kB
Mlocked:            4164 kB
SwapTotal:       1048572 kB
SwapFree:        1048572 kB
Dirty:                88 kB
Writeback:             0 kB
AnonPages:       1976148 kB
Mapped:           894900 kB
Shmem:             15192 kB
Slab:             196128 kB
SReclaimable:      55968 kB
SUnreclaim:       140160 kB
KernelStack:       40704 kB
PageTables:        53680 kB
NFS_Unstable:          0 kB
Bounce:                0 kB
WritebackTmp:          0 kB
CommitLimit:     7105828 kB
Committed_AS:   59542172 kB
VmallocTotal:   263061440 kB
VmallocUsed:       65608 kB
VmallocChunk:          0 kB
Percpu:             2336 kB
CmaTotal:         294912 kB
CmaFree:               0 kB
MemTotal:       12114512 kB
MemFree:         2583772 kB
MemAvailable:    7812412 kB
Buffers:            6212 kB
Cached:          4148360 kB
SwapCached:            0 kB
Active:          2591812 kB
Inactive:        3534964 kB
Active(anon):    1976528 kB
Inactive(anon):    14168 kB
Active(file):     615284 kB
Inactive(file):  3520796 kB
Unevictable:        4164 kB
Mlocked:            4164 kB
SwapTotal:       1048572 kB
SwapFree:        1048572 kB
Dirty:                92 kB
Writeback:             0 kB
AnonPages:       1976576 kB
Mapped:           895580 kB
Shmem:             15192 kB
Slab:             196136 kB
SReclaimable:      55968 kB
SUnreclaim:       140168 kB
KernelStack:       40736 kB
PageTables:        53684 kB
NFS_Unstable:          0 kB
Bounce:                0 kB
WritebackTmp:          0 kB
CommitLimit:     7105828 kB
Committed_AS:   59541872 kB
VmallocTotal:   263061440 kB
VmallocUsed:       65608 kB
VmallocChunk:          0 kB
Percpu:             2336 kB
CmaTotal:         294912 kB
CmaFree:               0 kB
MemTotal:       12114512 kB
MemFree:         2582864 kB
MemAvailable:    7811492 kB
Buffers:            6212 kB
Cached:          4148360 kB
SwapCached:            0 kB
Active:          2591976 kB
Inactive:        3534964 kB
Active(anon):    1976692 kB
Inactive(anon):    14168 kB
Active(file):     615284 kB
Inactive(file):  3520796 kB
Unevictable:        4164 kB
Mlocked:            4164 kB
SwapTotal:       1048572 kB
SwapFree:        1048572 kB
Dirty:                92 kB
Writeback:             0 kB
AnonPages:       1976668 kB
Mapped:           895980 kB
Shmem:             15192 kB
Slab:             196120 kB
SReclaimable:      55968 kB
SUnreclaim:       140152 kB
KernelStack:       40740 kB
PageTables:        53628 kB
NFS_Unstable:          0 kB
Bounce:                0 kB
WritebackTmp:          0 kB
CommitLimit:     7105828 kB
Committed_AS:   59547028 kB
VmallocTotal:   263061440 kB
VmallocUsed:       65640 kB
VmallocChunk:          0 kB
Percpu:             2336 kB
CmaTotal:         294912 kB
CmaFree:               0 kB
MemTotal:       12114512 kB
MemFree:         2582108 kB
MemAvailable:    7810724 kB
Buffers:            6212 kB
Cached:          4148360 kB
SwapCached:            0 kB
Active:          2592008 kB
Inactive:        3534964 kB
Active(anon):    1976724 kB
Inactive(anon):    14168 kB
Active(file):     615284 kB
Inactive(file):  3520796 kB
Unevictable:        4164 kB
Mlocked:            4164 kB
SwapTotal:       1048572 kB
SwapFree:        1048572 kB
Dirty:                92 kB
Writeback:             0 kB
AnonPages:       1976700 kB
Mapped:           895872 kB
Shmem:             15192 kB
Slab:             196136 kB
SReclaimable:      55968 kB
SUnreclaim:       140168 kB
KernelStack:       40736 kB
PageTables:        53712 kB
NFS_Unstable:          0 kB
Bounce:                0 kB
WritebackTmp:          0 kB
CommitLimit:     7105828 kB
Committed_AS:   59546764 kB
VmallocTotal:   263061440 kB
VmallocUsed:       65640 kB
VmallocChunk:          0 kB
Percpu:             2336 kB
CmaTotal:         294912 kB
CmaFree:               0 kB
MemTotal:       12114512 kB
MemFree:         2582392 kB
MemAvailable:    7811008 kB
Buffers:            6212 kB
Cached:          4148360 kB
SwapCached:            0 kB
Active:          2592056 kB
Inactive:        3534964 kB
Active(anon):    1976772 kB
Inactive(anon):    14168 kB
Active(file):     615284 kB
Inactive(file):  3520796 kB
Unevictable:        4164 kB
Mlocked:            4164 kB
SwapTotal:       1048572 kB
SwapFree:        1048572 kB
Dirty:                92 kB
Writeback:             0 kB
AnonPages:       1976572 kB
Mapped:           896004 kB
Shmem:             15192 kB
Slab:             196116 kB
SReclaimable:      55968 kB
SUnreclaim:       140148 kB
KernelStack:       40724 kB
PageTables:        53632 kB
NFS_Unstable:          0 kB
Bounce:                0 kB
WritebackTmp:          0 kB
CommitLimit:     7105828 kB
Committed_AS:   59547100 kB
VmallocTotal:   263061440 kB
VmallocUsed:       65624 kB
VmallocChunk:          0 kB
Percpu:             2336 kB
CmaTotal:         294912 kB
CmaFree:               0 kB
MemTotal:       12114512 kB
MemFree:         2583732 kB
MemAvailable:    7812348 kB
Buffers:            6212 kB
Cached:          4148360 kB
SwapCached:            0 kB
Active:          2589596 kB
Inactive:        3534964 kB
Active(anon):    1974312 kB
Inactive(anon):    14168 kB
Active(file):     615284 kB
Inactive(file):  3520796 kB
Unevictable:        4164 kB
Mlocked:            4164 kB
SwapTotal:       1048572 kB
SwapFree:        1048572 kB
Dirty:                80 kB
Writeback:             0 kB
AnonPages:       1974136 kB
Mapped:           895776 kB
Shmem:             15192 kB
Slab:             196136 kB
SReclaimable:      55968 kB
SUnreclaim:       140168 kB
KernelStack:       40704 kB
PageTables:        53684 kB
NFS_Unstable:          0 kB
Bounce:                0 kB
WritebackTmp:          0 kB
CommitLimit:     7105828 kB
Committed_AS:   59546880 kB
VmallocTotal:   263061440 kB
VmallocUsed:       65624 kB
VmallocChunk:          0 kB
Percpu:             2336 kB
CmaTotal:         294912 kB
CmaFree:               0 kB
MemTotal:       12114512 kB
MemFree:         2583884 kB
MemAvailable:    7812500 kB
Buffers:            6212 kB
Cached:          4148360 kB
SwapCached:            0 kB
Active:          2590036 kB
Inactive:        3534964 kB
Active(anon):    1974752 kB
Inactive(anon):    14168 kB
Active(file):     615284 kB
Inactive(file):  3520796 kB
Unevictable:        4164 kB
Mlocked:            4164 kB
SwapTotal:       1048572 kB
SwapFree:        1048572 kB
Dirty:                80 kB
Writeback:             0 kB
AnonPages:       1974660 kB
Mapped:           896004 kB
Shmem:             15192 kB
Slab:             196120 kB
SReclaimable:      55968 kB
SUnreclaim:       140152 kB
KernelStack:       40724 kB
PageTables:        53628 kB
NFS_Unstable:          0 kB
Bounce:                0 kB
WritebackTmp:          0 kB
CommitLimit:     7105828 kB
Committed_AS:   59546928 kB
VmallocTotal:   263061440 kB
VmallocUsed:       65608 kB
VmallocChunk:          0 kB
Percpu:             2336 kB
CmaTotal:         294912 kB
CmaFree:               0 kB
MemTotal:       12114512 kB
MemFree:         2583640 kB
MemAvailable:    7812256 kB
Buffers:            6212 kB
Cached:          4148360 kB
SwapCached:            0 kB
Active:          2590464 kB
Inactive:        3534964 kB
Active(anon):    1975180 kB
Inactive(anon):    14168 kB
Active(file):     615284 kB
Inactive(file):  3520796 kB
Unevictable:        4164 kB
Mlocked:            4164 kB
SwapTotal:       1048572 kB
SwapFree:        1048572 kB
Dirty:                80 kB
Writeback:             0 kB
AnonPages:       1974408 kB
Mapped:           896008 kB
Shmem:             15192 kB
Slab:             196120 kB
SReclaimable:      55968 kB
SUnreclaim:       140152 kB
KernelStack:       40672 kB
PageTables:        53632 kB
NFS_Unstable:          0 kB
Bounce:                0 kB
WritebackTmp:          0 kB
CommitLimit:     7105828 kB
Committed_AS:   59546976 kB
VmallocTotal:   263061440 kB
VmallocUsed:       65592 kB
VmallocChunk:          0 kB
Percpu:             2336 kB
CmaTotal:         294912 kB
CmaFree:               0 kB
MemTotal:       12114512 kB
MemFree:         2583460 kB
MemAvailable:    7812076 kB
Buffers:            6212 kB
Cached:          4148360 kB
SwapCached:            0 kB
Active:          2590276 kB
Inactive:        3534964 kB
Active(anon):    1974992 kB
Inactive(anon):    14168 kB
Active(file):     615284 kB
Inactive(file):  3520796 kB
Unevictable:        4164 kB
Mlocked:            4164 kB
SwapTotal:       1048572 kB
SwapFree:        1048572 kB
Dirty:                80 kB
Writeback:             0 kB
AnonPages:       1974788 kB
Mapped:           896012 kB
Shmem:             15192 kB
Slab:             196120 kB
SReclaimable:      55968 kB
SUnreclaim:       140152 kB
KernelStack:       40672 kB
PageTables:        53628 kB
NFS_Unstable:          0 kB
Bounce:                0 kB
WritebackTmp:          0 kB
CommitLimit:     7105828 kB
Committed_AS:   59546720 kB
VmallocTotal:   263061440 kB
VmallocUsed:       65608 kB
VmallocChunk:          0 kB
Percpu:             2336 kB
CmaTotal:         294912 kB
CmaFree:               0 kB
MemTotal:       12114512 kB
MemFree:         2583304 kB
MemAvailable:    7811920 kB
Buffers:            6212 kB
Cached:          4148360 kB
SwapCached:            0 kB
Active:          2590604 kB
Inactive:        3534964 kB
Active(anon):    1975320 kB
Inactive(anon):    14168 kB
Active(file):     615284 kB
Inactive(file):  3520796 kB
Unevictable:        4164 kB
Mlocked:            4164 kB
SwapTotal:       1048572 kB
SwapFree:        1048572 kB
Dirty:                88 kB
Writeback:             0 kB
AnonPages:       1974744 kB
Mapped:           895864 kB
Shmem:             15192 kB
Slab:             196132 kB
SReclaimable:      55968 kB
SUnreclaim:       140164 kB
KernelStack:       40736 kB
PageTables:        53712 kB
NFS_Unstable:          0 kB
Bounce:                0 kB
WritebackTmp:          0 kB
CommitLimit:     7105828 kB
Committed_AS:   59546456 kB
VmallocTotal:   263061440 kB
VmallocUsed:       65592 kB
VmallocChunk:          0 kB
Percpu:             2336 kB
CmaTotal:         294912 kB
CmaFree:               0 kB
MemTotal:       12114512 kB
MemFree:         2583252 kB
MemAvailable:    7811868 kB
Buffers:            6212 kB
Cached:          4148360 kB
SwapCached:            0 kB
Active:          2590556 kB
Inactive:        3534964 kB
Active(anon):    1975272 kB
Inactive(anon):    14168 kB
Active(file):     615284 kB
Inactive(file):  3520796 kB
Unevictable:        4164 kB
Mlocked:            4164 kB
SwapTotal:       1048572 kB
SwapFree:        1048572 kB
Dirty:               128 kB
Writeback:             0 kB
AnonPages:       1975020 kB
Mapped:           896012 kB
Shmem:             15192 kB
Slab:             196112 kB
SReclaimable:      55968 kB
SUnreclaim:       140144 kB
KernelStack:       40656 kB
PageTables:        53636 kB
NFS_Unstable:          0 kB
Bounce:                0 kB
WritebackTmp:          0 kB
CommitLimit:     7105828 kB
Committed_AS:   59549652 kB
VmallocTotal:   263061440 kB
VmallocUsed:       65592 kB
VmallocChunk:          0 kB
Percpu:             2336 kB
CmaTotal:         294912 kB
CmaFree:               0 kB
MemTotal:       12114512 kB
MemFree:         2583252 kB
MemAvailable:    7811860 kB
Buffers:            6212 kB
Cached:          4148360 kB
SwapCached:            0 kB
Active:          2590604 kB
Inactive:        3534964 kB
Active(anon):    1975320 kB
Inactive(anon):    14168 kB
Active(file):     615284 kB
Inactive(file):  3520796 kB
Unevictable:        4164 kB
Mlocked:            4164 kB
SwapTotal:       1048572 kB
SwapFree:        1048572 kB
Dirty:               128 kB
Writeback:             0 kB
AnonPages:       1975188 kB
Mapped:           895792 kB
Shmem:             15192 kB
Slab:             196132 kB
SReclaimable:      55968 kB
SUnreclaim:       140164 kB
KernelStack:       40672 kB
PageTables:        53684 kB
NFS_Unstable:          0 kB
Bounce:                0 kB
WritebackTmp:          0 kB
CommitLimit:     7105828 kB
Committed_AS:   59549432 kB
VmallocTotal:   263061440 kB
VmallocUsed:       65592 kB
VmallocChunk:          0 kB
Percpu:             2336 kB
CmaTotal:         294912 kB
CmaFree:               0 kB
MemTotal:       12114512 kB
MemFree:         2583240 kB
MemAvailable:    7811824 kB
Buffers:            6212 kB
Cached:          4148360 kB
SwapCached:            0 kB
Active:          2591020 kB
Inactive:        3534964 kB
Active(anon):    1975736 kB
Inactive(anon):    14168 kB
Active(file):     615284 kB
Inactive(file):  3520796 kB
Unevictable:        4164 kB
Mlocked:            4164 kB
SwapTotal:       1048572 kB
SwapFree:        1048572 kB
Dirty:               128 kB
Writeback:             0 kB
AnonPages:       1975596 kB
Mapped:           896036 kB
Shmem:             15192 kB
Slab:             196120 kB
SReclaimable:      55968 kB
SUnreclaim:       140152 kB
KernelStack:       40676 kB
PageTables:        53628 kB
NFS_Unstable:          0 kB
Bounce:                0 kB
WritebackTmp:          0 kB
CommitLimit:     7105828 kB
Committed_AS:   59549344 kB
VmallocTotal:   263061440 kB
VmallocUsed:       65544 kB
VmallocChunk:          0 kB
Percpu:             2336 kB
CmaTotal:         294912 kB
CmaFree:               0 kB
MemTotal:       12114512 kB
MemFree:         2582616 kB
MemAvailable:    7811200 kB
Buffers:            6212 kB
Cached:          4148360 kB
SwapCached:            0 kB
Active:          2590956 kB
Inactive:        3534964 kB
Active(anon):    1975672 kB
Inactive(anon):    14168 kB
Active(file):     615284 kB
Inactive(file):  3520796 kB
Unevictable:        4164 kB
Mlocked:            4164 kB
SwapTotal:       1048572 kB
SwapFree:        1048572 kB
Dirty:               128 kB
Writeback:             0 kB
AnonPages:       1975480 kB
Mapped:           896112 kB
Shmem:             15192 kB
Slab:             196116 kB
SReclaimable:      55968 kB
SUnreclaim:       140148 kB
KernelStack:       40624 kB
PageTables:        53632 kB
NFS_Unstable:          0 kB
Bounce:                0 kB
WritebackTmp:          0 kB
CommitLimit:     7105828 kB
Committed_AS:   59550000 kB
VmallocTotal:   263061440 kB
VmallocUsed:       65544 kB
VmallocChunk:          0 kB
Percpu:             2336 kB
CmaTotal:         294912 kB
CmaFree:               0 kB
MemTotal:       12114512 kB
MemFree:         2582616 kB
MemAvailable:    7811200 kB
Buffers:            6212 kB
Cached:          4148360 kB
SwapCached:            0 kB
Active:          2591036 kB
Inactive:        3534964 kB
Active(anon):    1975752 kB
Inactive(anon):    14168 kB
Active(file):     615284 kB
Inactive(file):  3520796 kB
Unevictable:        4164 kB
Mlocked:            4164 kB
SwapTotal:       1048572 kB
SwapFree:        1048572 kB
Dirty:               128 kB
Writeback:             0 kB
AnonPages:       1975700 kB
Mapped:           895888 kB
Shmem:             15192 kB
Slab:             196136 kB
SReclaimable:      55968 kB
SUnreclaim:       140168 kB
KernelStack:       40624 kB
PageTables:        53684 kB
NFS_Unstable:          0 kB
Bounce:                0 kB
WritebackTmp:          0 kB
CommitLimit:     7105828 kB
Committed_AS:   59549736 kB
VmallocTotal:   263061440 kB
VmallocUsed:       65528 kB
VmallocChunk:          0 kB
Percpu:             2336 kB
CmaTotal:         294912 kB
CmaFree:               0 kB
MemTotal:       12114512 kB
MemFree:         2583208 kB
MemAvailable:    7811792 kB
Buffers:            6212 kB
Cached:          4148360 kB
SwapCached:            0 kB
Active:          2591116 kB
Inactive:        3534960 kB
Active(anon):    1975828 kB
Inactive(anon):    14168 kB
Active(file):     615288 kB
Inactive(file):  3520792 kB
Unevictable:        4164 kB
Mlocked:            4164 kB
SwapTotal:       1048572 kB
SwapFree:        1048572 kB
Dirty:                84 kB
Writeback:             0 kB
AnonPages:       1975892 kB
Mapped:           896116 kB
Shmem:             15192 kB
Slab:             196112 kB
SReclaimable:      55968 kB
SUnreclaim:       140144 kB
KernelStack:       40596 kB
PageTables:        53632 kB
NFS_Unstable:          0 kB
Bounce:                0 kB
WritebackTmp:          0 kB
CommitLimit:     7105828 kB
Committed_AS:   59549548 kB
VmallocTotal:   263061440 kB
VmallocUsed:       65496 kB
VmallocChunk:          0 kB
Percpu:             2336 kB
CmaTotal:         294912 kB
CmaFree:               0 kB
MemTotal:       12114512 kB
MemFree:         2582976 kB
MemAvailable:    7811560 kB
Buffers:            6212 kB
Cached:          4148360 kB
SwapCached:            0 kB
Active:          2591136 kB
Inactive:        3534960 kB
Active(anon):    1975848 kB
Inactive(anon):    14168 kB
Active(file):     615288 kB
Inactive(file):  3520792 kB
Unevictable:        4164 kB
Mlocked:            4164 kB
SwapTotal:       1048572 kB
SwapFree:        1048572 kB
Dirty:                84 kB
Writeback:             0 kB
AnonPages:       1975756 kB
Mapped:           895892 kB
Shmem:             15192 kB
Slab:             196112 kB
SReclaimable:      55968 kB
SUnreclaim:       140144 kB
KernelStack:       40576 kB
PageTables:        53680 kB
NFS_Unstable:          0 kB
Bounce:                0 kB
WritebackTmp:          0 kB
CommitLimit:     7105828 kB
Committed_AS:   59549452 kB
VmallocTotal:   263061440 kB
VmallocUsed:       65480 kB
VmallocChunk:          0 kB
Percpu:             2336 kB
CmaTotal:         294912 kB
CmaFree:              12 kB
MemTotal:       12114512 kB
MemFree:         2582740 kB
MemAvailable:    7811328 kB
Buffers:            6212 kB
Cached:          4148364 kB
SwapCached:            0 kB
Active:          2590908 kB
Inactive:        3534964 kB
Active(anon):    1975620 kB
Inactive(anon):    14168 kB
Active(file):     615288 kB
Inactive(file):  3520796 kB
Unevictable:        4164 kB
Mlocked:            4164 kB
SwapTotal:       1048572 kB
SwapFree:        1048572 kB
Dirty:                88 kB
Writeback:             0 kB
AnonPages:       1975764 kB
Mapped:           895936 kB
Shmem:             15192 kB
Slab:             196116 kB
SReclaimable:      55968 kB
SUnreclaim:       140148 kB
KernelStack:       40560 kB
PageTables:        53728 kB
NFS_Unstable:          0 kB
Bounce:                0 kB
WritebackTmp:          0 kB
CommitLimit:     7105828 kB
Committed_AS:   59549196 kB
VmallocTotal:   263061440 kB
VmallocUsed:       65432 kB
VmallocChunk:          0 kB
Percpu:             2336 kB
CmaTotal:         294912 kB
CmaFree:               0 kB
MemTotal:       12114512 kB
MemFree:         2583152 kB
MemAvailable:    7811740 kB
Buffers:            6212 kB
Cached:          4148364 kB
SwapCached:            0 kB
Active:          2591008 kB
Inactive:        3534964 kB
Active(anon):    1975720 kB
Inactive(anon):    14168 kB
Active(file):     615288 kB
Inactive(file):  3520796 kB
Unevictable:        4164 kB
Mlocked:            4164 kB
SwapTotal:       1048572 kB
SwapFree:        1048572 kB
Dirty:                88 kB
Writeback:             0 kB
AnonPages:       1975520 kB
Mapped:           895896 kB
Shmem:             15192 kB
Slab:             196104 kB
SReclaimable:      55968 kB
SUnreclaim:       140136 kB
KernelStack:       40368 kB
PageTables:        53676 kB
NFS_Unstable:          0 kB
Bounce:                0 kB
WritebackTmp:          0 kB
CommitLimit:     7105828 kB
Committed_AS:   59548932 kB
VmallocTotal:   263061440 kB
VmallocUsed:       65288 kB
VmallocChunk:          0 kB
Percpu:             2336 kB
CmaTotal:         294912 kB
CmaFree:               0 kB
MemTotal:       12114512 kB
MemFree:         2583128 kB
MemAvailable:    7811716 kB
Buffers:            6212 kB
Cached:          4148364 kB
SwapCached:            0 kB
Active:          2591104 kB
Inactive:        3534964 kB
Active(anon):    1975816 kB
Inactive(anon):    14168 kB
Active(file):     615288 kB
Inactive(file):  3520796 kB
Unevictable:        4164 kB
Mlocked:            4164 kB
SwapTotal:       1048572 kB
SwapFree:        1048572 kB
Dirty:                88 kB
Writeback:             0 kB
AnonPages:       1975880 kB
Mapped:           895900 kB
Shmem:             15192 kB
Slab:             196104 kB
SReclaimable:      55968 kB
SUnreclaim:       140136 kB
KernelStack:       40352 kB
PageTables:        53672 kB
NFS_Unstable:          0 kB
Bounce:                0 kB
WritebackTmp:          0 kB
CommitLimit:     7105828 kB
Committed_AS:   59548668 kB
VmallocTotal:   263061440 kB
VmallocUsed:       65272 kB
VmallocChunk:          0 kB
Percpu:             2336 kB
CmaTotal:         294912 kB
CmaFree:               0 kB
MemTotal:       12114512 kB
MemFree:         2583632 kB
MemAvailable:    7812220 kB
Buffers:            6212 kB
Cached:          4148356 kB
SwapCached:            0 kB
Active:          2591436 kB
Inactive:        3534956 kB
Active(anon):    1976148 kB
Inactive(anon):    14160 kB
Active(file):     615288 kB
Inactive(file):  3520796 kB
Unevictable:        4164 kB
Mlocked:            4164 kB
SwapTotal:       1048572 kB
SwapFree:        1048572 kB
Dirty:                84 kB
Writeback:             0 kB
AnonPages:       1976044 kB
Mapped:           895896 kB
Shmem:             15184 kB
Slab:             196104 kB
SReclaimable:      55968 kB
SUnreclaim:       140136 kB
KernelStack:       40304 kB
PageTables:        53672 kB
NFS_Unstable:          0 kB
Bounce:                0 kB
WritebackTmp:          0 kB
CommitLimit:     7105828 kB
Committed_AS:   59548404 kB
VmallocTotal:   263061440 kB
VmallocUsed:       65208 kB
VmallocChunk:          0 kB
Percpu:             2336 kB
CmaTotal:         294912 kB
CmaFree:               0 kB
MemTotal:       12114512 kB
MemFree:         2582212 kB
MemAvailable:    7810800 kB
Buffers:            6212 kB
Cached:          4148364 kB
SwapCached:            0 kB
Active:          2591464 kB
Inactive:        3534964 kB
Active(anon):    1976176 kB
Inactive(anon):    14168 kB
Active(file):     615288 kB
Inactive(file):  3520796 kB
Unevictable:        4164 kB
Mlocked:            4164 kB
SwapTotal:       1048572 kB
SwapFree:        1048572 kB
Dirty:                84 kB
Writeback:             0 kB
AnonPages:       1975848 kB
Mapped:           896092 kB
Shmem:             15192 kB
Slab:             196104 kB
SReclaimable:      55968 kB
SUnreclaim:       140136 kB
KernelStack:       40256 kB
PageTables:        53664 kB
NFS_Unstable:          0 kB
Bounce:                0 kB
WritebackTmp:          0 kB
CommitLimit:     7105828 kB
Committed_AS:   59549056 kB
VmallocTotal:   263061440 kB
VmallocUsed:       65176 kB
VmallocChunk:          0 kB
Percpu:             2336 kB
CmaTotal:         294912 kB
CmaFree:               0 kB
MemTotal:       12114512 kB
MemFree:         2581976 kB
MemAvailable:    7810540 kB
Buffers:            6212 kB
Cached:          4148364 kB
SwapCached:            0 kB
Active:          2591712 kB
Inactive:        3534964 kB
Active(anon):    1976424 kB
Inactive(anon):    14168 kB
Active(file):     615288 kB
Inactive(file):  3520796 kB
Unevictable:        4164 kB
Mlocked:            4164 kB
SwapTotal:       1048572 kB
SwapFree:        1048572 kB
