MemTotal:       12114512 kB
MemFree:         6836752 kB
MemAvailable:    8278100 kB
Buffers:            4056 kB
Cached:          1247100 kB
SwapCached:            0 kB
Active:          1241820 kB
Inactive:        1018800 kB
Active(anon):    1013724 kB
Inactive(anon):    14396 kB
Active(file):     228096 kB
Inactive(file):  1004404 kB
Unevictable:        4124 kB
Mlocked:            4124 kB
SwapTotal:       1048572 kB
SwapFree:        1048572 kB
Dirty:                48 kB
Writeback:             0 kB
AnonPages:       1013604 kB
Mapped:           789372 kB
Shmem:             15400 kB
Slab:             183040 kB
SReclaimable:      45672 kB
SUnreclaim:       137368 kB
KernelStack:       35888 kB
PageTables:        51068 kB
NFS_Unstable:          0 kB
Bounce:                0 kB
WritebackTmp:          0 kB
CommitLimit:     7105828 kB
Committed_AS:   58191124 kB
VmallocTotal:   263061440 kB
VmallocUsed:       60784 kB
VmallocChunk:          0 kB
Percpu:             2304 kB
CmaTotal:         294912 kB
CmaFree:               4 kB
MemTotal:       12114512 kB
MemFree:         6838180 kB
MemAvailable:    8279528 kB
Buffers:            4056 kB
Cached:          1247100 kB
SwapCached:            0 kB
Active:          1239808 kB
Inactive:        1018800 kB
Active(anon):    1011712 kB
Inactive(anon):    14396 kB
Active(file):     228096 kB
Inactive(file):  1004404 kB
Unevictable:        4124 kB
Mlocked:            4124 kB
SwapTotal:       1048572 kB
SwapFree:        1048572 kB
Dirty:                44 kB
Writeback:             0 kB
AnonPages:       1011588 kB
Mapped:           789216 kB
Shmem:             15400 kB
Slab:             183108 kB
SReclaimable:      45672 kB
SUnreclaim:       137436 kB
KernelStack:       35936 kB
PageTables:        51120 kB
NFS_Unstable:          0 kB
Bounce:                0 kB
WritebackTmp:          0 kB
CommitLimit:     7105828 kB
Committed_AS:   58190448 kB
VmallocTotal:   263061440 kB
VmallocUsed:       60816 kB
VmallocChunk:          0 kB
Percpu:             2304 kB
CmaTotal:         294912 kB
CmaFree:             200 kB
MemTotal:       12114512 kB
MemFree:         6837840 kB
MemAvailable:    8279188 kB
Buffers:            4056 kB
Cached:          1247100 kB
SwapCached:            0 kB
Active:          1239960 kB
Inactive:        1018800 kB
Active(anon):    1011864 kB
Inactive(anon):    14396 kB
Active(file):     228096 kB
Inactive(file):  1004404 kB
Unevictable:        4124 kB
Mlocked:            4124 kB
SwapTotal:       1048572 kB
SwapFree:        1048572 kB
Dirty:                44 kB
Writeback:             0 kB
AnonPages:       1011744 kB
Mapped:           789280 kB
Shmem:             15400 kB
Slab:             183248 kB
SReclaimable:      45672 kB
SUnreclaim:       137576 kB
KernelStack:       35940 kB
PageTables:        51052 kB
NFS_Unstable:          0 kB
Bounce:                0 kB
WritebackTmp:          0 kB
CommitLimit:     7105828 kB
Committed_AS:   58189964 kB
VmallocTotal:   263061440 kB
VmallocUsed:       60816 kB
VmallocChunk:          0 kB
Percpu:             2304 kB
CmaTotal:         294912 kB
CmaFree:             172 kB
MemTotal:       12114512 kB
MemFree:         6837560 kB
MemAvailable:    8278908 kB
Buffers:            4056 kB
Cached:          1247100 kB
SwapCached:            0 kB
Active:          1240108 kB
Inactive:        1018800 kB
Active(anon):    1012012 kB
Inactive(anon):    14396 kB
Active(file):     228096 kB
Inactive(file):  1004404 kB
Unevictable:        4124 kB
Mlocked:            4124 kB
SwapTotal:       1048572 kB
SwapFree:        1048572 kB
Dirty:                44 kB
Writeback:             0 kB
AnonPages:       1011704 kB
Mapped:           789444 kB
Shmem:             15400 kB
Slab:             183040 kB
SReclaimable:      45672 kB
SUnreclaim:       137368 kB
KernelStack:       35904 kB
PageTables:        51064 kB
NFS_Unstable:          0 kB
Bounce:                0 kB
WritebackTmp:          0 kB
CommitLimit:     7105828 kB
Committed_AS:   58190060 kB
VmallocTotal:   263061440 kB
VmallocUsed:       60816 kB
VmallocChunk:          0 kB
Percpu:             2304 kB
CmaTotal:         294912 kB
CmaFree:              20 kB
MemTotal:       12114512 kB
MemFree:         6837276 kB
MemAvailable:    8278624 kB
Buffers:            4056 kB
Cached:          1247100 kB
SwapCached:            0 kB
Active:          1239948 kB
Inactive:        1018800 kB
Active(anon):    1011852 kB
Inactive(anon):    14396 kB
Active(file):     228096 kB
Inactive(file):  1004404 kB
Unevictable:        4124 kB
Mlocked:            4124 kB
SwapTotal:       1048572 kB
SwapFree:        1048572 kB
Dirty:                44 kB
Writeback:             0 kB
AnonPages:       1011844 kB
Mapped:           789412 kB
Shmem:             15400 kB
Slab:             183040 kB
SReclaimable:      45672 kB
SUnreclaim:       137368 kB
KernelStack:       35908 kB
PageTables:        51012 kB
NFS_Unstable:          0 kB
Bounce:                0 kB
WritebackTmp:          0 kB
CommitLimit:     7105828 kB
Committed_AS:   58190544 kB
VmallocTotal:   263061440 kB
VmallocUsed:       60832 kB
VmallocChunk:          0 kB
Percpu:             2304 kB
CmaTotal:         294912 kB
CmaFree:             288 kB
MemTotal:       12114512 kB
MemFree:         6837224 kB
MemAvailable:    8278572 kB
Buffers:            4056 kB
Cached:          1247100 kB
SwapCached:            0 kB
Active:          1240172 kB
Inactive:        1018800 kB
Active(anon):    1012076 kB
Inactive(anon):    14396 kB
Active(file):     228096 kB
Inactive(file):  1004404 kB
Unevictable:        4124 kB
Mlocked:            4124 kB
SwapTotal:       1048572 kB
SwapFree:        1048572 kB
Dirty:                44 kB
Writeback:             0 kB
AnonPages:       1011968 kB
Mapped:           789444 kB
Shmem:             15400 kB
Slab:             183360 kB
SReclaimable:      45672 kB
SUnreclaim:       137688 kB
KernelStack:       35956 kB
PageTables:        51064 kB
NFS_Unstable:          0 kB
Bounce:                0 kB
WritebackTmp:          0 kB
CommitLimit:     7105828 kB
Committed_AS:   58190288 kB
VmallocTotal:   263061440 kB
VmallocUsed:       60832 kB
VmallocChunk:          0 kB
Percpu:             2304 kB
CmaTotal:         294912 kB
CmaFree:             196 kB
MemTotal:       12114512 kB
MemFree:         6837244 kB
MemAvailable:    8278592 kB
Buffers:            4056 kB
Cached:          1247100 kB
SwapCached:            0 kB
Active:          1240444 kB
Inactive:        1018800 kB
Active(anon):    1012348 kB
Inactive(anon):    14396 kB
Active(file):     228096 kB
Inactive(file):  1004404 kB
Unevictable:        4124 kB
Mlocked:            4124 kB
SwapTotal:       1048572 kB
SwapFree:        1048572 kB
Dirty:                44 kB
Writeback:             0 kB
AnonPages:       1012084 kB
Mapped:           789412 kB
Shmem:             15400 kB
Slab:             183084 kB
SReclaimable:      45672 kB
SUnreclaim:       137412 kB
KernelStack:       35908 kB
PageTables:        51012 kB
NFS_Unstable:          0 kB
Bounce:                0 kB
WritebackTmp:          0 kB
CommitLimit:     7105828 kB
Committed_AS:   58190024 kB
VmallocTotal:   263061440 kB
VmallocUsed:       60832 kB
VmallocChunk:          0 kB
Percpu:             2304 kB
CmaTotal:         294912 kB
CmaFree:             208 kB
MemTotal:       12114512 kB
MemFree:         6836488 kB
MemAvailable:    8277836 kB
Buffers:            4056 kB
Cached:          1247100 kB
SwapCached:            0 kB
Active:          1240404 kB
Inactive:        1018800 kB
Active(anon):    1012308 kB
Inactive(anon):    14396 kB
Active(file):     228096 kB
Inactive(file):  1004404 kB
Unevictable:        4124 kB
Mlocked:            4124 kB
SwapTotal:       1048572 kB
SwapFree:        1048572 kB
Dirty:                44 kB
Writeback:             0 kB
AnonPages:       1012216 kB
Mapped:           789444 kB
Shmem:             15400 kB
Slab:             183112 kB
SReclaimable:      45672 kB
SUnreclaim:       137440 kB
KernelStack:       35956 kB
PageTables:        51068 kB
NFS_Unstable:          0 kB
Bounce:                0 kB
WritebackTmp:          0 kB
CommitLimit:     7105828 kB
Committed_AS:   58189100 kB
VmallocTotal:   263061440 kB
VmallocUsed:       60832 kB
VmallocChunk:          0 kB
Percpu:             2304 kB
CmaTotal:         294912 kB
CmaFree:             224 kB
MemTotal:       12114512 kB
MemFree:         6836748 kB
MemAvailable:    8278096 kB
Buffers:            4056 kB
Cached:          1247100 kB
SwapCached:            0 kB
Active:          1240452 kB
Inactive:        1018800 kB
Active(anon):    1012356 kB
Inactive(anon):    14396 kB
Active(file):     228096 kB
Inactive(file):  1004404 kB
Unevictable:        4124 kB
Mlocked:            4124 kB
SwapTotal:       1048572 kB
SwapFree:        1048572 kB
Dirty:                44 kB
Writeback:             0 kB
AnonPages:       1012344 kB
Mapped:           789216 kB
Shmem:             15400 kB
Slab:             183076 kB
SReclaimable:      45672 kB
SUnreclaim:       137404 kB
KernelStack:       35936 kB
PageTables:        51120 kB
NFS_Unstable:          0 kB
Bounce:                0 kB
WritebackTmp:          0 kB
CommitLimit:     7105828 kB
Committed_AS:   58188880 kB
VmallocTotal:   263061440 kB
VmallocUsed:       60832 kB
VmallocChunk:          0 kB
Percpu:             2304 kB
CmaTotal:         294912 kB
CmaFree:             116 kB
MemTotal:       12114512 kB
MemFree:         6836368 kB
MemAvailable:    8277716 kB
Buffers:            4056 kB
Cached:          1247100 kB
SwapCached:            0 kB
Active:          1240548 kB
Inactive:        1018800 kB
Active(anon):    1012452 kB
Inactive(anon):    14396 kB
Active(file):     228096 kB
Inactive(file):  1004404 kB
Unevictable:        4124 kB
Mlocked:            4124 kB
SwapTotal:       1048572 kB
SwapFree:        1048572 kB
Dirty:                44 kB
Writeback:             0 kB
AnonPages:       1012440 kB
Mapped:           789216 kB
Shmem:             15400 kB
Slab:             183236 kB
SReclaimable:      45672 kB
SUnreclaim:       137564 kB
KernelStack:       35936 kB
PageTables:        51120 kB
NFS_Unstable:          0 kB
Bounce:                0 kB
WritebackTmp:          0 kB
CommitLimit:     7105828 kB
Committed_AS:   58188220 kB
VmallocTotal:   263061440 kB
VmallocUsed:       60832 kB
VmallocChunk:          0 kB
Percpu:             2304 kB
CmaTotal:         294912 kB
CmaFree:               0 kB
MemTotal:       12114512 kB
MemFree:         6836500 kB
MemAvailable:    8277848 kB
Buffers:            4056 kB
Cached:          1247100 kB
SwapCached:            0 kB
Active:          1240548 kB
Inactive:        1018800 kB
Active(anon):    1012452 kB
Inactive(anon):    14396 kB
Active(file):     228096 kB
Inactive(file):  1004404 kB
Unevictable:        4124 kB
Mlocked:            4124 kB
SwapTotal:       1048572 kB
SwapFree:        1048572 kB
Dirty:                44 kB
Writeback:             0 kB
AnonPages:       1012480 kB
Mapped:           789412 kB
Shmem:             15400 kB
Slab:             183004 kB
SReclaimable:      45672 kB
SUnreclaim:       137332 kB
KernelStack:       35908 kB
PageTables:        51008 kB
NFS_Unstable:          0 kB
Bounce:                0 kB
WritebackTmp:          0 kB
CommitLimit:     7105828 kB
Committed_AS:   58187912 kB
VmallocTotal:   263061440 kB
VmallocUsed:       60832 kB
VmallocChunk:          0 kB
Percpu:             2304 kB
CmaTotal:         294912 kB
CmaFree:              60 kB
MemTotal:       12114512 kB
MemFree:         6836260 kB
MemAvailable:    8277608 kB
Buffers:            4056 kB
Cached:          1247100 kB
SwapCached:            0 kB
Active:          1240932 kB
Inactive:        1018800 kB
Active(anon):    1012836 kB
Inactive(anon):    14396 kB
Active(file):     228096 kB
Inactive(file):  1004404 kB
Unevictable:        4124 kB
Mlocked:            4124 kB
SwapTotal:       1048572 kB
SwapFree:        1048572 kB
Dirty:                44 kB
Writeback:             0 kB
AnonPages:       1012704 kB
Mapped:           789316 kB
Shmem:             15400 kB
Slab:             183020 kB
SReclaimable:      45672 kB
SUnreclaim:       137348 kB
KernelStack:       35984 kB
PageTables:        51288 kB
NFS_Unstable:          0 kB
Bounce:                0 kB
WritebackTmp:          0 kB
CommitLimit:     7105828 kB
Committed_AS:   58187516 kB
VmallocTotal:   263061440 kB
VmallocUsed:       60832 kB
VmallocChunk:          0 kB
Percpu:             2304 kB
CmaTotal:         294912 kB
CmaFree:               0 kB
MemTotal:       12114512 kB
MemFree:         6836236 kB
MemAvailable:    8277584 kB
Buffers:            4056 kB
Cached:          1247100 kB
SwapCached:            0 kB
Active:          1241000 kB
Inactive:        1018800 kB
Active(anon):    1012904 kB
Inactive(anon):    14396 kB
Active(file):     228096 kB
Inactive(file):  1004404 kB
Unevictable:        4124 kB
Mlocked:            4124 kB
SwapTotal:       1048572 kB
SwapFree:        1048572 kB
Dirty:                44 kB
Writeback:             0 kB
AnonPages:       1012656 kB
Mapped:           789416 kB
Shmem:             15400 kB
Slab:             183004 kB
SReclaimable:      45672 kB
SUnreclaim:       137332 kB
KernelStack:       35908 kB
PageTables:        51016 kB
NFS_Unstable:          0 kB
Bounce:                0 kB
WritebackTmp:          0 kB
CommitLimit:     7105828 kB
Committed_AS:   58186988 kB
VmallocTotal:   263061440 kB
VmallocUsed:       60832 kB
VmallocChunk:          0 kB
Percpu:             2304 kB
CmaTotal:         294912 kB
CmaFree:              60 kB
MemTotal:       12114512 kB
MemFree:         6835924 kB
MemAvailable:    8277272 kB
Buffers:            4056 kB
Cached:          1247100 kB
SwapCached:            0 kB
Active:          1241116 kB
Inactive:        1018800 kB
Active(anon):    1013020 kB
Inactive(anon):    14396 kB
Active(file):     228096 kB
Inactive(file):  1004404 kB
Unevictable:        4124 kB
Mlocked:            4124 kB
SwapTotal:       1048572 kB
SwapFree:        1048572 kB
Dirty:                44 kB
Writeback:             0 kB
AnonPages:       1012756 kB
Mapped:           789412 kB
Shmem:             15400 kB
Slab:             183004 kB
SReclaimable:      45672 kB
SUnreclaim:       137332 kB
KernelStack:       35940 kB
PageTables:        51012 kB
NFS_Unstable:          0 kB
Bounce:                0 kB
WritebackTmp:          0 kB
CommitLimit:     7105828 kB
Committed_AS:   58187692 kB
VmallocTotal:   263061440 kB
VmallocUsed:       60832 kB
VmallocChunk:          0 kB
Percpu:             2304 kB
CmaTotal:         294912 kB
CmaFree:             340 kB
MemTotal:       12114512 kB
MemFree:         6826412 kB
MemAvailable:    8071332 kB
Buffers:            4056 kB
Cached:          1247104 kB
SwapCached:            0 kB
Active:          1253524 kB
Inactive:        1018748 kB
Active(anon):    1025428 kB
Inactive(anon):    14344 kB
Active(file):     228096 kB
Inactive(file):  1004404 kB
Unevictable:        4124 kB
Mlocked:            4124 kB
SwapTotal:       1048572 kB
SwapFree:        1048572 kB
Dirty:                52 kB
Writeback:             0 kB
AnonPages:       1025220 kB
Mapped:           789292 kB
Shmem:             15404 kB
Slab:             183192 kB
SReclaimable:      45672 kB
SUnreclaim:       137520 kB
KernelStack:       37120 kB
PageTables:        51352 kB
NFS_Unstable:          0 kB
Bounce:                0 kB
WritebackTmp:          0 kB
CommitLimit:     7105828 kB
Committed_AS:   58196816 kB
VmallocTotal:   263061440 kB
VmallocUsed:       62004 kB
VmallocChunk:          0 kB
Percpu:             2304 kB
CmaTotal:         294912 kB
CmaFree:               0 kB
MemTotal:       12114512 kB
MemFree:         6611420 kB
MemAvailable:    7891360 kB
Buffers:            4056 kB
Cached:          1247024 kB
SwapCached:            0 kB
Active:          1367736 kB
Inactive:        1018700 kB
Active(anon):    1139632 kB
Inactive(anon):    14304 kB
Active(file):     228104 kB
Inactive(file):  1004396 kB
Unevictable:        4124 kB
Mlocked:            4124 kB
SwapTotal:       1048572 kB
SwapFree:        1048572 kB
Dirty:               128 kB
Writeback:             8 kB
AnonPages:       1139756 kB
Mapped:           790876 kB
Shmem:             15324 kB
Slab:             183320 kB
SReclaimable:      45672 kB
SUnreclaim:       137648 kB
KernelStack:       38176 kB
PageTables:        51660 kB
NFS_Unstable:          0 kB
Bounce:                0 kB
WritebackTmp:          0 kB
CommitLimit:     7105828 kB
Committed_AS:   58222396 kB
VmallocTotal:   263061440 kB
VmallocUsed:       63228 kB
VmallocChunk:          0 kB
Percpu:             2304 kB
CmaTotal:         294912 kB
CmaFree:               0 kB
MemTotal:       12114512 kB
MemFree:         6697072 kB
MemAvailable:    7985344 kB
Buffers:            4056 kB
Cached:          1247264 kB
SwapCached:            0 kB
Active:          1280516 kB
Inactive:        1018908 kB
Active(anon):    1052400 kB
Inactive(anon):    14364 kB
Active(file):     228116 kB
Inactive(file):  1004544 kB
Unevictable:        4124 kB
Mlocked:            4124 kB
SwapTotal:       1048572 kB
SwapFree:        1048572 kB
Dirty:               232 kB
Writeback:             0 kB
AnonPages:       1052348 kB
Mapped:           792240 kB
Shmem:             15404 kB
Slab:             183248 kB
SReclaimable:      45688 kB
SUnreclaim:       137560 kB
KernelStack:       38256 kB
PageTables:        52120 kB
NFS_Unstable:          0 kB
Bounce:                0 kB
WritebackTmp:          0 kB
CommitLimit:     7105828 kB
Committed_AS:   58230956 kB
VmallocTotal:   263061440 kB
VmallocUsed:       63092 kB
VmallocChunk:          0 kB
Percpu:             2304 kB
CmaTotal:         294912 kB
CmaFree:               0 kB
MemTotal:       12114512 kB
MemFree:         6702400 kB
MemAvailable:    7952496 kB
Buffers:            4056 kB
Cached:          1247320 kB
SwapCached:            0 kB
Active:          1273192 kB
Inactive:        1018628 kB
Active(anon):    1044788 kB
Inactive(anon):    14404 kB
Active(file):     228404 kB
Inactive(file):  1004224 kB
Unevictable:        4124 kB
Mlocked:            4124 kB
SwapTotal:       1048572 kB
SwapFree:        1048572 kB
Dirty:               252 kB
Writeback:             0 kB
AnonPages:       1044640 kB
Mapped:           792924 kB
Shmem:             15492 kB
Slab:             183332 kB
SReclaimable:      45704 kB
SUnreclaim:       137628 kB
KernelStack:       38240 kB
PageTables:        51992 kB
NFS_Unstable:          0 kB
Bounce:                0 kB
WritebackTmp:          0 kB
CommitLimit:     7105828 kB
Committed_AS:   58225876 kB
VmallocTotal:   263061440 kB
VmallocUsed:       63228 kB
VmallocChunk:          0 kB
Percpu:             2304 kB
CmaTotal:         294912 kB
CmaFree:               0 kB
MemTotal:       12114512 kB
MemFree:         6660936 kB
MemAvailable:    7919904 kB
Buffers:            4056 kB
Cached:          1247408 kB
SwapCached:            0 kB
Active:          1315208 kB
Inactive:        1018860 kB
Active(anon):    1086808 kB
Inactive(anon):    14660 kB
Active(file):     228400 kB
Inactive(file):  1004200 kB
Unevictable:        4124 kB
Mlocked:            4124 kB
SwapTotal:       1048572 kB
SwapFree:        1048572 kB
Dirty:               408 kB
Writeback:             0 kB
AnonPages:       1086716 kB
Mapped:           794048 kB
Shmem:             15608 kB
Slab:             183416 kB
SReclaimable:      45736 kB
SUnreclaim:       137680 kB
KernelStack:       38628 kB
PageTables:        51844 kB
NFS_Unstable:          0 kB
Bounce:                0 kB
WritebackTmp:          0 kB
CommitLimit:     7105828 kB
Committed_AS:   58219364 kB
VmallocTotal:   263061440 kB
VmallocUsed:       63644 kB
VmallocChunk:          0 kB
Percpu:             2304 kB
CmaTotal:         294912 kB
CmaFree:              12 kB
MemTotal:       12114512 kB
MemFree:         6692884 kB
MemAvailable:    7951084 kB
Buffers:            4056 kB
Cached:          1247612 kB
SwapCached:            0 kB
Active:          1283408 kB
Inactive:        1018952 kB
Active(anon):    1054988 kB
Inactive(anon):    14708 kB
Active(file):     228420 kB
Inactive(file):  1004244 kB
Unevictable:        4124 kB
Mlocked:            4124 kB
SwapTotal:       1048572 kB
SwapFree:        1048572 kB
Dirty:               804 kB
Writeback:             0 kB
AnonPages:       1055076 kB
Mapped:           793168 kB
Shmem:             15748 kB
Slab:             183692 kB
SReclaimable:      45856 kB
SUnreclaim:       137836 kB
KernelStack:       39280 kB
PageTables:        52112 kB
NFS_Unstable:          0 kB
Bounce:                0 kB
WritebackTmp:          0 kB
CommitLimit:     7105828 kB
Committed_AS:   58232608 kB
VmallocTotal:   263061440 kB
VmallocUsed:       64204 kB
VmallocChunk:          0 kB
Percpu:             2304 kB
CmaTotal:         294912 kB
CmaFree:               0 kB
MemTotal:       12114512 kB
MemFree:         6690744 kB
MemAvailable:    7947932 kB
Buffers:            4056 kB
Cached:          1247652 kB
SwapCached:            0 kB
Active:          1284200 kB
Inactive:        1018980 kB
Active(anon):    1055776 kB
Inactive(anon):    14740 kB
Active(file):     228424 kB
Inactive(file):  1004240 kB
Unevictable:        4124 kB
Mlocked:            4124 kB
SwapTotal:       1048572 kB
SwapFree:        1048572 kB
Dirty:               124 kB
Writeback:             0 kB
AnonPages:       1055512 kB
Mapped:           793984 kB
Shmem:             15788 kB
Slab:             183808 kB
SReclaimable:      45900 kB
SUnreclaim:       137908 kB
KernelStack:       39280 kB
PageTables:        52160 kB
NFS_Unstable:          0 kB
Bounce:                0 kB
WritebackTmp:          0 kB
CommitLimit:     7105828 kB
Committed_AS:   58227308 kB
VmallocTotal:   263061440 kB
VmallocUsed:       64188 kB
VmallocChunk:          0 kB
Percpu:             2304 kB
CmaTotal:         294912 kB
CmaFree:               0 kB
MemTotal:       12114512 kB
MemFree:         6693692 kB
MemAvailable:    7934988 kB
Buffers:            4056 kB
Cached:          1247616 kB
SwapCached:            0 kB
Active:          1280680 kB
Inactive:        1018968 kB
Active(anon):    1052268 kB
Inactive(anon):    14788 kB
Active(file):     228412 kB
Inactive(file):  1004180 kB
Unevictable:        4124 kB
Mlocked:            4124 kB
SwapTotal:       1048572 kB
SwapFree:        1048572 kB
Dirty:               140 kB
Writeback:             0 kB
AnonPages:       1052132 kB
Mapped:           793696 kB
Shmem:             15824 kB
Slab:             183772 kB
SReclaimable:      45900 kB
SUnreclaim:       137872 kB
KernelStack:       39168 kB
PageTables:        52080 kB
NFS_Unstable:          0 kB
Bounce:                0 kB
WritebackTmp:          0 kB
CommitLimit:     7105828 kB
Committed_AS:   58233356 kB
VmallocTotal:   263061440 kB
VmallocUsed:       64172 kB
VmallocChunk:          0 kB
Percpu:             2304 kB
CmaTotal:         294912 kB
CmaFree:              76 kB
MemTotal:       12114512 kB
MemFree:         6684244 kB
MemAvailable:    7917476 kB
Buffers:            4056 kB
Cached:          1247480 kB
SwapCached:            0 kB
Active:          1291404 kB
Inactive:        1018844 kB
Active(anon):    1062996 kB
Inactive(anon):    14676 kB
Active(file):     228408 kB
Inactive(file):  1004168 kB
Unevictable:        4124 kB
Mlocked:            4124 kB
SwapTotal:       1048572 kB
SwapFree:        1048572 kB
Dirty:               160 kB
Writeback:            12 kB
AnonPages:       1063244 kB
Mapped:           793264 kB
Shmem:             15704 kB
Slab:             183780 kB
SReclaimable:      45916 kB
SUnreclaim:       137864 kB
KernelStack:       39136 kB
PageTables:        52260 kB
NFS_Unstable:          0 kB
Bounce:                0 kB
WritebackTmp:          0 kB
CommitLimit:     7105828 kB
Committed_AS:   58228960 kB
VmallocTotal:   263061440 kB
VmallocUsed:       64220 kB
VmallocChunk:          0 kB
Percpu:             2304 kB
CmaTotal:         294912 kB
CmaFree:               0 kB
MemTotal:       12114512 kB
MemFree:         6688420 kB
MemAvailable:    7922632 kB
Buffers:            4056 kB
Cached:          1247564 kB
SwapCached:            0 kB
Active:          1285860 kB
Inactive:        1018908 kB
Active(anon):    1057444 kB
Inactive(anon):    14720 kB
Active(file):     228416 kB
Inactive(file):  1004188 kB
Unevictable:        4124 kB
Mlocked:            4124 kB
SwapTotal:       1048572 kB
SwapFree:        1048572 kB
Dirty:               224 kB
Writeback:             0 kB
AnonPages:       1056852 kB
Mapped:           794048 kB
Shmem:             15760 kB
Slab:             183900 kB
SReclaimable:      45932 kB
SUnreclaim:       137968 kB
KernelStack:       39344 kB
PageTables:        52040 kB
NFS_Unstable:          0 kB
Bounce:                0 kB
WritebackTmp:          0 kB
CommitLimit:     7105828 kB
Committed_AS:   58218772 kB
VmallocTotal:   263061440 kB
VmallocUsed:       64284 kB
VmallocChunk:          0 kB
Percpu:             2304 kB
CmaTotal:         294912 kB
CmaFree:              68 kB
MemTotal:       12114512 kB
MemFree:         6691452 kB
MemAvailable:    7925284 kB
Buffers:            4056 kB
Cached:          1247404 kB
SwapCached:            0 kB
Active:          1283288 kB
Inactive:        1018760 kB
Active(anon):    1054872 kB
Inactive(anon):    14580 kB
Active(file):     228416 kB
Inactive(file):  1004180 kB
Unevictable:        4124 kB
Mlocked:            4124 kB
SwapTotal:       1048572 kB
SwapFree:        1048572 kB
Dirty:               328 kB
Writeback:             0 kB
AnonPages:       1054828 kB
Mapped:           794284 kB
Shmem:             15608 kB
Slab:             183704 kB
SReclaimable:      45884 kB
SUnreclaim:       137820 kB
KernelStack:       39296 kB
PageTables:        52068 kB
NFS_Unstable:          0 kB
Bounce:                0 kB
WritebackTmp:          0 kB
CommitLimit:     7105828 kB
Committed_AS:   58239320 kB
VmallocTotal:   263061440 kB
VmallocUsed:       64316 kB
VmallocChunk:          0 kB
Percpu:             2304 kB
CmaTotal:         294912 kB
CmaFree:               0 kB
MemTotal:       12114512 kB
MemFree:         6668888 kB
MemAvailable:    7883948 kB
Buffers:            4056 kB
Cached:          1247424 kB
SwapCached:            0 kB
Active:          1309008 kB
Inactive:        1018780 kB
Active(anon):    1080592 kB
Inactive(anon):    14600 kB
Active(file):     228416 kB
Inactive(file):  1004180 kB
Unevictable:        4124 kB
Mlocked:            4124 kB
SwapTotal:       1048572 kB
SwapFree:        1048572 kB
Dirty:               176 kB
Writeback:           256 kB
AnonPages:       1080536 kB
Mapped:           793632 kB
Shmem:             15628 kB
Slab:             183696 kB
SReclaimable:      45884 kB
SUnreclaim:       137812 kB
KernelStack:       39344 kB
PageTables:        52092 kB
NFS_Unstable:          0 kB
Bounce:                0 kB
WritebackTmp:          0 kB
CommitLimit:     7105828 kB
Committed_AS:   58239496 kB
VmallocTotal:   263061440 kB
VmallocUsed:       64332 kB
VmallocChunk:          0 kB
Percpu:             2304 kB
CmaTotal:         294912 kB
CmaFree:               4 kB
MemTotal:       12114512 kB
MemFree:         6669224 kB
MemAvailable:    7897140 kB
Buffers:            4056 kB
Cached:          1247496 kB
SwapCached:            0 kB
Active:          1307092 kB
Inactive:        1018836 kB
Active(anon):    1078676 kB
Inactive(anon):    14664 kB
Active(file):     228416 kB
Inactive(file):  1004172 kB
Unevictable:        4124 kB
Mlocked:            4124 kB
SwapTotal:       1048572 kB
SwapFree:        1048572 kB
Dirty:               128 kB
Writeback:             4 kB
AnonPages:       1078428 kB
Mapped:           793440 kB
Shmem:             15708 kB
Slab:             183880 kB
SReclaimable:      45888 kB
SUnreclaim:       137992 kB
KernelStack:       39360 kB
PageTables:        52156 kB
NFS_Unstable:          0 kB
Bounce:                0 kB
WritebackTmp:          0 kB
CommitLimit:     7105828 kB
Committed_AS:   58247072 kB
VmallocTotal:   263061440 kB
VmallocUsed:       64300 kB
VmallocChunk:          0 kB
Percpu:             2304 kB
CmaTotal:         294912 kB
CmaFree:              28 kB
MemTotal:       12114512 kB
MemFree:         6659476 kB
MemAvailable:    7886736 kB
Buffers:            4056 kB
Cached:          1247548 kB
SwapCached:            0 kB
Active:          1316128 kB
Inactive:        1018856 kB
Active(anon):    1087700 kB
Inactive(anon):    14612 kB
Active(file):     228428 kB
Inactive(file):  1004244 kB
Unevictable:        4124 kB
Mlocked:            4124 kB
SwapTotal:       1048572 kB
SwapFree:        1048572 kB
Dirty:               428 kB
Writeback:             0 kB
AnonPages:       1087496 kB
Mapped:           794544 kB
Shmem:             15676 kB
Slab:             183896 kB
SReclaimable:      45944 kB
SUnreclaim:       137952 kB
KernelStack:       39408 kB
PageTables:        52012 kB
NFS_Unstable:          0 kB
Bounce:                0 kB
WritebackTmp:          0 kB
CommitLimit:     7105828 kB
Committed_AS:   58227556 kB
VmallocTotal:   263061440 kB
VmallocUsed:       64396 kB
VmallocChunk:          0 kB
Percpu:             2304 kB
CmaTotal:         294912 kB
CmaFree:               0 kB
MemTotal:       12114512 kB
MemFree:         6663384 kB
MemAvailable:    7890644 kB
Buffers:            4056 kB
Cached:          1247628 kB
SwapCached:            0 kB
Active:          1311580 kB
Inactive:        1018936 kB
Active(anon):    1083152 kB
Inactive(anon):    14692 kB
Active(file):     228428 kB
Inactive(file):  1004244 kB
Unevictable:        4124 kB
Mlocked:            4124 kB
SwapTotal:       1048572 kB
SwapFree:        1048572 kB
Dirty:               432 kB
Writeback:             0 kB
AnonPages:       1082888 kB
Mapped:           794564 kB
Shmem:             15756 kB
Slab:             183892 kB
SReclaimable:      45944 kB
SUnreclaim:       137948 kB
KernelStack:       39376 kB
PageTables:        52092 kB
NFS_Unstable:          0 kB
Bounce:                0 kB
WritebackTmp:          0 kB
CommitLimit:     7105828 kB
Committed_AS:   58237432 kB
VmallocTotal:   263061440 kB
VmallocUsed:       64428 kB
VmallocChunk:          0 kB
Percpu:             2304 kB
CmaTotal:         294912 kB
CmaFree:              36 kB
MemTotal:       12114512 kB
MemFree:         6663656 kB
MemAvailable:    7890924 kB
Buffers:            4056 kB
Cached:          1247548 kB
SwapCached:            0 kB
Active:          1311624 kB
Inactive:        1018856 kB
Active(anon):    1083196 kB
Inactive(anon):    14612 kB
Active(file):     228428 kB
Inactive(file):  1004244 kB
Unevictable:        4124 kB
Mlocked:            4124 kB
SwapTotal:       1048572 kB
SwapFree:        1048572 kB
Dirty:               440 kB
Writeback:             0 kB
AnonPages:       1083156 kB
Mapped:           794488 kB
Shmem:             15676 kB
Slab:             183892 kB
SReclaimable:      45960 kB
SUnreclaim:       137932 kB
KernelStack:       39408 kB
PageTables:        52192 kB
NFS_Unstable:          0 kB
Bounce:                0 kB
WritebackTmp:          0 kB
CommitLimit:     7105828 kB
Committed_AS:   58232920 kB
VmallocTotal:   263061440 kB
VmallocUsed:       64428 kB
VmallocChunk:          0 kB
Percpu:             2304 kB
CmaTotal:         294912 kB
CmaFree:               0 kB
MemTotal:       12114512 kB
MemFree:         6660720 kB
MemAvailable:    7887980 kB
Buffers:            4056 kB
Cached:          1247452 kB
SwapCached:            0 kB
Active:          1316708 kB
Inactive:        1018760 kB
Active(anon):    1088280 kB
Inactive(anon):    14516 kB
Active(file):     228428 kB
Inactive(file):  1004244 kB
Unevictable:        4124 kB
Mlocked:            4124 kB
SwapTotal:       1048572 kB
SwapFree:        1048572 kB
Dirty:               184 kB
Writeback:             0 kB
AnonPages:       1088028 kB
Mapped:           794360 kB
Shmem:             15580 kB
Slab:             183864 kB
SReclaimable:      45944 kB
SUnreclaim:       137920 kB
KernelStack:       39376 kB
PageTables:        51820 kB
NFS_Unstable:          0 kB
Bounce:                0 kB
WritebackTmp:          0 kB
CommitLimit:     7105828 kB
Committed_AS:   58225068 kB
VmallocTotal:   263061440 kB
VmallocUsed:       64380 kB
VmallocChunk:          0 kB
Percpu:             2304 kB
CmaTotal:         294912 kB
CmaFree:               0 kB
MemTotal:       12114512 kB
MemFree:         6661988 kB
MemAvailable:    7889248 kB
Buffers:            4056 kB
Cached:          1247452 kB
SwapCached:            0 kB
Active:          1312092 kB
Inactive:        1018760 kB
Active(anon):    1083664 kB
Inactive(anon):    14516 kB
Active(file):     228428 kB
Inactive(file):  1004244 kB
Unevictable:        4124 kB
Mlocked:            4124 kB
SwapTotal:       1048572 kB
SwapFree:        1048572 kB
Dirty:               136 kB
Writeback:             0 kB
AnonPages:       1083464 kB
Mapped:           794384 kB
Shmem:             15580 kB
Slab:             183892 kB
SReclaimable:      45944 kB
SUnreclaim:       137948 kB
KernelStack:       39328 kB
PageTables:        52024 kB
NFS_Unstable:          0 kB
Bounce:                0 kB
WritebackTmp:          0 kB
CommitLimit:     7105828 kB
Committed_AS:   58228764 kB
VmallocTotal:   263061440 kB
VmallocUsed:       64396 kB
VmallocChunk:          0 kB
Percpu:             2304 kB
CmaTotal:         294912 kB
CmaFree:               8 kB
MemTotal:       12114512 kB
MemFree:         6663156 kB
MemAvailable:    7890416 kB
Buffers:            4056 kB
Cached:          1247452 kB
SwapCached:            0 kB
Active:          1312120 kB
Inactive:        1018760 kB
Active(anon):    1083692 kB
Inactive(anon):    14516 kB
Active(file):     228428 kB
Inactive(file):  1004244 kB
Unevictable:        4124 kB
Mlocked:            4124 kB
SwapTotal:       1048572 kB
SwapFree:        1048572 kB
Dirty:               152 kB
Writeback:             0 kB
AnonPages:       1083360 kB
Mapped:           794616 kB
Shmem:             15580 kB
Slab:             183888 kB
SReclaimable:      45944 kB
SUnreclaim:       137944 kB
KernelStack:       39364 kB
PageTables:        51976 kB
NFS_Unstable:          0 kB
Bounce:                0 kB
WritebackTmp:          0 kB
CommitLimit:     7105828 kB
Committed_AS:   58224144 kB
VmallocTotal:   263061440 kB
VmallocUsed:       64380 kB
VmallocChunk:          0 kB
Percpu:             2304 kB
CmaTotal:         294912 kB
CmaFree:              64 kB
MemTotal:       12114512 kB
MemFree:         6659420 kB
MemAvailable:    7886680 kB
Buffers:            4056 kB
Cached:          1247452 kB
SwapCached:            0 kB
Active:          1315704 kB
Inactive:        1018760 kB
Active(anon):    1087276 kB
Inactive(anon):    14516 kB
Active(file):     228428 kB
Inactive(file):  1004244 kB
Unevictable:        4124 kB
Mlocked:            4124 kB
SwapTotal:       1048572 kB
SwapFree:        1048572 kB
Dirty:               160 kB
Writeback:             0 kB
AnonPages:       1087404 kB
Mapped:           794612 kB
Shmem:             15580 kB
Slab:             183880 kB
SReclaimable:      45944 kB
SUnreclaim:       137936 kB
KernelStack:       39380 kB
PageTables:        51960 kB
NFS_Unstable:          0 kB
Bounce:                0 kB
WritebackTmp:          0 kB
CommitLimit:     7105828 kB
Committed_AS:   58224080 kB
VmallocTotal:   263061440 kB
VmallocUsed:       64380 kB
VmallocChunk:          0 kB
Percpu:             2304 kB
CmaTotal:         294912 kB
CmaFree:              92 kB
MemTotal:       12114512 kB
MemFree:         6665904 kB
MemAvailable:    7893164 kB
Buffers:            4056 kB
Cached:          1247372 kB
SwapCached:            0 kB
Active:          1309640 kB
Inactive:        1018680 kB
Active(anon):    1081212 kB
Inactive(anon):    14436 kB
Active(file):     228428 kB
Inactive(file):  1004244 kB
Unevictable:        4124 kB
Mlocked:            4124 kB
SwapTotal:       1048572 kB
SwapFree:        1048572 kB
Dirty:               160 kB
Writeback:             0 kB
AnonPages:       1081308 kB
Mapped:           794336 kB
Shmem:             15500 kB
Slab:             183880 kB
SReclaimable:      45944 kB
SUnreclaim:       137936 kB
KernelStack:       39360 kB
PageTables:        52060 kB
NFS_Unstable:          0 kB
Bounce:                0 kB
WritebackTmp:          0 kB
CommitLimit:     7105828 kB
Committed_AS:   58231788 kB
VmallocTotal:   263061440 kB
VmallocUsed:       64396 kB
VmallocChunk:          0 kB
Percpu:             2304 kB
CmaTotal:         294912 kB
CmaFree:             120 kB
MemTotal:       12114512 kB
MemFree:         6665592 kB
MemAvailable:    7892852 kB
Buffers:            4056 kB
Cached:          1247452 kB
SwapCached:            0 kB
Active:          1309812 kB
Inactive:        1018760 kB
Active(anon):    1081384 kB
Inactive(anon):    14516 kB
Active(file):     228428 kB
Inactive(file):  1004244 kB
Unevictable:        4124 kB
Mlocked:            4124 kB
SwapTotal:       1048572 kB
SwapFree:        1048572 kB
Dirty:                88 kB
Writeback:             0 kB
AnonPages:       1081280 kB
Mapped:           794420 kB
Shmem:             15580 kB
Slab:             183844 kB
SReclaimable:      45944 kB
SUnreclaim:       137900 kB
KernelStack:       39376 kB
PageTables:        52068 kB
NFS_Unstable:          0 kB
Bounce:                0 kB
WritebackTmp:          0 kB
CommitLimit:     7105828 kB
Committed_AS:   58236944 kB
VmallocTotal:   263061440 kB
VmallocUsed:       64412 kB
VmallocChunk:          0 kB
Percpu:             2304 kB
CmaTotal:         294912 kB
CmaFree:               0 kB
MemTotal:       12114512 kB
MemFree:         6660528 kB
MemAvailable:    7887788 kB
Buffers:            4056 kB
Cached:          1247452 kB
SwapCached:            0 kB
Active:          1314840 kB
Inactive:        1018760 kB
Active(anon):    1086412 kB
Inactive(anon):    14516 kB
Active(file):     228428 kB
Inactive(file):  1004244 kB
Unevictable:        4124 kB
Mlocked:            4124 kB
SwapTotal:       1048572 kB
SwapFree:        1048572 kB
Dirty:                88 kB
Writeback:             0 kB
AnonPages:       1086228 kB
Mapped:           794576 kB
Shmem:             15580 kB
Slab:             183840 kB
SReclaimable:      45944 kB
SUnreclaim:       137896 kB
KernelStack:       39360 kB
PageTables:        52036 kB
NFS_Unstable:          0 kB
Bounce:                0 kB
WritebackTmp:          0 kB
CommitLimit:     7105828 kB
Committed_AS:   58229968 kB
VmallocTotal:   263061440 kB
VmallocUsed:       64396 kB
VmallocChunk:          0 kB
Percpu:             2304 kB
CmaTotal:         294912 kB
CmaFree:               0 kB
MemTotal:       12114512 kB
MemFree:         6664088 kB
MemAvailable:    7891348 kB
Buffers:            4056 kB
Cached:          1247452 kB
SwapCached:            0 kB
Active:          1311484 kB
Inactive:        1018760 kB
Active(anon):    1083056 kB
Inactive(anon):    14516 kB
Active(file):     228428 kB
Inactive(file):  1004244 kB
Unevictable:        4124 kB
Mlocked:            4124 kB
SwapTotal:       1048572 kB
SwapFree:        1048572 kB
Dirty:               104 kB
Writeback:             0 kB
AnonPages:       1082704 kB
Mapped:           794388 kB
Shmem:             15580 kB
Slab:             183836 kB
SReclaimable:      45940 kB
SUnreclaim:       137896 kB
KernelStack:       39344 kB
PageTables:        52012 kB
NFS_Unstable:          0 kB
Bounce:                0 kB
WritebackTmp:          0 kB
CommitLimit:     7105828 kB
Committed_AS:   58233060 kB
VmallocTotal:   263061440 kB
VmallocUsed:       64364 kB
VmallocChunk:          0 kB
Percpu:             2304 kB
CmaTotal:         294912 kB
CmaFree:              52 kB
MemTotal:       12114512 kB
MemFree:         6663256 kB
MemAvailable:    7890516 kB
Buffers:            4056 kB
Cached:          1247452 kB
SwapCached:            0 kB
Active:          1311040 kB
Inactive:        1018760 kB
Active(anon):    1082612 kB
Inactive(anon):    14516 kB
Active(file):     228428 kB
Inactive(file):  1004244 kB
Unevictable:        4124 kB
Mlocked:            4124 kB
SwapTotal:       1048572 kB
SwapFree:        1048572 kB
Dirty:               104 kB
Writeback:             0 kB
AnonPages:       1082564 kB
Mapped:           794436 kB
Shmem:             15580 kB
Slab:             183864 kB
SReclaimable:      45940 kB
SUnreclaim:       137924 kB
KernelStack:       39312 kB
PageTables:        51984 kB
NFS_Unstable:          0 kB
Bounce:                0 kB
WritebackTmp:          0 kB
CommitLimit:     7105828 kB
Committed_AS:   58230380 kB
VmallocTotal:   263061440 kB
VmallocUsed:       64380 kB
VmallocChunk:          0 kB
Percpu:             2304 kB
CmaTotal:         294912 kB
CmaFree:              32 kB
MemTotal:       12114512 kB
MemFree:         6664840 kB
MemAvailable:    7892100 kB
Buffers:            4056 kB
Cached:          1247452 kB
SwapCached:            0 kB
Active:          1311548 kB
Inactive:        1018760 kB
Active(anon):    1083120 kB
Inactive(anon):    14516 kB
Active(file):     228428 kB
Inactive(file):  1004244 kB
Unevictable:        4124 kB
Mlocked:            4124 kB
SwapTotal:       1048572 kB
SwapFree:        1048572 kB
Dirty:               120 kB
Writeback:             0 kB
AnonPages:       1083204 kB
Mapped:           794388 kB
Shmem:             15580 kB
Slab:             183864 kB
SReclaimable:      45940 kB
SUnreclaim:       137924 kB
KernelStack:       39328 kB
PageTables:        52012 kB
NFS_Unstable:          0 kB
Bounce:                0 kB
WritebackTmp:          0 kB
CommitLimit:     7105828 kB
Committed_AS:   58222428 kB
VmallocTotal:   263061440 kB
VmallocUsed:       64380 kB
VmallocChunk:          0 kB
Percpu:             2304 kB
CmaTotal:         294912 kB
CmaFree:               4 kB
MemTotal:       12114512 kB
MemFree:         6665172 kB
MemAvailable:    7892432 kB
Buffers:            4056 kB
Cached:          1247356 kB
SwapCached:            0 kB
Active:          1311780 kB
Inactive:        1018664 kB
Active(anon):    1083352 kB
Inactive(anon):    14420 kB
Active(file):     228428 kB
Inactive(file):  1004244 kB
Unevictable:        4124 kB
Mlocked:            4124 kB
SwapTotal:       1048572 kB
SwapFree:        1048572 kB
Dirty:               124 kB
Writeback:             0 kB
AnonPages:       1083372 kB
Mapped:           794268 kB
Shmem:             15484 kB
Slab:             183860 kB
SReclaimable:      45940 kB
SUnreclaim:       137920 kB
KernelStack:       39296 kB
PageTables:        51940 kB
NFS_Unstable:          0 kB
Bounce:                0 kB
WritebackTmp:          0 kB
CommitLimit:     7105828 kB
Committed_AS:   58229076 kB
VmallocTotal:   263061440 kB
VmallocUsed:       64332 kB
VmallocChunk:          0 kB
Percpu:             2304 kB
CmaTotal:         294912 kB
CmaFree:               0 kB
MemTotal:       12114512 kB
MemFree:         6665572 kB
MemAvailable:    7892832 kB
Buffers:            4056 kB
Cached:          1247356 kB
SwapCached:            0 kB
Active:          1310588 kB
Inactive:        1018664 kB
Active(anon):    1082160 kB
Inactive(anon):    14420 kB
Active(file):     228428 kB
Inactive(file):  1004244 kB
Unevictable:        4124 kB
Mlocked:            4124 kB
SwapTotal:       1048572 kB
SwapFree:        1048572 kB
Dirty:                88 kB
Writeback:             0 kB
AnonPages:       1081928 kB
Mapped:           794292 kB
Shmem:             15484 kB
Slab:             183864 kB
SReclaimable:      45940 kB
SUnreclaim:       137924 kB
KernelStack:       39296 kB
PageTables:        52008 kB
NFS_Unstable:          0 kB
Bounce:                0 kB
WritebackTmp:          0 kB
CommitLimit:     7105828 kB
Committed_AS:   58229392 kB
VmallocTotal:   263061440 kB
VmallocUsed:       64348 kB
VmallocChunk:          0 kB
Percpu:             2304 kB
CmaTotal:         294912 kB
CmaFree:             244 kB
MemTotal:       12114512 kB
MemFree:         6664452 kB
MemAvailable:    7891712 kB
Buffers:            4056 kB
Cached:          1247356 kB
SwapCached:            0 kB
Active:          1310676 kB
Inactive:        1018664 kB
Active(anon):    1082248 kB
Inactive(anon):    14420 kB
Active(file):     228428 kB
Inactive(file):  1004244 kB
Unevictable:        4124 kB
Mlocked:            4124 kB
SwapTotal:       1048572 kB
SwapFree:        1048572 kB
Dirty:                88 kB
Writeback:             0 kB
AnonPages:       1082200 kB
Mapped:           794292 kB
Shmem:             15484 kB
Slab:             183864 kB
SReclaimable:      45940 kB
SUnreclaim:       137924 kB
KernelStack:       39296 kB
PageTables:        52008 kB
NFS_Unstable:          0 kB
Bounce:                0 kB
WritebackTmp:          0 kB
CommitLimit:     7105828 kB
Committed_AS:   58225352 kB
VmallocTotal:   263061440 kB
VmallocUsed:       64316 kB
VmallocChunk:          0 kB
Percpu:             2304 kB
CmaTotal:         294912 kB
CmaFree:               0 kB
MemTotal:       12114512 kB
MemFree:         6666104 kB
MemAvailable:    7898996 kB
Buffers:            4056 kB
Cached:          1247316 kB
SwapCached:            0 kB
Active:          1309572 kB
Inactive:        1018664 kB
Active(anon):    1081144 kB
Inactive(anon):    14420 kB
Active(file):     228428 kB
Inactive(file):  1004244 kB
Unevictable:        4124 kB
Mlocked:            4124 kB
SwapTotal:       1048572 kB
SwapFree:        1048572 kB
Dirty:               120 kB
Writeback:             0 kB
AnonPages:       1080948 kB
Mapped:           794252 kB
Shmem:             15444 kB
Slab:             183864 kB
SReclaimable:      45940 kB
SUnreclaim:       137924 kB
KernelStack:       39296 kB
PageTables:        52008 kB
NFS_Unstable:          0 kB
Bounce:                0 kB
WritebackTmp:          0 kB
CommitLimit:     7105828 kB
Committed_AS:   58225624 kB
VmallocTotal:   263061440 kB
VmallocUsed:       64332 kB
VmallocChunk:          0 kB
Percpu:             2304 kB
CmaTotal:         294912 kB
CmaFree:               0 kB
MemTotal:       12114512 kB
MemFree:         6665940 kB
MemAvailable:    7898832 kB
Buffers:            4056 kB
Cached:          1247316 kB
SwapCached:            0 kB
Active:          1309760 kB
Inactive:        1018664 kB
Active(anon):    1081332 kB
Inactive(anon):    14420 kB
Active(file):     228428 kB
Inactive(file):  1004244 kB
Unevictable:        4124 kB
Mlocked:            4124 kB
SwapTotal:       1048572 kB
SwapFree:        1048572 kB
Dirty:               120 kB
Writeback:             0 kB
AnonPages:       1081104 kB
Mapped:           794252 kB
Shmem:             15444 kB
Slab:             183868 kB
SReclaimable:      45940 kB
SUnreclaim:       137928 kB
KernelStack:       39296 kB
PageTables:        52008 kB
NFS_Unstable:          0 kB
Bounce:                0 kB
WritebackTmp:          0 kB
CommitLimit:     7105828 kB
Committed_AS:   58225700 kB
VmallocTotal:   263061440 kB
VmallocUsed:       64364 kB
VmallocChunk:          0 kB
Percpu:             2304 kB
CmaTotal:         294912 kB
CmaFree:               0 kB
MemTotal:       12114512 kB
MemFree:         6666480 kB
MemAvailable:    7899372 kB
Buffers:            4056 kB
Cached:          1247316 kB
SwapCached:            0 kB
Active:          1309904 kB
Inactive:        1018664 kB
Active(anon):    1081476 kB
Inactive(anon):    14420 kB
Active(file):     228428 kB
Inactive(file):  1004244 kB
Unevictable:        4124 kB
Mlocked:            4124 kB
SwapTotal:       1048572 kB
SwapFree:        1048572 kB
Dirty:               132 kB
Writeback:             0 kB
AnonPages:       1081156 kB
Mapped:           794248 kB
Shmem:             15444 kB
Slab:             183864 kB
SReclaimable:      45940 kB
SUnreclaim:       137924 kB
KernelStack:       39312 kB
PageTables:        52004 kB
NFS_Unstable:          0 kB
Bounce:                0 kB
WritebackTmp:          0 kB
CommitLimit:     7105828 kB
Committed_AS:   58225304 kB
VmallocTotal:   263061440 kB
VmallocUsed:       64364 kB
VmallocChunk:          0 kB
Percpu:             2304 kB
CmaTotal:         294912 kB
CmaFree:               0 kB
MemTotal:       12114512 kB
MemFree:         6664628 kB
MemAvailable:    7897520 kB
Buffers:            4056 kB
Cached:          1247236 kB
SwapCached:            0 kB
Active:          1310388 kB
Inactive:        1018584 kB
Active(anon):    1081960 kB
Inactive(anon):    14340 kB
Active(file):     228428 kB
Inactive(file):  1004244 kB
Unevictable:        4124 kB
Mlocked:            4124 kB
SwapTotal:       1048572 kB
SwapFree:        1048572 kB
Dirty:                88 kB
Writeback:             0 kB
AnonPages:       1081680 kB
Mapped:           794232 kB
Shmem:             15364 kB
Slab:             183864 kB
SReclaimable:      45940 kB
SUnreclaim:       137924 kB
KernelStack:       39344 kB
PageTables:        52056 kB
NFS_Unstable:          0 kB
Bounce:                0 kB
WritebackTmp:          0 kB
CommitLimit:     7105828 kB
Committed_AS:   58233056 kB
VmallocTotal:   263061440 kB
VmallocUsed:       64364 kB
VmallocChunk:          0 kB
Percpu:             2304 kB
CmaTotal:         294912 kB
CmaFree:               0 kB
MemTotal:       12114512 kB
MemFree:         6664584 kB
MemAvailable:    7897476 kB
Buffers:            4056 kB
Cached:          1247316 kB
SwapCached:            0 kB
Active:          1310272 kB
Inactive:        1018664 kB
Active(anon):    1081844 kB
Inactive(anon):    14420 kB
Active(file):     228428 kB
Inactive(file):  1004244 kB
Unevictable:        4124 kB
Mlocked:            4124 kB
SwapTotal:       1048572 kB
SwapFree:        1048572 kB
Dirty:               124 kB
Writeback:             0 kB
AnonPages:       1081432 kB
Mapped:           794252 kB
Shmem:             15444 kB
Slab:             183872 kB
SReclaimable:      45940 kB
SUnreclaim:       137932 kB
KernelStack:       39296 kB
PageTables:        52012 kB
NFS_Unstable:          0 kB
Bounce:                0 kB
WritebackTmp:          0 kB
CommitLimit:     7105828 kB
Committed_AS:   58232044 kB
VmallocTotal:   263061440 kB
VmallocUsed:       64348 kB
VmallocChunk:          0 kB
Percpu:             2304 kB
CmaTotal:         294912 kB
CmaFree:               0 kB
MemTotal:       12114512 kB
MemFree:         6661960 kB
MemAvailable:    7894852 kB
Buffers:            4056 kB
Cached:          1247316 kB
SwapCached:            0 kB
Active:          1315224 kB
Inactive:        1018664 kB
Active(anon):    1086796 kB
Inactive(anon):    14420 kB
Active(file):     228428 kB
Inactive(file):  1004244 kB
Unevictable:        4124 kB
Mlocked:            4124 kB
SwapTotal:       1048572 kB
SwapFree:        1048572 kB
Dirty:               124 kB
Writeback:             0 kB
AnonPages:       1086816 kB
Mapped:           794252 kB
Shmem:             15444 kB
Slab:             183872 kB
SReclaimable:      45940 kB
SUnreclaim:       137932 kB
KernelStack:       39328 kB
PageTables:        52012 kB
NFS_Unstable:          0 kB
Bounce:                0 kB
WritebackTmp:          0 kB
CommitLimit:     7105828 kB
Committed_AS:   58227160 kB
VmallocTotal:   263061440 kB
VmallocUsed:       64380 kB
VmallocChunk:          0 kB
Percpu:             2304 kB
CmaTotal:         294912 kB
CmaFree:               0 kB
MemTotal:       12114512 kB
MemFree:         6664872 kB
MemAvailable:    7897764 kB
Buffers:            4056 kB
Cached:          1247316 kB
SwapCached:            0 kB
Active:          1310424 kB
Inactive:        1018664 kB
Active(anon):    1081996 kB
Inactive(anon):    14420 kB
Active(file):     228428 kB
Inactive(file):  1004244 kB
Unevictable:        4124 kB
Mlocked:            4124 kB
SwapTotal:       1048572 kB
SwapFree:        1048572 kB
Dirty:               140 kB
Writeback:             0 kB
AnonPages:       1082052 kB
Mapped:           794444 kB
Shmem:             15444 kB
Slab:             183872 kB
SReclaimable:      45940 kB
SUnreclaim:       137932 kB
KernelStack:       39316 kB
PageTables:        51896 kB
NFS_Unstable:          0 kB
Bounce:                0 kB
WritebackTmp:          0 kB
CommitLimit:     7105828 kB
Committed_AS:   58232124 kB
VmallocTotal:   263061440 kB
VmallocUsed:       64332 kB
VmallocChunk:          0 kB
Percpu:             2304 kB
CmaTotal:         294912 kB
CmaFree:               8 kB
MemTotal:       12114512 kB
MemFree:         6664328 kB
MemAvailable:    7897220 kB
Buffers:            4056 kB
Cached:          1247316 kB
SwapCached:            0 kB
Active:          1310796 kB
Inactive:        1018664 kB
Active(anon):    1082368 kB
Inactive(anon):    14420 kB
Active(file):     228428 kB
Inactive(file):  1004244 kB
Unevictable:        4124 kB
Mlocked:            4124 kB
SwapTotal:       1048572 kB
SwapFree:        1048572 kB
Dirty:               168 kB
Writeback:             0 kB
AnonPages:       1082332 kB
Mapped:           794252 kB
Shmem:             15444 kB
Slab:             183872 kB
SReclaimable:      45940 kB
SUnreclaim:       137932 kB
KernelStack:       39312 kB
PageTables:        52012 kB
NFS_Unstable:          0 kB
Bounce:                0 kB
WritebackTmp:          0 kB
CommitLimit:     7105828 kB
Committed_AS:   58232124 kB
VmallocTotal:   263061440 kB
VmallocUsed:       64332 kB
VmallocChunk:          0 kB
Percpu:             2304 kB
CmaTotal:         294912 kB
CmaFree:               0 kB
MemTotal:       12114512 kB
MemFree:         6660272 kB
MemAvailable:    7893164 kB
Buffers:            4056 kB
Cached:          1247316 kB
SwapCached:            0 kB
Active:          1315952 kB
Inactive:        1018664 kB
Active(anon):    1087524 kB
Inactive(anon):    14420 kB
Active(file):     228428 kB
Inactive(file):  1004244 kB
Unevictable:        4124 kB
Mlocked:            4124 kB
SwapTotal:       1048572 kB
SwapFree:        1048572 kB
Dirty:                88 kB
Writeback:             0 kB
AnonPages:       1087268 kB
Mapped:           794252 kB
Shmem:             15444 kB
Slab:             183872 kB
SReclaimable:      45940 kB
SUnreclaim:       137932 kB
KernelStack:       39328 kB
PageTables:        52012 kB
NFS_Unstable:          0 kB
Bounce:                0 kB
WritebackTmp:          0 kB
CommitLimit:     7105828 kB
Committed_AS:   58223404 kB
VmallocTotal:   263061440 kB
VmallocUsed:       64348 kB
VmallocChunk:          0 kB
Percpu:             2304 kB
CmaTotal:         294912 kB
CmaFree:               0 kB
MemTotal:       12114512 kB
MemFree:         6663964 kB
MemAvailable:    7896856 kB
Buffers:            4056 kB
Cached:          1247556 kB
SwapCached:            0 kB
Active:          1310848 kB
Inactive:        1018904 kB
Active(anon):    1082420 kB
Inactive(anon):    14660 kB
Active(file):     228428 kB
Inactive(file):  1004244 kB
Unevictable:        4124 kB
Mlocked:            4124 kB
SwapTotal:       1048572 kB
SwapFree:        1048572 kB
Dirty:                88 kB
Writeback:             0 kB
AnonPages:       1082044 kB
Mapped:           794488 kB
Shmem:             15684 kB
Slab:             183876 kB
SReclaimable:      45940 kB
SUnreclaim:       137936 kB
KernelStack:       39328 kB
PageTables:        52008 kB
NFS_Unstable:          0 kB
Bounce:                0 kB
WritebackTmp:          0 kB
CommitLimit:     7105828 kB
Committed_AS:   58234368 kB
VmallocTotal:   263061440 kB
VmallocUsed:       64332 kB
VmallocChunk:          0 kB
Percpu:             2304 kB
CmaTotal:         294912 kB
CmaFree:              12 kB
MemTotal:       12114512 kB
MemFree:         6664420 kB
MemAvailable:    7897312 kB
Buffers:            4056 kB
Cached:          1247316 kB
SwapCached:            0 kB
Active:          1310936 kB
Inactive:        1018664 kB
Active(anon):    1082508 kB
Inactive(anon):    14420 kB
Active(file):     228428 kB
Inactive(file):  1004244 kB
Unevictable:        4124 kB
Mlocked:            4124 kB
SwapTotal:       1048572 kB
SwapFree:        1048572 kB
Dirty:                88 kB
Writeback:             0 kB
AnonPages:       1082504 kB
Mapped:           794252 kB
Shmem:             15444 kB
Slab:             183860 kB
SReclaimable:      45940 kB
SUnreclaim:       137920 kB
KernelStack:       39328 kB
PageTables:        52012 kB
NFS_Unstable:          0 kB
Bounce:                0 kB
WritebackTmp:          0 kB
CommitLimit:     7105828 kB
Committed_AS:   58234908 kB
VmallocTotal:   263061440 kB
VmallocUsed:       64380 kB
VmallocChunk:          0 kB
Percpu:             2304 kB
CmaTotal:         294912 kB
CmaFree:               0 kB
MemTotal:       12114512 kB
MemFree:         6661056 kB
MemAvailable:    7893948 kB
Buffers:            4056 kB
Cached:          1247316 kB
SwapCached:            0 kB
Active:          1315172 kB
Inactive:        1018664 kB
Active(anon):    1086744 kB
Inactive(anon):    14420 kB
Active(file):     228428 kB
Inactive(file):  1004244 kB
Unevictable:        4124 kB
Mlocked:            4124 kB
SwapTotal:       1048572 kB
SwapFree:        1048572 kB
Dirty:               104 kB
Writeback:             0 kB
AnonPages:       1086968 kB
Mapped:           794248 kB
Shmem:             15444 kB
Slab:             183860 kB
SReclaimable:      45940 kB
SUnreclaim:       137920 kB
KernelStack:       39328 kB
PageTables:        52008 kB
NFS_Unstable:          0 kB
Bounce:                0 kB
WritebackTmp:          0 kB
CommitLimit:     7105828 kB
Committed_AS:   58234556 kB
VmallocTotal:   263061440 kB
VmallocUsed:       64380 kB
VmallocChunk:          0 kB
Percpu:             2304 kB
CmaTotal:         294912 kB
CmaFree:               0 kB
MemTotal:       12114512 kB
MemFree:         6664764 kB
MemAvailable:    7897664 kB
Buffers:            4056 kB
Cached:          1247092 kB
SwapCached:            0 kB
Active:          1311384 kB
Inactive:        1018440 kB
Active(anon):    1082956 kB
Inactive(anon):    14196 kB
Active(file):     228428 kB
Inactive(file):  1004244 kB
Unevictable:        4124 kB
Mlocked:            4124 kB
SwapTotal:       1048572 kB
SwapFree:        1048572 kB
Dirty:               120 kB
Writeback:             0 kB
AnonPages:       1083168 kB
Mapped:           794272 kB
Shmem:             15220 kB
Slab:             183884 kB
SReclaimable:      45956 kB
SUnreclaim:       137928 kB
KernelStack:       39344 kB
PageTables:        52136 kB
NFS_Unstable:          0 kB
Bounce:                0 kB
WritebackTmp:          0 kB
CommitLimit:     7105828 kB
Committed_AS:   58231968 kB
VmallocTotal:   263061440 kB
VmallocUsed:       64332 kB
VmallocChunk:          0 kB
Percpu:             2304 kB
CmaTotal:         294912 kB
CmaFree:               0 kB
MemTotal:       12114512 kB
MemFree:         6664016 kB
MemAvailable:    7896916 kB
Buffers:            4056 kB
Cached:          1247316 kB
SwapCached:            0 kB
Active:          1312128 kB
Inactive:        1018664 kB
Active(anon):    1083700 kB
Inactive(anon):    14420 kB
Active(file):     228428 kB
Inactive(file):  1004244 kB
Unevictable:        4124 kB
Mlocked:            4124 kB
SwapTotal:       1048572 kB
SwapFree:        1048572 kB
Dirty:               120 kB
Writeback:             0 kB
AnonPages:       1083436 kB
Mapped:           794256 kB
Shmem:             15444 kB
Slab:             183884 kB
SReclaimable:      45956 kB
SUnreclaim:       137928 kB
KernelStack:       39312 kB
PageTables:        52128 kB
NFS_Unstable:          0 kB
Bounce:                0 kB
WritebackTmp:          0 kB
CommitLimit:     7105828 kB
Committed_AS:   58226232 kB
VmallocTotal:   263061440 kB
VmallocUsed:       64332 kB
VmallocChunk:          0 kB
Percpu:             2304 kB
CmaTotal:         294912 kB
CmaFree:               0 kB
MemTotal:       12114512 kB
MemFree:         6659936 kB
MemAvailable:    7892836 kB
Buffers:            4056 kB
Cached:          1247316 kB
SwapCached:            0 kB
Active:          1316904 kB
Inactive:        1018664 kB
Active(anon):    1088476 kB
Inactive(anon):    14420 kB
Active(file):     228428 kB
Inactive(file):  1004244 kB
Unevictable:        4124 kB
Mlocked:            4124 kB
SwapTotal:       1048572 kB
SwapFree:        1048572 kB
Dirty:               120 kB
Writeback:             0 kB
AnonPages:       1088020 kB
Mapped:           794320 kB
Shmem:             15444 kB
Slab:             183884 kB
SReclaimable:      45956 kB
SUnreclaim:       137928 kB
KernelStack:       39364 kB
PageTables:        52304 kB
NFS_Unstable:          0 kB
Bounce:                0 kB
WritebackTmp:          0 kB
CommitLimit:     7105828 kB
Committed_AS:   58228164 kB
VmallocTotal:   263061440 kB
VmallocUsed:       64364 kB
VmallocChunk:          0 kB
Percpu:             2304 kB
CmaTotal:         294912 kB
CmaFree:               4 kB
MemTotal:       12114512 kB
MemFree:         6662016 kB
MemAvailable:    7894908 kB
Buffers:            4056 kB
Cached:          1247316 kB
SwapCached:            0 kB
Active:          1312528 kB
Inactive:        1018664 kB
Active(anon):    1084100 kB
Inactive(anon):    14420 kB
Active(file):     228428 kB
Inactive(file):  1004244 kB
Unevictable:        4124 kB
Mlocked:            4124 kB
SwapTotal:       1048572 kB
SwapFree:        1048572 kB
Dirty:               120 kB
Writeback:             0 kB
AnonPages:       1083956 kB
Mapped:           794352 kB
Shmem:             15444 kB
Slab:             183868 kB
SReclaimable:      45940 kB
SUnreclaim:       137928 kB
KernelStack:       39280 kB
PageTables:        51968 kB
NFS_Unstable:          0 kB
Bounce:                0 kB
WritebackTmp:          0 kB
CommitLimit:     7105828 kB
Committed_AS:   58237284 kB
VmallocTotal:   263061440 kB
VmallocUsed:       64364 kB
VmallocChunk:          0 kB
Percpu:             2304 kB
CmaTotal:         294912 kB
CmaFree:               0 kB
MemTotal:       12114512 kB
MemFree:         6662376 kB
MemAvailable:    7895276 kB
Buffers:            4056 kB
Cached:          1247316 kB
SwapCached:            0 kB
Active:          1312668 kB
Inactive:        1018664 kB
Active(anon):    1084240 kB
Inactive(anon):    14420 kB
Active(file):     228428 kB
Inactive(file):  1004244 kB
Unevictable:        4124 kB
Mlocked:            4124 kB
SwapTotal:       1048572 kB
SwapFree:        1048572 kB
Dirty:               124 kB
Writeback:             0 kB
AnonPages:       1084172 kB
Mapped:           794252 kB
Shmem:             15444 kB
Slab:             183900 kB
SReclaimable:      45956 kB
SUnreclaim:       137944 kB
KernelStack:       39312 kB
PageTables:        52012 kB
NFS_Unstable:          0 kB
Bounce:                0 kB
WritebackTmp:          0 kB
CommitLimit:     7105828 kB
Committed_AS:   58236508 kB
VmallocTotal:   263061440 kB
VmallocUsed:       64364 kB
VmallocChunk:          0 kB
Percpu:             2304 kB
CmaTotal:         294912 kB
CmaFree:               0 kB
MemTotal:       12114512 kB
MemFree:         6659936 kB
MemAvailable:    7892836 kB
Buffers:            4056 kB
Cached:          1247316 kB
SwapCached:            0 kB
Active:          1317060 kB
Inactive:        1018664 kB
Active(anon):    1088632 kB
Inactive(anon):    14420 kB
Active(file):     228428 kB
Inactive(file):  1004244 kB
Unevictable:        4124 kB
Mlocked:            4124 kB
SwapTotal:       1048572 kB
SwapFree:        1048572 kB
Dirty:               124 kB
Writeback:             0 kB
AnonPages:       1088708 kB
Mapped:           794564 kB
Shmem:             15444 kB
Slab:             183888 kB
SReclaimable:      45956 kB
SUnreclaim:       137932 kB
KernelStack:       39344 kB
PageTables:        51976 kB
NFS_Unstable:          0 kB
Bounce:                0 kB
WritebackTmp:          0 kB
CommitLimit:     7105828 kB
Committed_AS:   58221316 kB
VmallocTotal:   263061440 kB
VmallocUsed:       64332 kB
VmallocChunk:          0 kB
Percpu:             2304 kB
CmaTotal:         294912 kB
CmaFree:               0 kB
MemTotal:       12114512 kB
MemFree:         6661076 kB
MemAvailable:    7893968 kB
Buffers:            4056 kB
Cached:          1247316 kB
SwapCached:            0 kB
Active:          1312692 kB
Inactive:        1018912 kB
Active(anon):    1084264 kB
Inactive(anon):    14668 kB
Active(file):     228428 kB
Inactive(file):  1004244 kB
Unevictable:        4124 kB
Mlocked:            4124 kB
SwapTotal:       1048572 kB
SwapFree:        1048572 kB
Dirty:               104 kB
Writeback:             0 kB
AnonPages:       1084264 kB
Mapped:           794500 kB
Shmem:             15444 kB
Slab:             183872 kB
SReclaimable:      45940 kB
SUnreclaim:       137932 kB
KernelStack:       39312 kB
PageTables:        52004 kB
NFS_Unstable:          0 kB
Bounce:                0 kB
WritebackTmp:          0 kB
CommitLimit:     7105828 kB
Committed_AS:   58220524 kB
VmallocTotal:   263061440 kB
VmallocUsed:       64348 kB
VmallocChunk:          0 kB
Percpu:             2304 kB
CmaTotal:         294912 kB
CmaFree:               0 kB
MemTotal:       12114512 kB
MemFree:         6660952 kB
MemAvailable:    7893852 kB
Buffers:            4056 kB
Cached:          1247316 kB
SwapCached:            0 kB
Active:          1312904 kB
Inactive:        1018660 kB
Active(anon):    1084472 kB
Inactive(anon):    14420 kB
Active(file):     228432 kB
Inactive(file):  1004240 kB
Unevictable:        4124 kB
Mlocked:            4124 kB
SwapTotal:       1048572 kB
SwapFree:        1048572 kB
Dirty:               104 kB
Writeback:             0 kB
AnonPages:       1084492 kB
Mapped:           794248 kB
Shmem:             15444 kB
Slab:             183892 kB
SReclaimable:      45956 kB
SUnreclaim:       137936 kB
KernelStack:       39328 kB
PageTables:        52008 kB
NFS_Unstable:          0 kB
Bounce:                0 kB
WritebackTmp:          0 kB
CommitLimit:     7105828 kB
Committed_AS:   58225436 kB
VmallocTotal:   263061440 kB
VmallocUsed:       64380 kB
VmallocChunk:          0 kB
Percpu:             2304 kB
CmaTotal:         294912 kB
CmaFree:               0 kB
MemTotal:       12114512 kB
MemFree:         6657476 kB
MemAvailable:    7890368 kB
Buffers:            4056 kB
Cached:          1247316 kB
SwapCached:            0 kB
Active:          1319064 kB
Inactive:        1018660 kB
Active(anon):    1090632 kB
Inactive(anon):    14420 kB
Active(file):     228432 kB
Inactive(file):  1004240 kB
Unevictable:        4124 kB
Mlocked:            4124 kB
SwapTotal:       1048572 kB
SwapFree:        1048572 kB
Dirty:               104 kB
Writeback:             0 kB
AnonPages:       1090324 kB
Mapped:           794256 kB
Shmem:             15444 kB
Slab:             183876 kB
SReclaimable:      45940 kB
SUnreclaim:       137936 kB
KernelStack:       39296 kB
PageTables:        52012 kB
NFS_Unstable:          0 kB
Bounce:                0 kB
WritebackTmp:          0 kB
CommitLimit:     7105828 kB
Committed_AS:   58225800 kB
VmallocTotal:   263061440 kB
VmallocUsed:       64364 kB
VmallocChunk:          0 kB
Percpu:             2304 kB
CmaTotal:         294912 kB
CmaFree:             144 kB
MemTotal:       12114512 kB
MemFree:         6664340 kB
MemAvailable:    7897240 kB
Buffers:            4056 kB
Cached:          1247316 kB
SwapCached:            0 kB
Active:          1312068 kB
Inactive:        1018660 kB
Active(anon):    1083636 kB
Inactive(anon):    14420 kB
Active(file):     228432 kB
Inactive(file):  1004240 kB
Unevictable:        4124 kB
Mlocked:            4124 kB
SwapTotal:       1048572 kB
SwapFree:        1048572 kB
Dirty:               104 kB
Writeback:             0 kB
AnonPages:       1083820 kB
Mapped:           794292 kB
Shmem:             15444 kB
Slab:             183888 kB
SReclaimable:      45956 kB
SUnreclaim:       137932 kB
KernelStack:       39312 kB
PageTables:        51920 kB
NFS_Unstable:          0 kB
Bounce:                0 kB
WritebackTmp:          0 kB
CommitLimit:     7105828 kB
Committed_AS:   58229016 kB
VmallocTotal:   263061440 kB
VmallocUsed:       64348 kB
VmallocChunk:          0 kB
Percpu:             2304 kB
CmaTotal:         294912 kB
CmaFree:              28 kB
MemTotal:       12114512 kB
MemFree:         6664604 kB
MemAvailable:    7897504 kB
Buffers:            4056 kB
Cached:          1247316 kB
SwapCached:            0 kB
Active:          1311928 kB
Inactive:        1018660 kB
Active(anon):    1083496 kB
Inactive(anon):    14420 kB
Active(file):     228432 kB
Inactive(file):  1004240 kB
Unevictable:        4124 kB
Mlocked:            4124 kB
SwapTotal:       1048572 kB
SwapFree:        1048572 kB
Dirty:               104 kB
Writeback:             0 kB
AnonPages:       1084032 kB
Mapped:           794304 kB
Shmem:             15444 kB
Slab:             183892 kB
SReclaimable:      45956 kB
SUnreclaim:       137936 kB
KernelStack:       39344 kB
PageTables:        51984 kB
NFS_Unstable:          0 kB
Bounce:                0 kB
WritebackTmp:          0 kB
CommitLimit:     7105828 kB
Committed_AS:   58227016 kB
VmallocTotal:   263061440 kB
VmallocUsed:       64348 kB
VmallocChunk:          0 kB
Percpu:             2304 kB
CmaTotal:         294912 kB
CmaFree:              44 kB
MemTotal:       12114512 kB
MemFree:         6663468 kB
MemAvailable:    7896368 kB
Buffers:            4056 kB
Cached:          1247316 kB
SwapCached:            0 kB
Active:          1312560 kB
Inactive:        1018660 kB
Active(anon):    1084128 kB
Inactive(anon):    14420 kB
Active(file):     228432 kB
Inactive(file):  1004240 kB
Unevictable:        4124 kB
Mlocked:            4124 kB
SwapTotal:       1048572 kB
SwapFree:        1048572 kB
Dirty:                88 kB
Writeback:             0 kB
AnonPages:       1084032 kB
Mapped:           794252 kB
Shmem:             15444 kB
Slab:             183896 kB
SReclaimable:      45956 kB
SUnreclaim:       137940 kB
KernelStack:       39312 kB
PageTables:        52012 kB
NFS_Unstable:          0 kB
Bounce:                0 kB
WritebackTmp:          0 kB
CommitLimit:     7105828 kB
Committed_AS:   58226328 kB
VmallocTotal:   263061440 kB
VmallocUsed:       64348 kB
VmallocChunk:          0 kB
Percpu:             2304 kB
CmaTotal:         294912 kB
CmaFree:               0 kB
MemTotal:       12114512 kB
MemFree:         6664756 kB
MemAvailable:    7897656 kB
Buffers:            4056 kB
Cached:          1247316 kB
SwapCached:            0 kB
Active:          1312828 kB
Inactive:        1018660 kB
Active(anon):    1084396 kB
Inactive(anon):    14420 kB
Active(file):     228432 kB
Inactive(file):  1004240 kB
Unevictable:        4124 kB
Mlocked:            4124 kB
SwapTotal:       1048572 kB
SwapFree:        1048572 kB
Dirty:                88 kB
Writeback:             0 kB
AnonPages:       1084144 kB
Mapped:           793996 kB
Shmem:             15444 kB
Slab:             183896 kB
SReclaimable:      45956 kB
SUnreclaim:       137940 kB
KernelStack:       39328 kB
PageTables:        52060 kB
NFS_Unstable:          0 kB
Bounce:                0 kB
WritebackTmp:          0 kB
CommitLimit:     7105828 kB
Committed_AS:   58212628 kB
VmallocTotal:   263061440 kB
VmallocUsed:       64332 kB
VmallocChunk:          0 kB
Percpu:             2304 kB
CmaTotal:         294912 kB
CmaFree:               0 kB
MemTotal:       12114512 kB
MemFree:         6663496 kB
MemAvailable:    7896396 kB
Buffers:            4056 kB
Cached:          1247316 kB
SwapCached:            0 kB
Active:          1313176 kB
Inactive:        1018660 kB
Active(anon):    1084744 kB
Inactive(anon):    14420 kB
Active(file):     228432 kB
Inactive(file):  1004240 kB
Unevictable:        4124 kB
Mlocked:            4124 kB
SwapTotal:       1048572 kB
SwapFree:        1048572 kB
Dirty:               116 kB
Writeback:             0 kB
AnonPages:       1084760 kB
Mapped:           794248 kB
Shmem:             15444 kB
Slab:             183896 kB
SReclaimable:      45956 kB
SUnreclaim:       137940 kB
KernelStack:       39328 kB
PageTables:        52012 kB
NFS_Unstable:          0 kB
Bounce:                0 kB
WritebackTmp:          0 kB
CommitLimit:     7105828 kB
Committed_AS:   58212172 kB
VmallocTotal:   263061440 kB
VmallocUsed:       64364 kB
VmallocChunk:          0 kB
Percpu:             2304 kB
CmaTotal:         294912 kB
CmaFree:               4 kB
MemTotal:       12114512 kB
MemFree:         6663336 kB
MemAvailable:    7896236 kB
Buffers:            4056 kB
Cached:          1247316 kB
SwapCached:            0 kB
Active:          1313416 kB
Inactive:        1018660 kB
Active(anon):    1084984 kB
Inactive(anon):    14420 kB
Active(file):     228432 kB
Inactive(file):  1004240 kB
Unevictable:        4124 kB
Mlocked:            4124 kB
SwapTotal:       1048572 kB
SwapFree:        1048572 kB
Dirty:               116 kB
Writeback:             0 kB
AnonPages:       1084668 kB
Mapped:           794252 kB
Shmem:             15444 kB
Slab:             183892 kB
SReclaimable:      45956 kB
SUnreclaim:       137936 kB
KernelStack:       39344 kB
PageTables:        52012 kB
NFS_Unstable:          0 kB
Bounce:                0 kB
WritebackTmp:          0 kB
CommitLimit:     7105828 kB
Committed_AS:   58216912 kB
VmallocTotal:   263061440 kB
VmallocUsed:       64364 kB
VmallocChunk:          0 kB
Percpu:             2304 kB
CmaTotal:         294912 kB
CmaFree:               0 kB
MemTotal:       12114512 kB
MemFree:         6662060 kB
MemAvailable:    7894952 kB
Buffers:            4056 kB
Cached:          1247316 kB
SwapCached:            0 kB
Active:          1313496 kB
Inactive:        1018660 kB
Active(anon):    1085064 kB
Inactive(anon):    14420 kB
Active(file):     228432 kB
Inactive(file):  1004240 kB
Unevictable:        4124 kB
Mlocked:            4124 kB
SwapTotal:       1048572 kB
SwapFree:        1048572 kB
Dirty:               116 kB
Writeback:             0 kB
AnonPages:       1084816 kB
Mapped:           794308 kB
Shmem:             15444 kB
Slab:             183876 kB
SReclaimable:      45940 kB
SUnreclaim:       137936 kB
KernelStack:       39280 kB
PageTables:        51972 kB
NFS_Unstable:          0 kB
Bounce:                0 kB
WritebackTmp:          0 kB
CommitLimit:     7105828 kB
Committed_AS:   58227404 kB
VmallocTotal:   263061440 kB
VmallocUsed:       64364 kB
VmallocChunk:          0 kB
Percpu:             2304 kB
CmaTotal:         294912 kB
CmaFree:               0 kB
MemTotal:       12114512 kB
MemFree:         6662680 kB
MemAvailable:    7895580 kB
Buffers:            4056 kB
Cached:          1247316 kB
SwapCached:            0 kB
Active:          1313388 kB
Inactive:        1018660 kB
Active(anon):    1084956 kB
Inactive(anon):    14420 kB
Active(file):     228432 kB
Inactive(file):  1004240 kB
Unevictable:        4124 kB
Mlocked:            4124 kB
SwapTotal:       1048572 kB
SwapFree:        1048572 kB
Dirty:                88 kB
Writeback:             0 kB
AnonPages:       1085032 kB
Mapped:           794252 kB
Shmem:             15444 kB
Slab:             183892 kB
SReclaimable:      45956 kB
SUnreclaim:       137936 kB
KernelStack:       39312 kB
PageTables:        52012 kB
NFS_Unstable:          0 kB
Bounce:                0 kB
WritebackTmp:          0 kB
CommitLimit:     7105828 kB
Committed_AS:   58227940 kB
VmallocTotal:   263061440 kB
VmallocUsed:       64364 kB
VmallocChunk:          0 kB
Percpu:             2304 kB
CmaTotal:         294912 kB
CmaFree:               0 kB
MemTotal:       12114512 kB
MemFree:         6661036 kB
MemAvailable:    7893936 kB
Buffers:            4056 kB
Cached:          1247316 kB
SwapCached:            0 kB
Active:          1313648 kB
Inactive:        1018660 kB
Active(anon):    1085216 kB
Inactive(anon):    14420 kB
Active(file):     228432 kB
Inactive(file):  1004240 kB
Unevictable:        4124 kB
Mlocked:            4124 kB
SwapTotal:       1048572 kB
SwapFree:        1048572 kB
Dirty:               104 kB
Writeback:             0 kB
AnonPages:       1085060 kB
Mapped:           794248 kB
Shmem:             15444 kB
Slab:             183892 kB
SReclaimable:      45956 kB
SUnreclaim:       137936 kB
KernelStack:       39312 kB
PageTables:        52012 kB
NFS_Unstable:          0 kB
Bounce:                0 kB
WritebackTmp:          0 kB
CommitLimit:     7105828 kB
Committed_AS:   58228276 kB
VmallocTotal:   263061440 kB
VmallocUsed:       64348 kB
VmallocChunk:          0 kB
Percpu:             2304 kB
CmaTotal:         294912 kB
CmaFree:               0 kB
MemTotal:       12114512 kB
MemFree:         6662588 kB
MemAvailable:    7895488 kB
Buffers:            4056 kB
Cached:          1247316 kB
SwapCached:            0 kB
Active:          1312868 kB
Inactive:        1018660 kB
Active(anon):    1084436 kB
Inactive(anon):    14420 kB
Active(file):     228432 kB
Inactive(file):  1004240 kB
Unevictable:        4124 kB
Mlocked:            4124 kB
SwapTotal:       1048572 kB
SwapFree:        1048572 kB
Dirty:               120 kB
Writeback:             0 kB
AnonPages:       1084468 kB
Mapped:           794252 kB
Shmem:             15444 kB
Slab:             183892 kB
SReclaimable:      45956 kB
SUnreclaim:       137936 kB
KernelStack:       39312 kB
PageTables:        52012 kB
NFS_Unstable:          0 kB
Bounce:                0 kB
WritebackTmp:          0 kB
CommitLimit:     7105828 kB
Committed_AS:   58227924 kB
VmallocTotal:   263061440 kB
VmallocUsed:       64364 kB
VmallocChunk:          0 kB
Percpu:             2304 kB
CmaTotal:         294912 kB
CmaFree:              12 kB
MemTotal:       12114512 kB
MemFree:         6661988 kB
MemAvailable:    7894880 kB
Buffers:            4056 kB
Cached:          1247316 kB
SwapCached:            0 kB
Active:          1313204 kB
Inactive:        1018660 kB
Active(anon):    1084772 kB
Inactive(anon):    14420 kB
Active(file):     228432 kB
Inactive(file):  1004240 kB
Unevictable:        4124 kB
Mlocked:            4124 kB
SwapTotal:       1048572 kB
SwapFree:        1048572 kB
Dirty:               120 kB
Writeback:             0 kB
AnonPages:       1084100 kB
Mapped:           794404 kB
Shmem:             15444 kB
Slab:             183876 kB
SReclaimable:      45940 kB
SUnreclaim:       137936 kB
KernelStack:       39360 kB
PageTables:        52020 kB
NFS_Unstable:          0 kB
Bounce:                0 kB
WritebackTmp:          0 kB
CommitLimit:     7105828 kB
Committed_AS:   58215608 kB
VmallocTotal:   263061440 kB
VmallocUsed:       64364 kB
VmallocChunk:          0 kB
Percpu:             2304 kB
CmaTotal:         294912 kB
CmaFree:               4 kB
MemTotal:       12114512 kB
MemFree:         6662144 kB
MemAvailable:    7895044 kB
Buffers:            4056 kB
Cached:          1247316 kB
SwapCached:            0 kB
Active:          1313596 kB
Inactive:        1018660 kB
Active(anon):    1085164 kB
Inactive(anon):    14420 kB
Active(file):     228432 kB
Inactive(file):  1004240 kB
Unevictable:        4124 kB
Mlocked:            4124 kB
SwapTotal:       1048572 kB
SwapFree:        1048572 kB
Dirty:               152 kB
Writeback:             0 kB
AnonPages:       1085064 kB
Mapped:           794256 kB
Shmem:             15444 kB
Slab:             183896 kB
SReclaimable:      45956 kB
SUnreclaim:       137940 kB
KernelStack:       39184 kB
PageTables:        52012 kB
NFS_Unstable:          0 kB
Bounce:                0 kB
WritebackTmp:          0 kB
CommitLimit:     7105828 kB
Committed_AS:   58215256 kB
VmallocTotal:   263061440 kB
VmallocUsed:       64188 kB
VmallocChunk:          0 kB
Percpu:             2304 kB
CmaTotal:         294912 kB
CmaFree:               0 kB
MemTotal:       12114512 kB
MemFree:         6662432 kB
MemAvailable:    7895324 kB
Buffers:            4056 kB
Cached:          1247316 kB
SwapCached:            0 kB
Active:          1313572 kB
Inactive:        1018660 kB
Active(anon):    1085140 kB
Inactive(anon):    14420 kB
Active(file):     228432 kB
Inactive(file):  1004240 kB
Unevictable:        4124 kB
Mlocked:            4124 kB
SwapTotal:       1048572 kB
SwapFree:        1048572 kB
Dirty:                92 kB
Writeback:             0 kB
AnonPages:       1085204 kB
Mapped:           794360 kB
Shmem:             15444 kB
Slab:             183880 kB
SReclaimable:      45940 kB
SUnreclaim:       137940 kB
KernelStack:       39200 kB
PageTables:        51996 kB
NFS_Unstable:          0 kB
Bounce:                0 kB
WritebackTmp:          0 kB
CommitLimit:     7105828 kB
Committed_AS:   58221324 kB
VmallocTotal:   263061440 kB
VmallocUsed:       64188 kB
VmallocChunk:          0 kB
Percpu:             2304 kB
CmaTotal:         294912 kB
CmaFree:               8 kB
MemTotal:       12114512 kB
MemFree:         6661584 kB
MemAvailable:    7894476 kB
Buffers:            4056 kB
Cached:          1247316 kB
SwapCached:            0 kB
Active:          1313808 kB
Inactive:        1018660 kB
Active(anon):    1085376 kB
Inactive(anon):    14420 kB
Active(file):     228432 kB
Inactive(file):  1004240 kB
Unevictable:        4124 kB
Mlocked:            4124 kB
SwapTotal:       1048572 kB
SwapFree:        1048572 kB
Dirty:               124 kB
Writeback:             0 kB
AnonPages:       1084928 kB
Mapped:           794252 kB
Shmem:             15444 kB
Slab:             183880 kB
SReclaimable:      45940 kB
SUnreclaim:       137940 kB
KernelStack:       39168 kB
PageTables:        52004 kB
NFS_Unstable:          0 kB
Bounce:                0 kB
WritebackTmp:          0 kB
CommitLimit:     7105828 kB
Committed_AS:   58215716 kB
VmallocTotal:   263061440 kB
VmallocUsed:       64188 kB
VmallocChunk:          0 kB
Percpu:             2304 kB
CmaTotal:         294912 kB
CmaFree:               0 kB
MemTotal:       12114512 kB
MemFree:         6662212 kB
MemAvailable:    7895112 kB
Buffers:            4056 kB
Cached:          1247316 kB
SwapCached:            0 kB
Active:          1314692 kB
Inactive:        1018660 kB
Active(anon):    1086260 kB
Inactive(anon):    14420 kB
Active(file):     228432 kB
Inactive(file):  1004240 kB
Unevictable:        4124 kB
Mlocked:            4124 kB
SwapTotal:       1048572 kB
SwapFree:        1048572 kB
Dirty:               128 kB
Writeback:             4 kB
AnonPages:       1085840 kB
Mapped:           794248 kB
Shmem:             15444 kB
Slab:             183900 kB
SReclaimable:      45956 kB
SUnreclaim:       137944 kB
KernelStack:       39136 kB
PageTables:        52004 kB
NFS_Unstable:          0 kB
Bounce:                0 kB
WritebackTmp:          0 kB
CommitLimit:     7105828 kB
Committed_AS:   58215364 kB
VmallocTotal:   263061440 kB
VmallocUsed:       64108 kB
VmallocChunk:          0 kB
Percpu:             2304 kB
CmaTotal:         294912 kB
CmaFree:               0 kB
MemTotal:       12114512 kB
MemFree:         6676340 kB
MemAvailable:    7909248 kB
Buffers:            4056 kB
Cached:          1247316 kB
SwapCached:            0 kB
Active:          1299036 kB
Inactive:        1018660 kB
Active(anon):    1070604 kB
Inactive(anon):    14420 kB
Active(file):     228432 kB
Inactive(file):  1004240 kB
Unevictable:        4124 kB
Mlocked:            4124 kB
SwapTotal:       1048572 kB
SwapFree:        1048572 kB
Dirty:               136 kB
Writeback:             0 kB
AnonPages:       1070240 kB
Mapped:           794252 kB
Shmem:             15444 kB
Slab:             183924 kB
SReclaimable:      45972 kB
SUnreclaim:       137952 kB
KernelStack:       38816 kB
PageTables:        51972 kB
NFS_Unstable:          0 kB
Bounce:                0 kB
WritebackTmp:          0 kB
CommitLimit:     7105828 kB
Committed_AS:   58221104 kB
VmallocTotal:   263061440 kB
VmallocUsed:       63804 kB
VmallocChunk:          0 kB
Percpu:             2304 kB
CmaTotal:         294912 kB
CmaFree:               0 kB
MemTotal:       12114512 kB
MemFree:         6677528 kB
MemAvailable:    7910428 kB
Buffers:            4056 kB
Cached:          1247316 kB
SwapCached:            0 kB
Active:          1297708 kB
Inactive:        1018660 kB
Active(anon):    1069276 kB
Inactive(anon):    14420 kB
Active(file):     228432 kB
Inactive(file):  1004240 kB
Unevictable:        4124 kB
Mlocked:            4124 kB
SwapTotal:       1048572 kB
SwapFree:        1048572 kB
Dirty:               136 kB
Writeback:             0 kB
AnonPages:       1069180 kB
Mapped:           794480 kB
Shmem:             15444 kB
Slab:             183904 kB
SReclaimable:      45956 kB
SUnreclaim:       137948 kB
KernelStack:       38756 kB
PageTables:        51916 kB
NFS_Unstable:          0 kB
Bounce:                0 kB
WritebackTmp:          0 kB
CommitLimit:     7105828 kB
Committed_AS:   58221844 kB
VmallocTotal:   263061440 kB
VmallocUsed:       63740 kB
VmallocChunk:          0 kB
Percpu:             2304 kB
CmaTotal:         294912 kB
CmaFree:              76 kB
MemTotal:       12114512 kB
MemFree:         6678608 kB
MemAvailable:    7911508 kB
Buffers:            4056 kB
Cached:          1247316 kB
SwapCached:            0 kB
Active:          1297472 kB
Inactive:        1018660 kB
Active(anon):    1069040 kB
Inactive(anon):    14420 kB
Active(file):     228432 kB
Inactive(file):  1004240 kB
Unevictable:        4124 kB
Mlocked:            4124 kB
SwapTotal:       1048572 kB
SwapFree:        1048572 kB
Dirty:                96 kB
Writeback:             0 kB
AnonPages:       1068700 kB
Mapped:           794252 kB
Shmem:             15444 kB
Slab:             183904 kB
SReclaimable:      45956 kB
SUnreclaim:       137948 kB
KernelStack:       38736 kB
PageTables:        51972 kB
NFS_Unstable:          0 kB
Bounce:                0 kB
WritebackTmp:          0 kB
CommitLimit:     7105828 kB
Committed_AS:   58215860 kB
VmallocTotal:   263061440 kB
VmallocUsed:       63724 kB
VmallocChunk:          0 kB
Percpu:             2304 kB
CmaTotal:         294912 kB
CmaFree:               4 kB
MemTotal:       12114512 kB
MemFree:         6678068 kB
MemAvailable:    7910968 kB
Buffers:            4056 kB
Cached:          1247316 kB
SwapCached:            0 kB
Active:          1298836 kB
Inactive:        1018660 kB
Active(anon):    1070404 kB
Inactive(anon):    14420 kB
Active(file):     228432 kB
Inactive(file):  1004240 kB
Unevictable:        4124 kB
Mlocked:            4124 kB
SwapTotal:       1048572 kB
SwapFree:        1048572 kB
Dirty:                96 kB
Writeback:             0 kB
AnonPages:       1070244 kB
Mapped:           794444 kB
Shmem:             15444 kB
Slab:             183912 kB
SReclaimable:      45956 kB
SUnreclaim:       137956 kB
KernelStack:       38736 kB
PageTables:        52024 kB
NFS_Unstable:          0 kB
Bounce:                0 kB
WritebackTmp:          0 kB
CommitLimit:     7105828 kB
Committed_AS:   58230680 kB
VmallocTotal:   263061440 kB
VmallocUsed:       63756 kB
VmallocChunk:          0 kB
Percpu:             2304 kB
CmaTotal:         294912 kB
CmaFree:             100 kB
MemTotal:       12114512 kB
MemFree:         6678088 kB
MemAvailable:    7910988 kB
Buffers:            4056 kB
Cached:          1247316 kB
SwapCached:            0 kB
Active:          1298516 kB
Inactive:        1018660 kB
Active(anon):    1070084 kB
Inactive(anon):    14420 kB
Active(file):     228432 kB
Inactive(file):  1004240 kB
Unevictable:        4124 kB
Mlocked:            4124 kB
SwapTotal:       1048572 kB
SwapFree:        1048572 kB
Dirty:                96 kB
Writeback:             0 kB
AnonPages:       1069824 kB
Mapped:           794356 kB
Shmem:             15444 kB
Slab:             183912 kB
SReclaimable:      45956 kB
SUnreclaim:       137956 kB
KernelStack:       38704 kB
PageTables:        52040 kB
NFS_Unstable:          0 kB
Bounce:                0 kB
WritebackTmp:          0 kB
CommitLimit:     7105828 kB
Committed_AS:   58230284 kB
VmallocTotal:   263061440 kB
VmallocUsed:       63708 kB
VmallocChunk:          0 kB
Percpu:             2304 kB
CmaTotal:         294912 kB
CmaFree:               0 kB
MemTotal:       12114512 kB
MemFree:         6679284 kB
MemAvailable:    7912184 kB
Buffers:            4056 kB
Cached:          1247316 kB
SwapCached:            0 kB
Active:          1298232 kB
Inactive:        1018660 kB
Active(anon):    1069800 kB
Inactive(anon):    14420 kB
Active(file):     228432 kB
Inactive(file):  1004240 kB
Unevictable:        4124 kB
Mlocked:            4124 kB
SwapTotal:       1048572 kB
SwapFree:        1048572 kB
Dirty:               124 kB
Writeback:             0 kB
AnonPages:       1069900 kB
Mapped:           794352 kB
Shmem:             15444 kB
Slab:             183912 kB
SReclaimable:      45956 kB
SUnreclaim:       137956 kB
KernelStack:       38512 kB
PageTables:        52028 kB
NFS_Unstable:          0 kB
Bounce:                0 kB
WritebackTmp:          0 kB
CommitLimit:     7105828 kB
Committed_AS:   58228432 kB
VmallocTotal:   263061440 kB
VmallocUsed:       63532 kB
VmallocChunk:          0 kB
Percpu:             2304 kB
CmaTotal:         294912 kB
CmaFree:             108 kB
MemTotal:       12114512 kB
MemFree:         6677632 kB
MemAvailable:    7910532 kB
Buffers:            4056 kB
Cached:          1247316 kB
SwapCached:            0 kB
Active:          1299688 kB
Inactive:        1018660 kB
Active(anon):    1071256 kB
Inactive(anon):    14420 kB
Active(file):     228432 kB
Inactive(file):  1004240 kB
Unevictable:        4124 kB
Mlocked:            4124 kB
SwapTotal:       1048572 kB
SwapFree:        1048572 kB
Dirty:               124 kB
Writeback:             0 kB
AnonPages:       1069768 kB
Mapped:           794308 kB
Shmem:             15444 kB
Slab:             183932 kB
SReclaimable:      45956 kB
SUnreclaim:       137976 kB
KernelStack:       38512 kB
PageTables:        52128 kB
NFS_Unstable:          0 kB
Bounce:                0 kB
WritebackTmp:          0 kB
CommitLimit:     7105828 kB
Committed_AS:   58223620 kB
VmallocTotal:   263061440 kB
VmallocUsed:       63516 kB
VmallocChunk:          0 kB
Percpu:             2304 kB
CmaTotal:         294912 kB
CmaFree:               0 kB
MemTotal:       12114512 kB
MemFree:         6679680 kB
MemAvailable:    7912580 kB
Buffers:            4056 kB
Cached:          1247316 kB
SwapCached:            0 kB
Active:          1297404 kB
Inactive:        1018640 kB
Active(anon):    1068952 kB
Inactive(anon):    14420 kB
Active(file):     228452 kB
Inactive(file):  1004220 kB
Unevictable:        4124 kB
Mlocked:            4124 kB
SwapTotal:       1048572 kB
SwapFree:        1048572 kB
Dirty:               124 kB
Writeback:             0 kB
AnonPages:       1068772 kB
Mapped:           794504 kB
Shmem:             15444 kB
Slab:             183920 kB
SReclaimable:      45956 kB
SUnreclaim:       137964 kB
KernelStack:       38464 kB
PageTables:        52004 kB
NFS_Unstable:          0 kB
Bounce:                0 kB
WritebackTmp:          0 kB
CommitLimit:     7105828 kB
Committed_AS:   58208968 kB
VmallocTotal:   263061440 kB
VmallocUsed:       63500 kB
VmallocChunk:          0 kB
Percpu:             2304 kB
CmaTotal:         294912 kB
CmaFree:               0 kB
MemTotal:       12114512 kB
MemFree:         6679428 kB
MemAvailable:    7912328 kB
Buffers:            4056 kB
Cached:          1247316 kB
SwapCached:            0 kB
Active:          1297804 kB
Inactive:        1018640 kB
Active(anon):    1069352 kB
Inactive(anon):    14420 kB
Active(file):     228452 kB
Inactive(file):  1004220 kB
Unevictable:        4124 kB
Mlocked:            4124 kB
SwapTotal:       1048572 kB
SwapFree:        1048572 kB
Dirty:               124 kB
Writeback:             0 kB
AnonPages:       1068912 kB
Mapped:           794452 kB
Shmem:             15444 kB
Slab:             183920 kB
SReclaimable:      45956 kB
SUnreclaim:       137964 kB
KernelStack:       38400 kB
PageTables:        51960 kB
NFS_Unstable:          0 kB
Bounce:                0 kB
WritebackTmp:          0 kB
CommitLimit:     7105828 kB
Committed_AS:   58203416 kB
VmallocTotal:   263061440 kB
VmallocUsed:       63452 kB
VmallocChunk:          0 kB
Percpu:             2304 kB
CmaTotal:         294912 kB
CmaFree:               0 kB
MemTotal:       12114512 kB
MemFree:         6678988 kB
MemAvailable:    7911888 kB
Buffers:            4056 kB
Cached:          1247316 kB
SwapCached:            0 kB
Active:          1298708 kB
Inactive:        1018640 kB
Active(anon):    1070256 kB
Inactive(anon):    14420 kB
Active(file):     228452 kB
Inactive(file):  1004220 kB
Unevictable:        4124 kB
Mlocked:            4124 kB
SwapTotal:       1048572 kB
SwapFree:        1048572 kB
Dirty:               208 kB
Writeback:             0 kB
AnonPages:       1070092 kB
Mapped:           794492 kB
Shmem:             15444 kB
Slab:             183920 kB
SReclaimable:      45956 kB
SUnreclaim:       137964 kB
KernelStack:       38384 kB
PageTables:        51872 kB
NFS_Unstable:          0 kB
Bounce:                0 kB
WritebackTmp:          0 kB
CommitLimit:     7105828 kB
Committed_AS:   58208344 kB
VmallocTotal:   263061440 kB
VmallocUsed:       63420 kB
VmallocChunk:          0 kB
Percpu:             2304 kB
CmaTotal:         294912 kB
CmaFree:               0 kB
MemTotal:       12114512 kB
MemFree:         6678896 kB
MemAvailable:    7911796 kB
Buffers:            4056 kB
Cached:          1247316 kB
SwapCached:            0 kB
Active:          1298536 kB
Inactive:        1018640 kB
Active(anon):    1070084 kB
Inactive(anon):    14420 kB
Active(file):     228452 kB
Inactive(file):  1004220 kB
Unevictable:        4124 kB
Mlocked:            4124 kB
SwapTotal:       1048572 kB
SwapFree:        1048572 kB
Dirty:               232 kB
Writeback:             0 kB
AnonPages:       1070032 kB
Mapped:           794256 kB
Shmem:             15444 kB
Slab:             183920 kB
SReclaimable:      45956 kB
SUnreclaim:       137964 kB
KernelStack:       38384 kB
PageTables:        51940 kB
NFS_Unstable:          0 kB
Bounce:                0 kB
WritebackTmp:          0 kB
CommitLimit:     7105828 kB
Committed_AS:   58209972 kB
VmallocTotal:   263061440 kB
VmallocUsed:       63420 kB
VmallocChunk:          0 kB
Percpu:             2304 kB
CmaTotal:         294912 kB
CmaFree:               0 kB
MemTotal:       12114512 kB
MemFree:         6678868 kB
MemAvailable:    7911768 kB
Buffers:            4056 kB
Cached:          1247316 kB
SwapCached:            0 kB
Active:          1298904 kB
Inactive:        1018640 kB
Active(anon):    1070452 kB
Inactive(anon):    14420 kB
Active(file):     228452 kB
Inactive(file):  1004220 kB
Unevictable:        4124 kB
Mlocked:            4124 kB
SwapTotal:       1048572 kB
SwapFree:        1048572 kB
Dirty:               232 kB
Writeback:             0 kB
AnonPages:       1070172 kB
Mapped:           794308 kB
Shmem:             15444 kB
Slab:             183916 kB
SReclaimable:      45956 kB
SUnreclaim:       137960 kB
KernelStack:       38352 kB
PageTables:        51992 kB
NFS_Unstable:          0 kB
Bounce:                0 kB
WritebackTmp:          0 kB
CommitLimit:     7105828 kB
Committed_AS:   58215020 kB
VmallocTotal:   263061440 kB
VmallocUsed:       63404 kB
VmallocChunk:          0 kB
Percpu:             2304 kB
CmaTotal:         294912 kB
CmaFree:               0 kB
MemTotal:       12114512 kB
MemFree:         6670576 kB
MemAvailable:    7903476 kB
Buffers:            4056 kB
Cached:          1247316 kB
SwapCached:            0 kB
Active:          1307348 kB
Inactive:        1018640 kB
Active(anon):    1078896 kB
Inactive(anon):    14420 kB
Active(file):     228452 kB
Inactive(file):  1004220 kB
Unevictable:        4124 kB
Mlocked:            4124 kB
SwapTotal:       1048572 kB
SwapFree:        1048572 kB
Dirty:               124 kB
Writeback:             0 kB
AnonPages:       1078780 kB
Mapped:           794264 kB
Shmem:             15444 kB
Slab:             183912 kB
SReclaimable:      45956 kB
SUnreclaim:       137956 kB
KernelStack:       38384 kB
PageTables:        51940 kB
NFS_Unstable:          0 kB
Bounce:                0 kB
WritebackTmp:          0 kB
CommitLimit:     7105828 kB
Committed_AS:   58229484 kB
VmallocTotal:   263061440 kB
VmallocUsed:       63356 kB
VmallocChunk:          0 kB
Percpu:             2304 kB
CmaTotal:         294912 kB
CmaFree:              16 kB
MemTotal:       12114512 kB
MemFree:         6670236 kB
MemAvailable:    7903136 kB
Buffers:            4056 kB
Cached:          1247316 kB
SwapCached:            0 kB
Active:          1307236 kB
Inactive:        1018640 kB
Active(anon):    1078784 kB
Inactive(anon):    14420 kB
Active(file):     228452 kB
Inactive(file):  1004220 kB
Unevictable:        4124 kB
Mlocked:            4124 kB
SwapTotal:       1048572 kB
SwapFree:        1048572 kB
Dirty:               148 kB
Writeback:             0 kB
AnonPages:       1078172 kB
Mapped:           794260 kB
Shmem:             15444 kB
Slab:             183904 kB
SReclaimable:      45956 kB
SUnreclaim:       137948 kB
KernelStack:       38384 kB
PageTables:        51940 kB
NFS_Unstable:          0 kB
Bounce:                0 kB
WritebackTmp:          0 kB
CommitLimit:     7105828 kB
Committed_AS:   58234220 kB
VmallocTotal:   263061440 kB
VmallocUsed:       63372 kB
VmallocChunk:          0 kB
Percpu:             2304 kB
CmaTotal:         294912 kB
CmaFree:               8 kB
MemTotal:       12114512 kB
MemFree:         6668676 kB
MemAvailable:    7901576 kB
Buffers:            4056 kB
Cached:          1247316 kB
SwapCached:            0 kB
Active:          1309172 kB
Inactive:        1018640 kB
Active(anon):    1080720 kB
Inactive(anon):    14420 kB
Active(file):     228452 kB
Inactive(file):  1004220 kB
Unevictable:        4124 kB
Mlocked:            4124 kB
SwapTotal:       1048572 kB
SwapFree:        1048572 kB
Dirty:               156 kB
Writeback:             0 kB
AnonPages:       1080972 kB
Mapped:           794472 kB
Shmem:             15444 kB
Slab:             183904 kB
SReclaimable:      45956 kB
SUnreclaim:       137948 kB
KernelStack:       38352 kB
PageTables:        51980 kB
NFS_Unstable:          0 kB
Bounce:                0 kB
WritebackTmp:          0 kB
CommitLimit:     7105828 kB
Committed_AS:   58217240 kB
VmallocTotal:   263061440 kB
VmallocUsed:       63372 kB
VmallocChunk:          0 kB
Percpu:             2304 kB
CmaTotal:         294912 kB
CmaFree:             480 kB
MemTotal:       12114512 kB
MemFree:         6671172 kB
MemAvailable:    7903800 kB
Buffers:            4056 kB
Cached:          1247280 kB
SwapCached:            0 kB
Active:          1306904 kB
Inactive:        1018556 kB
Active(anon):    1078448 kB
Inactive(anon):    14420 kB
Active(file):     228456 kB
Inactive(file):  1004136 kB
Unevictable:        4124 kB
Mlocked:            4124 kB
SwapTotal:       1048572 kB
SwapFree:        1048572 kB
Dirty:              5400 kB
Writeback:             0 kB
AnonPages:       1078624 kB
Mapped:           794260 kB
Shmem:             15444 kB
Slab:             183520 kB
SReclaimable:      45572 kB
SUnreclaim:       137948 kB
KernelStack:       38368 kB
PageTables:        51940 kB
NFS_Unstable:          0 kB
Bounce:                0 kB
WritebackTmp:          0 kB
CommitLimit:     7105828 kB
Committed_AS:   58217956 kB
VmallocTotal:   263061440 kB
VmallocUsed:       63420 kB
VmallocChunk:          0 kB
Percpu:             2304 kB
CmaTotal:         294912 kB
CmaFree:               0 kB
MemTotal:       12114512 kB
MemFree:         6671368 kB
MemAvailable:    7904528 kB
Buffers:            4056 kB
Cached:          1247584 kB
SwapCached:            0 kB
Active:          1306312 kB
Inactive:        1018908 kB
Active(anon):    1077860 kB
Inactive(anon):    14420 kB
Active(file):     228452 kB
Inactive(file):  1004488 kB
Unevictable:        4124 kB
Mlocked:            4124 kB
SwapTotal:       1048572 kB
SwapFree:        1048572 kB
Dirty:              5824 kB
Writeback:             0 kB
AnonPages:       1077692 kB
Mapped:           794196 kB
Shmem:             15444 kB
Slab:             183892 kB
SReclaimable:      45944 kB
SUnreclaim:       137948 kB
KernelStack:       38352 kB
PageTables:        52036 kB
NFS_Unstable:          0 kB
Bounce:                0 kB
WritebackTmp:          0 kB
CommitLimit:     7105828 kB
Committed_AS:   58222412 kB
VmallocTotal:   263061440 kB
VmallocUsed:       63452 kB
VmallocChunk:          0 kB
Percpu:             2304 kB
CmaTotal:         294912 kB
CmaFree:               0 kB
MemTotal:       12114512 kB
MemFree:         6664264 kB
MemAvailable:    7897424 kB
Buffers:            4056 kB
Cached:          1247584 kB
SwapCached:            0 kB
Active:          1312604 kB
Inactive:        1018908 kB
Active(anon):    1084152 kB
Inactive(anon):    14420 kB
Active(file):     228452 kB
Inactive(file):  1004488 kB
Unevictable:        4124 kB
Mlocked:            4124 kB
SwapTotal:       1048572 kB
SwapFree:        1048572 kB
