MemTotal:       12114512 kB
MemFree:         4305448 kB
MemAvailable:    8905656 kB
Buffers:            3944 kB
Cached:          3565868 kB
SwapCached:            0 kB
Active:          1399060 kB
Inactive:        3234896 kB
Active(anon):    1068508 kB
Inactive(anon):    13252 kB
Active(file):     330552 kB
Inactive(file):  3221644 kB
Unevictable:        4104 kB
Mlocked:            4104 kB
SwapTotal:       1048572 kB
SwapFree:        1048572 kB
Dirty:                84 kB
Writeback:             0 kB
AnonPages:       1068400 kB
Mapped:           782056 kB
Shmem:             14376 kB
Slab:             186608 kB
SReclaimable:      51232 kB
SUnreclaim:       135376 kB
KernelStack:       35984 kB
PageTables:        46836 kB
NFS_Unstable:          0 kB
Bounce:                0 kB
WritebackTmp:          0 kB
CommitLimit:     7105828 kB
Committed_AS:   54545964 kB
VmallocTotal:   263061440 kB
VmallocUsed:       61040 kB
VmallocChunk:          0 kB
Percpu:             2336 kB
CmaTotal:         294912 kB
CmaFree:               0 kB
MemTotal:       12114512 kB
MemFree:         4304796 kB
MemAvailable:    8905044 kB
Buffers:            3944 kB
Cached:          3565912 kB
SwapCached:            0 kB
Active:          1398968 kB
Inactive:        3234920 kB
Active(anon):    1068396 kB
Inactive(anon):    13256 kB
Active(file):     330572 kB
Inactive(file):  3221664 kB
Unevictable:        4104 kB
Mlocked:            4104 kB
SwapTotal:       1048572 kB
SwapFree:        1048572 kB
Dirty:                92 kB
Writeback:             0 kB
AnonPages:       1068456 kB
Mapped:           782092 kB
Shmem:             14380 kB
Slab:             186696 kB
SReclaimable:      51232 kB
SUnreclaim:       135464 kB
KernelStack:       36032 kB
PageTables:        46844 kB
NFS_Unstable:          0 kB
Bounce:                0 kB
WritebackTmp:          0 kB
CommitLimit:     7105828 kB
Committed_AS:   54553672 kB
VmallocTotal:   263061440 kB
VmallocUsed:       61040 kB
VmallocChunk:          0 kB
Percpu:             2336 kB
CmaTotal:         294912 kB
CmaFree:               0 kB
MemTotal:       12114512 kB
MemFree:         4306828 kB
MemAvailable:    8906784 kB
Buffers:            3944 kB
Cached:          3565644 kB
SwapCached:            0 kB
Active:          1397688 kB
Inactive:        3234920 kB
Active(anon):    1067384 kB
Inactive(anon):    13284 kB
Active(file):     330304 kB
Inactive(file):  3221636 kB
Unevictable:        4104 kB
Mlocked:            4104 kB
SwapTotal:       1048572 kB
SwapFree:        1048572 kB
Dirty:                96 kB
Writeback:             0 kB
AnonPages:       1066868 kB
Mapped:           782224 kB
Shmem:             14408 kB
Slab:             186716 kB
SReclaimable:      51236 kB
SUnreclaim:       135480 kB
KernelStack:       35984 kB
PageTables:        46832 kB
NFS_Unstable:          0 kB
Bounce:                0 kB
WritebackTmp:          0 kB
CommitLimit:     7105828 kB
Committed_AS:   54553008 kB
VmallocTotal:   263061440 kB
VmallocUsed:       61008 kB
VmallocChunk:          0 kB
Percpu:             2336 kB
CmaTotal:         294912 kB
CmaFree:               0 kB
MemTotal:       12114512 kB
MemFree:         4307056 kB
MemAvailable:    8907012 kB
Buffers:            3944 kB
Cached:          3565536 kB
SwapCached:            0 kB
Active:          1397720 kB
Inactive:        3234804 kB
Active(anon):    1067412 kB
Inactive(anon):    13172 kB
Active(file):     330308 kB
Inactive(file):  3221632 kB
Unevictable:        4104 kB
Mlocked:            4104 kB
SwapTotal:       1048572 kB
SwapFree:        1048572 kB
Dirty:                96 kB
Writeback:             0 kB
AnonPages:       1067320 kB
Mapped:           781888 kB
Shmem:             14300 kB
Slab:             186732 kB
SReclaimable:      51236 kB
SUnreclaim:       135496 kB
KernelStack:       35968 kB
PageTables:        47028 kB
NFS_Unstable:          0 kB
Bounce:                0 kB
WritebackTmp:          0 kB
CommitLimit:     7105828 kB
Committed_AS:   54547316 kB
VmallocTotal:   263061440 kB
VmallocUsed:       61008 kB
VmallocChunk:          0 kB
Percpu:             2336 kB
CmaTotal:         294912 kB
CmaFree:              92 kB
MemTotal:       12114512 kB
MemFree:         4306128 kB
MemAvailable:    8906084 kB
Buffers:            3944 kB
Cached:          3565536 kB
SwapCached:            0 kB
Active:          1398064 kB
Inactive:        3234800 kB
Active(anon):    1067752 kB
Inactive(anon):    13172 kB
Active(file):     330312 kB
Inactive(file):  3221628 kB
Unevictable:        4104 kB
Mlocked:            4104 kB
SwapTotal:       1048572 kB
SwapFree:        1048572 kB
Dirty:                44 kB
Writeback:             0 kB
AnonPages:       1067644 kB
Mapped:           782004 kB
Shmem:             14300 kB
Slab:             186732 kB
SReclaimable:      51236 kB
SUnreclaim:       135496 kB
KernelStack:       35952 kB
PageTables:        46904 kB
NFS_Unstable:          0 kB
Bounce:                0 kB
WritebackTmp:          0 kB
CommitLimit:     7105828 kB
Committed_AS:   54542308 kB
VmallocTotal:   263061440 kB
VmallocUsed:       61008 kB
VmallocChunk:          0 kB
Percpu:             2336 kB
CmaTotal:         294912 kB
CmaFree:               0 kB
MemTotal:       12114512 kB
MemFree:         4306256 kB
MemAvailable:    8906212 kB
Buffers:            3944 kB
Cached:          3565536 kB
SwapCached:            0 kB
Active:          1398188 kB
Inactive:        3234800 kB
Active(anon):    1067876 kB
Inactive(anon):    13172 kB
Active(file):     330312 kB
Inactive(file):  3221628 kB
Unevictable:        4104 kB
Mlocked:            4104 kB
SwapTotal:       1048572 kB
SwapFree:        1048572 kB
Dirty:                44 kB
Writeback:             0 kB
AnonPages:       1067248 kB
Mapped:           782084 kB
Shmem:             14300 kB
Slab:             186748 kB
SReclaimable:      51236 kB
SUnreclaim:       135512 kB
KernelStack:       36004 kB
PageTables:        46780 kB
NFS_Unstable:          0 kB
Bounce:                0 kB
WritebackTmp:          0 kB
CommitLimit:     7105828 kB
Committed_AS:   54546992 kB
VmallocTotal:   263061440 kB
VmallocUsed:       61008 kB
VmallocChunk:          0 kB
Percpu:             2336 kB
CmaTotal:         294912 kB
CmaFree:               0 kB
MemTotal:       12114512 kB
MemFree:         4305840 kB
MemAvailable:    8905796 kB
Buffers:            3944 kB
Cached:          3565544 kB
SwapCached:            0 kB
Active:          1398688 kB
Inactive:        3234800 kB
Active(anon):    1068368 kB
Inactive(anon):    13180 kB
Active(file):     330320 kB
Inactive(file):  3221620 kB
Unevictable:        4104 kB
Mlocked:            4104 kB
SwapTotal:       1048572 kB
SwapFree:        1048572 kB
Dirty:                48 kB
Writeback:             0 kB
AnonPages:       1068128 kB
Mapped:           782064 kB
Shmem:             14308 kB
Slab:             186748 kB
SReclaimable:      51236 kB
SUnreclaim:       135512 kB
KernelStack:       35984 kB
PageTables:        46952 kB
NFS_Unstable:          0 kB
Bounce:                0 kB
WritebackTmp:          0 kB
CommitLimit:     7105828 kB
Committed_AS:   54540912 kB
VmallocTotal:   263061440 kB
VmallocUsed:       60992 kB
VmallocChunk:          0 kB
Percpu:             2336 kB
CmaTotal:         294912 kB
CmaFree:              60 kB
MemTotal:       12114512 kB
MemFree:         4306336 kB
MemAvailable:    8906292 kB
Buffers:            3944 kB
Cached:          3565544 kB
SwapCached:            0 kB
Active:          1397612 kB
Inactive:        3234800 kB
Active(anon):    1067292 kB
Inactive(anon):    13180 kB
Active(file):     330320 kB
Inactive(file):  3221620 kB
Unevictable:        4104 kB
Mlocked:            4104 kB
SwapTotal:       1048572 kB
SwapFree:        1048572 kB
Dirty:                76 kB
Writeback:             0 kB
AnonPages:       1067164 kB
Mapped:           781956 kB
Shmem:             14308 kB
Slab:             186748 kB
SReclaimable:      51236 kB
SUnreclaim:       135512 kB
KernelStack:       36016 kB
PageTables:        46696 kB
NFS_Unstable:          0 kB
Bounce:                0 kB
WritebackTmp:          0 kB
CommitLimit:     7105828 kB
Committed_AS:   54547920 kB
VmallocTotal:   263061440 kB
VmallocUsed:       60992 kB
VmallocChunk:          0 kB
Percpu:             2336 kB
CmaTotal:         294912 kB
CmaFree:               0 kB
MemTotal:       12114512 kB
MemFree:         4306340 kB
MemAvailable:    8906296 kB
Buffers:            3944 kB
Cached:          3565544 kB
SwapCached:            0 kB
Active:          1398484 kB
Inactive:        3234800 kB
Active(anon):    1068164 kB
Inactive(anon):    13180 kB
Active(file):     330320 kB
Inactive(file):  3221620 kB
Unevictable:        4104 kB
Mlocked:            4104 kB
SwapTotal:       1048572 kB
SwapFree:        1048572 kB
Dirty:                80 kB
Writeback:             0 kB
AnonPages:       1068204 kB
Mapped:           782104 kB
Shmem:             14308 kB
Slab:             186748 kB
SReclaimable:      51236 kB
SUnreclaim:       135512 kB
KernelStack:       35984 kB
PageTables:        47068 kB
NFS_Unstable:          0 kB
Bounce:                0 kB
WritebackTmp:          0 kB
CommitLimit:     7105828 kB
Committed_AS:   54553884 kB
VmallocTotal:   263061440 kB
VmallocUsed:       61008 kB
VmallocChunk:          0 kB
Percpu:             2336 kB
CmaTotal:         294912 kB
CmaFree:               0 kB
MemTotal:       12114512 kB
MemFree:         4306232 kB
MemAvailable:    8906188 kB
Buffers:            3944 kB
Cached:          3565448 kB
SwapCached:            0 kB
Active:          1399380 kB
Inactive:        3234704 kB
Active(anon):    1069060 kB
Inactive(anon):    13084 kB
Active(file):     330320 kB
Inactive(file):  3221620 kB
Unevictable:        4104 kB
Mlocked:            4104 kB
SwapTotal:       1048572 kB
SwapFree:        1048572 kB
Dirty:                80 kB
Writeback:             0 kB
AnonPages:       1068784 kB
Mapped:           781932 kB
Shmem:             14212 kB
Slab:             186756 kB
SReclaimable:      51236 kB
SUnreclaim:       135520 kB
KernelStack:       35936 kB
PageTables:        46988 kB
NFS_Unstable:          0 kB
Bounce:                0 kB
WritebackTmp:          0 kB
CommitLimit:     7105828 kB
Committed_AS:   54548832 kB
VmallocTotal:   263061440 kB
VmallocUsed:       60992 kB
VmallocChunk:          0 kB
Percpu:             2336 kB
CmaTotal:         294912 kB
CmaFree:               0 kB
MemTotal:       12114512 kB
MemFree:         4305288 kB
MemAvailable:    8905244 kB
Buffers:            3944 kB
Cached:          3565448 kB
SwapCached:            0 kB
Active:          1398952 kB
Inactive:        3234704 kB
Active(anon):    1068632 kB
Inactive(anon):    13084 kB
Active(file):     330320 kB
Inactive(file):  3221620 kB
Unevictable:        4104 kB
Mlocked:            4104 kB
SwapTotal:       1048572 kB
SwapFree:        1048572 kB
Dirty:                48 kB
Writeback:             0 kB
AnonPages:       1068432 kB
Mapped:           781828 kB
Shmem:             14212 kB
Slab:             186756 kB
SReclaimable:      51236 kB
SUnreclaim:       135520 kB
KernelStack:       35968 kB
PageTables:        47152 kB
NFS_Unstable:          0 kB
Bounce:                0 kB
WritebackTmp:          0 kB
CommitLimit:     7105828 kB
Committed_AS:   54554076 kB
VmallocTotal:   263061440 kB
VmallocUsed:       61008 kB
VmallocChunk:          0 kB
Percpu:             2336 kB
CmaTotal:         294912 kB
CmaFree:               0 kB
MemTotal:       12114512 kB
MemFree:         4303956 kB
MemAvailable:    8903912 kB
Buffers:            3944 kB
Cached:          3565424 kB
SwapCached:            0 kB
Active:          1400904 kB
Inactive:        3234676 kB
Active(anon):    1070584 kB
Inactive(anon):    13056 kB
Active(file):     330320 kB
Inactive(file):  3221620 kB
Unevictable:        4104 kB
Mlocked:            4104 kB
SwapTotal:       1048572 kB
SwapFree:        1048572 kB
Dirty:                56 kB
Writeback:             0 kB
AnonPages:       1070400 kB
Mapped:           781840 kB
Shmem:             14188 kB
Slab:             186756 kB
SReclaimable:      51236 kB
SUnreclaim:       135520 kB
KernelStack:       35952 kB
PageTables:        47024 kB
NFS_Unstable:          0 kB
Bounce:                0 kB
WritebackTmp:          0 kB
CommitLimit:     7105828 kB
Committed_AS:   54561348 kB
VmallocTotal:   263061440 kB
VmallocUsed:       60976 kB
VmallocChunk:          0 kB
Percpu:             2336 kB
CmaTotal:         294912 kB
CmaFree:               0 kB
MemTotal:       12114512 kB
MemFree:         4303664 kB
MemAvailable:    8903620 kB
Buffers:            3944 kB
Cached:          3565544 kB
SwapCached:            0 kB
Active:          1402296 kB
Inactive:        3234800 kB
Active(anon):    1071976 kB
Inactive(anon):    13180 kB
Active(file):     330320 kB
Inactive(file):  3221620 kB
Unevictable:        4104 kB
Mlocked:            4104 kB
SwapTotal:       1048572 kB
SwapFree:        1048572 kB
Dirty:                84 kB
Writeback:             0 kB
AnonPages:       1071996 kB
Mapped:           781924 kB
Shmem:             14308 kB
Slab:             186748 kB
SReclaimable:      51236 kB
SUnreclaim:       135512 kB
KernelStack:       35968 kB
PageTables:        47032 kB
NFS_Unstable:          0 kB
Bounce:                0 kB
WritebackTmp:          0 kB
CommitLimit:     7105828 kB
Committed_AS:   54556048 kB
VmallocTotal:   263061440 kB
VmallocUsed:       60960 kB
VmallocChunk:          0 kB
Percpu:             2336 kB
CmaTotal:         294912 kB
CmaFree:               0 kB
MemTotal:       12114512 kB
MemFree:         4307624 kB
MemAvailable:    8927080 kB
Buffers:            3944 kB
Cached:          3566080 kB
SwapCached:            0 kB
Active:          1402728 kB
Inactive:        3234648 kB
Active(anon):    1071456 kB
Inactive(anon):    12872 kB
Active(file):     331272 kB
Inactive(file):  3221776 kB
Unevictable:        4104 kB
Mlocked:            4104 kB
SwapTotal:       1048572 kB
SwapFree:        1048572 kB
Dirty:              8412 kB
Writeback:             0 kB
AnonPages:       1071196 kB
Mapped:           781876 kB
Shmem:             14000 kB
Slab:             186764 kB
SReclaimable:      51244 kB
SUnreclaim:       135520 kB
KernelStack:       35984 kB
PageTables:        47056 kB
NFS_Unstable:          0 kB
Bounce:                0 kB
WritebackTmp:          0 kB
CommitLimit:     7105828 kB
Committed_AS:   54568568 kB
VmallocTotal:   263061440 kB
VmallocUsed:       60976 kB
VmallocChunk:          0 kB
Percpu:             2336 kB
CmaTotal:         294912 kB
CmaFree:             156 kB
MemTotal:       12114512 kB
MemFree:         4302756 kB
MemAvailable:    8901012 kB
Buffers:            3944 kB
Cached:          3566340 kB
SwapCached:            0 kB
Active:          1405048 kB
Inactive:        3234620 kB
Active(anon):    1073764 kB
Inactive(anon):    12932 kB
Active(file):     331284 kB
Inactive(file):  3221688 kB
Unevictable:        4104 kB
Mlocked:            4104 kB
SwapTotal:       1048572 kB
SwapFree:        1048572 kB
Dirty:              7580 kB
Writeback:             0 kB
AnonPages:       1073460 kB
Mapped:           781644 kB
Shmem:             14072 kB
Slab:             186756 kB
SReclaimable:      51244 kB
SUnreclaim:       135512 kB
KernelStack:       36000 kB
PageTables:        46996 kB
NFS_Unstable:          0 kB
Bounce:                0 kB
WritebackTmp:          0 kB
CommitLimit:     7105828 kB
Committed_AS:   54562324 kB
VmallocTotal:   263061440 kB
VmallocUsed:       61008 kB
VmallocChunk:          0 kB
Percpu:             2336 kB
CmaTotal:         294912 kB
CmaFree:              32 kB
MemTotal:       12114512 kB
MemFree:         4296756 kB
MemAvailable:    8891104 kB
Buffers:            3944 kB
Cached:          3566296 kB
SwapCached:            0 kB
Active:          1408580 kB
Inactive:        3234828 kB
Active(anon):    1077592 kB
Inactive(anon):    13140 kB
Active(file):     330988 kB
Inactive(file):  3221688 kB
Unevictable:        4104 kB
Mlocked:            4104 kB
SwapTotal:       1048572 kB
SwapFree:        1048572 kB
Dirty:              7660 kB
Writeback:             0 kB
AnonPages:       1077156 kB
Mapped:           782920 kB
Shmem:             14324 kB
Slab:             186756 kB
SReclaimable:      51244 kB
SUnreclaim:       135512 kB
KernelStack:       35952 kB
PageTables:        46900 kB
NFS_Unstable:          0 kB
Bounce:                0 kB
WritebackTmp:          0 kB
CommitLimit:     7105828 kB
Committed_AS:   54552112 kB
VmallocTotal:   263061440 kB
VmallocUsed:       61056 kB
VmallocChunk:          0 kB
Percpu:             2336 kB
CmaTotal:         294912 kB
CmaFree:               0 kB
MemTotal:       12114512 kB
MemFree:         4296064 kB
MemAvailable:    8890412 kB
Buffers:            3944 kB
Cached:          3566272 kB
SwapCached:            0 kB
Active:          1408204 kB
Inactive:        3234804 kB
Active(anon):    1077216 kB
Inactive(anon):    13116 kB
Active(file):     330988 kB
Inactive(file):  3221688 kB
Unevictable:        4104 kB
Mlocked:            4104 kB
SwapTotal:       1048572 kB
SwapFree:        1048572 kB
Dirty:              7660 kB
Writeback:             0 kB
AnonPages:       1076912 kB
Mapped:           782936 kB
Shmem:             14300 kB
Slab:             186756 kB
SReclaimable:      51244 kB
SUnreclaim:       135512 kB
KernelStack:       35968 kB
PageTables:        47040 kB
NFS_Unstable:          0 kB
Bounce:                0 kB
WritebackTmp:          0 kB
CommitLimit:     7105828 kB
Committed_AS:   54557172 kB
VmallocTotal:   263061440 kB
VmallocUsed:       61008 kB
VmallocChunk:          0 kB
Percpu:             2336 kB
CmaTotal:         294912 kB
CmaFree:             112 kB
MemTotal:       12114512 kB
MemFree:         4300652 kB
MemAvailable:    8895008 kB
Buffers:            3944 kB
Cached:          3566256 kB
SwapCached:            0 kB
Active:          1403452 kB
Inactive:        3234808 kB
Active(anon):    1072464 kB
Inactive(anon):    13116 kB
Active(file):     330988 kB
Inactive(file):  3221692 kB
Unevictable:        4104 kB
Mlocked:            4104 kB
SwapTotal:       1048572 kB
SwapFree:        1048572 kB
Dirty:              7668 kB
Writeback:             0 kB
AnonPages:       1072264 kB
Mapped:           782780 kB
Shmem:             14280 kB
Slab:             186756 kB
SReclaimable:      51244 kB
SUnreclaim:       135512 kB
KernelStack:       35968 kB
PageTables:        47036 kB
NFS_Unstable:          0 kB
Bounce:                0 kB
WritebackTmp:          0 kB
CommitLimit:     7105828 kB
Committed_AS:   54554376 kB
VmallocTotal:   263061440 kB
VmallocUsed:       61008 kB
VmallocChunk:          0 kB
Percpu:             2336 kB
CmaTotal:         294912 kB
CmaFree:               0 kB
MemTotal:       12114512 kB
MemFree:         4300708 kB
MemAvailable:    8895064 kB
Buffers:            3948 kB
Cached:          3566252 kB
SwapCached:            0 kB
Active:          1403588 kB
Inactive:        3234808 kB
Active(anon):    1072600 kB
Inactive(anon):    13116 kB
Active(file):     330988 kB
Inactive(file):  3221692 kB
Unevictable:        4104 kB
Mlocked:            4104 kB
SwapTotal:       1048572 kB
SwapFree:        1048572 kB
Dirty:               312 kB
Writeback:           256 kB
AnonPages:       1072020 kB
Mapped:           782952 kB
Shmem:             14280 kB
Slab:             186724 kB
SReclaimable:      51244 kB
SUnreclaim:       135480 kB
KernelStack:       36036 kB
PageTables:        47000 kB
NFS_Unstable:          0 kB
Bounce:                0 kB
WritebackTmp:          0 kB
CommitLimit:     7105828 kB
Committed_AS:   54562392 kB
VmallocTotal:   263061440 kB
VmallocUsed:       61040 kB
VmallocChunk:          0 kB
Percpu:             2336 kB
CmaTotal:         294912 kB
CmaFree:               0 kB
MemTotal:       12114512 kB
MemFree:         4304896 kB
MemAvailable:    8894840 kB
Buffers:            3948 kB
Cached:          3562472 kB
SwapCached:            0 kB
Active:          1403740 kB
Inactive:        3230652 kB
Active(anon):    1072748 kB
Inactive(anon):    13116 kB
Active(file):     330992 kB
Inactive(file):  3217536 kB
Unevictable:        4104 kB
Mlocked:            4104 kB
SwapTotal:       1048572 kB
SwapFree:        1048572 kB
Dirty:              3532 kB
Writeback:             0 kB
AnonPages:       1072816 kB
Mapped:           782936 kB
Shmem:             14280 kB
Slab:             186236 kB
SReclaimable:      50724 kB
SUnreclaim:       135512 kB
KernelStack:       36000 kB
PageTables:        47168 kB
NFS_Unstable:          0 kB
Bounce:                0 kB
WritebackTmp:          0 kB
CommitLimit:     7105828 kB
Committed_AS:   54556552 kB
VmallocTotal:   263061440 kB
VmallocUsed:       61008 kB
VmallocChunk:          0 kB
Percpu:             2336 kB
CmaTotal:         294912 kB
CmaFree:               0 kB
MemTotal:       12114512 kB
MemFree:         4312352 kB
MemAvailable:    8909756 kB
Buffers:            3948 kB
Cached:          3566152 kB
SwapCached:            0 kB
Active:          1392108 kB
Inactive:        3234700 kB
Active(anon):    1061108 kB
Inactive(anon):    13020 kB
Active(file):     331000 kB
Inactive(file):  3221680 kB
Unevictable:        4104 kB
Mlocked:            4104 kB
SwapTotal:       1048572 kB
SwapFree:        1048572 kB
Dirty:              7632 kB
Writeback:             0 kB
AnonPages:       1060888 kB
Mapped:           782180 kB
Shmem:             14180 kB
Slab:             186752 kB
SReclaimable:      51240 kB
SUnreclaim:       135512 kB
KernelStack:       36000 kB
PageTables:        47176 kB
NFS_Unstable:          0 kB
Bounce:                0 kB
WritebackTmp:          0 kB
CommitLimit:     7105828 kB
Committed_AS:   54562868 kB
VmallocTotal:   263061440 kB
VmallocUsed:       61008 kB
VmallocChunk:          0 kB
Percpu:             2336 kB
CmaTotal:         294912 kB
CmaFree:               0 kB
MemTotal:       12114512 kB
MemFree:         4312608 kB
MemAvailable:    8910012 kB
Buffers:            3948 kB
Cached:          3566152 kB
SwapCached:            0 kB
Active:          1391128 kB
Inactive:        3234700 kB
Active(anon):    1060128 kB
Inactive(anon):    13020 kB
Active(file):     331000 kB
Inactive(file):  3221680 kB
Unevictable:        4104 kB
Mlocked:            4104 kB
SwapTotal:       1048572 kB
SwapFree:        1048572 kB
Dirty:              7704 kB
Writeback:             0 kB
AnonPages:       1059796 kB
Mapped:           782084 kB
Shmem:             14180 kB
Slab:             186752 kB
SReclaimable:      51240 kB
SUnreclaim:       135512 kB
KernelStack:       36000 kB
PageTables:        47260 kB
NFS_Unstable:          0 kB
Bounce:                0 kB
WritebackTmp:          0 kB
CommitLimit:     7105828 kB
Committed_AS:   54564620 kB
VmallocTotal:   263061440 kB
VmallocUsed:       61008 kB
VmallocChunk:          0 kB
Percpu:             2336 kB
CmaTotal:         294912 kB
CmaFree:               0 kB
MemTotal:       12114512 kB
MemFree:         4313452 kB
MemAvailable:    8910856 kB
Buffers:            3948 kB
Cached:          3566152 kB
SwapCached:            0 kB
Active:          1391568 kB
Inactive:        3234700 kB
Active(anon):    1060568 kB
Inactive(anon):    13020 kB
Active(file):     331000 kB
Inactive(file):  3221680 kB
Unevictable:        4104 kB
Mlocked:            4104 kB
SwapTotal:       1048572 kB
SwapFree:        1048572 kB
Dirty:              7708 kB
Writeback:             0 kB
AnonPages:       1060008 kB
Mapped:           782160 kB
Shmem:             14180 kB
Slab:             186760 kB
SReclaimable:      51240 kB
SUnreclaim:       135520 kB
KernelStack:       36016 kB
PageTables:        46936 kB
NFS_Unstable:          0 kB
Bounce:                0 kB
WritebackTmp:          0 kB
CommitLimit:     7105828 kB
Committed_AS:   54551296 kB
VmallocTotal:   263061440 kB
VmallocUsed:       60976 kB
VmallocChunk:          0 kB
Percpu:             2336 kB
CmaTotal:         294912 kB
CmaFree:               0 kB
MemTotal:       12114512 kB
MemFree:         4312900 kB
MemAvailable:    8910360 kB
Buffers:            3952 kB
Cached:          3566200 kB
SwapCached:            0 kB
Active:          1391756 kB
Inactive:        3234748 kB
Active(anon):    1060752 kB
Inactive(anon):    13020 kB
Active(file):     331004 kB
Inactive(file):  3221728 kB
Unevictable:        4104 kB
Mlocked:            4104 kB
SwapTotal:       1048572 kB
SwapFree:        1048572 kB
Dirty:               312 kB
Writeback:             0 kB
AnonPages:       1060496 kB
Mapped:           782072 kB
Shmem:             14180 kB
Slab:             186764 kB
SReclaimable:      51244 kB
SUnreclaim:       135520 kB
KernelStack:       36000 kB
PageTables:        47160 kB
NFS_Unstable:          0 kB
Bounce:                0 kB
WritebackTmp:          0 kB
CommitLimit:     7105828 kB
Committed_AS:   54551112 kB
VmallocTotal:   263061440 kB
VmallocUsed:       61008 kB
VmallocChunk:          0 kB
Percpu:             2336 kB
CmaTotal:         294912 kB
CmaFree:               0 kB
MemTotal:       12114512 kB
MemFree:         4312124 kB
MemAvailable:    8909584 kB
Buffers:            3952 kB
Cached:          3566200 kB
SwapCached:            0 kB
Active:          1392184 kB
Inactive:        3234748 kB
Active(anon):    1061180 kB
Inactive(anon):    13020 kB
Active(file):     331004 kB
Inactive(file):  3221728 kB
Unevictable:        4104 kB
Mlocked:            4104 kB
SwapTotal:       1048572 kB
SwapFree:        1048572 kB
Dirty:               152 kB
Writeback:             0 kB
AnonPages:       1060828 kB
Mapped:           782072 kB
Shmem:             14180 kB
Slab:             186764 kB
SReclaimable:      51244 kB
SUnreclaim:       135520 kB
KernelStack:       36016 kB
PageTables:        47288 kB
NFS_Unstable:          0 kB
Bounce:                0 kB
WritebackTmp:          0 kB
CommitLimit:     7105828 kB
Committed_AS:   54542104 kB
VmallocTotal:   263061440 kB
VmallocUsed:       61040 kB
VmallocChunk:          0 kB
Percpu:             2336 kB
CmaTotal:         294912 kB
CmaFree:               0 kB
MemTotal:       12114512 kB
MemFree:         4312596 kB
MemAvailable:    8910056 kB
Buffers:            3952 kB
Cached:          3566200 kB
SwapCached:            0 kB
Active:          1392400 kB
Inactive:        3234748 kB
Active(anon):    1061396 kB
Inactive(anon):    13020 kB
Active(file):     331004 kB
Inactive(file):  3221728 kB
Unevictable:        4104 kB
Mlocked:            4104 kB
SwapTotal:       1048572 kB
SwapFree:        1048572 kB
Dirty:               192 kB
Writeback:             0 kB
AnonPages:       1061132 kB
Mapped:           782316 kB
Shmem:             14180 kB
Slab:             186764 kB
SReclaimable:      51244 kB
SUnreclaim:       135520 kB
KernelStack:       35988 kB
PageTables:        47052 kB
NFS_Unstable:          0 kB
Bounce:                0 kB
WritebackTmp:          0 kB
CommitLimit:     7105828 kB
Committed_AS:   54547704 kB
VmallocTotal:   263061440 kB
VmallocUsed:       61024 kB
VmallocChunk:          0 kB
Percpu:             2336 kB
CmaTotal:         294912 kB
CmaFree:               0 kB
MemTotal:       12114512 kB
MemFree:         4312816 kB
MemAvailable:    8910276 kB
Buffers:            3952 kB
Cached:          3566200 kB
SwapCached:            0 kB
Active:          1393020 kB
Inactive:        3234748 kB
Active(anon):    1062016 kB
Inactive(anon):    13020 kB
Active(file):     331004 kB
Inactive(file):  3221728 kB
Unevictable:        4104 kB
Mlocked:            4104 kB
SwapTotal:       1048572 kB
SwapFree:        1048572 kB
Dirty:               192 kB
Writeback:             0 kB
AnonPages:       1061804 kB
Mapped:           782148 kB
Shmem:             14180 kB
Slab:             186764 kB
SReclaimable:      51244 kB
SUnreclaim:       135520 kB
KernelStack:       36036 kB
PageTables:        47148 kB
NFS_Unstable:          0 kB
Bounce:                0 kB
WritebackTmp:          0 kB
CommitLimit:     7105828 kB
Committed_AS:   54549540 kB
VmallocTotal:   263061440 kB
VmallocUsed:       61024 kB
VmallocChunk:          0 kB
Percpu:             2336 kB
CmaTotal:         294912 kB
CmaFree:               0 kB
MemTotal:       12114512 kB
MemFree:         4312376 kB
MemAvailable:    8909836 kB
Buffers:            3952 kB
Cached:          3566200 kB
SwapCached:            0 kB
Active:          1393188 kB
Inactive:        3234748 kB
Active(anon):    1062184 kB
Inactive(anon):    13020 kB
Active(file):     331004 kB
Inactive(file):  3221728 kB
Unevictable:        4104 kB
Mlocked:            4104 kB
SwapTotal:       1048572 kB
SwapFree:        1048572 kB
Dirty:               208 kB
Writeback:             0 kB
AnonPages:       1062136 kB
Mapped:           782340 kB
Shmem:             14180 kB
Slab:             186764 kB
SReclaimable:      51244 kB
SUnreclaim:       135520 kB
KernelStack:       35952 kB
PageTables:        47032 kB
NFS_Unstable:          0 kB
Bounce:                0 kB
WritebackTmp:          0 kB
CommitLimit:     7105828 kB
Committed_AS:   54554944 kB
VmallocTotal:   263061440 kB
VmallocUsed:       61024 kB
VmallocChunk:          0 kB
Percpu:             2336 kB
CmaTotal:         294912 kB
CmaFree:               0 kB
MemTotal:       12114512 kB
MemFree:         4311328 kB
MemAvailable:    8908788 kB
Buffers:            3952 kB
Cached:          3566200 kB
SwapCached:            0 kB
Active:          1393952 kB
Inactive:        3234748 kB
Active(anon):    1062948 kB
Inactive(anon):    13020 kB
Active(file):     331004 kB
Inactive(file):  3221728 kB
Unevictable:        4104 kB
Mlocked:            4104 kB
SwapTotal:       1048572 kB
SwapFree:        1048572 kB
Dirty:               220 kB
Writeback:             0 kB
AnonPages:       1062804 kB
Mapped:           782076 kB
Shmem:             14180 kB
Slab:             186764 kB
SReclaimable:      51244 kB
SUnreclaim:       135520 kB
KernelStack:       36016 kB
PageTables:        47032 kB
NFS_Unstable:          0 kB
Bounce:                0 kB
WritebackTmp:          0 kB
CommitLimit:     7105828 kB
Committed_AS:   54547188 kB
VmallocTotal:   263061440 kB
VmallocUsed:       61008 kB
VmallocChunk:          0 kB
Percpu:             2336 kB
CmaTotal:         294912 kB
CmaFree:               4 kB
MemTotal:       12114512 kB
MemFree:         4310792 kB
MemAvailable:    8908252 kB
Buffers:            3956 kB
Cached:          3566196 kB
SwapCached:            0 kB
Active:          1394404 kB
Inactive:        3234748 kB
Active(anon):    1063400 kB
Inactive(anon):    13020 kB
Active(file):     331004 kB
Inactive(file):  3221728 kB
Unevictable:        4104 kB
Mlocked:            4104 kB
SwapTotal:       1048572 kB
SwapFree:        1048572 kB
Dirty:               220 kB
Writeback:             0 kB
AnonPages:       1062784 kB
Mapped:           782124 kB
Shmem:             14180 kB
Slab:             186764 kB
SReclaimable:      51244 kB
SUnreclaim:       135520 kB
KernelStack:       36032 kB
PageTables:        47056 kB
NFS_Unstable:          0 kB
Bounce:                0 kB
WritebackTmp:          0 kB
CommitLimit:     7105828 kB
Committed_AS:   54538936 kB
VmallocTotal:   263061440 kB
VmallocUsed:       60960 kB
VmallocChunk:          0 kB
Percpu:             2336 kB
CmaTotal:         294912 kB
CmaFree:               0 kB
MemTotal:       12114512 kB
MemFree:         4310472 kB
MemAvailable:    8907948 kB
Buffers:            3956 kB
Cached:          3566212 kB
SwapCached:            0 kB
Active:          1394204 kB
Inactive:        3234760 kB
Active(anon):    1063196 kB
Inactive(anon):    13020 kB
Active(file):     331008 kB
Inactive(file):  3221740 kB
Unevictable:        4104 kB
Mlocked:            4104 kB
SwapTotal:       1048572 kB
SwapFree:        1048572 kB
Dirty:               156 kB
Writeback:             0 kB
AnonPages:       1062992 kB
Mapped:           782072 kB
Shmem:             14180 kB
Slab:             186756 kB
SReclaimable:      51244 kB
SUnreclaim:       135512 kB
KernelStack:       35984 kB
PageTables:        47160 kB
NFS_Unstable:          0 kB
Bounce:                0 kB
WritebackTmp:          0 kB
CommitLimit:     7105828 kB
Committed_AS:   54544332 kB
VmallocTotal:   263061440 kB
VmallocUsed:       60976 kB
VmallocChunk:          0 kB
Percpu:             2336 kB
CmaTotal:         294912 kB
CmaFree:             104 kB
MemTotal:       12114512 kB
MemFree:         4309432 kB
MemAvailable:    8906908 kB
Buffers:            3956 kB
Cached:          3566212 kB
SwapCached:            0 kB
Active:          1394700 kB
Inactive:        3234760 kB
Active(anon):    1063692 kB
Inactive(anon):    13020 kB
Active(file):     331008 kB
Inactive(file):  3221740 kB
Unevictable:        4104 kB
Mlocked:            4104 kB
SwapTotal:       1048572 kB
SwapFree:        1048572 kB
Dirty:               160 kB
Writeback:             0 kB
AnonPages:       1063280 kB
Mapped:           782068 kB
Shmem:             14180 kB
Slab:             186756 kB
SReclaimable:      51244 kB
SUnreclaim:       135512 kB
KernelStack:       35968 kB
PageTables:        47032 kB
NFS_Unstable:          0 kB
Bounce:                0 kB
WritebackTmp:          0 kB
CommitLimit:     7105828 kB
Committed_AS:   54553424 kB
VmallocTotal:   263061440 kB
VmallocUsed:       61056 kB
VmallocChunk:          0 kB
Percpu:             2336 kB
CmaTotal:         294912 kB
CmaFree:               0 kB
MemTotal:       12114512 kB
MemFree:         4309752 kB
MemAvailable:    8907228 kB
Buffers:            3956 kB
Cached:          3566212 kB
SwapCached:            0 kB
Active:          1395096 kB
Inactive:        3234760 kB
Active(anon):    1064088 kB
Inactive(anon):    13020 kB
Active(file):     331008 kB
Inactive(file):  3221740 kB
Unevictable:        4104 kB
Mlocked:            4104 kB
SwapTotal:       1048572 kB
SwapFree:        1048572 kB
Dirty:               160 kB
Writeback:             0 kB
AnonPages:       1063868 kB
Mapped:           782072 kB
Shmem:             14180 kB
Slab:             186756 kB
SReclaimable:      51244 kB
SUnreclaim:       135512 kB
KernelStack:       35984 kB
PageTables:        47032 kB
NFS_Unstable:          0 kB
Bounce:                0 kB
WritebackTmp:          0 kB
CommitLimit:     7105828 kB
Committed_AS:   54562644 kB
VmallocTotal:   263061440 kB
VmallocUsed:       60992 kB
VmallocChunk:          0 kB
Percpu:             2336 kB
CmaTotal:         294912 kB
CmaFree:               0 kB
MemTotal:       12114512 kB
MemFree:         4311688 kB
MemAvailable:    8909164 kB
Buffers:            3956 kB
Cached:          3566212 kB
SwapCached:            0 kB
Active:          1393420 kB
Inactive:        3234760 kB
Active(anon):    1062412 kB
Inactive(anon):    13020 kB
Active(file):     331008 kB
Inactive(file):  3221740 kB
Unevictable:        4104 kB
Mlocked:            4104 kB
SwapTotal:       1048572 kB
SwapFree:        1048572 kB
Dirty:               164 kB
Writeback:             0 kB
AnonPages:       1062396 kB
Mapped:           782072 kB
Shmem:             14180 kB
Slab:             186756 kB
SReclaimable:      51244 kB
SUnreclaim:       135512 kB
KernelStack:       35968 kB
PageTables:        47028 kB
NFS_Unstable:          0 kB
Bounce:                0 kB
WritebackTmp:          0 kB
CommitLimit:     7105828 kB
Committed_AS:   54553108 kB
VmallocTotal:   263061440 kB
VmallocUsed:       60992 kB
VmallocChunk:          0 kB
Percpu:             2336 kB
CmaTotal:         294912 kB
CmaFree:              24 kB
MemTotal:       12114512 kB
MemFree:         4312056 kB
MemAvailable:    8909532 kB
Buffers:            3956 kB
Cached:          3566212 kB
SwapCached:            0 kB
Active:          1393824 kB
Inactive:        3234760 kB
Active(anon):    1062816 kB
Inactive(anon):    13020 kB
Active(file):     331008 kB
Inactive(file):  3221740 kB
Unevictable:        4104 kB
Mlocked:            4104 kB
SwapTotal:       1048572 kB
SwapFree:        1048572 kB
Dirty:               156 kB
Writeback:             0 kB
AnonPages:       1062264 kB
Mapped:           782116 kB
Shmem:             14180 kB
Slab:             186756 kB
SReclaimable:      51244 kB
SUnreclaim:       135512 kB
KernelStack:       35968 kB
PageTables:        47244 kB
NFS_Unstable:          0 kB
Bounce:                0 kB
WritebackTmp:          0 kB
CommitLimit:     7105828 kB
Committed_AS:   54547552 kB
VmallocTotal:   263061440 kB
VmallocUsed:       60992 kB
VmallocChunk:          0 kB
Percpu:             2336 kB
CmaTotal:         294912 kB
CmaFree:               0 kB
MemTotal:       12114512 kB
MemFree:         4311160 kB
MemAvailable:    8908636 kB
Buffers:            3956 kB
Cached:          3566212 kB
SwapCached:            0 kB
Active:          1393588 kB
Inactive:        3234760 kB
Active(anon):    1062580 kB
Inactive(anon):    13020 kB
Active(file):     331008 kB
Inactive(file):  3221740 kB
Unevictable:        4104 kB
Mlocked:            4104 kB
SwapTotal:       1048572 kB
SwapFree:        1048572 kB
Dirty:               156 kB
Writeback:             0 kB
AnonPages:       1062268 kB
Mapped:           782072 kB
Shmem:             14180 kB
Slab:             186748 kB
SReclaimable:      51244 kB
SUnreclaim:       135504 kB
KernelStack:       35968 kB
PageTables:        47032 kB
NFS_Unstable:          0 kB
Bounce:                0 kB
WritebackTmp:          0 kB
CommitLimit:     7105828 kB
Committed_AS:   54547176 kB
VmallocTotal:   263061440 kB
VmallocUsed:       61008 kB
VmallocChunk:          0 kB
Percpu:             2336 kB
CmaTotal:         294912 kB
CmaFree:               0 kB
MemTotal:       12114512 kB
MemFree:         4311144 kB
MemAvailable:    8914332 kB
Buffers:            3956 kB
Cached:          3566212 kB
SwapCached:            0 kB
Active:          1394544 kB
Inactive:        3234760 kB
Active(anon):    1063536 kB
Inactive(anon):    13020 kB
Active(file):     331008 kB
Inactive(file):  3221740 kB
Unevictable:        4104 kB
Mlocked:            4104 kB
SwapTotal:       1048572 kB
SwapFree:        1048572 kB
Dirty:               160 kB
Writeback:             0 kB
AnonPages:       1063456 kB
Mapped:           782108 kB
Shmem:             14180 kB
Slab:             186756 kB
SReclaimable:      51244 kB
SUnreclaim:       135512 kB
KernelStack:       36016 kB
PageTables:        47208 kB
NFS_Unstable:          0 kB
Bounce:                0 kB
WritebackTmp:          0 kB
CommitLimit:     7105828 kB
Committed_AS:   54552664 kB
VmallocTotal:   263061440 kB
VmallocUsed:       61008 kB
VmallocChunk:          0 kB
Percpu:             2336 kB
CmaTotal:         294912 kB
CmaFree:               0 kB
MemTotal:       12114512 kB
MemFree:         4298572 kB
MemAvailable:    8923528 kB
Buffers:            3960 kB
Cached:          3578264 kB
SwapCached:            0 kB
Active:          1398012 kB
Inactive:        3245684 kB
Active(anon):    1066276 kB
Inactive(anon):    12952 kB
Active(file):     331736 kB
Inactive(file):  3232732 kB
Unevictable:        4104 kB
Mlocked:            4104 kB
SwapTotal:       1048572 kB
SwapFree:        1048572 kB
Dirty:              1132 kB
Writeback:             0 kB
AnonPages:       1065960 kB
Mapped:           789764 kB
Shmem:             14100 kB
Slab:             186812 kB
SReclaimable:      51276 kB
SUnreclaim:       135536 kB
KernelStack:       35984 kB
PageTables:        46868 kB
NFS_Unstable:          0 kB
Bounce:                0 kB
WritebackTmp:          0 kB
CommitLimit:     7105828 kB
Committed_AS:   54563376 kB
VmallocTotal:   263061440 kB
VmallocUsed:       61008 kB
VmallocChunk:          0 kB
Percpu:             2336 kB
CmaTotal:         294912 kB
CmaFree:               0 kB
MemTotal:       12114512 kB
MemFree:         4296512 kB
MemAvailable:    8922968 kB
Buffers:            3960 kB
Cached:          3579316 kB
SwapCached:            0 kB
Active:          1396444 kB
Inactive:        3246916 kB
Active(anon):    1064464 kB
Inactive(anon):    12936 kB
Active(file):     331980 kB
Inactive(file):  3233980 kB
Unevictable:        4104 kB
Mlocked:            4104 kB
SwapTotal:       1048572 kB
SwapFree:        1048572 kB
Dirty:              1148 kB
Writeback:             0 kB
AnonPages:       1064184 kB
Mapped:           792364 kB
Shmem:             14076 kB
Slab:             186804 kB
SReclaimable:      51292 kB
SUnreclaim:       135512 kB
KernelStack:       36048 kB
PageTables:        47012 kB
NFS_Unstable:          0 kB
Bounce:                0 kB
WritebackTmp:          0 kB
CommitLimit:     7105828 kB
Committed_AS:   54564536 kB
VmallocTotal:   263061440 kB
VmallocUsed:       61072 kB
VmallocChunk:          0 kB
Percpu:             2336 kB
CmaTotal:         294912 kB
CmaFree:               0 kB
MemTotal:       12114512 kB
MemFree:         4307248 kB
MemAvailable:    8985848 kB
Buffers:            3960 kB
Cached:          3579348 kB
SwapCached:            0 kB
Active:          1385456 kB
Inactive:        3246944 kB
Active(anon):    1053472 kB
Inactive(anon):    12968 kB
Active(file):     331984 kB
Inactive(file):  3233976 kB
Unevictable:        4104 kB
Mlocked:            4104 kB
SwapTotal:       1048572 kB
SwapFree:        1048572 kB
Dirty:               372 kB
Writeback:             0 kB
AnonPages:       1052756 kB
Mapped:           792196 kB
Shmem:             14108 kB
Slab:             186676 kB
SReclaimable:      51292 kB
SUnreclaim:       135384 kB
KernelStack:       35952 kB
PageTables:        46944 kB
NFS_Unstable:          0 kB
Bounce:                0 kB
WritebackTmp:          0 kB
CommitLimit:     7105828 kB
Committed_AS:   54556624 kB
VmallocTotal:   263061440 kB
VmallocUsed:       60832 kB
VmallocChunk:          0 kB
Percpu:             2336 kB
CmaTotal:         294912 kB
CmaFree:               0 kB
MemTotal:       12114512 kB
MemFree:         4309008 kB
MemAvailable:    8987664 kB
Buffers:            3960 kB
Cached:          3579568 kB
SwapCached:            0 kB
Active:          1384424 kB
Inactive:        3247036 kB
Active(anon):    1052440 kB
Inactive(anon):    12992 kB
Active(file):     331984 kB
Inactive(file):  3234044 kB
Unevictable:        4104 kB
Mlocked:            4104 kB
SwapTotal:       1048572 kB
SwapFree:        1048572 kB
Dirty:              7688 kB
Writeback:             0 kB
AnonPages:       1052028 kB
Mapped:           792196 kB
Shmem:             14132 kB
Slab:             186656 kB
SReclaimable:      51272 kB
SUnreclaim:       135384 kB
KernelStack:       35920 kB
PageTables:        46916 kB
NFS_Unstable:          0 kB
Bounce:                0 kB
WritebackTmp:          0 kB
CommitLimit:     7105828 kB
Committed_AS:   54552080 kB
VmallocTotal:   263061440 kB
VmallocUsed:       60816 kB
VmallocChunk:          0 kB
Percpu:             2336 kB
CmaTotal:         294912 kB
CmaFree:             128 kB
MemTotal:       12114512 kB
MemFree:         4308964 kB
MemAvailable:    8987880 kB
Buffers:            3960 kB
Cached:          3579608 kB
SwapCached:            0 kB
Active:          1384376 kB
Inactive:        3247204 kB
Active(anon):    1052392 kB
Inactive(anon):    12916 kB
Active(file):     331984 kB
Inactive(file):  3234288 kB
Unevictable:        4104 kB
Mlocked:            4104 kB
SwapTotal:       1048572 kB
SwapFree:        1048572 kB
Dirty:              7932 kB
Writeback:             0 kB
AnonPages:       1052268 kB
Mapped:           792124 kB
Shmem:             14056 kB
Slab:             186684 kB
SReclaimable:      51300 kB
SUnreclaim:       135384 kB
KernelStack:       35872 kB
PageTables:        46916 kB
NFS_Unstable:          0 kB
Bounce:                0 kB
WritebackTmp:          0 kB
CommitLimit:     7105828 kB
Committed_AS:   54551816 kB
VmallocTotal:   263061440 kB
VmallocUsed:       60784 kB
VmallocChunk:          0 kB
Percpu:             2336 kB
CmaTotal:         294912 kB
CmaFree:               0 kB
MemTotal:       12114512 kB
MemFree:         4307968 kB
MemAvailable:    8986672 kB
Buffers:            3960 kB
Cached:          3579416 kB
SwapCached:            0 kB
Active:          1385848 kB
Inactive:        3247224 kB
Active(anon):    1054076 kB
Inactive(anon):    12936 kB
Active(file):     331772 kB
Inactive(file):  3234288 kB
Unevictable:        4104 kB
Mlocked:            4104 kB
SwapTotal:       1048572 kB
SwapFree:        1048572 kB
Dirty:              7944 kB
Writeback:             0 kB
AnonPages:       1053752 kB
Mapped:           792184 kB
Shmem:             14076 kB
Slab:             186684 kB
SReclaimable:      51300 kB
SUnreclaim:       135384 kB
KernelStack:       35904 kB
PageTables:        46888 kB
NFS_Unstable:          0 kB
Bounce:                0 kB
WritebackTmp:          0 kB
CommitLimit:     7105828 kB
Committed_AS:   54555232 kB
VmallocTotal:   263061440 kB
VmallocUsed:       60816 kB
VmallocChunk:          0 kB
Percpu:             2336 kB
CmaTotal:         294912 kB
CmaFree:              32 kB
MemTotal:       12114512 kB
MemFree:         4310088 kB
MemAvailable:    8988816 kB
Buffers:            3960 kB
Cached:          3579436 kB
SwapCached:            0 kB
Active:          1382172 kB
Inactive:        3247244 kB
Active(anon):    1050400 kB
Inactive(anon):    12956 kB
Active(file):     331772 kB
Inactive(file):  3234288 kB
Unevictable:        4104 kB
Mlocked:            4104 kB
SwapTotal:       1048572 kB
SwapFree:        1048572 kB
Dirty:              7944 kB
Writeback:             0 kB
AnonPages:       1049920 kB
Mapped:           792392 kB
Shmem:             14096 kB
Slab:             186684 kB
SReclaimable:      51300 kB
SUnreclaim:       135384 kB
KernelStack:       35940 kB
PageTables:        47100 kB
NFS_Unstable:          0 kB
Bounce:                0 kB
WritebackTmp:          0 kB
CommitLimit:     7105828 kB
Committed_AS:   54557856 kB
VmallocTotal:   263061440 kB
VmallocUsed:       60832 kB
VmallocChunk:          0 kB
Percpu:             2336 kB
CmaTotal:         294912 kB
CmaFree:               8 kB
MemTotal:       12114512 kB
MemFree:         4309556 kB
MemAvailable:    8988284 kB
Buffers:            3960 kB
Cached:          3579464 kB
SwapCached:            0 kB
Active:          1382360 kB
Inactive:        3247272 kB
Active(anon):    1050588 kB
Inactive(anon):    12984 kB
Active(file):     331772 kB
Inactive(file):  3234288 kB
Unevictable:        4104 kB
Mlocked:            4104 kB
SwapTotal:       1048572 kB
SwapFree:        1048572 kB
Dirty:              7944 kB
Writeback:             0 kB
AnonPages:       1050380 kB
Mapped:           792192 kB
Shmem:             14124 kB
Slab:             186684 kB
SReclaimable:      51300 kB
SUnreclaim:       135384 kB
KernelStack:       35920 kB
PageTables:        46904 kB
NFS_Unstable:          0 kB
Bounce:                0 kB
WritebackTmp:          0 kB
CommitLimit:     7105828 kB
Committed_AS:   54557772 kB
VmallocTotal:   263061440 kB
VmallocUsed:       60800 kB
VmallocChunk:          0 kB
Percpu:             2336 kB
CmaTotal:         294912 kB
CmaFree:               0 kB
MemTotal:       12114512 kB
MemFree:         4309228 kB
MemAvailable:    8993020 kB
Buffers:            3968 kB
Cached:          3579528 kB
SwapCached:            0 kB
Active:          1382688 kB
Inactive:        3247336 kB
Active(anon):    1050908 kB
Inactive(anon):    13004 kB
Active(file):     331780 kB
Inactive(file):  3234332 kB
Unevictable:        4104 kB
Mlocked:            4104 kB
SwapTotal:       1048572 kB
SwapFree:        1048572 kB
Dirty:               184 kB
Writeback:             0 kB
AnonPages:       1050460 kB
Mapped:           792208 kB
Shmem:             14144 kB
Slab:             186688 kB
SReclaimable:      51304 kB
SUnreclaim:       135384 kB
KernelStack:       35804 kB
PageTables:        46900 kB
NFS_Unstable:          0 kB
Bounce:                0 kB
WritebackTmp:          0 kB
CommitLimit:     7105828 kB
Committed_AS:   54552028 kB
VmallocTotal:   263061440 kB
VmallocUsed:       60704 kB
VmallocChunk:          0 kB
Percpu:             2336 kB
CmaTotal:         294912 kB
CmaFree:               0 kB
MemTotal:       12114512 kB
MemFree:         4308612 kB
MemAvailable:    8992404 kB
Buffers:            3968 kB
Cached:          3579564 kB
SwapCached:            0 kB
Active:          1382928 kB
Inactive:        3247372 kB
Active(anon):    1051148 kB
Inactive(anon):    13040 kB
Active(file):     331780 kB
Inactive(file):  3234332 kB
Unevictable:        4104 kB
Mlocked:            4104 kB
SwapTotal:       1048572 kB
SwapFree:        1048572 kB
Dirty:               212 kB
Writeback:             0 kB
AnonPages:       1051196 kB
Mapped:           792392 kB
Shmem:             14180 kB
Slab:             186688 kB
SReclaimable:      51304 kB
SUnreclaim:       135384 kB
KernelStack:       35824 kB
PageTables:        47060 kB
NFS_Unstable:          0 kB
Bounce:                0 kB
WritebackTmp:          0 kB
CommitLimit:     7105828 kB
Committed_AS:   54551632 kB
VmallocTotal:   263061440 kB
VmallocUsed:       60704 kB
VmallocChunk:          0 kB
Percpu:             2336 kB
CmaTotal:         294912 kB
CmaFree:               0 kB
MemTotal:       12114512 kB
MemFree:         4309200 kB
MemAvailable:    8992992 kB
Buffers:            3968 kB
Cached:          3579564 kB
SwapCached:            0 kB
Active:          1381712 kB
Inactive:        3247372 kB
Active(anon):    1049932 kB
Inactive(anon):    13040 kB
Active(file):     331780 kB
Inactive(file):  3234332 kB
Unevictable:        4104 kB
Mlocked:            4104 kB
SwapTotal:       1048572 kB
SwapFree:        1048572 kB
Dirty:               220 kB
Writeback:             0 kB
AnonPages:       1049760 kB
Mapped:           792436 kB
Shmem:             14180 kB
Slab:             186688 kB
SReclaimable:      51304 kB
SUnreclaim:       135384 kB
KernelStack:       35780 kB
PageTables:        46796 kB
NFS_Unstable:          0 kB
Bounce:                0 kB
WritebackTmp:          0 kB
CommitLimit:     7105828 kB
Committed_AS:   54559248 kB
VmallocTotal:   263061440 kB
VmallocUsed:       60704 kB
VmallocChunk:          0 kB
Percpu:             2336 kB
CmaTotal:         294912 kB
CmaFree:              52 kB
MemTotal:       12114512 kB
MemFree:         4309496 kB
MemAvailable:    8993288 kB
Buffers:            3968 kB
Cached:          3579604 kB
SwapCached:            0 kB
Active:          1381776 kB
Inactive:        3247412 kB
Active(anon):    1049996 kB
Inactive(anon):    13080 kB
Active(file):     331780 kB
Inactive(file):  3234332 kB
Unevictable:        4104 kB
Mlocked:            4104 kB
SwapTotal:       1048572 kB
SwapFree:        1048572 kB
Dirty:               236 kB
Writeback:             0 kB
AnonPages:       1049860 kB
Mapped:           792284 kB
Shmem:             14220 kB
Slab:             186688 kB
SReclaimable:      51304 kB
SUnreclaim:       135384 kB
KernelStack:       35760 kB
PageTables:        46892 kB
NFS_Unstable:          0 kB
Bounce:                0 kB
WritebackTmp:          0 kB
CommitLimit:     7105828 kB
Committed_AS:   54559088 kB
VmallocTotal:   263061440 kB
VmallocUsed:       60720 kB
VmallocChunk:          0 kB
Percpu:             2336 kB
CmaTotal:         294912 kB
CmaFree:               0 kB
MemTotal:       12114512 kB
MemFree:         4309228 kB
MemAvailable:    8993020 kB
Buffers:            3968 kB
Cached:          3579620 kB
SwapCached:            0 kB
Active:          1381956 kB
Inactive:        3247428 kB
Active(anon):    1050176 kB
Inactive(anon):    13096 kB
Active(file):     331780 kB
Inactive(file):  3234332 kB
Unevictable:        4104 kB
Mlocked:            4104 kB
SwapTotal:       1048572 kB
SwapFree:        1048572 kB
Dirty:               244 kB
Writeback:             0 kB
AnonPages:       1050104 kB
Mapped:           792528 kB
Shmem:             14236 kB
Slab:             186688 kB
SReclaimable:      51304 kB
SUnreclaim:       135384 kB
KernelStack:       35812 kB
PageTables:        46892 kB
NFS_Unstable:          0 kB
Bounce:                0 kB
WritebackTmp:          0 kB
CommitLimit:     7105828 kB
Committed_AS:   54558792 kB
VmallocTotal:   263061440 kB
VmallocUsed:       60720 kB
VmallocChunk:          0 kB
Percpu:             2336 kB
CmaTotal:         294912 kB
CmaFree:               0 kB
MemTotal:       12114512 kB
MemFree:         4308936 kB
MemAvailable:    8992728 kB
Buffers:            3976 kB
Cached:          3579612 kB
SwapCached:            0 kB
Active:          1382372 kB
Inactive:        3247428 kB
Active(anon):    1050592 kB
Inactive(anon):    13096 kB
Active(file):     331780 kB
Inactive(file):  3234332 kB
Unevictable:        4104 kB
Mlocked:            4104 kB
SwapTotal:       1048572 kB
SwapFree:        1048572 kB
Dirty:               240 kB
Writeback:             0 kB
AnonPages:       1050192 kB
Mapped:           792356 kB
Shmem:             14236 kB
Slab:             186688 kB
SReclaimable:      51304 kB
SUnreclaim:       135384 kB
KernelStack:       35780 kB
PageTables:        46812 kB
NFS_Unstable:          0 kB
Bounce:                0 kB
WritebackTmp:          0 kB
CommitLimit:     7105828 kB
Committed_AS:   54570064 kB
VmallocTotal:   263061440 kB
VmallocUsed:       60688 kB
VmallocChunk:          0 kB
Percpu:             2336 kB
CmaTotal:         294912 kB
CmaFree:              12 kB
MemTotal:       12114512 kB
MemFree:         4292720 kB
MemAvailable:    8975380 kB
Buffers:            3976 kB
Cached:          3579684 kB
SwapCached:            0 kB
Active:          1399172 kB
Inactive:        3247476 kB
Active(anon):    1067384 kB
Inactive(anon):    13132 kB
Active(file):     331788 kB
Inactive(file):  3234344 kB
Unevictable:        4104 kB
Mlocked:            4104 kB
SwapTotal:       1048572 kB
SwapFree:        1048572 kB
Dirty:               220 kB
Writeback:             0 kB
AnonPages:       1066732 kB
Mapped:           792724 kB
Shmem:             14288 kB
Slab:             186688 kB
SReclaimable:      51304 kB
SUnreclaim:       135384 kB
KernelStack:       35728 kB
PageTables:        46880 kB
NFS_Unstable:          0 kB
Bounce:                0 kB
WritebackTmp:          0 kB
CommitLimit:     7105828 kB
Committed_AS:   54569768 kB
VmallocTotal:   263061440 kB
VmallocUsed:       60624 kB
VmallocChunk:          0 kB
Percpu:             2336 kB
CmaTotal:         294912 kB
CmaFree:               0 kB
MemTotal:       12114512 kB
MemFree:         4294000 kB
MemAvailable:    8976676 kB
Buffers:            3976 kB
Cached:          3579708 kB
SwapCached:            0 kB
Active:          1398356 kB
Inactive:        3247500 kB
Active(anon):    1066568 kB
Inactive(anon):    13156 kB
Active(file):     331788 kB
Inactive(file):  3234344 kB
Unevictable:        4104 kB
Mlocked:            4104 kB
SwapTotal:       1048572 kB
SwapFree:        1048572 kB
Dirty:               244 kB
Writeback:             0 kB
AnonPages:       1066436 kB
Mapped:           792676 kB
Shmem:             14312 kB
Slab:             186720 kB
SReclaimable:      51336 kB
SUnreclaim:       135384 kB
KernelStack:       35712 kB
PageTables:        46884 kB
NFS_Unstable:          0 kB
Bounce:                0 kB
WritebackTmp:          0 kB
CommitLimit:     7105828 kB
Committed_AS:   54569592 kB
VmallocTotal:   263061440 kB
VmallocUsed:       60640 kB
VmallocChunk:          0 kB
Percpu:             2336 kB
CmaTotal:         294912 kB
CmaFree:               0 kB
MemTotal:       12114512 kB
MemFree:         4293460 kB
MemAvailable:    8976136 kB
Buffers:            3976 kB
Cached:          3579728 kB
SwapCached:            0 kB
Active:          1398960 kB
Inactive:        3247520 kB
Active(anon):    1067172 kB
Inactive(anon):    13176 kB
Active(file):     331788 kB
Inactive(file):  3234344 kB
Unevictable:        4104 kB
Mlocked:            4104 kB
SwapTotal:       1048572 kB
SwapFree:        1048572 kB
Dirty:               248 kB
Writeback:             0 kB
AnonPages:       1066736 kB
Mapped:           792716 kB
Shmem:             14332 kB
Slab:             186720 kB
SReclaimable:      51336 kB
SUnreclaim:       135384 kB
KernelStack:       35776 kB
PageTables:        46900 kB
NFS_Unstable:          0 kB
Bounce:                0 kB
WritebackTmp:          0 kB
CommitLimit:     7105828 kB
Committed_AS:   54570140 kB
VmallocTotal:   263061440 kB
VmallocUsed:       60640 kB
VmallocChunk:          0 kB
Percpu:             2336 kB
CmaTotal:         294912 kB
CmaFree:               0 kB
MemTotal:       12114512 kB
MemFree:         4291020 kB
MemAvailable:    8973696 kB
Buffers:            3976 kB
Cached:          3579756 kB
SwapCached:            0 kB
Active:          1399060 kB
Inactive:        3247544 kB
Active(anon):    1067272 kB
Inactive(anon):    13200 kB
Active(file):     331788 kB
Inactive(file):  3234344 kB
Unevictable:        4104 kB
Mlocked:            4104 kB
SwapTotal:       1048572 kB
SwapFree:        1048572 kB
Dirty:               248 kB
Writeback:             0 kB
AnonPages:       1066752 kB
Mapped:           792720 kB
Shmem:             14360 kB
Slab:             186720 kB
SReclaimable:      51336 kB
SUnreclaim:       135384 kB
KernelStack:       35744 kB
PageTables:        47004 kB
NFS_Unstable:          0 kB
Bounce:                0 kB
WritebackTmp:          0 kB
CommitLimit:     7105828 kB
Committed_AS:   54581668 kB
VmallocTotal:   263061440 kB
VmallocUsed:       60592 kB
VmallocChunk:          0 kB
Percpu:             2336 kB
CmaTotal:         294912 kB
CmaFree:               0 kB
MemTotal:       12114512 kB
MemFree:         4291240 kB
MemAvailable:    8973908 kB
Buffers:            3976 kB
Cached:          3579780 kB
SwapCached:            0 kB
Active:          1399260 kB
Inactive:        3247572 kB
Active(anon):    1067472 kB
Inactive(anon):    13228 kB
Active(file):     331788 kB
Inactive(file):  3234344 kB
Unevictable:        4104 kB
Mlocked:            4104 kB
SwapTotal:       1048572 kB
SwapFree:        1048572 kB
Dirty:               152 kB
Writeback:             0 kB
AnonPages:       1066876 kB
Mapped:           792800 kB
Shmem:             14384 kB
Slab:             186712 kB
SReclaimable:      51320 kB
SUnreclaim:       135392 kB
KernelStack:       35732 kB
PageTables:        46816 kB
NFS_Unstable:          0 kB
Bounce:                0 kB
WritebackTmp:          0 kB
CommitLimit:     7105828 kB
Committed_AS:   54581412 kB
VmallocTotal:   263061440 kB
VmallocUsed:       60640 kB
VmallocChunk:          0 kB
Percpu:             2336 kB
CmaTotal:         294912 kB
CmaFree:               0 kB
MemTotal:       12114512 kB
MemFree:         4293480 kB
MemAvailable:    8976148 kB
Buffers:            3976 kB
Cached:          3579808 kB
SwapCached:            0 kB
Active:          1397428 kB
Inactive:        3247596 kB
Active(anon):    1065640 kB
Inactive(anon):    13252 kB
Active(file):     331788 kB
Inactive(file):  3234344 kB
Unevictable:        4104 kB
Mlocked:            4104 kB
SwapTotal:       1048572 kB
SwapFree:        1048572 kB
Dirty:               184 kB
Writeback:             0 kB
AnonPages:       1065328 kB
Mapped:           792772 kB
Shmem:             14412 kB
Slab:             186704 kB
SReclaimable:      51320 kB
SUnreclaim:       135384 kB
KernelStack:       35744 kB
PageTables:        47000 kB
NFS_Unstable:          0 kB
Bounce:                0 kB
WritebackTmp:          0 kB
CommitLimit:     7105828 kB
Committed_AS:   54566912 kB
VmallocTotal:   263061440 kB
VmallocUsed:       60608 kB
VmallocChunk:          0 kB
Percpu:             2336 kB
CmaTotal:         294912 kB
CmaFree:               0 kB
MemTotal:       12114512 kB
MemFree:         4290312 kB
MemAvailable:    8972980 kB
Buffers:            3976 kB
Cached:          3579820 kB
SwapCached:            0 kB
Active:          1402028 kB
Inactive:        3247612 kB
Active(anon):    1070240 kB
Inactive(anon):    13268 kB
Active(file):     331788 kB
Inactive(file):  3234344 kB
Unevictable:        4104 kB
Mlocked:            4104 kB
SwapTotal:       1048572 kB
SwapFree:        1048572 kB
Dirty:               192 kB
Writeback:             0 kB
AnonPages:       1069832 kB
Mapped:           793008 kB
Shmem:             14424 kB
Slab:             186704 kB
SReclaimable:      51320 kB
SUnreclaim:       135384 kB
KernelStack:       35732 kB
PageTables:        46820 kB
NFS_Unstable:          0 kB
Bounce:                0 kB
WritebackTmp:          0 kB
CommitLimit:     7105828 kB
Committed_AS:   54570536 kB
VmallocTotal:   263061440 kB
VmallocUsed:       60624 kB
VmallocChunk:          0 kB
Percpu:             2336 kB
CmaTotal:         294912 kB
CmaFree:               0 kB
MemTotal:       12114512 kB
MemFree:         4293516 kB
MemAvailable:    8976192 kB
Buffers:            3976 kB
Cached:          3579848 kB
SwapCached:            0 kB
Active:          1398724 kB
Inactive:        3247640 kB
Active(anon):    1066936 kB
Inactive(anon):    13296 kB
Active(file):     331788 kB
Inactive(file):  3234344 kB
Unevictable:        4104 kB
Mlocked:            4104 kB
SwapTotal:       1048572 kB
SwapFree:        1048572 kB
Dirty:               192 kB
Writeback:             0 kB
AnonPages:       1066560 kB
Mapped:           792812 kB
Shmem:             14452 kB
Slab:             186696 kB
SReclaimable:      51336 kB
SUnreclaim:       135360 kB
KernelStack:       35712 kB
PageTables:        46876 kB
NFS_Unstable:          0 kB
Bounce:                0 kB
WritebackTmp:          0 kB
CommitLimit:     7105828 kB
Committed_AS:   54577380 kB
VmallocTotal:   263061440 kB
VmallocUsed:       60672 kB
VmallocChunk:          0 kB
Percpu:             2336 kB
CmaTotal:         294912 kB
CmaFree:               0 kB
MemTotal:       12114512 kB
MemFree:         4293412 kB
MemAvailable:    8976088 kB
Buffers:            3976 kB
Cached:          3579876 kB
SwapCached:            0 kB
Active:          1398800 kB
Inactive:        3247668 kB
Active(anon):    1067012 kB
Inactive(anon):    13324 kB
Active(file):     331788 kB
Inactive(file):  3234344 kB
Unevictable:        4104 kB
Mlocked:            4104 kB
SwapTotal:       1048572 kB
SwapFree:        1048572 kB
Dirty:               220 kB
Writeback:             0 kB
AnonPages:       1066768 kB
Mapped:           793088 kB
Shmem:             14480 kB
Slab:             186720 kB
SReclaimable:      51336 kB
SUnreclaim:       135384 kB
KernelStack:       35696 kB
PageTables:        46884 kB
NFS_Unstable:          0 kB
Bounce:                0 kB
WritebackTmp:          0 kB
CommitLimit:     7105828 kB
Committed_AS:   54577072 kB
VmallocTotal:   263061440 kB
VmallocUsed:       60672 kB
VmallocChunk:          0 kB
Percpu:             2336 kB
CmaTotal:         294912 kB
CmaFree:               0 kB
MemTotal:       12114512 kB
MemFree:         4286620 kB
MemAvailable:    8969296 kB
Buffers:            3976 kB
Cached:          3579888 kB
SwapCached:            0 kB
Active:          1403568 kB
Inactive:        3247680 kB
Active(anon):    1071780 kB
Inactive(anon):    13336 kB
Active(file):     331788 kB
Inactive(file):  3234344 kB
Unevictable:        4104 kB
Mlocked:            4104 kB
SwapTotal:       1048572 kB
SwapFree:        1048572 kB
Dirty:               184 kB
Writeback:             0 kB
AnonPages:       1071640 kB
Mapped:           792864 kB
Shmem:             14492 kB
Slab:             186720 kB
SReclaimable:      51336 kB
SUnreclaim:       135384 kB
KernelStack:       35744 kB
PageTables:        46876 kB
NFS_Unstable:          0 kB
Bounce:                0 kB
WritebackTmp:          0 kB
CommitLimit:     7105828 kB
Committed_AS:   54573192 kB
VmallocTotal:   263061440 kB
VmallocUsed:       60656 kB
VmallocChunk:          0 kB
Percpu:             2336 kB
CmaTotal:         294912 kB
CmaFree:               0 kB
MemTotal:       12114512 kB
MemFree:         4300564 kB
MemAvailable:    8983256 kB
Buffers:            3976 kB
Cached:          3579920 kB
SwapCached:            0 kB
Active:          1391496 kB
Inactive:        3247712 kB
Active(anon):    1059708 kB
Inactive(anon):    13368 kB
Active(file):     331788 kB
Inactive(file):  3234344 kB
Unevictable:        4104 kB
Mlocked:            4104 kB
SwapTotal:       1048572 kB
SwapFree:        1048572 kB
Dirty:               200 kB
Writeback:             0 kB
AnonPages:       1059520 kB
Mapped:           792892 kB
Shmem:             14524 kB
Slab:             186760 kB
SReclaimable:      51368 kB
SUnreclaim:       135392 kB
KernelStack:       35712 kB
PageTables:        46880 kB
NFS_Unstable:          0 kB
Bounce:                0 kB
WritebackTmp:          0 kB
CommitLimit:     7105828 kB
Committed_AS:   54580088 kB
VmallocTotal:   263061440 kB
VmallocUsed:       60592 kB
VmallocChunk:          0 kB
Percpu:             2336 kB
CmaTotal:         294912 kB
CmaFree:               0 kB
MemTotal:       12114512 kB
MemFree:         4299636 kB
MemAvailable:    8982328 kB
Buffers:            3976 kB
Cached:          3579944 kB
SwapCached:            0 kB
Active:          1392456 kB
Inactive:        3247736 kB
Active(anon):    1060668 kB
Inactive(anon):    13392 kB
Active(file):     331788 kB
Inactive(file):  3234344 kB
Unevictable:        4104 kB
Mlocked:            4104 kB
SwapTotal:       1048572 kB
SwapFree:        1048572 kB
Dirty:               224 kB
Writeback:             0 kB
AnonPages:       1060136 kB
Mapped:           792916 kB
Shmem:             14548 kB
Slab:             186752 kB
SReclaimable:      51368 kB
SUnreclaim:       135384 kB
KernelStack:       35728 kB
PageTables:        46880 kB
NFS_Unstable:          0 kB
Bounce:                0 kB
WritebackTmp:          0 kB
CommitLimit:     7105828 kB
Committed_AS:   54576072 kB
VmallocTotal:   263061440 kB
VmallocUsed:       60624 kB
VmallocChunk:          0 kB
Percpu:             2336 kB
CmaTotal:         294912 kB
CmaFree:               0 kB
MemTotal:       12114512 kB
MemFree:         4292008 kB
MemAvailable:    8974700 kB
Buffers:            3976 kB
Cached:          3580152 kB
SwapCached:            0 kB
Active:          1399608 kB
Inactive:        3247944 kB
Active(anon):    1067820 kB
Inactive(anon):    13600 kB
Active(file):     331788 kB
Inactive(file):  3234344 kB
Unevictable:        4104 kB
Mlocked:            4104 kB
SwapTotal:       1048572 kB
SwapFree:        1048572 kB
Dirty:               224 kB
Writeback:             0 kB
AnonPages:       1067524 kB
Mapped:           793124 kB
Shmem:             14756 kB
Slab:             186752 kB
SReclaimable:      51368 kB
SUnreclaim:       135384 kB
KernelStack:       35744 kB
PageTables:        46888 kB
NFS_Unstable:          0 kB
Bounce:                0 kB
WritebackTmp:          0 kB
CommitLimit:     7105828 kB
Committed_AS:   54579316 kB
VmallocTotal:   263061440 kB
VmallocUsed:       60624 kB
VmallocChunk:          0 kB
Percpu:             2336 kB
CmaTotal:         294912 kB
CmaFree:               0 kB
MemTotal:       12114512 kB
MemFree:         4299828 kB
MemAvailable:    8982520 kB
Buffers:            3976 kB
Cached:          3579992 kB
SwapCached:            0 kB
Active:          1392540 kB
Inactive:        3247784 kB
Active(anon):    1060752 kB
Inactive(anon):    13440 kB
Active(file):     331788 kB
Inactive(file):  3234344 kB
Unevictable:        4104 kB
Mlocked:            4104 kB
SwapTotal:       1048572 kB
SwapFree:        1048572 kB
Dirty:               224 kB
Writeback:             0 kB
AnonPages:       1060236 kB
Mapped:           793192 kB
Shmem:             14596 kB
Slab:             186752 kB
SReclaimable:      51368 kB
SUnreclaim:       135384 kB
KernelStack:       35748 kB
PageTables:        46828 kB
NFS_Unstable:          0 kB
Bounce:                0 kB
WritebackTmp:          0 kB
CommitLimit:     7105828 kB
Committed_AS:   54570808 kB
VmallocTotal:   263061440 kB
VmallocUsed:       60608 kB
VmallocChunk:          0 kB
Percpu:             2336 kB
CmaTotal:         294912 kB
CmaFree:               0 kB
MemTotal:       12114512 kB
MemFree:         4299048 kB
MemAvailable:    8981740 kB
Buffers:            3976 kB
Cached:          3580012 kB
SwapCached:            0 kB
Active:          1392300 kB
Inactive:        3247804 kB
Active(anon):    1060512 kB
Inactive(anon):    13460 kB
Active(file):     331788 kB
Inactive(file):  3234344 kB
Unevictable:        4104 kB
Mlocked:            4104 kB
SwapTotal:       1048572 kB
SwapFree:        1048572 kB
Dirty:               148 kB
Writeback:             0 kB
AnonPages:       1060292 kB
Mapped:           793176 kB
Shmem:             14616 kB
Slab:             186744 kB
SReclaimable:      51368 kB
SUnreclaim:       135376 kB
KernelStack:       35768 kB
PageTables:        46772 kB
NFS_Unstable:          0 kB
Bounce:                0 kB
WritebackTmp:          0 kB
CommitLimit:     7105828 kB
Committed_AS:   54576312 kB
VmallocTotal:   263061440 kB
VmallocUsed:       60656 kB
VmallocChunk:          0 kB
Percpu:             2336 kB
CmaTotal:         294912 kB
CmaFree:               0 kB
MemTotal:       12114512 kB
MemFree:         4303448 kB
MemAvailable:    8986140 kB
Buffers:            3976 kB
Cached:          3580040 kB
SwapCached:            0 kB
Active:          1388044 kB
Inactive:        3247832 kB
Active(anon):    1056256 kB
Inactive(anon):    13488 kB
Active(file):     331788 kB
Inactive(file):  3234344 kB
Unevictable:        4104 kB
Mlocked:            4104 kB
SwapTotal:       1048572 kB
SwapFree:        1048572 kB
Dirty:               148 kB
Writeback:             0 kB
AnonPages:       1056008 kB
Mapped:           793012 kB
Shmem:             14644 kB
Slab:             186744 kB
SReclaimable:      51368 kB
SUnreclaim:       135376 kB
KernelStack:       35728 kB
PageTables:        46884 kB
NFS_Unstable:          0 kB
Bounce:                0 kB
WritebackTmp:          0 kB
CommitLimit:     7105828 kB
Committed_AS:   54575924 kB
VmallocTotal:   263061440 kB
VmallocUsed:       60624 kB
VmallocChunk:          0 kB
Percpu:             2336 kB
CmaTotal:         294912 kB
CmaFree:             504 kB
MemTotal:       12114512 kB
MemFree:         4302648 kB
MemAvailable:    8985340 kB
Buffers:            3976 kB
Cached:          3580052 kB
SwapCached:            0 kB
Active:          1388424 kB
Inactive:        3247844 kB
Active(anon):    1056636 kB
Inactive(anon):    13500 kB
Active(file):     331788 kB
Inactive(file):  3234344 kB
Unevictable:        4104 kB
Mlocked:            4104 kB
SwapTotal:       1048572 kB
SwapFree:        1048572 kB
Dirty:               152 kB
Writeback:             0 kB
AnonPages:       1056640 kB
Mapped:           793028 kB
Shmem:             14656 kB
Slab:             186744 kB
SReclaimable:      51368 kB
SUnreclaim:       135376 kB
KernelStack:       35744 kB
PageTables:        47012 kB
NFS_Unstable:          0 kB
Bounce:                0 kB
WritebackTmp:          0 kB
CommitLimit:     7105828 kB
Committed_AS:   54570176 kB
VmallocTotal:   263061440 kB
VmallocUsed:       60608 kB
VmallocChunk:          0 kB
Percpu:             2336 kB
CmaTotal:         294912 kB
CmaFree:               0 kB
MemTotal:       12114512 kB
MemFree:         4301984 kB
MemAvailable:    8984676 kB
Buffers:            3976 kB
Cached:          3580080 kB
SwapCached:            0 kB
Active:          1389176 kB
Inactive:        3247868 kB
Active(anon):    1057388 kB
Inactive(anon):    13524 kB
Active(file):     331788 kB
Inactive(file):  3234344 kB
Unevictable:        4104 kB
Mlocked:            4104 kB
SwapTotal:       1048572 kB
SwapFree:        1048572 kB
Dirty:               180 kB
Writeback:             0 kB
AnonPages:       1057112 kB
Mapped:           793052 kB
Shmem:             14684 kB
Slab:             186744 kB
SReclaimable:      51368 kB
SUnreclaim:       135376 kB
KernelStack:       35712 kB
PageTables:        46888 kB
NFS_Unstable:          0 kB
Bounce:                0 kB
WritebackTmp:          0 kB
CommitLimit:     7105828 kB
Committed_AS:   54567484 kB
VmallocTotal:   263061440 kB
VmallocUsed:       60640 kB
VmallocChunk:          0 kB
Percpu:             2336 kB
CmaTotal:         294912 kB
CmaFree:               0 kB
MemTotal:       12114512 kB
MemFree:         4301432 kB
MemAvailable:    8984124 kB
Buffers:            3976 kB
Cached:          3580104 kB
SwapCached:            0 kB
Active:          1389200 kB
Inactive:        3247896 kB
Active(anon):    1057412 kB
Inactive(anon):    13552 kB
Active(file):     331788 kB
Inactive(file):  3234344 kB
Unevictable:        4104 kB
Mlocked:            4104 kB
SwapTotal:       1048572 kB
SwapFree:        1048572 kB
Dirty:               180 kB
Writeback:             0 kB
AnonPages:       1056764 kB
Mapped:           793112 kB
Shmem:             14708 kB
Slab:             186744 kB
SReclaimable:      51368 kB
SUnreclaim:       135376 kB
KernelStack:       35728 kB
PageTables:        47060 kB
NFS_Unstable:          0 kB
Bounce:                0 kB
WritebackTmp:          0 kB
CommitLimit:     7105828 kB
Committed_AS:   54558172 kB
VmallocTotal:   263061440 kB
VmallocUsed:       60640 kB
VmallocChunk:          0 kB
Percpu:             2336 kB
CmaTotal:         294912 kB
CmaFree:               0 kB
MemTotal:       12114512 kB
MemFree:         4303244 kB
MemAvailable:    8985936 kB
Buffers:            3976 kB
Cached:          3580128 kB
SwapCached:            0 kB
Active:          1388132 kB
Inactive:        3247920 kB
Active(anon):    1056344 kB
Inactive(anon):    13576 kB
Active(file):     331788 kB
Inactive(file):  3234344 kB
Unevictable:        4104 kB
Mlocked:            4104 kB
SwapTotal:       1048572 kB
SwapFree:        1048572 kB
Dirty:               148 kB
Writeback:             0 kB
AnonPages:       1055800 kB
Mapped:           793324 kB
Shmem:             14732 kB
Slab:             186744 kB
SReclaimable:      51368 kB
SUnreclaim:       135376 kB
KernelStack:       35696 kB
PageTables:        46824 kB
NFS_Unstable:          0 kB
Bounce:                0 kB
WritebackTmp:          0 kB
CommitLimit:     7105828 kB
Committed_AS:   54561344 kB
VmallocTotal:   263061440 kB
VmallocUsed:       60656 kB
VmallocChunk:          0 kB
Percpu:             2336 kB
CmaTotal:         294912 kB
CmaFree:              72 kB
MemTotal:       12114512 kB
MemFree:         4302872 kB
MemAvailable:    8985564 kB
Buffers:            3976 kB
Cached:          3580052 kB
SwapCached:            0 kB
Active:          1388052 kB
Inactive:        3247844 kB
Active(anon):    1056264 kB
Inactive(anon):    13500 kB
Active(file):     331788 kB
Inactive(file):  3234344 kB
Unevictable:        4104 kB
Mlocked:            4104 kB
SwapTotal:       1048572 kB
SwapFree:        1048572 kB
Dirty:               180 kB
Writeback:             0 kB
AnonPages:       1055824 kB
Mapped:           793280 kB
Shmem:             14656 kB
Slab:             186744 kB
SReclaimable:      51368 kB
SUnreclaim:       135376 kB
KernelStack:       35732 kB
PageTables:        46876 kB
NFS_Unstable:          0 kB
Bounce:                0 kB
WritebackTmp:          0 kB
CommitLimit:     7105828 kB
Committed_AS:   54566424 kB
VmallocTotal:   263061440 kB
VmallocUsed:       60624 kB
VmallocChunk:          0 kB
Percpu:             2336 kB
CmaTotal:         294912 kB
CmaFree:             124 kB
MemTotal:       12114512 kB
MemFree:         4302932 kB
MemAvailable:    8985624 kB
Buffers:            3976 kB
Cached:          3580080 kB
SwapCached:            0 kB
Active:          1388824 kB
Inactive:        3247872 kB
Active(anon):    1057036 kB
Inactive(anon):    13528 kB
Active(file):     331788 kB
Inactive(file):  3234344 kB
Unevictable:        4104 kB
Mlocked:            4104 kB
SwapTotal:       1048572 kB
SwapFree:        1048572 kB
Dirty:               180 kB
Writeback:             0 kB
AnonPages:       1056816 kB
Mapped:           793256 kB
Shmem:             14684 kB
Slab:             186744 kB
SReclaimable:      51368 kB
SUnreclaim:       135376 kB
KernelStack:       35648 kB
PageTables:        46868 kB
NFS_Unstable:          0 kB
Bounce:                0 kB
WritebackTmp:          0 kB
CommitLimit:     7105828 kB
Committed_AS:   54566168 kB
VmallocTotal:   263061440 kB
VmallocUsed:       60624 kB
VmallocChunk:          0 kB
Percpu:             2336 kB
CmaTotal:         294912 kB
CmaFree:               0 kB
MemTotal:       12114512 kB
MemFree:         4303292 kB
MemAvailable:    8985984 kB
Buffers:            3976 kB
Cached:          3580104 kB
SwapCached:            0 kB
Active:          1388628 kB
Inactive:        3247896 kB
Active(anon):    1056840 kB
Inactive(anon):    13552 kB
Active(file):     331788 kB
Inactive(file):  3234344 kB
Unevictable:        4104 kB
Mlocked:            4104 kB
SwapTotal:       1048572 kB
SwapFree:        1048572 kB
Dirty:               180 kB
Writeback:             0 kB
AnonPages:       1056328 kB
Mapped:           793124 kB
Shmem:             14708 kB
Slab:             186744 kB
SReclaimable:      51368 kB
SUnreclaim:       135376 kB
KernelStack:       35696 kB
PageTables:        47000 kB
NFS_Unstable:          0 kB
Bounce:                0 kB
WritebackTmp:          0 kB
CommitLimit:     7105828 kB
Committed_AS:   54562728 kB
VmallocTotal:   263061440 kB
VmallocUsed:       60624 kB
VmallocChunk:          0 kB
Percpu:             2336 kB
CmaTotal:         294912 kB
CmaFree:               8 kB
MemTotal:       12114512 kB
MemFree:         4304820 kB
MemAvailable:    8987512 kB
Buffers:            3976 kB
Cached:          3580124 kB
SwapCached:            0 kB
Active:          1386776 kB
Inactive:        3247916 kB
Active(anon):    1054988 kB
Inactive(anon):    13572 kB
Active(file):     331788 kB
Inactive(file):  3234344 kB
Unevictable:        4104 kB
Mlocked:            4104 kB
SwapTotal:       1048572 kB
SwapFree:        1048572 kB
Dirty:               180 kB
Writeback:             0 kB
AnonPages:       1054760 kB
Mapped:           793096 kB
Shmem:             14728 kB
Slab:             186752 kB
SReclaimable:      51368 kB
SUnreclaim:       135384 kB
KernelStack:       35680 kB
PageTables:        46868 kB
NFS_Unstable:          0 kB
Bounce:                0 kB
WritebackTmp:          0 kB
CommitLimit:     7105828 kB
Committed_AS:   54562424 kB
VmallocTotal:   263061440 kB
VmallocUsed:       60624 kB
VmallocChunk:          0 kB
Percpu:             2336 kB
CmaTotal:         294912 kB
CmaFree:               4 kB
MemTotal:       12114512 kB
MemFree:         4305092 kB
MemAvailable:    8987784 kB
Buffers:            3976 kB
Cached:          3580148 kB
SwapCached:            0 kB
Active:          1387052 kB
Inactive:        3247940 kB
Active(anon):    1055264 kB
Inactive(anon):    13596 kB
Active(file):     331788 kB
Inactive(file):  3234344 kB
Unevictable:        4104 kB
Mlocked:            4104 kB
SwapTotal:       1048572 kB
SwapFree:        1048572 kB
Dirty:               148 kB
Writeback:             0 kB
AnonPages:       1054700 kB
Mapped:           793120 kB
Shmem:             14752 kB
Slab:             186752 kB
SReclaimable:      51368 kB
SUnreclaim:       135384 kB
KernelStack:       35696 kB
PageTables:        46868 kB
NFS_Unstable:          0 kB
Bounce:                0 kB
WritebackTmp:          0 kB
CommitLimit:     7105828 kB
Committed_AS:   54562156 kB
VmallocTotal:   263061440 kB
VmallocUsed:       60592 kB
VmallocChunk:          0 kB
Percpu:             2336 kB
CmaTotal:         294912 kB
CmaFree:             128 kB
MemTotal:       12114512 kB
MemFree:         4304500 kB
MemAvailable:    8987200 kB
Buffers:            3976 kB
Cached:          3580184 kB
SwapCached:            0 kB
Active:          1387032 kB
Inactive:        3247976 kB
Active(anon):    1055244 kB
Inactive(anon):    13624 kB
Active(file):     331788 kB
Inactive(file):  3234352 kB
Unevictable:        4104 kB
Mlocked:            4104 kB
SwapTotal:       1048572 kB
SwapFree:        1048572 kB
Dirty:              7724 kB
Writeback:             0 kB
AnonPages:       1054896 kB
Mapped:           793152 kB
Shmem:             14780 kB
Slab:             186752 kB
SReclaimable:      51368 kB
SUnreclaim:       135384 kB
KernelStack:       35712 kB
PageTables:        46920 kB
NFS_Unstable:          0 kB
Bounce:                0 kB
WritebackTmp:          0 kB
CommitLimit:     7105828 kB
Committed_AS:   54561776 kB
VmallocTotal:   263061440 kB
VmallocUsed:       60576 kB
VmallocChunk:          0 kB
Percpu:             2336 kB
CmaTotal:         294912 kB
CmaFree:             104 kB
MemTotal:       12114512 kB
MemFree:         4303840 kB
MemAvailable:    8986540 kB
Buffers:            3976 kB
Cached:          3580196 kB
SwapCached:            0 kB
Active:          1387648 kB
Inactive:        3247988 kB
Active(anon):    1055860 kB
Inactive(anon):    13636 kB
Active(file):     331788 kB
Inactive(file):  3234352 kB
Unevictable:        4104 kB
Mlocked:            4104 kB
SwapTotal:       1048572 kB
SwapFree:        1048572 kB
Dirty:              7728 kB
Writeback:             0 kB
AnonPages:       1055420 kB
Mapped:           793224 kB
Shmem:             14792 kB
Slab:             186752 kB
SReclaimable:      51368 kB
SUnreclaim:       135384 kB
KernelStack:       35696 kB
PageTables:        46900 kB
NFS_Unstable:          0 kB
Bounce:                0 kB
WritebackTmp:          0 kB
CommitLimit:     7105828 kB
Committed_AS:   54561468 kB
VmallocTotal:   263061440 kB
VmallocUsed:       60576 kB
VmallocChunk:          0 kB
Percpu:             2336 kB
CmaTotal:         294912 kB
CmaFree:               0 kB
MemTotal:       12114512 kB
MemFree:         4303932 kB
MemAvailable:    8986628 kB
Buffers:            3976 kB
Cached:          3580228 kB
SwapCached:            0 kB
Active:          1387788 kB
Inactive:        3248020 kB
Active(anon):    1056000 kB
Inactive(anon):    13668 kB
Active(file):     331788 kB
Inactive(file):  3234352 kB
Unevictable:        4104 kB
Mlocked:            4104 kB
SwapTotal:       1048572 kB
SwapFree:        1048572 kB
Dirty:              7728 kB
Writeback:             0 kB
AnonPages:       1055744 kB
Mapped:           793416 kB
Shmem:             14824 kB
Slab:             186740 kB
SReclaimable:      51356 kB
SUnreclaim:       135384 kB
KernelStack:       35700 kB
PageTables:        46816 kB
NFS_Unstable:          0 kB
Bounce:                0 kB
WritebackTmp:          0 kB
CommitLimit:     7105828 kB
Committed_AS:   54562300 kB
VmallocTotal:   263061440 kB
VmallocUsed:       60592 kB
VmallocChunk:          0 kB
Percpu:             2336 kB
CmaTotal:         294912 kB
CmaFree:              84 kB
MemTotal:       12114512 kB
MemFree:         4303760 kB
MemAvailable:    8986456 kB
Buffers:            3976 kB
Cached:          3580244 kB
SwapCached:            0 kB
Active:          1388160 kB
Inactive:        3248036 kB
Active(anon):    1056372 kB
Inactive(anon):    13684 kB
Active(file):     331788 kB
Inactive(file):  3234352 kB
Unevictable:        4104 kB
Mlocked:            4104 kB
SwapTotal:       1048572 kB
SwapFree:        1048572 kB
Dirty:              7728 kB
Writeback:             0 kB
AnonPages:       1055640 kB
Mapped:           793416 kB
Shmem:             14840 kB
Slab:             186740 kB
SReclaimable:      51356 kB
SUnreclaim:       135384 kB
KernelStack:       35684 kB
PageTables:        47128 kB
NFS_Unstable:          0 kB
Bounce:                0 kB
WritebackTmp:          0 kB
CommitLimit:     7105828 kB
Committed_AS:   54567712 kB
VmallocTotal:   263061440 kB
VmallocUsed:       60624 kB
VmallocChunk:          0 kB
Percpu:             2336 kB
CmaTotal:         294912 kB
CmaFree:               0 kB
MemTotal:       12114512 kB
MemFree:         4303200 kB
MemAvailable:    8985896 kB
Buffers:            3976 kB
Cached:          3580284 kB
SwapCached:            0 kB
Active:          1388180 kB
Inactive:        3248076 kB
Active(anon):    1056392 kB
Inactive(anon):    13724 kB
Active(file):     331788 kB
Inactive(file):  3234352 kB
Unevictable:        4104 kB
Mlocked:            4104 kB
SwapTotal:       1048572 kB
SwapFree:        1048572 kB
Dirty:              7724 kB
Writeback:             0 kB
AnonPages:       1056060 kB
Mapped:           793248 kB
Shmem:             14880 kB
Slab:             186740 kB
SReclaimable:      51356 kB
SUnreclaim:       135384 kB
KernelStack:       35664 kB
PageTables:        46872 kB
NFS_Unstable:          0 kB
Bounce:                0 kB
WritebackTmp:          0 kB
CommitLimit:     7105828 kB
Committed_AS:   54567640 kB
VmallocTotal:   263061440 kB
VmallocUsed:       60624 kB
VmallocChunk:          0 kB
Percpu:             2336 kB
CmaTotal:         294912 kB
CmaFree:               0 kB
MemTotal:       12114512 kB
MemFree:         4303416 kB
MemAvailable:    8986112 kB
Buffers:            3980 kB
Cached:          3580292 kB
SwapCached:            0 kB
Active:          1387212 kB
Inactive:        3248084 kB
Active(anon):    1055420 kB
Inactive(anon):    13736 kB
Active(file):     331792 kB
Inactive(file):  3234348 kB
Unevictable:        4104 kB
Mlocked:            4104 kB
SwapTotal:       1048572 kB
SwapFree:        1048572 kB
Dirty:               476 kB
Writeback:           260 kB
AnonPages:       1055276 kB
Mapped:           793484 kB
Shmem:             14892 kB
Slab:             186740 kB
SReclaimable:      51356 kB
SUnreclaim:       135384 kB
KernelStack:       35632 kB
PageTables:        46820 kB
NFS_Unstable:          0 kB
Bounce:                0 kB
WritebackTmp:          0 kB
CommitLimit:     7105828 kB
Committed_AS:   54567244 kB
VmallocTotal:   263061440 kB
VmallocUsed:       60608 kB
VmallocChunk:          0 kB
Percpu:             2336 kB
CmaTotal:         294912 kB
CmaFree:             112 kB
MemTotal:       12114512 kB
MemFree:         4302816 kB
MemAvailable:    8985560 kB
Buffers:            3980 kB
Cached:          3580372 kB
SwapCached:            0 kB
Active:          1387712 kB
Inactive:        3248160 kB
Active(anon):    1055916 kB
Inactive(anon):    13768 kB
Active(file):     331796 kB
Inactive(file):  3234392 kB
Unevictable:        4104 kB
Mlocked:            4104 kB
SwapTotal:       1048572 kB
SwapFree:        1048572 kB
Dirty:               292 kB
Writeback:             0 kB
AnonPages:       1055636 kB
Mapped:           793296 kB
Shmem:             14924 kB
Slab:             186744 kB
SReclaimable:      51360 kB
SUnreclaim:       135384 kB
KernelStack:       35664 kB
PageTables:        46876 kB
NFS_Unstable:          0 kB
Bounce:                0 kB
WritebackTmp:          0 kB
CommitLimit:     7105828 kB
Committed_AS:   54566928 kB
VmallocTotal:   263061440 kB
VmallocUsed:       60624 kB
VmallocChunk:          0 kB
Percpu:             2336 kB
CmaTotal:         294912 kB
CmaFree:               4 kB
MemTotal:       12114512 kB
MemFree:         4302876 kB
MemAvailable:    8985620 kB
Buffers:            3980 kB
Cached:          3580392 kB
SwapCached:            0 kB
Active:          1387996 kB
Inactive:        3248180 kB
Active(anon):    1056200 kB
Inactive(anon):    13788 kB
Active(file):     331796 kB
Inactive(file):  3234392 kB
Unevictable:        4104 kB
Mlocked:            4104 kB
SwapTotal:       1048572 kB
SwapFree:        1048572 kB
Dirty:               292 kB
Writeback:             0 kB
AnonPages:       1055876 kB
Mapped:           793316 kB
Shmem:             14944 kB
Slab:             186744 kB
SReclaimable:      51360 kB
SUnreclaim:       135384 kB
KernelStack:       35680 kB
PageTables:        47000 kB
NFS_Unstable:          0 kB
Bounce:                0 kB
WritebackTmp:          0 kB
CommitLimit:     7105828 kB
Committed_AS:   54566580 kB
VmallocTotal:   263061440 kB
VmallocUsed:       60624 kB
VmallocChunk:          0 kB
Percpu:             2336 kB
CmaTotal:         294912 kB
CmaFree:              36 kB
MemTotal:       12114512 kB
MemFree:         4291104 kB
MemAvailable:    8973848 kB
Buffers:            3980 kB
Cached:          3580428 kB
SwapCached:            0 kB
Active:          1399612 kB
Inactive:        3248216 kB
Active(anon):    1067816 kB
Inactive(anon):    13824 kB
Active(file):     331796 kB
Inactive(file):  3234392 kB
Unevictable:        4104 kB
Mlocked:            4104 kB
SwapTotal:       1048572 kB
SwapFree:        1048572 kB
Dirty:               300 kB
Writeback:             0 kB
AnonPages:       1067444 kB
Mapped:           793540 kB
Shmem:             14980 kB
Slab:             186744 kB
SReclaimable:      51360 kB
SUnreclaim:       135384 kB
KernelStack:       35668 kB
PageTables:        46764 kB
NFS_Unstable:          0 kB
Bounce:                0 kB
WritebackTmp:          0 kB
CommitLimit:     7105828 kB
Committed_AS:   54576488 kB
VmallocTotal:   263061440 kB
VmallocUsed:       60608 kB
VmallocChunk:          0 kB
Percpu:             2336 kB
CmaTotal:         294912 kB
CmaFree:              28 kB
MemTotal:       12114512 kB
MemFree:         4291288 kB
MemAvailable:    8974032 kB
Buffers:            3980 kB
Cached:          3580436 kB
SwapCached:            0 kB
Active:          1399504 kB
Inactive:        3248224 kB
Active(anon):    1067708 kB
Inactive(anon):    13832 kB
Active(file):     331796 kB
Inactive(file):  3234392 kB
Unevictable:        4104 kB
Mlocked:            4104 kB
SwapTotal:       1048572 kB
SwapFree:        1048572 kB
Dirty:               216 kB
Writeback:             0 kB
AnonPages:       1067652 kB
Mapped:           793448 kB
Shmem:             14988 kB
Slab:             186760 kB
SReclaimable:      51360 kB
SUnreclaim:       135400 kB
KernelStack:       35664 kB
PageTables:        46860 kB
NFS_Unstable:          0 kB
Bounce:                0 kB
WritebackTmp:          0 kB
CommitLimit:     7105828 kB
Committed_AS:   54576092 kB
VmallocTotal:   263061440 kB
VmallocUsed:       60624 kB
VmallocChunk:          0 kB
Percpu:             2336 kB
CmaTotal:         294912 kB
CmaFree:              52 kB
MemTotal:       12114512 kB
MemFree:         4277036 kB
MemAvailable:    8971552 kB
Buffers:            3980 kB
Cached:          3587996 kB
SwapCached:            0 kB
Active:          1408004 kB
Inactive:        3255572 kB
Active(anon):    1076140 kB
Inactive(anon):    13980 kB
Active(file):     331864 kB
Inactive(file):  3241592 kB
Unevictable:        4104 kB
Mlocked:            4104 kB
SwapTotal:       1048572 kB
SwapFree:        1048572 kB
Dirty:               156 kB
Writeback:             0 kB
AnonPages:       1075768 kB
Mapped:           797752 kB
Shmem:             15136 kB
Slab:             186660 kB
SReclaimable:      51360 kB
SUnreclaim:       135300 kB
KernelStack:       35968 kB
PageTables:        47576 kB
NFS_Unstable:          0 kB
Bounce:                0 kB
WritebackTmp:          0 kB
CommitLimit:     7105828 kB
Committed_AS:   55933268 kB
VmallocTotal:   263061440 kB
VmallocUsed:       60772 kB
VmallocChunk:          0 kB
Percpu:             2336 kB
CmaTotal:         294912 kB
CmaFree:             236 kB
MemTotal:       12114512 kB
MemFree:         4168940 kB
MemAvailable:    8990772 kB
Buffers:            3984 kB
Cached:          3642644 kB
SwapCached:            0 kB
Active:          1462996 kB
Inactive:        3307244 kB
Active(anon):    1128292 kB
Inactive(anon):    15156 kB
Active(file):     334704 kB
Inactive(file):  3292088 kB
Unevictable:        4104 kB
Mlocked:            4104 kB
SwapTotal:       1048572 kB
SwapFree:        1048572 kB
Dirty:               168 kB
Writeback:             0 kB
AnonPages:       1128060 kB
Mapped:           838992 kB
Shmem:             16256 kB
Slab:             186788 kB
SReclaimable:      51488 kB
SUnreclaim:       135300 kB
KernelStack:       36452 kB
PageTables:        47876 kB
NFS_Unstable:          0 kB
Bounce:                0 kB
WritebackTmp:          0 kB
CommitLimit:     7105828 kB
Committed_AS:   56064520 kB
VmallocTotal:   263061440 kB
VmallocUsed:       61316 kB
VmallocChunk:          0 kB
Percpu:             2336 kB
CmaTotal:         294912 kB
CmaFree:              48 kB
MemTotal:       12114512 kB
MemFree:         4177840 kB
MemAvailable:    9001720 kB
Buffers:            3988 kB
Cached:          3642352 kB
SwapCached:            0 kB
Active:          1452788 kB
Inactive:        3306988 kB
Active(anon):    1117820 kB
Inactive(anon):    13160 kB
Active(file):     334968 kB
Inactive(file):  3293828 kB
Unevictable:        4104 kB
Mlocked:            4104 kB
SwapTotal:       1048572 kB
SwapFree:        1048572 kB
Dirty:               144 kB
Writeback:             0 kB
AnonPages:       1117772 kB
Mapped:           838292 kB
Shmem:             14272 kB
Slab:             186852 kB
SReclaimable:      51572 kB
SUnreclaim:       135280 kB
KernelStack:       36512 kB
PageTables:        48060 kB
NFS_Unstable:          0 kB
Bounce:                0 kB
WritebackTmp:          0 kB
CommitLimit:     7105828 kB
Committed_AS:   56063664 kB
VmallocTotal:   263061440 kB
VmallocUsed:       61396 kB
VmallocChunk:          0 kB
Percpu:             2336 kB
CmaTotal:         294912 kB
CmaFree:             224 kB
MemTotal:       12114512 kB
MemFree:         4139864 kB
MemAvailable:    8823628 kB
Buffers:            3988 kB
Cached:          3644264 kB
SwapCached:            0 kB
Active:          1504652 kB
Inactive:        3295728 kB
Active(anon):    1156632 kB
Inactive(anon):    13572 kB
Active(file):     348020 kB
Inactive(file):  3282156 kB
Unevictable:        4104 kB
Mlocked:            4104 kB
SwapTotal:       1048572 kB
SwapFree:        1048572 kB
Dirty:               192 kB
Writeback:            24 kB
AnonPages:       1156084 kB
Mapped:           839148 kB
Shmem:             14688 kB
Slab:             186908 kB
SReclaimable:      51612 kB
SUnreclaim:       135296 kB
KernelStack:       36740 kB
PageTables:        48496 kB
NFS_Unstable:          0 kB
Bounce:                0 kB
WritebackTmp:          0 kB
CommitLimit:     7105828 kB
Committed_AS:   56107932 kB
VmallocTotal:   263061440 kB
VmallocUsed:       61588 kB
VmallocChunk:          0 kB
Percpu:             2336 kB
CmaTotal:         294912 kB
CmaFree:               4 kB
MemTotal:       12114512 kB
MemFree:         3952148 kB
MemAvailable:    8619476 kB
Buffers:            3988 kB
Cached:          3651548 kB
SwapCached:            0 kB
Active:          1677760 kB
Inactive:        3299340 kB
Active(anon):    1325876 kB
Inactive(anon):    14096 kB
Active(file):     351884 kB
Inactive(file):  3285244 kB
Unevictable:        4104 kB
Mlocked:            4104 kB
SwapTotal:       1048572 kB
SwapFree:        1048572 kB
Dirty:               168 kB
Writeback:             0 kB
AnonPages:       1325444 kB
Mapped:           847388 kB
Shmem:             15272 kB
Slab:             186940 kB
SReclaimable:      51628 kB
SUnreclaim:       135312 kB
KernelStack:       36912 kB
PageTables:        49004 kB
NFS_Unstable:          0 kB
Bounce:                0 kB
WritebackTmp:          0 kB
CommitLimit:     7105828 kB
Committed_AS:   56280020 kB
VmallocTotal:   263061440 kB
VmallocUsed:       61652 kB
VmallocChunk:          0 kB
Percpu:             2336 kB
CmaTotal:         294912 kB
CmaFree:               0 kB
MemTotal:       12114512 kB
MemFree:         3453132 kB
MemAvailable:    8113720 kB
Buffers:            3988 kB
Cached:          3667288 kB
SwapCached:            0 kB
Active:          2042292 kB
Inactive:        3298832 kB
Active(anon):    1674268 kB
Inactive(anon):    14116 kB
Active(file):     368024 kB
Inactive(file):  3284716 kB
Unevictable:        4104 kB
Mlocked:            4104 kB
SwapTotal:       1048572 kB
SwapFree:        1048572 kB
Dirty:               232 kB
Writeback:            28 kB
AnonPages:       1673872 kB
Mapped:           862340 kB
Shmem:             15296 kB
Slab:             187824 kB
SReclaimable:      52064 kB
SUnreclaim:       135760 kB
KernelStack:       37520 kB
PageTables:        50060 kB
NFS_Unstable:          0 kB
Bounce:                0 kB
WritebackTmp:          0 kB
CommitLimit:     7105828 kB
Committed_AS:   56648640 kB
VmallocTotal:   263061440 kB
VmallocUsed:       62324 kB
VmallocChunk:          0 kB
Percpu:             2336 kB
CmaTotal:         294912 kB
CmaFree:               0 kB
MemTotal:       12114512 kB
MemFree:         3373104 kB
MemAvailable:    8041276 kB
Buffers:            3988 kB
Cached:          3668820 kB
SwapCached:            0 kB
Active:          2055820 kB
Inactive:        3299484 kB
Active(anon):    1686676 kB
Inactive(anon):    14112 kB
Active(file):     369144 kB
Inactive(file):  3285372 kB
Unevictable:        4104 kB
Mlocked:            4104 kB
SwapTotal:       1048572 kB
SwapFree:        1048572 kB
Dirty:               256 kB
Writeback:             0 kB
AnonPages:       1686716 kB
Mapped:           866548 kB
Shmem:             15184 kB
Slab:             187556 kB
SReclaimable:      51900 kB
SUnreclaim:       135656 kB
KernelStack:       37552 kB
PageTables:        50644 kB
NFS_Unstable:          0 kB
Bounce:                0 kB
WritebackTmp:          0 kB
CommitLimit:     7105828 kB
Committed_AS:   56949716 kB
VmallocTotal:   263061440 kB
VmallocUsed:       62388 kB
VmallocChunk:          0 kB
Percpu:             2336 kB
CmaTotal:         294912 kB
CmaFree:               0 kB
MemTotal:       12114512 kB
MemFree:         3365352 kB
MemAvailable:    8078680 kB
Buffers:            3988 kB
Cached:          3676412 kB
SwapCached:            0 kB
Active:          2057336 kB
Inactive:        3305328 kB
Active(anon):    1688136 kB
Inactive(anon):    19920 kB
Active(file):     369200 kB
Inactive(file):  3285408 kB
Unevictable:        4104 kB
Mlocked:            4104 kB
SwapTotal:       1048572 kB
SwapFree:        1048572 kB
Dirty:               280 kB
Writeback:             0 kB
AnonPages:       1686508 kB
Mapped:           874444 kB
Shmem:             22552 kB
Slab:             187592 kB
SReclaimable:      51900 kB
SUnreclaim:       135692 kB
KernelStack:       37552 kB
PageTables:        50668 kB
NFS_Unstable:          0 kB
Bounce:                0 kB
WritebackTmp:          0 kB
CommitLimit:     7105828 kB
Committed_AS:   56951004 kB
VmallocTotal:   263061440 kB
VmallocUsed:       62356 kB
VmallocChunk:          0 kB
Percpu:             2336 kB
CmaTotal:         294912 kB
CmaFree:               0 kB
MemTotal:       12114512 kB
MemFree:         3371192 kB
MemAvailable:    8084384 kB
Buffers:            3988 kB
Cached:          3669036 kB
SwapCached:            0 kB
Active:          2056664 kB
Inactive:        3299504 kB
Active(anon):    1687464 kB
Inactive(anon):    14096 kB
Active(file):     369200 kB
Inactive(file):  3285408 kB
Unevictable:        4104 kB
Mlocked:            4104 kB
SwapTotal:       1048572 kB
SwapFree:        1048572 kB
Dirty:               280 kB
Writeback:             0 kB
AnonPages:       1687176 kB
Mapped:           869052 kB
Shmem:             15176 kB
Slab:             187588 kB
SReclaimable:      51916 kB
SUnreclaim:       135672 kB
KernelStack:       37504 kB
PageTables:        50556 kB
NFS_Unstable:          0 kB
Bounce:                0 kB
WritebackTmp:          0 kB
CommitLimit:     7105828 kB
Committed_AS:   56951188 kB
VmallocTotal:   263061440 kB
VmallocUsed:       62388 kB
VmallocChunk:          0 kB
Percpu:             2336 kB
CmaTotal:         294912 kB
CmaFree:               0 kB
MemTotal:       12114512 kB
MemFree:         3370268 kB
MemAvailable:    8083460 kB
Buffers:            3988 kB
Cached:          3669036 kB
SwapCached:            0 kB
Active:          2056632 kB
Inactive:        3299504 kB
Active(anon):    1687432 kB
Inactive(anon):    14096 kB
Active(file):     369200 kB
Inactive(file):  3285408 kB
Unevictable:        4104 kB
Mlocked:            4104 kB
SwapTotal:       1048572 kB
SwapFree:        1048572 kB
Dirty:                60 kB
Writeback:             0 kB
AnonPages:       1687044 kB
Mapped:           868932 kB
Shmem:             15176 kB
Slab:             187636 kB
SReclaimable:      51916 kB
SUnreclaim:       135720 kB
KernelStack:       37520 kB
PageTables:        50660 kB
NFS_Unstable:          0 kB
Bounce:                0 kB
WritebackTmp:          0 kB
CommitLimit:     7105828 kB
Committed_AS:   56948092 kB
VmallocTotal:   263061440 kB
VmallocUsed:       62452 kB
VmallocChunk:          0 kB
Percpu:             2336 kB
CmaTotal:         294912 kB
CmaFree:               0 kB
MemTotal:       12114512 kB
MemFree:         3339504 kB
MemAvailable:    8007412 kB
Buffers:            3988 kB
Cached:          3676372 kB
SwapCached:            0 kB
Active:          2084272 kB
Inactive:        3304716 kB
Active(anon):    1712688 kB
Inactive(anon):    21256 kB
Active(file):     371584 kB
Inactive(file):  3283460 kB
Unevictable:        4104 kB
Mlocked:            4104 kB
SwapTotal:       1048572 kB
SwapFree:        1048572 kB
